[join1-emit cell] arm=M0 salt=0 control=None terminal=160 reason=survived_window sim_errors=0 rows=G1:2287,G2:4241,G3:10,G4:4827,G5:1,G6:0,G7:10 foreign_reads=0 wall=5.4s pid=24480
[join1-emit cell] arm=M0 salt=1 control=None terminal=160 reason=survived_window sim_errors=0 rows=G1:2035,G2:3689,G3:10,G4:4325,G5:1,G6:0,G7:10 foreign_reads=0 wall=5.3s pid=24504
[join1-emit cell] arm=M0 salt=2 control=None terminal=160 reason=survived_window sim_errors=0 rows=G1:2481,G2:4370,G3:10,G4:5133,G5:1,G6:0,G7:10 foreign_reads=0 wall=5.8s pid=24545
[join1-emit cell] arm=M0 salt=3 control=None terminal=160 reason=survived_window sim_errors=0 rows=G1:2404,G2:4468,G3:10,G4:4937,G5:1,G6:0,G7:10 foreign_reads=0 wall=6.1s pid=24564
[join1-emit cell] arm=M0 salt=4 control=None terminal=160 reason=player_death sim_errors=0 rows=G1:1792,G2:3322,G3:10,G4:3942,G5:1,G6:0,G7:10 foreign_reads=0 wall=5.1s pid=24591
[join1-emit cell] arm=M-POL-2 salt=0 control=None terminal=160 reason=survived_window sim_errors=0 rows=G1:2206,G2:3704,G3:10,G4:4312,G5:1,G6:0,G7:10 foreign_reads=0 wall=4.8s pid=24606
[join1-emit cell] arm=M-POL-2 salt=1 control=None terminal=160 reason=survived_window sim_errors=0 rows=G1:2311,G2:4029,G3:10,G4:4778,G5:1,G6:0,G7:10 foreign_reads=0 wall=5.1s pid=24619
[join1-emit cell] arm=M-POL-2 salt=2 control=None terminal=160 reason=player_death sim_errors=0 rows=G1:2061,G2:3792,G3:10,G4:4343,G5:1,G6:0,G7:10 foreign_reads=0 wall=5.6s pid=24630
[join1-emit cell] arm=M-POL-2 salt=3 control=None terminal=160 reason=player_death sim_errors=0 rows=G1:1930,G2:3698,G3:10,G4:4659,G5:1,G6:0,G7:10 foreign_reads=0 wall=5.3s pid=24661
[join1-emit cell] arm=M-POL-2 salt=4 control=None terminal=160 reason=survived_window sim_errors=0 rows=G1:2538,G2:4565,G3:10,G4:5023,G5:1,G6:0,G7:10 foreign_reads=0 wall=5.4s pid=24677
[join1-emit cell] arm=M-POL-2-NULL salt=0 control=None terminal=160 reason=survived_window sim_errors=0 rows=G1:2287,G2:4241,G3:10,G4:4827,G5:1,G6:0,G7:10 foreign_reads=0 wall=5.3s pid=24701
[join1-emit cell] arm=M-POL-2-NULL salt=1 control=None terminal=160 reason=survived_window sim_errors=0 rows=G1:2035,G2:3689,G3:10,G4:4325,G5:1,G6:0,G7:10 foreign_reads=0 wall=4.9s pid=24744
[join1-emit cell] arm=M-POL-2-NULL salt=2 control=None terminal=160 reason=survived_window sim_errors=0 rows=G1:2481,G2:4370,G3:10,G4:5133,G5:1,G6:0,G7:10 foreign_reads=0 wall=5.3s pid=24759
[join1-emit cell] arm=M-POL-2-NULL salt=3 control=None terminal=160 reason=survived_window sim_errors=0 rows=G1:2404,G2:4468,G3:10,G4:4937,G5:1,G6:0,G7:10 foreign_reads=0 wall=5.4s pid=24783
[join1-emit cell] arm=M-POL-2-NULL salt=4 control=None terminal=160 reason=player_death sim_errors=0 rows=G1:1792,G2:3322,G3:10,G4:3942,G5:1,G6:0,G7:10 foreign_reads=0 wall=5.5s pid=24802
[join1-emit cell] arm=W1 salt=0 control=None terminal=160 reason=survived_window sim_errors=0 rows=G1:2206,G2:3704,G3:10,G4:4312,G5:1,G6:0,G7:10 foreign_reads=0 wall=5.4s pid=24833
[join1-emit cell] arm=W1 salt=1 control=None terminal=160 reason=survived_window sim_errors=0 rows=G1:2144,G2:3569,G3:10,G4:4459,G5:1,G6:0,G7:10 foreign_reads=0 wall=5.5s pid=24857
[join1-emit cell] arm=W1 salt=2 control=None terminal=160 reason=player_death sim_errors=0 rows=G1:1836,G2:3272,G3:10,G4:4232,G5:1,G6:0,G7:10 foreign_reads=0 wall=5.6s pid=24890
[join1-emit cell] arm=W1 salt=3 control=None terminal=160 reason=survived_window sim_errors=0 rows=G1:2269,G2:4106,G3:10,G4:4888,G5:1,G6:0,G7:10 foreign_reads=0 wall=5.9s pid=24914
[join1-emit cell] arm=W1 salt=4 control=None terminal=160 reason=survived_window sim_errors=0 rows=G1:2538,G2:4565,G3:10,G4:5023,G5:1,G6:0,G7:10 foreign_reads=0 wall=6.0s pid=24950
[join1-emit cell] arm=W1-NULL salt=0 control=None terminal=160 reason=survived_window sim_errors=0 rows=G1:2206,G2:3704,G3:10,G4:4312,G5:1,G6:0,G7:10 foreign_reads=0 wall=5.3s pid=24985
[join1-emit cell] arm=W1-NULL salt=1 control=None terminal=160 reason=survived_window sim_errors=0 rows=G1:2311,G2:4029,G3:10,G4:4778,G5:1,G6:0,G7:10 foreign_reads=0 wall=5.7s pid=25026
[join1-emit cell] arm=W1-NULL salt=2 control=None terminal=160 reason=player_death sim_errors=0 rows=G1:2061,G2:3792,G3:10,G4:4343,G5:1,G6:0,G7:10 foreign_reads=0 wall=6.2s pid=25044
[join1-emit cell] arm=W1-NULL salt=3 control=None terminal=160 reason=player_death sim_errors=0 rows=G1:1930,G2:3698,G3:10,G4:4659,G5:1,G6:0,G7:10 foreign_reads=0 wall=5.9s pid=25065
[join1-emit cell] arm=W1-NULL salt=4 control=None terminal=160 reason=survived_window sim_errors=0 rows=G1:2538,G2:4565,G3:10,G4:5023,G5:1,G6:0,G7:10 foreign_reads=0 wall=5.8s pid=25080
[join1-emit] OBS-1 completeness 25/25 complete
[join1-emit] status=DRY-RUN · NOT THE FIXTURE cells=25 failed=0 G1=55083 G2=98972 G3=250 G4=115472 G5=25 G6=0 G7=250 manifest_sha256=2aae749b9011e62da9e46788b11a8b47b2580ae994fc2925a62c20abe9effdc2 wall=168.6s pid=24474

--- stderr ---
