[join1-emit cell] arm=M0 salt=0 control=None terminal=160 reason=survived_window sim_errors=0 rows=G1:2261,G2:4026,G3:10,G4:4423,G5:1,G6:0,G7:10 foreign_reads=0 wall=5.3s pid=24570
[join1-emit cell] arm=M0 salt=1 control=None terminal=160 reason=survived_window sim_errors=0 rows=G1:2709,G2:4991,G3:10,G4:4937,G5:1,G6:0,G7:10 foreign_reads=0 wall=5.8s pid=24606
[join1-emit cell] arm=M0 salt=2 control=None terminal=160 reason=survived_window sim_errors=0 rows=G1:2759,G2:5160,G3:10,G4:5366,G5:1,G6:0,G7:10 foreign_reads=0 wall=6.4s pid=24644
[join1-emit cell] arm=M0 salt=3 control=None terminal=160 reason=survived_window sim_errors=0 rows=G1:2810,G2:5285,G3:10,G4:5684,G5:1,G6:0,G7:10 foreign_reads=0 wall=6.7s pid=24681
[join1-emit cell] arm=M0 salt=4 control=None terminal=160 reason=survived_window sim_errors=0 rows=G1:2916,G2:4577,G3:10,G4:5672,G5:1,G6:0,G7:10 foreign_reads=0 wall=6.2s pid=24717
[join1-emit cell] arm=M-POL-2 salt=0 control=None terminal=160 reason=survived_window sim_errors=0 rows=G1:2807,G2:4821,G3:10,G4:4741,G5:1,G6:0,G7:10 foreign_reads=0 wall=5.8s pid=24758
[join1-emit cell] arm=M-POL-2 salt=1 control=None terminal=160 reason=survived_window sim_errors=0 rows=G1:2831,G2:5440,G3:10,G4:5096,G5:1,G6:0,G7:10 foreign_reads=0 wall=6.0s pid=24816
[join1-emit cell] arm=M-POL-2 salt=2 control=None terminal=160 reason=player_death sim_errors=0 rows=G1:2237,G2:3958,G3:10,G4:4561,G5:1,G6:0,G7:10 foreign_reads=0 wall=6.1s pid=24856
[join1-emit cell] arm=M-POL-2 salt=3 control=None terminal=160 reason=player_death sim_errors=0 rows=G1:2460,G2:4207,G3:10,G4:5432,G5:1,G6:0,G7:10 foreign_reads=0 wall=6.7s pid=24907
[join1-emit cell] arm=M-POL-2 salt=4 control=None terminal=160 reason=player_death sim_errors=0 rows=G1:2233,G2:4108,G3:10,G4:4363,G5:1,G6:0,G7:10 foreign_reads=0 wall=6.0s pid=24962
[join1-emit cell] arm=M-POL-2-NULL salt=0 control=None terminal=160 reason=survived_window sim_errors=0 rows=G1:2261,G2:4026,G3:10,G4:4423,G5:1,G6:0,G7:10 foreign_reads=0 wall=5.5s pid=25013
[join1-emit cell] arm=M-POL-2-NULL salt=1 control=None terminal=160 reason=survived_window sim_errors=0 rows=G1:2709,G2:4991,G3:10,G4:4937,G5:1,G6:0,G7:10 foreign_reads=0 wall=5.9s pid=25078
[join1-emit cell] arm=M-POL-2-NULL salt=2 control=None terminal=160 reason=survived_window sim_errors=0 rows=G1:2759,G2:5160,G3:10,G4:5366,G5:1,G6:0,G7:10 foreign_reads=0 wall=6.6s pid=25111
[join1-emit cell] arm=M-POL-2-NULL salt=3 control=None terminal=160 reason=survived_window sim_errors=0 rows=G1:2810,G2:5285,G3:10,G4:5684,G5:1,G6:0,G7:10 foreign_reads=0 wall=7.0s pid=25202
[join1-emit cell] arm=M-POL-2-NULL salt=4 control=None terminal=160 reason=survived_window sim_errors=0 rows=G1:2916,G2:4577,G3:10,G4:5672,G5:1,G6:0,G7:10 foreign_reads=0 wall=6.3s pid=25257
[join1-emit cell] arm=W1 salt=0 control=None terminal=160 reason=survived_window sim_errors=0 rows=G1:2807,G2:4821,G3:10,G4:4741,G5:1,G6:0,G7:10 foreign_reads=0 wall=5.9s pid=25294
[join1-emit cell] arm=W1 salt=1 control=None terminal=160 reason=survived_window sim_errors=0 rows=G1:2831,G2:5440,G3:10,G4:5096,G5:1,G6:0,G7:10 foreign_reads=0 wall=6.0s pid=25332
[join1-emit cell] arm=W1 salt=2 control=None terminal=160 reason=player_death sim_errors=0 rows=G1:2061,G2:3769,G3:10,G4:4559,G5:1,G6:0,G7:10 foreign_reads=0 wall=6.2s pid=25364
[join1-emit cell] arm=W1 salt=3 control=None terminal=160 reason=player_death sim_errors=0 rows=G1:2556,G2:4759,G3:10,G4:5447,G5:1,G6:0,G7:10 foreign_reads=0 wall=6.5s pid=25437
[join1-emit cell] arm=W1 salt=4 control=None terminal=160 reason=player_death sim_errors=0 rows=G1:2233,G2:4108,G3:10,G4:4363,G5:1,G6:0,G7:10 foreign_reads=0 wall=6.2s pid=25471
[join1-emit cell] arm=W1-NULL salt=0 control=None terminal=160 reason=survived_window sim_errors=0 rows=G1:2807,G2:4821,G3:10,G4:4741,G5:1,G6:0,G7:10 foreign_reads=0 wall=5.9s pid=25522
[join1-emit cell] arm=W1-NULL salt=1 control=None terminal=160 reason=survived_window sim_errors=0 rows=G1:2831,G2:5440,G3:10,G4:5096,G5:1,G6:0,G7:10 foreign_reads=0 wall=6.0s pid=25596
[join1-emit cell] arm=W1-NULL salt=2 control=None terminal=160 reason=player_death sim_errors=0 rows=G1:2237,G2:3958,G3:10,G4:4561,G5:1,G6:0,G7:10 foreign_reads=0 wall=6.1s pid=25648
[join1-emit cell] arm=W1-NULL salt=3 control=None terminal=160 reason=player_death sim_errors=0 rows=G1:2460,G2:4207,G3:10,G4:5432,G5:1,G6:0,G7:10 foreign_reads=0 wall=6.8s pid=25701
[join1-emit cell] arm=W1-NULL salt=4 control=None terminal=160 reason=player_death sim_errors=0 rows=G1:2233,G2:4108,G3:10,G4:4363,G5:1,G6:0,G7:10 foreign_reads=0 wall=5.9s pid=25777
[join1-emit] OBS-1 completeness 25/25 complete
[join1-emit] status=DRY-RUN · NOT THE FIXTURE cells=25 failed=0 G1=64534 G2=116043 G3=250 G4=124756 G5=25 G6=0 G7=250 manifest_sha256=2423a538fa7c57918188ac054370108db3cdd2c407047babf0a5b19f10b6ece5 wall=201.3s pid=24559

--- stderr ---
