[join1-emit cell] arm=M0 salt=0 control=None terminal=160 reason=survived_window sim_errors=0 rows=G1:2155,G2:3634,G3:10,G4:4545,G5:1,G6:0,G7:10 foreign_reads=0 wall=5.6s pid=78196
[join1-emit cell] arm=M0 salt=1 control=None terminal=160 reason=survived_window sim_errors=0 rows=G1:2113,G2:4107,G3:10,G4:4386,G5:1,G6:0,G7:10 foreign_reads=0 wall=5.8s pid=78241
[join1-emit cell] arm=M0 salt=2 control=None terminal=160 reason=survived_window sim_errors=0 rows=G1:2187,G2:4080,G3:10,G4:4851,G5:1,G6:0,G7:10 foreign_reads=0 wall=5.8s pid=78321
[join1-emit cell] arm=M0 salt=3 control=None terminal=160 reason=player_death sim_errors=0 rows=G1:2003,G2:3761,G3:10,G4:4537,G5:1,G6:0,G7:10 foreign_reads=0 wall=6.2s pid=78377
[join1-emit cell] arm=M0 salt=4 control=None terminal=160 reason=survived_window sim_errors=0 rows=G1:2600,G2:4663,G3:10,G4:5476,G5:1,G6:0,G7:10 foreign_reads=0 wall=6.3s pid=78427
[join1-emit cell] arm=M-POL-2 salt=0 control=None terminal=160 reason=survived_window sim_errors=0 rows=G1:2153,G2:3769,G3:10,G4:4472,G5:1,G6:0,G7:10 foreign_reads=0 wall=5.9s pid=78494
[join1-emit cell] arm=M-POL-2 salt=1 control=None terminal=160 reason=survived_window sim_errors=0 rows=G1:2760,G2:5523,G3:10,G4:5084,G5:1,G6:0,G7:10 foreign_reads=0 wall=6.4s pid=78539
[join1-emit cell] arm=M-POL-2 salt=2 control=None terminal=160 reason=player_death sim_errors=0 rows=G1:1922,G2:3640,G3:10,G4:4203,G5:1,G6:0,G7:10 foreign_reads=0 wall=6.3s pid=78586
[join1-emit cell] arm=M-POL-2 salt=3 control=None terminal=160 reason=survived_window sim_errors=0 rows=G1:2512,G2:4954,G3:10,G4:5231,G5:1,G6:0,G7:10 foreign_reads=0 wall=6.5s pid=78683
[join1-emit cell] arm=M-POL-2 salt=4 control=None terminal=160 reason=survived_window sim_errors=0 rows=G1:2144,G2:3733,G3:10,G4:4337,G5:1,G6:0,G7:10 foreign_reads=0 wall=5.6s pid=78737
[join1-emit cell] arm=M-POL-2-NULL salt=0 control=None terminal=160 reason=survived_window sim_errors=0 rows=G1:2155,G2:3634,G3:10,G4:4545,G5:1,G6:0,G7:10 foreign_reads=0 wall=5.6s pid=78794
[join1-emit cell] arm=M-POL-2-NULL salt=1 control=None terminal=160 reason=survived_window sim_errors=0 rows=G1:2113,G2:4107,G3:10,G4:4386,G5:1,G6:0,G7:10 foreign_reads=0 wall=5.9s pid=78849
[join1-emit cell] arm=M-POL-2-NULL salt=2 control=None terminal=160 reason=survived_window sim_errors=0 rows=G1:2187,G2:4080,G3:10,G4:4851,G5:1,G6:0,G7:10 foreign_reads=0 wall=5.6s pid=78938
[join1-emit cell] arm=M-POL-2-NULL salt=3 control=None terminal=160 reason=player_death sim_errors=0 rows=G1:2003,G2:3761,G3:10,G4:4537,G5:1,G6:0,G7:10 foreign_reads=0 wall=6.0s pid=78972
[join1-emit cell] arm=M-POL-2-NULL salt=4 control=None terminal=160 reason=survived_window sim_errors=0 rows=G1:2600,G2:4663,G3:10,G4:5476,G5:1,G6:0,G7:10 foreign_reads=0 wall=6.2s pid=79015
[join1-emit cell] arm=W1 salt=0 control=None terminal=160 reason=survived_window sim_errors=0 rows=G1:2153,G2:3769,G3:10,G4:4472,G5:1,G6:0,G7:10 foreign_reads=0 wall=5.6s pid=79056
[join1-emit cell] arm=W1 salt=1 control=None terminal=160 reason=survived_window sim_errors=0 rows=G1:2760,G2:5523,G3:10,G4:5084,G5:1,G6:0,G7:10 foreign_reads=0 wall=6.6s pid=79346
[join1-emit cell] arm=W1 salt=2 control=None terminal=160 reason=player_death sim_errors=0 rows=G1:1749,G2:3402,G3:10,G4:4290,G5:1,G6:0,G7:10 foreign_reads=0 wall=6.0s pid=79402
[join1-emit cell] arm=W1 salt=3 control=None terminal=160 reason=survived_window sim_errors=0 rows=G1:2603,G2:4839,G3:10,G4:5268,G5:1,G6:0,G7:10 foreign_reads=0 wall=6.8s pid=79478
[join1-emit cell] arm=W1 salt=4 control=None terminal=160 reason=survived_window sim_errors=0 rows=G1:2144,G2:3733,G3:10,G4:4337,G5:1,G6:0,G7:10 foreign_reads=0 wall=6.1s pid=79558
[join1-emit cell] arm=W1-NULL salt=0 control=None terminal=160 reason=survived_window sim_errors=0 rows=G1:2153,G2:3769,G3:10,G4:4472,G5:1,G6:0,G7:10 foreign_reads=0 wall=5.7s pid=79620
[join1-emit cell] arm=W1-NULL salt=1 control=None terminal=160 reason=survived_window sim_errors=0 rows=G1:2760,G2:5523,G3:10,G4:5084,G5:1,G6:0,G7:10 foreign_reads=0 wall=6.4s pid=79680
[join1-emit cell] arm=W1-NULL salt=2 control=None terminal=160 reason=player_death sim_errors=0 rows=G1:1922,G2:3640,G3:10,G4:4203,G5:1,G6:0,G7:10 foreign_reads=0 wall=6.0s pid=79719
[join1-emit cell] arm=W1-NULL salt=3 control=None terminal=160 reason=survived_window sim_errors=0 rows=G1:2512,G2:4954,G3:10,G4:5231,G5:1,G6:0,G7:10 foreign_reads=0 wall=6.3s pid=79774
[join1-emit cell] arm=W1-NULL salt=4 control=None terminal=160 reason=survived_window sim_errors=0 rows=G1:2144,G2:3733,G3:10,G4:4337,G5:1,G6:0,G7:10 foreign_reads=0 wall=5.6s pid=79820
[join1-emit] OBS-1 completeness 25/25 complete
[join1-emit] status=DRY-RUN · NOT THE FIXTURE cells=25 failed=0 G1=56507 G2=104994 G3=250 G4=117695 G5=25 G6=0 G7=250 manifest_sha256=52dfd9d8e2fd662f3e65ea57617aa13ed6930e5258f2026c4f1fa736537a0b35 wall=196.2s pid=78174

--- stderr ---
