[join1-emit cell] arm=M0 salt=0 control=None terminal=None reason=raised:UnmappedDamageFamily sim_errors=1 rows=G1:0,G2:0,G3:0,G4:0,G5:1,G6:0,G7:0 foreign_reads=0 wall=0.6s pid=10202
[join1-emit cell] arm=M0 salt=1 control=None terminal=None reason=raised:UnmappedDamageFamily sim_errors=1 rows=G1:0,G2:0,G3:0,G4:0,G5:1,G6:0,G7:0 foreign_reads=0 wall=0.6s pid=10218
[join1-emit cell] arm=M0 salt=2 control=None terminal=None reason=raised:UnmappedDamageFamily sim_errors=1 rows=G1:0,G2:0,G3:0,G4:0,G5:1,G6:0,G7:0 foreign_reads=0 wall=0.6s pid=10231
[join1-emit cell] arm=M0 salt=3 control=None terminal=None reason=raised:UnmappedDamageFamily sim_errors=1 rows=G1:0,G2:0,G3:0,G4:0,G5:1,G6:0,G7:0 foreign_reads=0 wall=0.6s pid=10242
[join1-emit cell] arm=M0 salt=4 control=None terminal=None reason=raised:UnmappedDamageFamily sim_errors=1 rows=G1:0,G2:0,G3:0,G4:0,G5:1,G6:0,G7:0 foreign_reads=0 wall=0.6s pid=10274
[join1-emit cell] arm=M-POL-2 salt=0 control=None terminal=None reason=raised:UnmappedDamageFamily sim_errors=1 rows=G1:0,G2:0,G3:0,G4:0,G5:1,G6:0,G7:0 foreign_reads=0 wall=0.6s pid=10282
[join1-emit cell] arm=M-POL-2 salt=1 control=None terminal=None reason=raised:UnmappedDamageFamily sim_errors=1 rows=G1:0,G2:0,G3:0,G4:0,G5:1,G6:0,G7:0 foreign_reads=0 wall=0.6s pid=10294
[join1-emit cell] arm=M-POL-2 salt=2 control=None terminal=None reason=raised:UnmappedDamageFamily sim_errors=1 rows=G1:0,G2:0,G3:0,G4:0,G5:1,G6:0,G7:0 foreign_reads=0 wall=0.6s pid=10307
[join1-emit cell] arm=M-POL-2 salt=3 control=None terminal=None reason=raised:UnmappedDamageFamily sim_errors=1 rows=G1:0,G2:0,G3:0,G4:0,G5:1,G6:0,G7:0 foreign_reads=0 wall=0.6s pid=10316
[join1-emit cell] arm=M-POL-2 salt=4 control=None terminal=None reason=raised:UnmappedDamageFamily sim_errors=1 rows=G1:0,G2:0,G3:0,G4:0,G5:1,G6:0,G7:0 foreign_reads=0 wall=0.6s pid=10326
[join1-emit cell] arm=M-POL-2-NULL salt=0 control=None terminal=None reason=raised:UnmappedDamageFamily sim_errors=1 rows=G1:0,G2:0,G3:0,G4:0,G5:1,G6:0,G7:0 foreign_reads=0 wall=0.6s pid=10339
[join1-emit cell] arm=M-POL-2-NULL salt=1 control=None terminal=None reason=raised:UnmappedDamageFamily sim_errors=1 rows=G1:0,G2:0,G3:0,G4:0,G5:1,G6:0,G7:0 foreign_reads=0 wall=0.6s pid=10353
[join1-emit cell] arm=M-POL-2-NULL salt=2 control=None terminal=None reason=raised:UnmappedDamageFamily sim_errors=1 rows=G1:0,G2:0,G3:0,G4:0,G5:1,G6:0,G7:0 foreign_reads=0 wall=0.6s pid=10364
[join1-emit cell] arm=M-POL-2-NULL salt=3 control=None terminal=None reason=raised:UnmappedDamageFamily sim_errors=1 rows=G1:0,G2:0,G3:0,G4:0,G5:1,G6:0,G7:0 foreign_reads=0 wall=0.6s pid=10377
[join1-emit cell] arm=M-POL-2-NULL salt=4 control=None terminal=None reason=raised:UnmappedDamageFamily sim_errors=1 rows=G1:0,G2:0,G3:0,G4:0,G5:1,G6:0,G7:0 foreign_reads=0 wall=0.6s pid=10385
[join1-emit cell] arm=W1 salt=0 control=None terminal=None reason=raised:UnmappedDamageFamily sim_errors=1 rows=G1:0,G2:0,G3:0,G4:0,G5:1,G6:0,G7:0 foreign_reads=0 wall=0.6s pid=10400
[join1-emit cell] arm=W1 salt=1 control=None terminal=None reason=raised:UnmappedDamageFamily sim_errors=1 rows=G1:0,G2:0,G3:0,G4:0,G5:1,G6:0,G7:0 foreign_reads=0 wall=0.6s pid=10412
[join1-emit cell] arm=W1 salt=2 control=None terminal=None reason=raised:UnmappedDamageFamily sim_errors=1 rows=G1:0,G2:0,G3:0,G4:0,G5:1,G6:0,G7:0 foreign_reads=0 wall=0.6s pid=10424
[join1-emit cell] arm=W1 salt=3 control=None terminal=None reason=raised:UnmappedDamageFamily sim_errors=1 rows=G1:0,G2:0,G3:0,G4:0,G5:1,G6:0,G7:0 foreign_reads=0 wall=0.6s pid=10437
[join1-emit cell] arm=W1 salt=4 control=None terminal=None reason=raised:UnmappedDamageFamily sim_errors=1 rows=G1:0,G2:0,G3:0,G4:0,G5:1,G6:0,G7:0 foreign_reads=0 wall=0.6s pid=10448
[join1-emit cell] arm=W1-NULL salt=0 control=None terminal=None reason=raised:UnmappedDamageFamily sim_errors=1 rows=G1:0,G2:0,G3:0,G4:0,G5:1,G6:0,G7:0 foreign_reads=0 wall=0.6s pid=10459
[join1-emit cell] arm=W1-NULL salt=1 control=None terminal=None reason=raised:UnmappedDamageFamily sim_errors=1 rows=G1:0,G2:0,G3:0,G4:0,G5:1,G6:0,G7:0 foreign_reads=0 wall=0.6s pid=10483
[join1-emit cell] arm=W1-NULL salt=2 control=None terminal=None reason=raised:UnmappedDamageFamily sim_errors=1 rows=G1:0,G2:0,G3:0,G4:0,G5:1,G6:0,G7:0 foreign_reads=0 wall=0.6s pid=10492
[join1-emit cell] arm=W1-NULL salt=3 control=None terminal=None reason=raised:UnmappedDamageFamily sim_errors=1 rows=G1:0,G2:0,G3:0,G4:0,G5:1,G6:0,G7:0 foreign_reads=0 wall=0.6s pid=10504
[join1-emit cell] arm=W1-NULL salt=4 control=None terminal=None reason=raised:UnmappedDamageFamily sim_errors=1 rows=G1:0,G2:0,G3:0,G4:0,G5:1,G6:0,G7:0 foreign_reads=0 wall=0.6s pid=10525
[join1-emit] OBS-1 completeness 0/25 complete; TRUNCATED/FAILED: ['M-POL-2-NULL|0', 'M-POL-2-NULL|1', 'M-POL-2-NULL|2', 'M-POL-2-NULL|3', 'M-POL-2-NULL|4', 'M-POL-2|0', 'M-POL-2|1', 'M-POL-2|2', 'M-POL-2|3', 'M-POL-2|4', 'M0|0', 'M0|1', 'M0|2', 'M0|3', 'M0|4', 'W1-NULL|0', 'W1-NULL|1', 'W1-NULL|2', 'W1-NULL|3', 'W1-NULL|4', 'W1|0', 'W1|1', 'W1|2', 'W1|3', 'W1|4']
[join1-emit] status=DRY-RUN · NOT THE FIXTURE cells=25 failed=0 G1=0 G2=0 G3=0 G4=0 G5=25 G6=0 G7=0 manifest_sha256=2948b0b6c9f54f2254d327cc8b997e9d380a95eddd5f2761d2110f83241a4317 wall=43.4s pid=10189

--- stderr ---
