[join1-emit cell] arm=M0 salt=0 control=None terminal=151 reason=harness_error:TruncatedSalt sim_errors=0 rows=G1:73,G2:141,G3:1,G4:314,G5:1,G6:0,G7:1 foreign_reads=0 wall=1.7s pid=70481
[join1-emit cell] arm=M0 salt=1 control=None terminal=151 reason=harness_error:TruncatedSalt sim_errors=0 rows=G1:74,G2:157,G3:1,G4:314,G5:1,G6:0,G7:1 foreign_reads=0 wall=1.7s pid=70496
[join1-emit cell] arm=M0 salt=2 control=None terminal=151 reason=harness_error:TruncatedSalt sim_errors=0 rows=G1:83,G2:178,G3:1,G4:314,G5:1,G6:0,G7:1 foreign_reads=0 wall=1.7s pid=70508
[join1-emit cell] arm=M0 salt=3 control=None terminal=151 reason=harness_error:TruncatedSalt sim_errors=0 rows=G1:64,G2:110,G3:1,G4:314,G5:1,G6:0,G7:1 foreign_reads=0 wall=1.8s pid=70519
[join1-emit cell] arm=M0 salt=4 control=None terminal=151 reason=harness_error:TruncatedSalt sim_errors=0 rows=G1:69,G2:132,G3:1,G4:314,G5:1,G6:0,G7:1 foreign_reads=0 wall=1.8s pid=70533
[join1-emit cell] arm=M-POL-2 salt=0 control=None terminal=151 reason=harness_error:TruncatedSalt sim_errors=0 rows=G1:66,G2:138,G3:1,G4:314,G5:1,G6:0,G7:1 foreign_reads=0 wall=1.8s pid=70546
[join1-emit cell] arm=M-POL-2 salt=1 control=None terminal=151 reason=harness_error:TruncatedSalt sim_errors=0 rows=G1:78,G2:170,G3:1,G4:314,G5:1,G6:0,G7:1 foreign_reads=0 wall=1.7s pid=70580
[join1-emit cell] arm=M-POL-2 salt=2 control=None terminal=151 reason=harness_error:TruncatedSalt sim_errors=0 rows=G1:84,G2:172,G3:1,G4:314,G5:1,G6:0,G7:1 foreign_reads=0 wall=1.8s pid=70595
[join1-emit cell] arm=M-POL-2 salt=3 control=None terminal=151 reason=harness_error:TruncatedSalt sim_errors=0 rows=G1:59,G2:95,G3:1,G4:314,G5:1,G6:0,G7:1 foreign_reads=0 wall=1.8s pid=70606
[join1-emit cell] arm=M-POL-2 salt=4 control=None terminal=151 reason=harness_error:TruncatedSalt sim_errors=0 rows=G1:57,G2:111,G3:1,G4:314,G5:1,G6:0,G7:1 foreign_reads=0 wall=1.8s pid=70620
[join1-emit cell] arm=M-POL-2-NULL salt=0 control=None terminal=151 reason=harness_error:TruncatedSalt sim_errors=0 rows=G1:73,G2:141,G3:1,G4:314,G5:1,G6:0,G7:1 foreign_reads=0 wall=1.7s pid=70631
[join1-emit cell] arm=M-POL-2-NULL salt=1 control=None terminal=151 reason=harness_error:TruncatedSalt sim_errors=0 rows=G1:74,G2:157,G3:1,G4:314,G5:1,G6:0,G7:1 foreign_reads=0 wall=1.7s pid=70644
[join1-emit cell] arm=M-POL-2-NULL salt=2 control=None terminal=151 reason=harness_error:TruncatedSalt sim_errors=0 rows=G1:83,G2:178,G3:1,G4:314,G5:1,G6:0,G7:1 foreign_reads=0 wall=1.6s pid=70657
[join1-emit cell] arm=M-POL-2-NULL salt=3 control=None terminal=151 reason=harness_error:TruncatedSalt sim_errors=0 rows=G1:64,G2:110,G3:1,G4:314,G5:1,G6:0,G7:1 foreign_reads=0 wall=1.6s pid=70684
[join1-emit cell] arm=M-POL-2-NULL salt=4 control=None terminal=151 reason=harness_error:TruncatedSalt sim_errors=0 rows=G1:69,G2:132,G3:1,G4:314,G5:1,G6:0,G7:1 foreign_reads=0 wall=1.7s pid=70692
[join1-emit cell] arm=W1 salt=0 control=None terminal=151 reason=harness_error:TruncatedSalt sim_errors=0 rows=G1:66,G2:138,G3:1,G4:314,G5:1,G6:0,G7:1 foreign_reads=0 wall=1.6s pid=70704
[join1-emit cell] arm=W1 salt=1 control=None terminal=151 reason=harness_error:TruncatedSalt sim_errors=0 rows=G1:78,G2:170,G3:1,G4:314,G5:1,G6:0,G7:1 foreign_reads=0 wall=1.6s pid=70715
[join1-emit cell] arm=W1 salt=2 control=None terminal=151 reason=harness_error:TruncatedSalt sim_errors=0 rows=G1:84,G2:172,G3:1,G4:314,G5:1,G6:0,G7:1 foreign_reads=0 wall=1.7s pid=70731
[join1-emit cell] arm=W1 salt=3 control=None terminal=151 reason=harness_error:TruncatedSalt sim_errors=0 rows=G1:59,G2:95,G3:1,G4:314,G5:1,G6:0,G7:1 foreign_reads=0 wall=2.1s pid=70753
[join1-emit cell] arm=W1 salt=4 control=None terminal=151 reason=harness_error:TruncatedSalt sim_errors=0 rows=G1:57,G2:111,G3:1,G4:314,G5:1,G6:0,G7:1 foreign_reads=0 wall=1.8s pid=70808
[join1-emit cell] arm=W1-NULL salt=0 control=None terminal=151 reason=harness_error:TruncatedSalt sim_errors=0 rows=G1:66,G2:138,G3:1,G4:314,G5:1,G6:0,G7:1 foreign_reads=0 wall=1.8s pid=70819
[join1-emit cell] arm=W1-NULL salt=1 control=None terminal=151 reason=harness_error:TruncatedSalt sim_errors=0 rows=G1:78,G2:170,G3:1,G4:314,G5:1,G6:0,G7:1 foreign_reads=0 wall=1.9s pid=70847
[join1-emit cell] arm=W1-NULL salt=2 control=None terminal=151 reason=harness_error:TruncatedSalt sim_errors=0 rows=G1:84,G2:172,G3:1,G4:314,G5:1,G6:0,G7:1 foreign_reads=0 wall=1.7s pid=70870
[join1-emit cell] arm=W1-NULL salt=3 control=None terminal=151 reason=harness_error:TruncatedSalt sim_errors=0 rows=G1:59,G2:95,G3:1,G4:314,G5:1,G6:0,G7:1 foreign_reads=0 wall=1.9s pid=70883
[join1-emit cell] arm=W1-NULL salt=4 control=None terminal=151 reason=harness_error:TruncatedSalt sim_errors=0 rows=G1:57,G2:111,G3:1,G4:314,G5:1,G6:0,G7:1 foreign_reads=0 wall=1.8s pid=70933
[join1-emit] OBS-1 completeness 0/25 complete; TRUNCATED/FAILED: ['M-POL-2-NULL|0', 'M-POL-2-NULL|1', 'M-POL-2-NULL|2', 'M-POL-2-NULL|3', 'M-POL-2-NULL|4', 'M-POL-2|0', 'M-POL-2|1', 'M-POL-2|2', 'M-POL-2|3', 'M-POL-2|4', 'M0|0', 'M0|1', 'M0|2', 'M0|3', 'M0|4', 'W1-NULL|0', 'W1-NULL|1', 'W1-NULL|2', 'W1-NULL|3', 'W1-NULL|4', 'W1|0', 'W1|1', 'W1|2', 'W1|3', 'W1|4']
[join1-emit] status=DRY-RUN · NOT THE FIXTURE cells=25 failed=0 G1=1758 G2=3494 G3=25 G4=7850 G5=25 G6=0 G7=25 manifest_sha256=2f940e72811e136999588bccbce0ef84b8a95c3702d76c3f6103adea95b2c0bd wall=66.1s pid=70472

--- stderr ---
