v1_scope=1 total (post-Wave-5.5): 2251

Per-tier distribution:
  B: 1056 (46.9%)
  A: 670 (29.8%)
  S: 502 (22.3%)
  C: 23 (1.0%)

Per-register distribution (vs composition policy § 2 targets):
  historical: 1181 (52.5%) — WITHIN ±5pp of target [50–60%]
  fantasy: 1017 (45.2%) — (no target)
  military_modern: 32 (1.4%) — WITHIN ±5pp of target [5–10%]
  mythological: 21 (0.9%) — OUT of ±5pp tolerance vs target [20–30%]

Per-cultural-tradition distribution (vs composition policy § 2 targets):
  fantasy_generic: 1010 (44.9%) — OUT of ±5pp tolerance vs target [10–18%]
  european: 910 (40.4%) — OUT of ±5pp tolerance vs target [30–35%]
  east_asian: 203 (9.0%) — OUT of ±5pp tolerance vs target [15–20%]
  south_asian: 55 (2.4%) — WITHIN ±5pp
  middle_eastern: 26 (1.2%) — (no target)
  southeast_asian: 23 (1.0%) — WITHIN ±5pp
  unknown: 20 (0.9%) — (no target)
  african: 2 (0.1%) — WITHIN ±5pp
  south_american_indigenous: 1 (0.0%) — (no target)
  mesoamerican: 1 (0.0%) — WITHIN ±5pp

Per-period distribution:
  fictional: 922 (41.0%)
  early_modern: 499 (22.2%)
  industrial: 371 (16.5%)
  modern: 140 (6.2%)
  classical: 114 (5.1%)
  unknown: 77 (3.4%)
  contemporary: 75 (3.3%)
  medieval: 53 (2.4%)

Per-axis: geometry={'single': 1003, 'cleave': 544, 'NULL': 442, 'AoE': 152, 'multi-hit': 50, 'scatter': 33, 'shield_blocker': 17, 'banner_rally_aura': 7, 'cone': 3}
Per-axis: range={'melee': 809, 'ranged': 586, 'NULL': 442, 'mid': 390, 'melee_close_or_grapple': 17, 'off_hand_aura': 7}
Per-axis: tempo={'medium': 902, 'low': 454, 'NULL': 442, 'high': 429, 'reactive_block_tempo': 17, 'aura_pulse_tempo': 7}
Per-axis: attribute={'DEX': 849, 'STR': 649, 'NULL': 442, 'WIS': 146, 'INT': 141, 'STR_or_DEX': 17, 'STR_or_WIS': 7}

Per-subtype distribution (v1_scope=1):
  NULL: 1079 (47.9%)
  handheld_weapon: 961 (42.7%)
  accessory_weapon_integrated: 164 (7.3%)
  armor_shield: 34 (1.5%)
  accessory_handheld: 13 (0.6%)

50-row spot-check sample pack: 37 rows assembled
50-row spot-check sample pack saved: /Users/admin/Games/reincarnated-collaboration/agentic_orchestration/elrond/research/cycle-10-wave-5-5-2026-05-25/post-wave-5-5-spot-sample-50.json

Closeout distribution JSON saved: /Users/admin/Games/reincarnated-collaboration/agentic_orchestration/elrond/research/cycle-10-wave-5-5-2026-05-25/post-wave-5-5-distribution.json
