KC2-PM4 · LAP Y -- what is sumProtectionDV for a single hit?
================================================================================================
§ 0  PINS -- re-verified from bytes, full 64 hex (R-PM4-55 part 2).  HALT armed.
   EXACT  2ad6d379285cfb745462316949e8d59e9450cb58a13f9ffa2fdeb70193183bfd  database.arz
   EXACT  431e64e1d372e4ebee5d1048d3aca458923e1df8c97844274636f5373a01e292  GDX1.arz
   EXACT  13fa0b93be15835958968ad672b9efa5159d7221a279aca791590390dd81a072  GDX2.arz
   EXACT  e990e1265f14ff2ee241658433d4d666d399a5b0be27543ae9481fc97d6a2ae4  GDX3.arz
   EXACT  e9f6e2213eada8f5ffcc4fc430395b43c95384b745b629def096dbb2e7da29b6  SurvivalMode.arz
   EXACT  6ac10d6180bfa8491edfc89946d1cfbf166c5ca6442c5862ecf6947290021252  SurvivalMode1.arz
   EXACT  940e40344e9dde53bfac8ff6576940d52ebfece600adeabe3774f9f0c3071e95  SurvivalMode2.arz
   EXACT  e848791e4b15496670e4c78832075d9868e7b502e6eed93715c24e894902e12a  SurvivalMode3.arz
   EXACT  679db83f019020ef7d4d27be8e61203006ee94e5c582dd8a59642f3fddd54602  templates.arc
   EXACT  1105b1eef70c83914a00d0516ea6db3a25ed06fad8ec91757481e66879d58a27  Text_EN.arc
   EXACT  85baef4bd2a44eadadbb779c409cfa5238c4b4de2ce5182cb2ed9cf32797093a  Text_EN.arc
   EXACT  8aec9207b5dd0b33cb981455ec867d71ebc0d1646fa27e85b59b4556e8d814a1  Text_EN.arc
   EXACT  001b87bd0c52ac210ebf5fab42f94aef11ee68130b384776144de6443088dc08  Text_EN.arc
   EXACT  fa0689778ef0badb4472213684733e958edfbeeebb45086830939c9693b3d06e  Text_EN.arc
   EXACT  4876d6bdb69cca71cfa987652cbd7a42cf6d5578564d02d09aaf9b55c078ab02  Game.dll
   EXACT  7141b51ae61b396fd0743da9e51471043329c51b3bb61d0037b2ce934864c87c  Engine.dll
   EXACT  5fa9db84f3ae014cf48f926e1901fd9ea05c57a63162597b8c57e129f54cddf1  pm4x_player_defense.json
   EXACT  cabc727d6711dfa3018be9f250811d841a32dbb8abcd1e41d752279bdd3f02a7  pm4x_formulas.json
   EXACT  f4be3d8d4026226e6b6bfc758679f6e400ffb01aa4f6d40c73bdf06d49cdc993  pm4x_player_defense_terms.csv
   EXACT  6740e8eaf0dfe17ddce475320c1e27282b6de264804e7d3a334b18ff8d47f5f7  pm4x_findings.md
   20/20 EXACT.  No HALT fired.

EC-1 / EC-2  template declarations + carrier-class census
   defensiveProtection                  declared by  2: ['backup/parameters_defensive.tpl', 'templatebase/parameters_defensive.tpl']
   defensiveProtectionChance            declared by  2: ['backup/parameters_defensive.tpl', 'templatebase/parameters_defensive.tpl']
   defensiveProtectionModifier          declared by  2: ['backup/parameters_defensive.tpl', 'templatebase/parameters_defensive.tpl']
   defensiveProtectionModifierChance    declared by  2: ['backup/parameters_defensive.tpl', 'templatebase/parameters_defensive.tpl']
   defensiveBonusProtection             declared by  1: ['templatebase/parameters_defensive.tpl']
   armorClassification                  declared by  6: ['armor_chest.tpl', 'armor_feet.tpl', 'armor_hands.tpl', 'armor_head.tpl', 'armor_legs.tpl', 'armor_shoulders.tpl']
   armorDefensiveAbsorption             declared by  1: ['gameengine.tpl']
   blockAbsorption                      declared by  1: ['weaponarmor_shield.tpl']
   ⚑ armorClassification declared on EXACTLY 6: ['armor_chest.tpl', 'armor_feet.tpl', 'armor_hands.tpl', 'armor_head.tpl', 'armor_legs.tpl', 'armor_shoulders.tpl']
   ⚑ armor_*.tpl total 9: ['armor_chest.tpl', 'armor_clothing.tpl', 'armor_feet.tpl', 'armor_hands.tpl', 'armor_head.tpl', 'armor_legs.tpl', 'armor_shoulders.tpl', 'armor_vestment.tpl', 'armor_waist.tpl']

EC-3  record sweep -- combatformulas.dbr + gameengine.dbr
   combatformulas fields naming protection : ['combatRegionFullyProtectedChance', 'combatRegionUnprotectedChance']
   gameengine fields naming protection/armor: ['armorDefensiveAbsorption']
   equations mentioning sumProtectionDV     : ['physicalDamageDefenseEquationDGP']
      physicalDamageDefenseEquationDGP = (sumProtectionDV * (1 - sumAbsorptionDV)) + (physicalDamageDV - sumProtectionDV)
   combatRegion* = {'combatRegionArmsChance': 12, 'combatRegionFeetChance': 12, 'combatRegionFullyProtectedChance': 0, 'combatRegionHeadChance': 15, 'combatRegionLegsChance': 20, 'combatRegionShouldersChance': 15, 'combatRegionTorsoChance': 26, 'combatRegionUnprotectedChance': 0}   sum = 100.0
   ⚑ NO field of either record declares the COMPOSITION of sumProtectionDV.

EC-4  shipped UI text -- the Armor Rating rollover chain
   absorptionTitle          -> tagCharStatsAbsorption               = 'Armor Absorption'
   chestText                -> tagCharStatsArmorChest               = 'Chest:'
   feetText                 -> tagCharStatsArmorFeet                = 'Feet:'
   handsText                -> tagCharStatsArmorArms                = 'Arms:'
   headText                 -> tagCharStatsArmorHead                = 'Head:'
   hitTitleText             -> tagCharStatsHitArmor                 = 'Chance to Hit Area'
   infoText                 -> tagCharStatsArmorTotalDescription    = 'The higher your Armor Rating, the less damage you will take from physical attacks. Bonuses on skills and on non-armor pieces are added to all armor slots.'
   legsText                 -> tagCharStatsArmorLegs                = 'Legs:'
   shouldersText            -> tagCharStatsArmorShoulders           = 'Shoulders:'
   titleText                -> tagCharStatsArmorTotal               = 'Armor Rating'
   breakdown records: 29; NOT wired into the shipped rollover: 7
      ['charinfo_statsarmorbreakdown_bonushitnumber.dbr', 'charinfo_statsarmorbreakdown_bonusnumber.dbr', 'charinfo_statsarmorbreakdown_bonustext.dbr', 'charinfo_statsarmorbreakdown_jewelrynumber.dbr', 'charinfo_statsarmorbreakdown_jewelrytext.dbr', 'charinfo_statsarmorbreakdown_waistnumber.dbr', 'charinfo_statsarmorbreakdown_waisttext.dbr']

   ⚑ THE SHIPPED STATEMENT, verbatim:
      tagCharStatsArmorTotalDescription = 'The higher your Armor Rating, the less damage you will take from physical attacks. Bonuses on skills and on non-armor pieces are added to all armor slots.'

EC-5  binary string residency -- CORROBORATION ONLY (NOTE D-V2-1; no vtable base reads)
   sumProtectionDV                      Game.dll=0x005273a4   Engine.dll=ABSENT
   sumAbsorptionDV                      Game.dll=0x005273cc   Engine.dll=ABSENT
   physicalDamageDV                     Game.dll=0x00527390   Engine.dll=ABSENT
   defensiveProtection                  Game.dll=0x005407ac   Engine.dll=ABSENT
   defensiveBonusProtection             Game.dll=0x0054169c   Engine.dll=ABSENT
   defensiveProtectionModifier          Game.dll=0x005407ac   Engine.dll=ABSENT
   armorClassification                  Game.dll=0x004ef420   Engine.dll=ABSENT
   armorDefensiveAbsorption             Game.dll=0x0054c31c   Engine.dll=ABSENT
   combatRegionHeadChance               Game.dll=0x0052634c   Engine.dll=ABSENT
   combatRegionUnprotectedChance        Game.dll=0x00526364   Engine.dll=ABSENT
   tagCharStatsArmorTotalDescription    Game.dll=ABSENT       Engine.dll=ABSENT
   tagCharStatsArmorBonus               Game.dll=ABSENT       Engine.dll=ABSENT
   CombinedArmorRolloverWindow          Game.dll=ABSENT       Engine.dll=ABSENT
   combinedarmorrolloverwindow          Game.dll=ABSENT       Engine.dll=ABSENT
   unprotectedTag                       Game.dll=ABSENT       Engine.dll=ABSENT
   waistNumber                          Game.dll=ABSENT       Engine.dll=ABSENT
   jewelryNumber                        Game.dll=ABSENT       Engine.dll=ABSENT
   bonusNumber                          Game.dll=ABSENT       Engine.dll=ABSENT
   bonusHitNumber                       Game.dll=ABSENT       Engine.dll=ABSENT

F-Y-C  the played kit's armour carriers, by slot / carrier / field / template
   head      base      armor_head.tpl           region=True  defensiveProtection          1666.0
   chest     base      armor_chest.tpl          region=True  defensiveProtection          1908.0
   legs      base      armor_legs.tpl           region=True  defensiveProtection          1501.0
   legs      component itemrelic.tpl            region=False defensiveBonusProtection     35.0
   legs      component itemrelic.tpl            region=False defensiveProtectionModifier  8.0
   feet      base      armor_feet.tpl           region=True  defensiveProtection          1105.0
   hands     base      armor_hands.tpl          region=True  defensiveProtection          1104.0
   ring2     component itemrelic.tpl            region=False defensiveProtection          75.0
   waist     base      armor_waist.tpl          region=False defensiveProtection          96.0
   shoulders base      armor_shoulders.tpl      region=True  defensiveProtection          1666.0
   region-covering defensiveProtection carriers : 6
   NON-region defensiveProtection carriers       : [('ring2', 'component', 75.0), ('waist', 'base', 96.0)]
   defensiveBonusProtection carriers             : [('legs', 'component', 'itemrelic.tpl', 35.0)]

   ⚑ PARTITION of Lap X's pinned armour census by the shipped statement's own categories:
      region_covering_piece_armour           8950.0
      skills_and_sets                         430.0
      non_armour_pieces                       206.0
      UNCLASSIFIED                              0.0
      skills_and_sets + non_armour_pieces = 636.0  (Lap X global flat = 636.0)  match=True
      region_covering_piece_armour        = 8950.0  (Σ of the six pieces = 8950.0)
      UNCLASSIFIED                        = 0.0  (a non-zero value would fire F-Y-C)

EC-6  the arithmetic -- identity test, then the F-Y-E composition grid
   Σ w_s = 1.0   (the identity below requires EXACTLY 1)
   C1 (G outside the weighted sum) = 3465.03456
   C2 (G added to EVERY piece)      = 3465.03456
   |C1 - C2| = 0.0   <- the algebraic identity, because Σ w_s = 1
   C7_component_pct_GLOBAL_weighted         B (piece + global flat)       3603.3424  resid   +46.3424 (+1.303 %)
   C3_G_before_local_pct_weighted           B (piece + global flat)       3480.9091  resid   -76.0909 (-2.139 %)
   C1_LAPX_WINNER_G_outside_weighted        B (piece + global flat)       3465.0346  resid   -91.9654 (-2.585 %)
   C2_G_added_to_every_piece_weighted       B (piece + global flat)       3465.0346  resid   -91.9654 (-2.585 %)
   C4_G_outside_SIMPLE_average              B (piece + global flat)       3350.3808  resid  -206.6192 (-5.809 %)
   C8_G_UNSCALED_weighted                   B (piece + global flat)       3108.8746  resid  -448.1254 (-12.598 %)
   A1_PIECE_ALONE_weighted                  A (piece-alone)               2472.8746  resid -1084.1254 (-30.479 %)
   A3_PIECE_ALONE_weighted_no_local         A (piece-alone)               2435.4096  resid -1121.5904 (-31.532 %)
   A2_PIECE_ALONE_SIMPLE_average            A (piece-alone)               2358.2208  resid -1198.7792 (-33.702 %)

   global % piece-alone would need to reach the sheet : 124.3915 %   (census reaches 56.0)
   global % C1 would need to reach the sheet          : 60.1404 %   (census reaches 56.0)
   global FLAT C1 would need to reach the sheet       : 694.9522   (census reaches 636.0)
   ⚑ NEITHER is applied.  These are the gap EXPRESSED, not the gap CLOSED (UNREACHED-X-1).

   best fit overall  : C7_component_pct_GLOBAL_weighted  resid +46.3424
   best Limb-A fit   : A1_PIECE_ALONE_weighted  resid -1084.1254 (-30.48 %)

================================================================================================
VERDICT : PIECE-PLUS-GLOBAL-FLAT
GRADE   : DECODED   (PREREGISTRATION.md § 3 -- DECODED requires a shipped statement)
BASIS   : tagCharStatsArmorTotalDescription wired via charinfo_statsarmorbreakdown_infotext.dbr into records/ui/character/characterinfotab1/charinfo_statsarmortotalrolloverstyle.dbr
          'The higher your Armor Rating, the less damage you will take from physical attacks. Bonuses on skills and on non-armor pieces are added to all armor slots.'
================================================================================================
