[join1-emit cell] arm=M0 salt=0 control=NC-3c terminal=160 reason=survived_window sim_errors=0 rows=G1:2340,G2:4269,G3:10,G4:4606,G5:1,G6:0,G7:10 foreign_reads=0 wall=5.4s pid=14587
[join1-emit cell] arm=M0 salt=1 control=NC-3c terminal=160 reason=survived_window sim_errors=0 rows=G1:2404,G2:4886,G3:10,G4:4582,G5:1,G6:0,G7:10 foreign_reads=0 wall=5.5s pid=14612
[join1-emit cell] arm=M0 salt=2 control=NC-3c terminal=160 reason=player_death sim_errors=0 rows=G1:1603,G2:2829,G3:10,G4:4376,G5:1,G6:0,G7:10 foreign_reads=0 wall=5.5s pid=14631
[join1-emit cell] arm=M0 salt=3 control=NC-3c terminal=160 reason=survived_window sim_errors=0 rows=G1:2491,G2:4588,G3:10,G4:5452,G5:1,G6:0,G7:10 foreign_reads=0 wall=5.8s pid=14659
[join1-emit cell] arm=M0 salt=4 control=NC-3c terminal=160 reason=survived_window sim_errors=0 rows=G1:2710,G2:5049,G3:10,G4:5170,G5:1,G6:0,G7:10 foreign_reads=0 wall=5.9s pid=14670
[join1-emit cell] arm=M-POL-2 salt=0 control=NC-3c terminal=160 reason=survived_window sim_errors=0 rows=G1:2194,G2:4163,G3:10,G4:4337,G5:1,G6:0,G7:10 foreign_reads=0 wall=5.0s pid=14702
[join1-emit cell] arm=M-POL-2 salt=1 control=NC-3c terminal=160 reason=survived_window sim_errors=0 rows=G1:2189,G2:4447,G3:10,G4:4349,G5:1,G6:0,G7:10 foreign_reads=0 wall=4.9s pid=14736
[join1-emit cell] arm=M-POL-2 salt=2 control=NC-3c terminal=160 reason=player_death sim_errors=0 rows=G1:2015,G2:3599,G3:10,G4:4179,G5:1,G6:0,G7:10 foreign_reads=0 wall=5.3s pid=14753
[join1-emit cell] arm=M-POL-2 salt=3 control=NC-3c terminal=160 reason=player_death sim_errors=0 rows=G1:1864,G2:3372,G3:10,G4:4670,G5:1,G6:0,G7:10 foreign_reads=0 wall=5.6s pid=14765
[join1-emit cell] arm=M-POL-2 salt=4 control=NC-3c terminal=160 reason=survived_window sim_errors=0 rows=G1:2481,G2:4348,G3:10,G4:5207,G5:1,G6:0,G7:10 foreign_reads=0 wall=5.2s pid=14794
[join1-emit cell] arm=M-POL-2-NULL salt=0 control=NC-3c terminal=160 reason=survived_window sim_errors=0 rows=G1:2340,G2:4269,G3:10,G4:4606,G5:1,G6:0,G7:10 foreign_reads=0 wall=5.0s pid=14814
[join1-emit cell] arm=M-POL-2-NULL salt=1 control=NC-3c terminal=160 reason=survived_window sim_errors=0 rows=G1:2404,G2:4886,G3:10,G4:4582,G5:1,G6:0,G7:10 foreign_reads=0 wall=5.1s pid=14844
[join1-emit cell] arm=M-POL-2-NULL salt=2 control=NC-3c terminal=160 reason=player_death sim_errors=0 rows=G1:1603,G2:2829,G3:10,G4:4376,G5:1,G6:0,G7:10 foreign_reads=0 wall=4.8s pid=14864
[join1-emit cell] arm=M-POL-2-NULL salt=3 control=NC-3c terminal=160 reason=survived_window sim_errors=0 rows=G1:2491,G2:4588,G3:10,G4:5452,G5:1,G6:0,G7:10 foreign_reads=0 wall=5.5s pid=14876
[join1-emit cell] arm=M-POL-2-NULL salt=4 control=NC-3c terminal=160 reason=survived_window sim_errors=0 rows=G1:2710,G2:5049,G3:10,G4:5170,G5:1,G6:0,G7:10 foreign_reads=0 wall=5.5s pid=14898
[join1-emit cell] arm=W1 salt=0 control=NC-3c terminal=160 reason=survived_window sim_errors=0 rows=G1:2194,G2:4163,G3:10,G4:4337,G5:1,G6:0,G7:10 foreign_reads=0 wall=5.4s pid=14936
[join1-emit cell] arm=W1 salt=1 control=NC-3c terminal=160 reason=survived_window sim_errors=0 rows=G1:2189,G2:4447,G3:10,G4:4349,G5:1,G6:0,G7:10 foreign_reads=0 wall=5.6s pid=14975
[join1-emit cell] arm=W1 salt=2 control=NC-3c terminal=160 reason=player_death sim_errors=0 rows=G1:2051,G2:3899,G3:10,G4:4494,G5:1,G6:0,G7:10 foreign_reads=0 wall=5.7s pid=15003
[join1-emit cell] arm=W1 salt=3 control=NC-3c terminal=160 reason=survived_window sim_errors=0 rows=G1:2255,G2:3938,G3:10,G4:4900,G5:1,G6:0,G7:10 foreign_reads=0 wall=5.8s pid=15027
[join1-emit cell] arm=W1 salt=4 control=NC-3c terminal=160 reason=survived_window sim_errors=0 rows=G1:2539,G2:4465,G3:10,G4:5403,G5:1,G6:0,G7:10 foreign_reads=0 wall=5.8s pid=15057
[join1-emit cell] arm=W1-NULL salt=0 control=NC-3c terminal=160 reason=survived_window sim_errors=0 rows=G1:2194,G2:4163,G3:10,G4:4337,G5:1,G6:0,G7:10 foreign_reads=0 wall=5.4s pid=15082
[join1-emit cell] arm=W1-NULL salt=1 control=NC-3c terminal=160 reason=survived_window sim_errors=0 rows=G1:2189,G2:4447,G3:10,G4:4349,G5:1,G6:0,G7:10 foreign_reads=0 wall=5.4s pid=15113
[join1-emit cell] arm=W1-NULL salt=2 control=NC-3c terminal=160 reason=player_death sim_errors=0 rows=G1:2015,G2:3599,G3:10,G4:4179,G5:1,G6:0,G7:10 foreign_reads=0 wall=7.2s pid=15155
[join1-emit cell] arm=W1-NULL salt=3 control=NC-3c terminal=160 reason=player_death sim_errors=0 rows=G1:1864,G2:3372,G3:10,G4:4670,G5:1,G6:0,G7:10 foreign_reads=0 wall=6.6s pid=15173
[join1-emit cell] arm=W1-NULL salt=4 control=NC-3c terminal=160 reason=survived_window sim_errors=0 rows=G1:2481,G2:4348,G3:10,G4:5207,G5:1,G6:0,G7:10 foreign_reads=0 wall=6.4s pid=15205
[join1-emit] OBS-1 completeness 25/25 complete
[join1-emit] status=DRY-RUN · CONTROL NC-3c cells=25 failed=0 G1=55810 G2=104012 G3=250 G4=117339 G5=25 G6=0 G7=250 manifest_sha256=bcea7b4af046bd1487545d503b3e50f8786b793b6bb6c6d512d200f13c00d56d wall=170.6s pid=14582

--- stderr ---
