A-MUT            x0.9351 terms=[None, None, None, 160, None, None, None, None, None, None, None, None, None, None, None, None, None, None, 160, None] err=None hits={'sw:mutator_fold': 200} 92.9s
A-MUT-LEECH      x1.0841 terms=[None, None, 160, 160, None, None, None, None, None, None, None, 160, None, None, None, None, None, None, None, 160] err=None hits={} 94.8s
A-MUT-CRUEL      x1.0265 terms=[None, None, 160, 160, None, None, None, None, None, None, None, None, None, None, None, None, None, None, 160, None] err=None hits={} 95.3s
CONTROL          x1.0713 terms=[None, None, 160, None, None, None, None, None, None, None, 160, None, None, None, None, 160, None, None, 160, None] err=None hits={} 97.8s
xargs: command line cannot be assembled, too long
A-MUT-BC         x0.9327 terms=[None, None, None, None, None, None, 160, None, None, None, None, None, 160, None, None, None, None, None, None, None] err=None hits={} 97.9s
A-LINEUP         x2.1233 terms=[154, 160, 152, 154, 154, 154, 154, 154, 152, 152, 152, 152, 154, 152, 152, 154, 152, 151, 152, 152] err=None hits={'sw:lineup_fold': 200} 138.6s
A-MUT-RA         x1.173 terms=[None, None, 160, None, None, None, None, None, None, None, 160, None, 160, None, None, None, None, None, 160, None] err=None hits={} 115.0s
A-ENG-REPOS      x1.1649 terms=[None, None, 160, 160, None, None, None, None, None, None, None, None, None, None, None, None, 153, None, None, None] err=None hits={} 280.9s
A-ENG            x1.2406 terms=[None, 160, 160, None, None, None, 160, None, 160, None, 160, 160, None, None, 160, 160, 160, 160, None, 160] err=None hits={'lp:gd_engagement': 1, 'sw:gd_engagement': 200} 305.5s
160, None, None, None, None, None, None, None, 160, None, None, 160, None, None, None, None, 160, 160] err=None hits={} 144.2s
A-ENG-RFA        x1.0676 terms=[None, 160, 160, 160, None, None, None, None, 160, None, None, None, None, None, 160, None, None, None, None, None] err=None hits={} 152.2s
A-SP             x1.107 terms=[160, None, 160, 160, None, 160, 160, None, None, 160, 160, None, None, None, 160, 160, None, None, 160, 160] err=None hits={'sw:swing_pause': 200} 114.6s
A-PILOT          x0.9683 terms=[None, None, 160, 160, None, None, None, None, None, 160, 160, None, None, None, None, 160, 160, None, None, 160] err=None hits={} 128.0s
A-ENG-REPOS      x1.1649 terms=[None, None, 160, 160, None, None, None, None, None, None, None, None, None, None, None, None, 153, None, None, None] err=None hits={} 293.6s
A-ENG            x1.2406 terms=[None, 160, 160, None, None, None, 160, None, 160, None, 160, 160, None, None, 160, 160, 160, 160, None, 160] err=None hits={'lp:gd_engagement': 1, 'sw:gd_engagement': 200} 317.3s
A-C11B           x1.0156 terms=[None, None, None, 160, None, None, None, None, None, None, None, 160, None, None, None, None, None, None, None, None] err=None hits={} 108.2s
A-ENG-SLOTS      x1.1882 terms=[None, None, None, 160, None, None, None, None, None, None, None, None, None, 160, None, None, None, None, None, None] err=None hits={} 258.3s
A-INIT           x1.0255 terms=[None, None, 160, None, None, 160, None, 160, None, None, 160, 160, None, None, None, None, None, None, None, None] err=None hits={'lp:initial_self_cast': 1} 108.2s
A-FR-BANDAURA    xNone terms=None err=ValueError: InitialSelfCastFold needs the v3.8 GdFireRangeFold with its aura rows applied (the aura radius is GD's only where that fold set it) hits={} 0.1s
A-EM-LAT         x1.0812 terms=[160, 160, None, 160, None, None, None, None, None, None, None, None, None, 160, None, None, None, None, 160, None] err=None hits={} 107.3s
A-COMP-DOT       x1.0713 terms=[None, None, 160, None, None, None, None, None, None, None, 160, None, None, None, None, 160, None, None, 160, None] err=None hits={} 106.5s
A-ENG-CROWD      x1.0333 terms=[None, 160, None, 160, 160, None, None, None, None, None, None, None, 160, 160, None, None, None, None, None, None] err=None hits={} 296.9s
A-FR             x1.018 terms=[None, None, 155, 155, None, None, None, None, None, None, None, 160, None, None, None, None, None, None, None, None] err=None hits={'lp:gd_fire_range': 1, 'sw:gd_fire_range': 200} 103.1s
A-EM             x1.1284 terms=[None, None, 160, None, None, None, None, None, None, 160, None, None, None, 160, None, None, 160, None, None, None] err=None hits={'sw:p05_emergence': 200} 106.0s
A-STAT           x1.1292 terms=[None, None, 160, 160, 160, None, None, None, None, None, 160, 160, None, None, None, 160, None, None, 160, None] err=None hits={'sw:stationary': 200} 113.1s
A-COMP           x1.5651 terms=[None, 152, 151, 151, 160, 151, 160, 155, 152, 155, None, None, 151, None, None, None, 155, None, None, 151] err=None hits={'sw:composition': 200} 108.9s
A-C11A           x1.061 terms=[None, None, 160, None, None, None, None, None, None, None, None, None, None, None, None, 160, None, None, 160, None] err=None hits={'lp:c11a': 1, 'sw:c11a_corrections': 200} 116.7s
A-C1             x1.0713 terms=[None, None, 160, None, None, None, None, None, None, None, 160, None, None, None, None, 160, None, None, 160, None] err=None hits={} 120.8s
A-C2             x1.061 terms=[None, None, 160, None, None, None, None, None, None, None, None, None, None, None, None, 160, None, None, 160, None] err=None hits={} 116.9s
A-C4             x1.0713 terms=[None, None, 160, None, None, None, None, None, None, None, 160, None, None, None, None, 160, None, None, 160, None] err=None hits={} 118.4s
A-POOL           x0.9071 terms=[None, 160, 160, None, None, None, None, None, None, None, None, None, None, None, None, None, None, None, None, 160] err=None hits={'lp:pool_lift': 1} 113.3s
A-WINNER         x1.0713 terms=[None, None, 160, None, None, None, None, None, None, None, 160, None, None, None, None, 160, None, None, 160, None] err=None hits={'lp:winner_surface': 1} 114.8s
A-GMAG           x0.5381 terms=[None, None, None, None, None, None, None, None, None, None, None, None, None, None, None, None, None, None, None, None] err=None hits={'sw:monster_global_magnitude': 200} 103.9s
A-MBOARD         x0.708 terms=[None, None, None, None, None, None, None, None, None, None, None, 160, None, 160, None, None, 160, None, None, None] err=None hits={'sw:monster_measured_board': 200} 106.9s
A-DEFER          x1.0497 terms=[None, None, 160, 160, None, None, None, None, None, None, None, 160, 160, None, None, None, None, None, 160, None] err=None hits={'sw:monster_deferred_arrival': 200} 114.3s
A-VOLLEY         x1.0713 terms=[None, None, 160, None, None, None, None, None, None, None, 160, None, None, None, None, 160, None, None, 160, None] err=None hits={'sw:monster_volley': 200} 112.3s
A-SECOND         x1.0714 terms=[None, None, None, 160, None, None, None, None, None, None, None, 160, 160, None, None, None, None, 160, None, None] err=None hits={'sw:secondary_streams': 192} 102.8s
A-SUSTAIN        x1.1125 terms=[None, None, None, None, None, None, None, None, None, None, None, None, None, None, None, None, None, None, None, None] err=None hits={'sw:player_sustain': 200} 115.6s
A-MECH           xNone terms=[None, None, None, None, None, None, None, None, None, None, None, None, None, None, None, None, None, None, None, None] err=None hits={'sw:mech_fold': 20} 15.0s
A-KITRES         x1.0834 terms=[None, None, 160, None, None, None, None, None, None, None, None, None, None, None, None, 160, None, None, 160, None] err=None hits={'sw:kit_residual': 200} 110.9s
A-DOTTL          x1.1185 terms=[None, None, 160, None, None, None, None, None, None, None, None, None, None, None, None, None, None, None, None, None] err=None hits={'sw:dot_timeline': 200} 109.5s
A-PETS-PLAYER    x1.0655 terms=[None, None, 160, 160, None, None, None, None, None, None, None, None, None, None, None, 160, None, None, 160, None] err=None hits={'sw:summons': 200} 98.1s
A-CC             x1.0579 terms=[None, None, 160, None, None, None, None, None, None, None, 160, None, None, None, None, None, None, None, 160, 160] err=None hits={'sw:control_states': 200} 107.5s
A-ALERT          x1.1004 terms=[None, None, None, 160, None, None, None, 160, None, None, None, 160, None, 160, None, None, None, None, None, None] err=None hits={'sw:alert_fold': 200} 102.8s
A-PATROL         x1.1566 terms=[None, None, None, 160, None, None, None, None, None, None, None, None, None, None, None, None, None, None, None, None] err=None hits={'sw:patrol_fold': 200} 86.1s
A-COUNTER        x1.2558 terms=[None, 160, 160, 160, 160, None, None, None, None, None, None, None, 160, None, 160, None, None, 160, 160, None] err=None hits={'sw:counterplay_layer': 200} 104.6s
A-DEF            x1.1137 terms=[None, None, 160, None, None, None, None, None, None, None, None, None, None, None, None, 160, None, None, None, None] err=None hits={'sw:defence_field': 200, 'sw:defenses_enabled': 200} 113.0s
A-CHAN           x1.0768 terms=[None, None, None, 160, None, 160, None, None, None, None, None, None, None, None, None, None, None, None, 160, None] err=None hits={} 106.1s
A-SEAT           x1.0768 terms=[None, None, None, 160, None, 160, None, None, None, None, None, None, None, None, None, None, None, None, 160, None] err=None hits={} 104.1s
ARENA-W1         x1.0528 terms=[None, None, 160, None, None, None, None, None, None, None, None, None, None, None, None, 160, None, None, 160, None] err=None hits={} 106.5s
ARENA-W1-NULL    x1.0713 terms=[None, None, 160, None, None, None, None, None, None, None, 160, None, None, None, None, 160, None, None, 160, None] err=None hits={} 97.2s
A-SEP            x1.5163 terms=[160, None, 160, 160, 160, 160, None, None, 160, None, 160, 160, None, 160, None, 160, None, 160, None, None] err=None hits={'sw:contact_response': 200, 'sw:tick_order': 200, 'sw:separation_solver': 200} 256.9s
