[join1-emit cell] arm=M0 salt=0 control=None terminal=160 reason=survived_window sim_errors=0 rows=G1:2347,G2:4888,G3:10,G4:4525,G5:1,G6:0,G7:10 foreign_reads=0 wall=5.6s pid=91304
[join1-emit cell] arm=M0 salt=1 control=None terminal=160 reason=survived_window sim_errors=0 rows=G1:2569,G2:4950,G3:10,G4:4975,G5:1,G6:0,G7:10 foreign_reads=0 wall=6.4s pid=91335
[join1-emit cell] arm=M0 salt=2 control=None terminal=160 reason=survived_window sim_errors=0 rows=G1:2155,G2:3896,G3:10,G4:4550,G5:1,G6:0,G7:10 foreign_reads=0 wall=5.2s pid=91369
[join1-emit cell] arm=M0 salt=3 control=None terminal=160 reason=player_death sim_errors=0 rows=G1:1897,G2:3640,G3:10,G4:4333,G5:1,G6:0,G7:10 foreign_reads=0 wall=5.7s pid=91402
[join1-emit cell] arm=M0 salt=4 control=None terminal=160 reason=survived_window sim_errors=0 rows=G1:2592,G2:4347,G3:10,G4:5188,G5:1,G6:0,G7:10 foreign_reads=0 wall=5.7s pid=91437
[join1-emit cell] arm=M-POL-2 salt=0 control=None terminal=160 reason=survived_window sim_errors=0 rows=G1:2138,G2:4165,G3:10,G4:4588,G5:1,G6:0,G7:10 foreign_reads=0 wall=4.9s pid=91486
[join1-emit cell] arm=M-POL-2 salt=1 control=None terminal=160 reason=survived_window sim_errors=0 rows=G1:2287,G2:4230,G3:10,G4:4638,G5:1,G6:0,G7:10 foreign_reads=0 wall=5.4s pid=91516
[join1-emit cell] arm=M-POL-2 salt=2 control=None terminal=160 reason=player_death sim_errors=0 rows=G1:2142,G2:3833,G3:10,G4:4954,G5:1,G6:0,G7:10 foreign_reads=0 wall=6.3s pid=91554
[join1-emit cell] arm=M-POL-2 salt=3 control=None terminal=160 reason=survived_window sim_errors=0 rows=G1:2516,G2:5015,G3:10,G4:5388,G5:1,G6:0,G7:10 foreign_reads=0 wall=6.1s pid=91598
[join1-emit cell] arm=M-POL-2 salt=4 control=None terminal=160 reason=survived_window sim_errors=0 rows=G1:2630,G2:4441,G3:10,G4:5238,G5:1,G6:0,G7:10 foreign_reads=0 wall=5.9s pid=91633
[join1-emit cell] arm=M-POL-2-NULL salt=0 control=None terminal=160 reason=survived_window sim_errors=0 rows=G1:2347,G2:4888,G3:10,G4:4525,G5:1,G6:0,G7:10 foreign_reads=0 wall=5.7s pid=91685
[join1-emit cell] arm=M-POL-2-NULL salt=1 control=None terminal=160 reason=survived_window sim_errors=0 rows=G1:2569,G2:4950,G3:10,G4:4975,G5:1,G6:0,G7:10 foreign_reads=0 wall=5.6s pid=91716
[join1-emit cell] arm=M-POL-2-NULL salt=2 control=None terminal=160 reason=survived_window sim_errors=0 rows=G1:2155,G2:3896,G3:10,G4:4550,G5:1,G6:0,G7:10 foreign_reads=0 wall=5.4s pid=91744
[join1-emit cell] arm=M-POL-2-NULL salt=3 control=None terminal=160 reason=player_death sim_errors=0 rows=G1:1897,G2:3640,G3:10,G4:4333,G5:1,G6:0,G7:10 foreign_reads=0 wall=5.9s pid=91800
[join1-emit cell] arm=M-POL-2-NULL salt=4 control=None terminal=160 reason=survived_window sim_errors=0 rows=G1:2592,G2:4347,G3:10,G4:5188,G5:1,G6:0,G7:10 foreign_reads=0 wall=5.4s pid=91837
[join1-emit cell] arm=W1 salt=0 control=None terminal=160 reason=survived_window sim_errors=0 rows=G1:2138,G2:4165,G3:10,G4:4588,G5:1,G6:0,G7:10 foreign_reads=0 wall=4.9s pid=91877
[join1-emit cell] arm=W1 salt=1 control=None terminal=160 reason=survived_window sim_errors=0 rows=G1:2286,G2:4444,G3:10,G4:4763,G5:1,G6:0,G7:10 foreign_reads=0 wall=5.7s pid=91898
[join1-emit cell] arm=W1 salt=2 control=None terminal=160 reason=player_death sim_errors=0 rows=G1:2075,G2:4262,G3:10,G4:5859,G5:1,G6:0,G7:10 foreign_reads=0 wall=6.2s pid=91963
[join1-emit cell] arm=W1 salt=3 control=None terminal=160 reason=survived_window sim_errors=0 rows=G1:2264,G2:4263,G3:10,G4:4925,G5:1,G6:0,G7:10 foreign_reads=0 wall=5.7s pid=92011
[join1-emit cell] arm=W1 salt=4 control=None terminal=160 reason=survived_window sim_errors=0 rows=G1:2500,G2:4702,G3:10,G4:4925,G5:1,G6:0,G7:10 foreign_reads=0 wall=5.9s pid=92062
[join1-emit cell] arm=W1-NULL salt=0 control=None terminal=160 reason=survived_window sim_errors=0 rows=G1:2138,G2:4165,G3:10,G4:4588,G5:1,G6:0,G7:10 foreign_reads=0 wall=5.4s pid=92111
[join1-emit cell] arm=W1-NULL salt=1 control=None terminal=160 reason=survived_window sim_errors=0 rows=G1:2287,G2:4230,G3:10,G4:4638,G5:1,G6:0,G7:10 foreign_reads=0 wall=5.5s pid=92166
[join1-emit cell] arm=W1-NULL salt=2 control=None terminal=160 reason=player_death sim_errors=0 rows=G1:2142,G2:3833,G3:10,G4:4954,G5:1,G6:0,G7:10 foreign_reads=0 wall=5.7s pid=92227
[join1-emit cell] arm=W1-NULL salt=3 control=None terminal=160 reason=survived_window sim_errors=0 rows=G1:2516,G2:5015,G3:10,G4:5388,G5:1,G6:0,G7:10 foreign_reads=0 wall=5.7s pid=92257
[join1-emit cell] arm=W1-NULL salt=4 control=None terminal=160 reason=survived_window sim_errors=0 rows=G1:2630,G2:4441,G3:10,G4:5238,G5:1,G6:0,G7:10 foreign_reads=0 wall=5.4s pid=92297
[join1-emit] OBS-1 completeness 25/25 complete
[join1-emit] status=DRY-RUN · NOT THE FIXTURE cells=25 failed=0 G1=57809 G2=108646 G3=250 G4=121814 G5=25 G6=0 G7=250 manifest_sha256=6150cbd8f9ee33655fd340292cd5f12ecb7151cdc453ee0c615afda8ef0a110d wall=173.7s pid=91299

--- stderr ---
