[join1-emit cell] arm=M0 salt=0 control=None terminal=160 reason=survived_window sim_errors=0 rows=G1:2156,G2:3636,G3:10,G4:4545,G5:1,G6:0,G7:10 foreign_reads=0 wall=5.1s pid=32837
[join1-emit cell] arm=M0 salt=1 control=None terminal=160 reason=survived_window sim_errors=0 rows=G1:2113,G2:4112,G3:10,G4:4386,G5:1,G6:0,G7:10 foreign_reads=0 wall=5.3s pid=32866
[join1-emit cell] arm=M0 salt=2 control=None terminal=160 reason=survived_window sim_errors=0 rows=G1:2188,G2:4085,G3:10,G4:4851,G5:1,G6:0,G7:10 foreign_reads=0 wall=5.7s pid=32893
[join1-emit cell] arm=M0 salt=3 control=None terminal=160 reason=player_death sim_errors=0 rows=G1:2003,G2:3761,G3:10,G4:4537,G5:1,G6:0,G7:10 foreign_reads=0 wall=5.8s pid=32947
[join1-emit cell] arm=M0 salt=4 control=None terminal=160 reason=survived_window sim_errors=0 rows=G1:2600,G2:4663,G3:10,G4:5476,G5:1,G6:0,G7:10 foreign_reads=0 wall=5.8s pid=33001
[join1-emit cell] arm=M-POL-2 salt=0 control=None terminal=160 reason=survived_window sim_errors=0 rows=G1:2153,G2:3774,G3:10,G4:4472,G5:1,G6:0,G7:10 foreign_reads=0 wall=5.3s pid=33044
[join1-emit cell] arm=M-POL-2 salt=1 control=None terminal=160 reason=survived_window sim_errors=0 rows=G1:2760,G2:5525,G3:10,G4:5084,G5:1,G6:0,G7:10 foreign_reads=0 wall=6.0s pid=33067
[join1-emit cell] arm=M-POL-2 salt=2 control=None terminal=160 reason=player_death sim_errors=0 rows=G1:1922,G2:3640,G3:10,G4:4203,G5:1,G6:0,G7:10 foreign_reads=0 wall=5.6s pid=33108
[join1-emit cell] arm=M-POL-2 salt=3 control=None terminal=160 reason=survived_window sim_errors=0 rows=G1:2512,G2:4954,G3:10,G4:5231,G5:1,G6:0,G7:10 foreign_reads=0 wall=6.0s pid=33134
[join1-emit cell] arm=M-POL-2 salt=4 control=None terminal=160 reason=survived_window sim_errors=0 rows=G1:2144,G2:3735,G3:10,G4:4337,G5:1,G6:0,G7:10 foreign_reads=0 wall=5.4s pid=33158
[join1-emit cell] arm=M-POL-2-NULL salt=0 control=None terminal=160 reason=survived_window sim_errors=0 rows=G1:2156,G2:3636,G3:10,G4:4545,G5:1,G6:0,G7:10 foreign_reads=0 wall=5.1s pid=33192
[join1-emit cell] arm=M-POL-2-NULL salt=1 control=None terminal=160 reason=survived_window sim_errors=0 rows=G1:2113,G2:4112,G3:10,G4:4386,G5:1,G6:0,G7:10 foreign_reads=0 wall=5.3s pid=33217
[join1-emit cell] arm=M-POL-2-NULL salt=2 control=None terminal=160 reason=survived_window sim_errors=0 rows=G1:2188,G2:4085,G3:10,G4:4851,G5:1,G6:0,G7:10 foreign_reads=0 wall=5.4s pid=33238
[join1-emit cell] arm=M-POL-2-NULL salt=3 control=None terminal=160 reason=player_death sim_errors=0 rows=G1:2003,G2:3761,G3:10,G4:4537,G5:1,G6:0,G7:10 foreign_reads=0 wall=5.7s pid=33283
[join1-emit cell] arm=M-POL-2-NULL salt=4 control=None terminal=160 reason=survived_window sim_errors=0 rows=G1:2600,G2:4663,G3:10,G4:5476,G5:1,G6:0,G7:10 foreign_reads=0 wall=5.9s pid=33310
[join1-emit cell] arm=W1 salt=0 control=None terminal=160 reason=survived_window sim_errors=0 rows=G1:2153,G2:3774,G3:10,G4:4472,G5:1,G6:0,G7:10 foreign_reads=0 wall=5.3s pid=33333
[join1-emit cell] arm=W1 salt=1 control=None terminal=160 reason=survived_window sim_errors=0 rows=G1:2760,G2:5525,G3:10,G4:5084,G5:1,G6:0,G7:10 foreign_reads=0 wall=6.0s pid=33357
[join1-emit cell] arm=W1 salt=2 control=None terminal=160 reason=player_death sim_errors=0 rows=G1:1749,G2:3402,G3:10,G4:4290,G5:1,G6:0,G7:10 foreign_reads=0 wall=5.6s pid=33386
[join1-emit cell] arm=W1 salt=3 control=None terminal=160 reason=survived_window sim_errors=0 rows=G1:2603,G2:4839,G3:10,G4:5268,G5:1,G6:0,G7:10 foreign_reads=0 wall=6.1s pid=33434
[join1-emit cell] arm=W1 salt=4 control=None terminal=160 reason=survived_window sim_errors=0 rows=G1:2144,G2:3735,G3:10,G4:4337,G5:1,G6:0,G7:10 foreign_reads=0 wall=5.4s pid=33468
[join1-emit cell] arm=W1-NULL salt=0 control=None terminal=160 reason=survived_window sim_errors=0 rows=G1:2153,G2:3774,G3:10,G4:4472,G5:1,G6:0,G7:10 foreign_reads=0 wall=5.3s pid=33504
[join1-emit cell] arm=W1-NULL salt=1 control=None terminal=160 reason=survived_window sim_errors=0 rows=G1:2760,G2:5525,G3:10,G4:5084,G5:1,G6:0,G7:10 foreign_reads=0 wall=6.1s pid=33548
[join1-emit cell] arm=W1-NULL salt=2 control=None terminal=160 reason=player_death sim_errors=0 rows=G1:1922,G2:3640,G3:10,G4:4203,G5:1,G6:0,G7:10 foreign_reads=0 wall=5.7s pid=33587
[join1-emit cell] arm=W1-NULL salt=3 control=None terminal=160 reason=survived_window sim_errors=0 rows=G1:2512,G2:4954,G3:10,G4:5231,G5:1,G6:0,G7:10 foreign_reads=0 wall=6.0s pid=33615
[join1-emit cell] arm=W1-NULL salt=4 control=None terminal=160 reason=survived_window sim_errors=0 rows=G1:2144,G2:3735,G3:10,G4:4337,G5:1,G6:0,G7:10 foreign_reads=0 wall=5.3s pid=33641
[join1-emit] OBS-1 completeness 25/25 complete
[join1-emit] status=DRY-RUN · NOT THE FIXTURE cells=25 failed=0 G1=56511 G2=105045 G3=250 G4=117695 G5=25 G6=0 G7=250 manifest_sha256=bb1b1f47e4f56be6ba8bdf0364d610e03f05cdac0f8f68ed028bbe54a86083b3 wall=181.3s pid=32829

--- stderr ---
