[join1-emit cell] arm=M0 salt=0 control=None terminal=160 reason=survived_window sim_errors=0 rows=G1:1977,G2:3648,G3:10,G4:4472,G5:1,G6:0,G7:10 foreign_reads=0 wall=4.8s pid=25437
[join1-emit cell] arm=M0 salt=1 control=None terminal=160 reason=survived_window sim_errors=0 rows=G1:2138,G2:4176,G3:10,G4:4521,G5:1,G6:0,G7:10 foreign_reads=0 wall=5.5s pid=25467
[join1-emit cell] arm=M0 salt=2 control=None terminal=160 reason=player_death sim_errors=0 rows=G1:1884,G2:3696,G3:10,G4:4852,G5:1,G6:0,G7:10 foreign_reads=0 wall=5.7s pid=25517
[join1-emit cell] arm=M0 salt=3 control=None terminal=160 reason=player_death sim_errors=0 rows=G1:2210,G2:4426,G3:10,G4:5175,G5:1,G6:0,G7:10 foreign_reads=0 wall=5.9s pid=25544
[join1-emit cell] arm=M0 salt=4 control=None terminal=160 reason=survived_window sim_errors=0 rows=G1:2681,G2:5501,G3:10,G4:4913,G5:1,G6:0,G7:10 foreign_reads=0 wall=5.7s pid=25796
[join1-emit cell] arm=M-POL-2 salt=0 control=None terminal=160 reason=survived_window sim_errors=0 rows=G1:2103,G2:3760,G3:10,G4:4582,G5:1,G6:0,G7:10 foreign_reads=0 wall=4.9s pid=26053
[join1-emit cell] arm=M-POL-2 salt=1 control=None terminal=160 reason=survived_window sim_errors=0 rows=G1:2143,G2:4081,G3:10,G4:4398,G5:1,G6:0,G7:10 foreign_reads=0 wall=5.3s pid=26079
[join1-emit cell] arm=M-POL-2 salt=2 control=None terminal=160 reason=player_death sim_errors=0 rows=G1:2025,G2:3819,G3:10,G4:4420,G5:1,G6:0,G7:10 foreign_reads=0 wall=5.8s pid=26098
[join1-emit cell] arm=M-POL-2 salt=3 control=None terminal=160 reason=survived_window sim_errors=0 rows=G1:2569,G2:4940,G3:10,G4:4741,G5:1,G6:0,G7:10 foreign_reads=0 wall=5.6s pid=26131
[join1-emit cell] arm=M-POL-2 salt=4 control=None terminal=160 reason=survived_window sim_errors=0 rows=G1:2283,G2:4102,G3:10,G4:4570,G5:1,G6:0,G7:10 foreign_reads=0 wall=5.4s pid=26387
[join1-emit cell] arm=M-POL-2-NULL salt=0 control=None terminal=160 reason=survived_window sim_errors=0 rows=G1:1977,G2:3648,G3:10,G4:4472,G5:1,G6:0,G7:10 foreign_reads=0 wall=5.1s pid=26650
[join1-emit cell] arm=M-POL-2-NULL salt=1 control=None terminal=160 reason=survived_window sim_errors=0 rows=G1:2138,G2:4176,G3:10,G4:4521,G5:1,G6:0,G7:10 foreign_reads=0 wall=5.3s pid=26692
[join1-emit cell] arm=M-POL-2-NULL salt=2 control=None terminal=160 reason=player_death sim_errors=0 rows=G1:1884,G2:3696,G3:10,G4:4852,G5:1,G6:0,G7:10 foreign_reads=0 wall=5.6s pid=26719
[join1-emit cell] arm=M-POL-2-NULL salt=3 control=None terminal=160 reason=player_death sim_errors=0 rows=G1:2210,G2:4426,G3:10,G4:5175,G5:1,G6:0,G7:10 foreign_reads=0 wall=5.7s pid=26819
[join1-emit cell] arm=M-POL-2-NULL salt=4 control=None terminal=160 reason=survived_window sim_errors=0 rows=G1:2681,G2:5501,G3:10,G4:4913,G5:1,G6:0,G7:10 foreign_reads=0 wall=5.6s pid=26999
[join1-emit cell] arm=W1 salt=0 control=None terminal=160 reason=survived_window sim_errors=0 rows=G1:2103,G2:3760,G3:10,G4:4582,G5:1,G6:0,G7:10 foreign_reads=0 wall=5.0s pid=27254
[join1-emit cell] arm=W1 salt=1 control=None terminal=160 reason=survived_window sim_errors=0 rows=G1:2143,G2:4081,G3:10,G4:4398,G5:1,G6:0,G7:10 foreign_reads=0 wall=5.3s pid=27282
[join1-emit cell] arm=W1 salt=2 control=None terminal=160 reason=survived_window sim_errors=0 rows=G1:2358,G2:4616,G3:10,G4:5011,G5:1,G6:0,G7:10 foreign_reads=0 wall=5.8s pid=27307
[join1-emit cell] arm=W1 salt=3 control=None terminal=160 reason=player_death sim_errors=0 rows=G1:2018,G2:3719,G3:10,G4:4373,G5:1,G6:0,G7:10 foreign_reads=0 wall=5.4s pid=27557
[join1-emit cell] arm=W1 salt=4 control=None terminal=160 reason=survived_window sim_errors=0 rows=G1:2592,G2:4886,G3:10,G4:4864,G5:1,G6:0,G7:10 foreign_reads=0 wall=5.9s pid=27594
[join1-emit cell] arm=W1-NULL salt=0 control=None terminal=160 reason=survived_window sim_errors=0 rows=G1:2103,G2:3760,G3:10,G4:4582,G5:1,G6:0,G7:10 foreign_reads=0 wall=4.9s pid=27634
[join1-emit cell] arm=W1-NULL salt=1 control=None terminal=160 reason=survived_window sim_errors=0 rows=G1:2143,G2:4081,G3:10,G4:4398,G5:1,G6:0,G7:10 foreign_reads=0 wall=5.2s pid=27674
[join1-emit cell] arm=W1-NULL salt=2 control=None terminal=160 reason=player_death sim_errors=0 rows=G1:2025,G2:3819,G3:10,G4:4420,G5:1,G6:0,G7:10 foreign_reads=0 wall=5.8s pid=27708
[join1-emit cell] arm=W1-NULL salt=3 control=None terminal=160 reason=survived_window sim_errors=0 rows=G1:2569,G2:4940,G3:10,G4:4741,G5:1,G6:0,G7:10 foreign_reads=0 wall=5.6s pid=27735
[join1-emit cell] arm=W1-NULL salt=4 control=None terminal=160 reason=survived_window sim_errors=0 rows=G1:2283,G2:4102,G3:10,G4:4570,G5:1,G6:0,G7:10 foreign_reads=0 wall=5.4s pid=27785
[join1-emit] OBS-1 completeness 25/25 complete
[join1-emit] status=DRY-RUN · NOT THE FIXTURE cells=25 failed=0 G1=55240 G2=105360 G3=250 G4=116516 G5=25 G6=0 G7=250 manifest_sha256=f2edf746e09c023b31f36f712aecb1c0ee91b416774531ea612ceeadb5a0aba1 wall=177.5s pid=25228

--- stderr ---
