[join1-emit cell] arm=M0 salt=0 control=None terminal=160 reason=survived_window sim_errors=0 rows=G1:2134,G2:4706,G3:10,G4:4521,G5:1,G6:0,G7:10 foreign_reads=0 wall=5.5s pid=26096
[join1-emit cell] arm=M0 salt=1 control=None terminal=160 reason=survived_window sim_errors=0 rows=G1:2054,G2:4629,G3:10,G4:4190,G5:1,G6:0,G7:10 foreign_reads=0 wall=5.6s pid=26152
[join1-emit cell] arm=M0 salt=2 control=None terminal=160 reason=player_death sim_errors=0 rows=G1:2051,G2:4628,G3:10,G4:4841,G5:1,G6:0,G7:10 foreign_reads=0 wall=6.9s pid=26198
[join1-emit cell] arm=M0 salt=3 control=None terminal=160 reason=player_death sim_errors=0 rows=G1:2100,G2:4529,G3:10,G4:4612,G5:1,G6:0,G7:10 foreign_reads=0 wall=6.3s pid=26257
[join1-emit cell] arm=M0 salt=4 control=None terminal=160 reason=survived_window sim_errors=0 rows=G1:2446,G2:4881,G3:10,G4:5158,G5:1,G6:0,G7:10 foreign_reads=0 wall=5.9s pid=26312
[join1-emit cell] arm=M-POL-2 salt=0 control=None terminal=160 reason=survived_window sim_errors=0 rows=G1:2286,G2:4944,G3:10,G4:4619,G5:1,G6:0,G7:10 foreign_reads=0 wall=5.8s pid=26365
[join1-emit cell] arm=M-POL-2 salt=1 control=None terminal=160 reason=survived_window sim_errors=0 rows=G1:2653,G2:5739,G3:10,G4:5121,G5:1,G6:0,G7:10 foreign_reads=0 wall=6.4s pid=26400
[join1-emit cell] arm=M-POL-2 salt=2 control=None terminal=160 reason=player_death sim_errors=0 rows=G1:1711,G2:3868,G3:10,G4:4086,G5:1,G6:0,G7:10 foreign_reads=0 wall=5.6s pid=26470
[join1-emit cell] arm=M-POL-2 salt=3 control=None terminal=160 reason=player_death sim_errors=0 rows=G1:2178,G2:4724,G3:10,G4:4805,G5:1,G6:0,G7:10 foreign_reads=0 wall=6.7s pid=26534
[join1-emit cell] arm=M-POL-2 salt=4 control=None terminal=160 reason=survived_window sim_errors=0 rows=G1:2279,G2:5057,G3:10,G4:4680,G5:1,G6:0,G7:10 foreign_reads=0 wall=5.7s pid=26592
[join1-emit cell] arm=M-POL-2-NULL salt=0 control=None terminal=160 reason=survived_window sim_errors=0 rows=G1:2134,G2:4706,G3:10,G4:4521,G5:1,G6:0,G7:10 foreign_reads=0 wall=6.4s pid=26629
[join1-emit cell] arm=M-POL-2-NULL salt=1 control=None terminal=160 reason=survived_window sim_errors=0 rows=G1:2054,G2:4629,G3:10,G4:4190,G5:1,G6:0,G7:10 foreign_reads=0 wall=5.8s pid=26685
[join1-emit cell] arm=M-POL-2-NULL salt=2 control=None terminal=160 reason=player_death sim_errors=0 rows=G1:2051,G2:4628,G3:10,G4:4841,G5:1,G6:0,G7:10 foreign_reads=0 wall=6.4s pid=26732
[join1-emit cell] arm=M-POL-2-NULL salt=3 control=None terminal=160 reason=player_death sim_errors=0 rows=G1:2100,G2:4529,G3:10,G4:4612,G5:1,G6:0,G7:10 foreign_reads=0 wall=6.1s pid=26796
[join1-emit cell] arm=M-POL-2-NULL salt=4 control=None terminal=160 reason=survived_window sim_errors=0 rows=G1:2446,G2:4881,G3:10,G4:5158,G5:1,G6:0,G7:10 foreign_reads=0 wall=6.0s pid=26869
[join1-emit cell] arm=W1 salt=0 control=None terminal=160 reason=survived_window sim_errors=0 rows=G1:2286,G2:4944,G3:10,G4:4619,G5:1,G6:0,G7:10 foreign_reads=0 wall=5.8s pid=26929
[join1-emit cell] arm=W1 salt=1 control=None terminal=160 reason=survived_window sim_errors=0 rows=G1:2653,G2:5741,G3:10,G4:5121,G5:1,G6:0,G7:10 foreign_reads=0 wall=6.3s pid=26976
[join1-emit cell] arm=W1 salt=2 control=None terminal=160 reason=player_death sim_errors=0 rows=G1:1868,G2:4264,G3:10,G4:4199,G5:1,G6:0,G7:10 foreign_reads=0 wall=6.0s pid=27029
[join1-emit cell] arm=W1 salt=3 control=None terminal=160 reason=player_death sim_errors=0 rows=G1:2113,G2:4441,G3:10,G4:4610,G5:1,G6:0,G7:10 foreign_reads=0 wall=6.1s pid=27075
[join1-emit cell] arm=W1 salt=4 control=None terminal=160 reason=survived_window sim_errors=0 rows=G1:2279,G2:5057,G3:10,G4:4680,G5:1,G6:0,G7:10 foreign_reads=0 wall=5.8s pid=27132
[join1-emit cell] arm=W1-NULL salt=0 control=None terminal=160 reason=survived_window sim_errors=0 rows=G1:2286,G2:4944,G3:10,G4:4619,G5:1,G6:0,G7:10 foreign_reads=0 wall=5.7s pid=27172
[join1-emit cell] arm=W1-NULL salt=1 control=None terminal=160 reason=survived_window sim_errors=0 rows=G1:2653,G2:5739,G3:10,G4:5121,G5:1,G6:0,G7:10 foreign_reads=0 wall=6.3s pid=27211
[join1-emit cell] arm=W1-NULL salt=2 control=None terminal=160 reason=player_death sim_errors=0 rows=G1:1711,G2:3868,G3:10,G4:4086,G5:1,G6:0,G7:10 foreign_reads=0 wall=5.4s pid=27254
[join1-emit cell] arm=W1-NULL salt=3 control=None terminal=160 reason=player_death sim_errors=0 rows=G1:2178,G2:4724,G3:10,G4:4805,G5:1,G6:0,G7:10 foreign_reads=0 wall=6.3s pid=27306
[join1-emit cell] arm=W1-NULL salt=4 control=None terminal=160 reason=survived_window sim_errors=0 rows=G1:2279,G2:5057,G3:10,G4:4680,G5:1,G6:0,G7:10 foreign_reads=0 wall=5.6s pid=27349
[join1-emit] OBS-1 completeness 25/25 complete
[join1-emit] status=DRY-RUN · NOT THE FIXTURE cells=25 failed=0 G1=54983 G2=119857 G3=250 G4=116495 G5=25 G6=0 G7=250 manifest_sha256=1784c55e64c5becb1f322e3b5ea55f4133260a2f47bc73d140ee8fdad601a67b wall=197.8s pid=26085

--- stderr ---
