[join1-emit cell] arm=M0 salt=0 control=None terminal=None reason=raised:UnmappedDamageFamily sim_errors=1 rows=G1:0,G2:0,G3:0,G4:0,G5:1,G6:0,G7:0 foreign_reads=0 wall=0.4s pid=9802
[join1-emit cell] arm=M0 salt=1 control=None terminal=None reason=raised:UnmappedDamageFamily sim_errors=1 rows=G1:0,G2:0,G3:0,G4:0,G5:1,G6:0,G7:0 foreign_reads=0 wall=0.4s pid=9820
[join1-emit cell] arm=M0 salt=2 control=None terminal=None reason=raised:UnmappedDamageFamily sim_errors=1 rows=G1:0,G2:0,G3:0,G4:0,G5:1,G6:0,G7:0 foreign_reads=0 wall=0.4s pid=9833
[join1-emit cell] arm=M0 salt=3 control=None terminal=None reason=raised:UnmappedDamageFamily sim_errors=1 rows=G1:0,G2:0,G3:0,G4:0,G5:1,G6:0,G7:0 foreign_reads=0 wall=0.4s pid=9848
[join1-emit cell] arm=M0 salt=4 control=None terminal=None reason=raised:UnmappedDamageFamily sim_errors=1 rows=G1:0,G2:0,G3:0,G4:0,G5:1,G6:0,G7:0 foreign_reads=0 wall=0.4s pid=9861
[join1-emit cell] arm=M-POL-2 salt=0 control=None terminal=None reason=raised:UnmappedDamageFamily sim_errors=1 rows=G1:0,G2:0,G3:0,G4:0,G5:1,G6:0,G7:0 foreign_reads=0 wall=0.5s pid=9871
[join1-emit cell] arm=M-POL-2 salt=1 control=None terminal=None reason=raised:UnmappedDamageFamily sim_errors=1 rows=G1:0,G2:0,G3:0,G4:0,G5:1,G6:0,G7:0 foreign_reads=0 wall=0.4s pid=9884
[join1-emit cell] arm=M-POL-2 salt=2 control=None terminal=None reason=raised:UnmappedDamageFamily sim_errors=1 rows=G1:0,G2:0,G3:0,G4:0,G5:1,G6:0,G7:0 foreign_reads=0 wall=0.4s pid=9892
[join1-emit cell] arm=M-POL-2 salt=3 control=None terminal=None reason=raised:UnmappedDamageFamily sim_errors=1 rows=G1:0,G2:0,G3:0,G4:0,G5:1,G6:0,G7:0 foreign_reads=0 wall=0.5s pid=9910
[join1-emit cell] arm=M-POL-2 salt=4 control=None terminal=None reason=raised:UnmappedDamageFamily sim_errors=1 rows=G1:0,G2:0,G3:0,G4:0,G5:1,G6:0,G7:0 foreign_reads=0 wall=0.5s pid=9919
[join1-emit cell] arm=M-POL-2-NULL salt=0 control=None terminal=None reason=raised:UnmappedDamageFamily sim_errors=1 rows=G1:0,G2:0,G3:0,G4:0,G5:1,G6:0,G7:0 foreign_reads=0 wall=0.4s pid=9941
[join1-emit cell] arm=M-POL-2-NULL salt=1 control=None terminal=None reason=raised:UnmappedDamageFamily sim_errors=1 rows=G1:0,G2:0,G3:0,G4:0,G5:1,G6:0,G7:0 foreign_reads=0 wall=0.4s pid=9950
[join1-emit cell] arm=M-POL-2-NULL salt=2 control=None terminal=None reason=raised:UnmappedDamageFamily sim_errors=1 rows=G1:0,G2:0,G3:0,G4:0,G5:1,G6:0,G7:0 foreign_reads=0 wall=0.4s pid=9961
[join1-emit cell] arm=M-POL-2-NULL salt=3 control=None terminal=None reason=raised:UnmappedDamageFamily sim_errors=1 rows=G1:0,G2:0,G3:0,G4:0,G5:1,G6:0,G7:0 foreign_reads=0 wall=0.4s pid=9973
[join1-emit cell] arm=M-POL-2-NULL salt=4 control=None terminal=None reason=raised:UnmappedDamageFamily sim_errors=1 rows=G1:0,G2:0,G3:0,G4:0,G5:1,G6:0,G7:0 foreign_reads=0 wall=0.4s pid=9987
[join1-emit cell] arm=W1 salt=0 control=None terminal=None reason=raised:UnmappedDamageFamily sim_errors=1 rows=G1:0,G2:0,G3:0,G4:0,G5:1,G6:0,G7:0 foreign_reads=0 wall=0.4s pid=10002
[join1-emit cell] arm=W1 salt=1 control=None terminal=None reason=raised:UnmappedDamageFamily sim_errors=1 rows=G1:0,G2:0,G3:0,G4:0,G5:1,G6:0,G7:0 foreign_reads=0 wall=0.4s pid=10020
[join1-emit cell] arm=W1 salt=2 control=None terminal=None reason=raised:UnmappedDamageFamily sim_errors=1 rows=G1:0,G2:0,G3:0,G4:0,G5:1,G6:0,G7:0 foreign_reads=0 wall=0.4s pid=10029
[join1-emit cell] arm=W1 salt=3 control=None terminal=None reason=raised:UnmappedDamageFamily sim_errors=1 rows=G1:0,G2:0,G3:0,G4:0,G5:1,G6:0,G7:0 foreign_reads=0 wall=0.4s pid=10040
[join1-emit cell] arm=W1 salt=4 control=None terminal=None reason=raised:UnmappedDamageFamily sim_errors=1 rows=G1:0,G2:0,G3:0,G4:0,G5:1,G6:0,G7:0 foreign_reads=0 wall=0.4s pid=10052
[join1-emit cell] arm=W1-NULL salt=0 control=None terminal=None reason=raised:UnmappedDamageFamily sim_errors=1 rows=G1:0,G2:0,G3:0,G4:0,G5:1,G6:0,G7:0 foreign_reads=0 wall=0.4s pid=10062
[join1-emit cell] arm=W1-NULL salt=1 control=None terminal=None reason=raised:UnmappedDamageFamily sim_errors=1 rows=G1:0,G2:0,G3:0,G4:0,G5:1,G6:0,G7:0 foreign_reads=0 wall=0.4s pid=10074
[join1-emit cell] arm=W1-NULL salt=2 control=None terminal=None reason=raised:UnmappedDamageFamily sim_errors=1 rows=G1:0,G2:0,G3:0,G4:0,G5:1,G6:0,G7:0 foreign_reads=0 wall=0.4s pid=10087
[join1-emit cell] arm=W1-NULL salt=3 control=None terminal=None reason=raised:UnmappedDamageFamily sim_errors=1 rows=G1:0,G2:0,G3:0,G4:0,G5:1,G6:0,G7:0 foreign_reads=0 wall=0.4s pid=10095
[join1-emit cell] arm=W1-NULL salt=4 control=None terminal=None reason=raised:UnmappedDamageFamily sim_errors=1 rows=G1:0,G2:0,G3:0,G4:0,G5:1,G6:0,G7:0 foreign_reads=0 wall=0.4s pid=10108
[join1-emit] OBS-1 completeness 0/25 complete; TRUNCATED/FAILED: ['M-POL-2-NULL|0', 'M-POL-2-NULL|1', 'M-POL-2-NULL|2', 'M-POL-2-NULL|3', 'M-POL-2-NULL|4', 'M-POL-2|0', 'M-POL-2|1', 'M-POL-2|2', 'M-POL-2|3', 'M-POL-2|4', 'M0|0', 'M0|1', 'M0|2', 'M0|3', 'M0|4', 'W1-NULL|0', 'W1-NULL|1', 'W1-NULL|2', 'W1-NULL|3', 'W1-NULL|4', 'W1|0', 'W1|1', 'W1|2', 'W1|3', 'W1|4']
[join1-emit] status=DRY-RUN · NOT THE FIXTURE cells=25 failed=0 G1=0 G2=0 G3=0 G4=0 G5=25 G6=0 G7=0 manifest_sha256=44b51f4be7142faa4833134d3325062e16d241ae22896ea7648c81f1796a3d7f wall=38.8s pid=9794

--- stderr ---
