[join1-emit cell] arm=M0 salt=0 control=None terminal=None reason=raised:UnmappedDamageFamily sim_errors=1 rows=G1:0,G2:0,G3:0,G4:0,G5:1,G6:0,G7:0 foreign_reads=0 wall=0.4s pid=32406
[join1-emit cell] arm=M0 salt=1 control=None terminal=None reason=raised:UnmappedDamageFamily sim_errors=1 rows=G1:0,G2:0,G3:0,G4:0,G5:1,G6:0,G7:0 foreign_reads=0 wall=0.3s pid=32424
[join1-emit cell] arm=M0 salt=2 control=None terminal=None reason=raised:UnmappedDamageFamily sim_errors=1 rows=G1:0,G2:0,G3:0,G4:0,G5:1,G6:0,G7:0 foreign_reads=0 wall=0.4s pid=32442
[join1-emit cell] arm=M0 salt=3 control=None terminal=None reason=raised:UnmappedDamageFamily sim_errors=1 rows=G1:0,G2:0,G3:0,G4:0,G5:1,G6:0,G7:0 foreign_reads=0 wall=0.4s pid=32453
[join1-emit cell] arm=M0 salt=4 control=None terminal=None reason=raised:UnmappedDamageFamily sim_errors=1 rows=G1:0,G2:0,G3:0,G4:0,G5:1,G6:0,G7:0 foreign_reads=0 wall=0.4s pid=32465
[join1-emit cell] arm=M-POL-2 salt=0 control=None terminal=None reason=raised:UnmappedDamageFamily sim_errors=1 rows=G1:0,G2:0,G3:0,G4:0,G5:1,G6:0,G7:0 foreign_reads=0 wall=0.3s pid=32485
[join1-emit cell] arm=M-POL-2 salt=1 control=None terminal=None reason=raised:UnmappedDamageFamily sim_errors=1 rows=G1:0,G2:0,G3:0,G4:0,G5:1,G6:0,G7:0 foreign_reads=0 wall=0.4s pid=32512
[join1-emit cell] arm=M-POL-2 salt=2 control=None terminal=None reason=raised:UnmappedDamageFamily sim_errors=1 rows=G1:0,G2:0,G3:0,G4:0,G5:1,G6:0,G7:0 foreign_reads=0 wall=0.4s pid=32526
[join1-emit cell] arm=M-POL-2 salt=3 control=None terminal=None reason=raised:UnmappedDamageFamily sim_errors=1 rows=G1:0,G2:0,G3:0,G4:0,G5:1,G6:0,G7:0 foreign_reads=0 wall=0.4s pid=32547
[join1-emit cell] arm=M-POL-2 salt=4 control=None terminal=None reason=raised:UnmappedDamageFamily sim_errors=1 rows=G1:0,G2:0,G3:0,G4:0,G5:1,G6:0,G7:0 foreign_reads=0 wall=0.4s pid=32565
[join1-emit cell] arm=M-POL-2-NULL salt=0 control=None terminal=None reason=raised:UnmappedDamageFamily sim_errors=1 rows=G1:0,G2:0,G3:0,G4:0,G5:1,G6:0,G7:0 foreign_reads=0 wall=0.4s pid=32581
[join1-emit cell] arm=M-POL-2-NULL salt=1 control=None terminal=None reason=raised:UnmappedDamageFamily sim_errors=1 rows=G1:0,G2:0,G3:0,G4:0,G5:1,G6:0,G7:0 foreign_reads=0 wall=0.4s pid=32594
[join1-emit cell] arm=M-POL-2-NULL salt=2 control=None terminal=None reason=raised:UnmappedDamageFamily sim_errors=1 rows=G1:0,G2:0,G3:0,G4:0,G5:1,G6:0,G7:0 foreign_reads=0 wall=0.4s pid=32611
[join1-emit cell] arm=M-POL-2-NULL salt=3 control=None terminal=None reason=raised:UnmappedDamageFamily sim_errors=1 rows=G1:0,G2:0,G3:0,G4:0,G5:1,G6:0,G7:0 foreign_reads=0 wall=0.4s pid=32619
[join1-emit cell] arm=M-POL-2-NULL salt=4 control=None terminal=None reason=raised:UnmappedDamageFamily sim_errors=1 rows=G1:0,G2:0,G3:0,G4:0,G5:1,G6:0,G7:0 foreign_reads=0 wall=0.4s pid=32627
[join1-emit cell] arm=W1 salt=0 control=None terminal=None reason=raised:UnmappedDamageFamily sim_errors=1 rows=G1:0,G2:0,G3:0,G4:0,G5:1,G6:0,G7:0 foreign_reads=0 wall=0.4s pid=32645
[join1-emit cell] arm=W1 salt=1 control=None terminal=None reason=raised:UnmappedDamageFamily sim_errors=1 rows=G1:0,G2:0,G3:0,G4:0,G5:1,G6:0,G7:0 foreign_reads=0 wall=0.4s pid=32656
[join1-emit cell] arm=W1 salt=2 control=None terminal=None reason=raised:UnmappedDamageFamily sim_errors=1 rows=G1:0,G2:0,G3:0,G4:0,G5:1,G6:0,G7:0 foreign_reads=0 wall=0.4s pid=32664
[join1-emit cell] arm=W1 salt=3 control=None terminal=None reason=raised:UnmappedDamageFamily sim_errors=1 rows=G1:0,G2:0,G3:0,G4:0,G5:1,G6:0,G7:0 foreign_reads=0 wall=0.3s pid=32679
[join1-emit cell] arm=W1 salt=4 control=None terminal=None reason=raised:UnmappedDamageFamily sim_errors=1 rows=G1:0,G2:0,G3:0,G4:0,G5:1,G6:0,G7:0 foreign_reads=0 wall=0.3s pid=32692
[join1-emit cell] arm=W1-NULL salt=0 control=None terminal=None reason=raised:UnmappedDamageFamily sim_errors=1 rows=G1:0,G2:0,G3:0,G4:0,G5:1,G6:0,G7:0 foreign_reads=0 wall=0.4s pid=32703
[join1-emit cell] arm=W1-NULL salt=1 control=None terminal=None reason=raised:UnmappedDamageFamily sim_errors=1 rows=G1:0,G2:0,G3:0,G4:0,G5:1,G6:0,G7:0 foreign_reads=0 wall=0.4s pid=32711
[join1-emit cell] arm=W1-NULL salt=2 control=None terminal=None reason=raised:UnmappedDamageFamily sim_errors=1 rows=G1:0,G2:0,G3:0,G4:0,G5:1,G6:0,G7:0 foreign_reads=0 wall=0.3s pid=32727
[join1-emit cell] arm=W1-NULL salt=3 control=None terminal=None reason=raised:UnmappedDamageFamily sim_errors=1 rows=G1:0,G2:0,G3:0,G4:0,G5:1,G6:0,G7:0 foreign_reads=0 wall=0.4s pid=32740
[join1-emit cell] arm=W1-NULL salt=4 control=None terminal=None reason=raised:UnmappedDamageFamily sim_errors=1 rows=G1:0,G2:0,G3:0,G4:0,G5:1,G6:0,G7:0 foreign_reads=0 wall=0.4s pid=32752
[join1-emit] OBS-1 completeness 0/25 complete; TRUNCATED/FAILED: ['M-POL-2-NULL|0', 'M-POL-2-NULL|1', 'M-POL-2-NULL|2', 'M-POL-2-NULL|3', 'M-POL-2-NULL|4', 'M-POL-2|0', 'M-POL-2|1', 'M-POL-2|2', 'M-POL-2|3', 'M-POL-2|4', 'M0|0', 'M0|1', 'M0|2', 'M0|3', 'M0|4', 'W1-NULL|0', 'W1-NULL|1', 'W1-NULL|2', 'W1-NULL|3', 'W1-NULL|4', 'W1|0', 'W1|1', 'W1|2', 'W1|3', 'W1|4']
[join1-emit] status=DRY-RUN · NOT THE FIXTURE cells=25 failed=0 G1=0 G2=0 G3=0 G4=0 G5=25 G6=0 G7=0 manifest_sha256=5b0dee4c67c0dc6abb575fd6109c785d330f48665cb6f65bcbd111ff8c29b364 wall=36.7s pid=32398

--- stderr ---
