[join1-emit cell] arm=M0 salt=0 control=NC-2 terminal=160 reason=survived_window sim_errors=0 rows=G1:2009,G2:3503,G3:10,G4:4484,G5:1,G6:0,G7:10 foreign_reads=0 wall=5.8s pid=8105
[join1-emit cell] arm=M0 salt=1 control=NC-2 terminal=160 reason=survived_window sim_errors=0 rows=G1:2527,G2:4703,G3:10,G4:4900,G5:1,G6:0,G7:10 foreign_reads=0 wall=5.9s pid=8148
[join1-emit cell] arm=M0 salt=2 control=NC-2 terminal=160 reason=survived_window sim_errors=0 rows=G1:2435,G2:4848,G3:10,G4:4913,G5:1,G6:0,G7:10 foreign_reads=0 wall=5.8s pid=8165
[join1-emit cell] arm=M0 salt=3 control=NC-2 terminal=160 reason=player_death sim_errors=0 rows=G1:2056,G2:4050,G3:10,G4:4596,G5:1,G6:0,G7:10 foreign_reads=0 wall=5.9s pid=8180
[join1-emit cell] arm=M0 salt=4 control=NC-2 terminal=160 reason=survived_window sim_errors=0 rows=G1:3121,G2:6349,G3:10,G4:5648,G5:1,G6:0,G7:10 foreign_reads=0 wall=6.5s pid=8225
[join1-emit cell] arm=M-POL-2 salt=0 control=NC-2 terminal=160 reason=survived_window sim_errors=0 rows=G1:2159,G2:4162,G3:10,G4:4521,G5:1,G6:0,G7:10 foreign_reads=0 wall=5.5s pid=8276
[join1-emit cell] arm=M-POL-2 salt=1 control=NC-2 terminal=160 reason=survived_window sim_errors=0 rows=G1:2279,G2:4487,G3:10,G4:4557,G5:1,G6:0,G7:10 foreign_reads=0 wall=5.8s pid=8306
[join1-emit cell] arm=M-POL-2 salt=2 control=NC-2 terminal=160 reason=survived_window sim_errors=0 rows=G1:2293,G2:4408,G3:10,G4:4815,G5:1,G6:0,G7:10 foreign_reads=0 wall=5.9s pid=8315
[join1-emit cell] arm=M-POL-2 salt=3 control=NC-2 terminal=160 reason=survived_window sim_errors=0 rows=G1:2436,G2:4729,G3:10,G4:5060,G5:1,G6:0,G7:10 foreign_reads=0 wall=6.3s pid=8334
[join1-emit cell] arm=M-POL-2 salt=4 control=NC-2 terminal=160 reason=player_death sim_errors=0 rows=G1:2015,G2:3702,G3:10,G4:4294,G5:1,G6:0,G7:10 foreign_reads=0 wall=5.7s pid=8359
[join1-emit cell] arm=M-POL-2-NULL salt=0 control=NC-2 terminal=160 reason=survived_window sim_errors=0 rows=G1:2009,G2:3503,G3:10,G4:4484,G5:1,G6:0,G7:10 foreign_reads=0 wall=5.4s pid=8388
[join1-emit cell] arm=M-POL-2-NULL salt=1 control=NC-2 terminal=160 reason=survived_window sim_errors=0 rows=G1:2527,G2:4703,G3:10,G4:4900,G5:1,G6:0,G7:10 foreign_reads=0 wall=6.2s pid=8419
[join1-emit cell] arm=M-POL-2-NULL salt=2 control=NC-2 terminal=160 reason=survived_window sim_errors=0 rows=G1:2435,G2:4848,G3:10,G4:4913,G5:1,G6:0,G7:10 foreign_reads=0 wall=5.9s pid=8513
[join1-emit cell] arm=M-POL-2-NULL salt=3 control=NC-2 terminal=160 reason=player_death sim_errors=0 rows=G1:2056,G2:4050,G3:10,G4:4596,G5:1,G6:0,G7:10 foreign_reads=0 wall=6.2s pid=8566
[join1-emit cell] arm=M-POL-2-NULL salt=4 control=NC-2 terminal=160 reason=survived_window sim_errors=0 rows=G1:3121,G2:6349,G3:10,G4:5648,G5:1,G6:0,G7:10 foreign_reads=0 wall=6.4s pid=8620
[join1-emit cell] arm=W1 salt=0 control=NC-2 terminal=160 reason=survived_window sim_errors=0 rows=G1:2159,G2:4162,G3:10,G4:4521,G5:1,G6:0,G7:10 foreign_reads=0 wall=5.2s pid=8649
[join1-emit cell] arm=W1 salt=1 control=NC-2 terminal=160 reason=survived_window sim_errors=0 rows=G1:2330,G2:4501,G3:10,G4:4496,G5:1,G6:0,G7:10 foreign_reads=0 wall=5.2s pid=8683
[join1-emit cell] arm=W1 salt=2 control=NC-2 terminal=160 reason=player_death sim_errors=0 rows=G1:2024,G2:4155,G3:10,G4:4407,G5:1,G6:0,G7:10 foreign_reads=0 wall=5.5s pid=8699
[join1-emit cell] arm=W1 salt=3 control=NC-2 terminal=160 reason=survived_window sim_errors=0 rows=G1:2915,G2:5992,G3:10,G4:5684,G5:1,G6:0,G7:10 foreign_reads=0 wall=6.4s pid=8728
[join1-emit cell] arm=W1 salt=4 control=NC-2 terminal=160 reason=player_death sim_errors=0 rows=G1:2015,G2:3702,G3:10,G4:4294,G5:1,G6:0,G7:10 foreign_reads=0 wall=5.2s pid=8757
[join1-emit cell] arm=W1-NULL salt=0 control=NC-2 terminal=160 reason=survived_window sim_errors=0 rows=G1:2159,G2:4162,G3:10,G4:4521,G5:1,G6:0,G7:10 foreign_reads=0 wall=5.0s pid=8776
[join1-emit cell] arm=W1-NULL salt=1 control=NC-2 terminal=160 reason=survived_window sim_errors=0 rows=G1:2279,G2:4487,G3:10,G4:4557,G5:1,G6:0,G7:10 foreign_reads=0 wall=5.5s pid=8792
[join1-emit cell] arm=W1-NULL salt=2 control=NC-2 terminal=160 reason=survived_window sim_errors=0 rows=G1:2293,G2:4408,G3:10,G4:4815,G5:1,G6:0,G7:10 foreign_reads=0 wall=5.7s pid=8825
[join1-emit cell] arm=W1-NULL salt=3 control=NC-2 terminal=160 reason=survived_window sim_errors=0 rows=G1:2436,G2:4729,G3:10,G4:5060,G5:1,G6:0,G7:10 foreign_reads=0 wall=5.7s pid=8864
[join1-emit cell] arm=W1-NULL salt=4 control=NC-2 terminal=160 reason=player_death sim_errors=0 rows=G1:2015,G2:3702,G3:10,G4:4294,G5:1,G6:0,G7:10 foreign_reads=0 wall=5.2s pid=8894
[join1-emit] OBS-1 completeness 25/25 complete
[join1-emit] status=DRY-RUN · CONTROL NC-2 cells=25 failed=0 G1=58103 G2=112394 G3=250 G4=118978 G5=25 G6=0 G7=250 manifest_sha256=20ee5d7ef12b62d9b49d49fdd7a61c32b0cb790d30ccb75268f70d8b96abacc4 wall=176.4s pid=8096

--- stderr ---
