[join1-emit cell] arm=M0 salt=0 control=None terminal=160 reason=survived_window sim_errors=0 rows=G1:2340,G2:4269,G3:10,G4:4606,G5:1,G6:0,G7:10 foreign_reads=0 wall=5.4s pid=13543
[join1-emit cell] arm=M0 salt=1 control=None terminal=160 reason=survived_window sim_errors=0 rows=G1:2404,G2:4886,G3:10,G4:4582,G5:1,G6:0,G7:10 foreign_reads=0 wall=5.4s pid=13566
[join1-emit cell] arm=M0 salt=2 control=None terminal=160 reason=player_death sim_errors=0 rows=G1:1603,G2:2829,G3:10,G4:4376,G5:1,G6:0,G7:10 foreign_reads=0 wall=5.3s pid=13588
[join1-emit cell] arm=M0 salt=3 control=None terminal=160 reason=survived_window sim_errors=0 rows=G1:2491,G2:4588,G3:10,G4:5452,G5:1,G6:0,G7:10 foreign_reads=0 wall=5.9s pid=13621
[join1-emit cell] arm=M0 salt=4 control=None terminal=160 reason=survived_window sim_errors=0 rows=G1:2710,G2:5049,G3:10,G4:5170,G5:1,G6:0,G7:10 foreign_reads=0 wall=5.8s pid=13676
[join1-emit cell] arm=M-POL-2 salt=0 control=None terminal=160 reason=survived_window sim_errors=0 rows=G1:2194,G2:4163,G3:10,G4:4337,G5:1,G6:0,G7:10 foreign_reads=0 wall=5.5s pid=13697
[join1-emit cell] arm=M-POL-2 salt=1 control=None terminal=160 reason=survived_window sim_errors=0 rows=G1:2189,G2:4447,G3:10,G4:4349,G5:1,G6:0,G7:10 foreign_reads=0 wall=5.7s pid=13729
[join1-emit cell] arm=M-POL-2 salt=2 control=None terminal=160 reason=player_death sim_errors=0 rows=G1:2015,G2:3599,G3:10,G4:4179,G5:1,G6:0,G7:10 foreign_reads=0 wall=5.8s pid=13759
[join1-emit cell] arm=M-POL-2 salt=3 control=None terminal=160 reason=player_death sim_errors=0 rows=G1:1864,G2:3372,G3:10,G4:4670,G5:1,G6:0,G7:10 foreign_reads=0 wall=6.0s pid=13811
[join1-emit cell] arm=M-POL-2 salt=4 control=None terminal=160 reason=survived_window sim_errors=0 rows=G1:2481,G2:4348,G3:10,G4:5207,G5:1,G6:0,G7:10 foreign_reads=0 wall=5.8s pid=13851
[join1-emit cell] arm=M-POL-2-NULL salt=0 control=None terminal=160 reason=survived_window sim_errors=0 rows=G1:2340,G2:4269,G3:10,G4:4606,G5:1,G6:0,G7:10 foreign_reads=0 wall=5.5s pid=13891
[join1-emit cell] arm=M-POL-2-NULL salt=1 control=None terminal=160 reason=survived_window sim_errors=0 rows=G1:2404,G2:4886,G3:10,G4:4582,G5:1,G6:0,G7:10 foreign_reads=0 wall=5.9s pid=13919
[join1-emit cell] arm=M-POL-2-NULL salt=2 control=None terminal=160 reason=player_death sim_errors=0 rows=G1:1603,G2:2829,G3:10,G4:4376,G5:1,G6:0,G7:10 foreign_reads=0 wall=6.1s pid=13949
[join1-emit cell] arm=M-POL-2-NULL salt=3 control=None terminal=160 reason=survived_window sim_errors=0 rows=G1:2491,G2:4588,G3:10,G4:5452,G5:1,G6:0,G7:10 foreign_reads=0 wall=6.0s pid=13998
[join1-emit cell] arm=M-POL-2-NULL salt=4 control=None terminal=160 reason=survived_window sim_errors=0 rows=G1:2710,G2:5049,G3:10,G4:5170,G5:1,G6:0,G7:10 foreign_reads=0 wall=6.0s pid=14067
[join1-emit cell] arm=W1 salt=0 control=None terminal=160 reason=survived_window sim_errors=0 rows=G1:2194,G2:4163,G3:10,G4:4337,G5:1,G6:0,G7:10 foreign_reads=0 wall=5.4s pid=14099
[join1-emit cell] arm=W1 salt=1 control=None terminal=160 reason=survived_window sim_errors=0 rows=G1:2189,G2:4447,G3:10,G4:4349,G5:1,G6:0,G7:10 foreign_reads=0 wall=5.3s pid=14146
[join1-emit cell] arm=W1 salt=2 control=None terminal=160 reason=player_death sim_errors=0 rows=G1:2051,G2:3899,G3:10,G4:4494,G5:1,G6:0,G7:10 foreign_reads=0 wall=5.6s pid=14178
[join1-emit cell] arm=W1 salt=3 control=None terminal=160 reason=survived_window sim_errors=0 rows=G1:2255,G2:3938,G3:10,G4:4900,G5:1,G6:0,G7:10 foreign_reads=0 wall=5.7s pid=14214
[join1-emit cell] arm=W1 salt=4 control=None terminal=160 reason=survived_window sim_errors=0 rows=G1:2539,G2:4465,G3:10,G4:5403,G5:1,G6:0,G7:10 foreign_reads=0 wall=6.1s pid=14251
[join1-emit cell] arm=W1-NULL salt=0 control=None terminal=160 reason=survived_window sim_errors=0 rows=G1:2194,G2:4163,G3:10,G4:4337,G5:1,G6:0,G7:10 foreign_reads=0 wall=5.5s pid=14280
[join1-emit cell] arm=W1-NULL salt=1 control=None terminal=160 reason=survived_window sim_errors=0 rows=G1:2189,G2:4447,G3:10,G4:4349,G5:1,G6:0,G7:10 foreign_reads=0 wall=5.4s pid=14321
[join1-emit cell] arm=W1-NULL salt=2 control=None terminal=160 reason=player_death sim_errors=0 rows=G1:2015,G2:3599,G3:10,G4:4179,G5:1,G6:0,G7:10 foreign_reads=0 wall=5.7s pid=14354
[join1-emit cell] arm=W1-NULL salt=3 control=None terminal=160 reason=player_death sim_errors=0 rows=G1:1864,G2:3372,G3:10,G4:4670,G5:1,G6:0,G7:10 foreign_reads=0 wall=5.9s pid=14393
[join1-emit cell] arm=W1-NULL salt=4 control=None terminal=160 reason=survived_window sim_errors=0 rows=G1:2481,G2:4348,G3:10,G4:5207,G5:1,G6:0,G7:10 foreign_reads=0 wall=5.6s pid=14458
[join1-emit] OBS-1 completeness 25/25 complete
[join1-emit] status=DRY-RUN · NOT THE FIXTURE cells=25 failed=0 G1=55810 G2=104012 G3=250 G4=117339 G5=25 G6=0 G7=250 manifest_sha256=39d17863d838dfe6e3a4aa7daa9be2a5af01b7cf3dd5a40394c5ae15213123ba wall=184.4s pid=13523

--- stderr ---
