[join1-emit cell] arm=M0 salt=0 control=None terminal=160 reason=survived_window sim_errors=0 rows=G1:2287,G2:4241,G3:10,G4:4827,G5:1,G6:0,G7:10 foreign_reads=0 wall=5.5s pid=21649
[join1-emit cell] arm=M0 salt=1 control=None terminal=160 reason=survived_window sim_errors=0 rows=G1:2035,G2:3689,G3:10,G4:4325,G5:1,G6:0,G7:10 foreign_reads=0 wall=5.3s pid=21696
[join1-emit cell] arm=M0 salt=2 control=None terminal=160 reason=survived_window sim_errors=0 rows=G1:2481,G2:4370,G3:10,G4:5133,G5:1,G6:0,G7:10 foreign_reads=0 wall=5.8s pid=21717
[join1-emit cell] arm=M0 salt=3 control=None terminal=160 reason=survived_window sim_errors=0 rows=G1:2404,G2:4468,G3:10,G4:4937,G5:1,G6:0,G7:10 foreign_reads=0 wall=5.9s pid=21779
[join1-emit cell] arm=M0 salt=4 control=None terminal=160 reason=player_death sim_errors=0 rows=G1:1792,G2:3322,G3:10,G4:3942,G5:1,G6:0,G7:10 foreign_reads=0 wall=5.3s pid=21840
[join1-emit cell] arm=M-POL-2 salt=0 control=None terminal=160 reason=survived_window sim_errors=0 rows=G1:2206,G2:3704,G3:10,G4:4312,G5:1,G6:0,G7:10 foreign_reads=0 wall=5.3s pid=21877
[join1-emit cell] arm=M-POL-2 salt=1 control=None terminal=160 reason=survived_window sim_errors=0 rows=G1:2311,G2:4029,G3:10,G4:4778,G5:1,G6:0,G7:10 foreign_reads=0 wall=5.7s pid=21930
[join1-emit cell] arm=M-POL-2 salt=2 control=None terminal=160 reason=player_death sim_errors=0 rows=G1:2061,G2:3792,G3:10,G4:4343,G5:1,G6:0,G7:10 foreign_reads=0 wall=6.1s pid=22209
[join1-emit cell] arm=M-POL-2 salt=3 control=None terminal=160 reason=player_death sim_errors=0 rows=G1:1930,G2:3698,G3:10,G4:4659,G5:1,G6:0,G7:10 foreign_reads=0 wall=5.9s pid=22240
[join1-emit cell] arm=M-POL-2 salt=4 control=None terminal=160 reason=survived_window sim_errors=0 rows=G1:2538,G2:4565,G3:10,G4:5023,G5:1,G6:0,G7:10 foreign_reads=0 wall=5.7s pid=22289
[join1-emit cell] arm=M-POL-2-NULL salt=0 control=None terminal=160 reason=survived_window sim_errors=0 rows=G1:2287,G2:4241,G3:10,G4:4827,G5:1,G6:0,G7:10 foreign_reads=0 wall=5.4s pid=22310
[join1-emit cell] arm=M-POL-2-NULL salt=1 control=None terminal=160 reason=survived_window sim_errors=0 rows=G1:2035,G2:3689,G3:10,G4:4325,G5:1,G6:0,G7:10 foreign_reads=0 wall=5.4s pid=22570
[join1-emit cell] arm=M-POL-2-NULL salt=2 control=None terminal=160 reason=survived_window sim_errors=0 rows=G1:2481,G2:4370,G3:10,G4:5133,G5:1,G6:0,G7:10 foreign_reads=0 wall=5.8s pid=22852
[join1-emit cell] arm=M-POL-2-NULL salt=3 control=None terminal=160 reason=survived_window sim_errors=0 rows=G1:2404,G2:4468,G3:10,G4:4937,G5:1,G6:0,G7:10 foreign_reads=0 wall=5.9s pid=22890
[join1-emit cell] arm=M-POL-2-NULL salt=4 control=None terminal=160 reason=player_death sim_errors=0 rows=G1:1792,G2:3322,G3:10,G4:3942,G5:1,G6:0,G7:10 foreign_reads=0 wall=5.4s pid=22920
[join1-emit cell] arm=W1 salt=0 control=None terminal=160 reason=survived_window sim_errors=0 rows=G1:2206,G2:3704,G3:10,G4:4312,G5:1,G6:0,G7:10 foreign_reads=0 wall=5.2s pid=23170
[join1-emit cell] arm=W1 salt=1 control=None terminal=160 reason=survived_window sim_errors=0 rows=G1:2144,G2:3569,G3:10,G4:4459,G5:1,G6:0,G7:10 foreign_reads=0 wall=5.5s pid=23422
[join1-emit cell] arm=W1 salt=2 control=None terminal=160 reason=player_death sim_errors=0 rows=G1:1836,G2:3272,G3:10,G4:4232,G5:1,G6:0,G7:10 foreign_reads=0 wall=5.6s pid=23457
[join1-emit cell] arm=W1 salt=3 control=None terminal=160 reason=survived_window sim_errors=0 rows=G1:2269,G2:4106,G3:10,G4:4888,G5:1,G6:0,G7:10 foreign_reads=0 wall=5.9s pid=23483
[join1-emit cell] arm=W1 salt=4 control=None terminal=160 reason=survived_window sim_errors=0 rows=G1:2538,G2:4565,G3:10,G4:5023,G5:1,G6:0,G7:10 foreign_reads=0 wall=5.8s pid=23509
[join1-emit cell] arm=W1-NULL salt=0 control=None terminal=160 reason=survived_window sim_errors=0 rows=G1:2206,G2:3704,G3:10,G4:4312,G5:1,G6:0,G7:10 foreign_reads=0 wall=5.3s pid=23782
[join1-emit cell] arm=W1-NULL salt=1 control=None terminal=160 reason=survived_window sim_errors=0 rows=G1:2311,G2:4029,G3:10,G4:4778,G5:1,G6:0,G7:10 foreign_reads=0 wall=5.7s pid=24041
[join1-emit cell] arm=W1-NULL salt=2 control=None terminal=160 reason=player_death sim_errors=0 rows=G1:2061,G2:3792,G3:10,G4:4343,G5:1,G6:0,G7:10 foreign_reads=0 wall=6.1s pid=24070
[join1-emit cell] arm=W1-NULL salt=3 control=None terminal=160 reason=player_death sim_errors=0 rows=G1:1930,G2:3698,G3:10,G4:4659,G5:1,G6:0,G7:10 foreign_reads=0 wall=5.8s pid=24100
[join1-emit cell] arm=W1-NULL salt=4 control=None terminal=160 reason=survived_window sim_errors=0 rows=G1:2538,G2:4565,G3:10,G4:5023,G5:1,G6:0,G7:10 foreign_reads=0 wall=5.6s pid=24147
[join1-emit] OBS-1 completeness 25/25 complete
[join1-emit] status=DRY-RUN · NOT THE FIXTURE cells=25 failed=0 G1=55083 G2=98972 G3=250 G4=115472 G5=25 G6=0 G7=250 manifest_sha256=deeb86a0c8885a7c23b8fbaf0c70625fef0366764071cdea8f70da0e29e906b1 wall=182.0s pid=21641

--- stderr ---
