[join1-emit cell] arm=M0 salt=0 control=None terminal=160 reason=survived_window sim_errors=0 rows=G1:1952,G2:3878,G3:10,G4:4349,G5:1,G6:0,G7:10 foreign_reads=0 wall=3.7s pid=59020
[join1-emit cell] arm=M0 salt=1 control=None terminal=160 reason=survived_window sim_errors=0 rows=G1:2239,G2:4779,G3:10,G4:4484,G5:1,G6:0,G7:10 foreign_reads=0 wall=5.5s pid=59069
[join1-emit cell] arm=M0 salt=2 control=None terminal=160 reason=survived_window sim_errors=0 rows=G1:1967,G2:3936,G3:10,G4:4435,G5:1,G6:0,G7:10 foreign_reads=0 wall=5.2s pid=59115
[join1-emit cell] arm=M0 salt=3 control=None terminal=160 reason=survived_window sim_errors=0 rows=G1:2086,G2:4140,G3:10,G4:4594,G5:1,G6:0,G7:10 foreign_reads=0 wall=5.9s pid=59164
[join1-emit cell] arm=M0 salt=4 control=None terminal=160 reason=survived_window sim_errors=0 rows=G1:1749,G2:3468,G3:10,G4:4202,G5:1,G6:0,G7:10 foreign_reads=0 wall=5.3s pid=59234
[join1-emit cell] arm=M-POL-2 salt=0 control=None terminal=160 reason=survived_window sim_errors=0 rows=G1:1972,G2:4175,G3:10,G4:4251,G5:1,G6:0,G7:10 foreign_reads=0 wall=4.0s pid=59288
[join1-emit cell] arm=M-POL-2 salt=1 control=None terminal=160 reason=survived_window sim_errors=0 rows=G1:2152,G2:4186,G3:10,G4:4349,G5:1,G6:0,G7:10 foreign_reads=0 wall=5.3s pid=59317
[join1-emit cell] arm=M-POL-2 salt=2 control=None terminal=160 reason=player_death sim_errors=0 rows=G1:1836,G2:3678,G3:10,G4:4782,G5:1,G6:0,G7:10 foreign_reads=0 wall=5.6s pid=59375
[join1-emit cell] arm=M-POL-2 salt=3 control=None terminal=160 reason=player_death sim_errors=0 rows=G1:2052,G2:4119,G3:10,G4:4480,G5:1,G6:0,G7:10 foreign_reads=0 wall=6.4s pid=59417
[join1-emit cell] arm=M-POL-2 salt=4 control=None terminal=160 reason=survived_window sim_errors=0 rows=G1:2462,G2:4346,G3:10,G4:5133,G5:1,G6:0,G7:10 foreign_reads=0 wall=5.6s pid=59474
[join1-emit cell] arm=M-POL-2-NULL salt=0 control=None terminal=160 reason=survived_window sim_errors=0 rows=G1:2462,G2:5514,G3:10,G4:4790,G5:1,G6:0,G7:10 foreign_reads=0 wall=6.0s pid=59518
[join1-emit cell] arm=M-POL-2-NULL salt=1 control=None terminal=160 reason=survived_window sim_errors=0 rows=G1:1898,G2:3965,G3:10,G4:4018,G5:1,G6:0,G7:10 foreign_reads=0 wall=3.8s pid=59569
[join1-emit cell] arm=M-POL-2-NULL salt=2 control=None terminal=160 reason=player_death sim_errors=0 rows=G1:1778,G2:3447,G3:10,G4:4493,G5:1,G6:0,G7:10 foreign_reads=0 wall=4.2s pid=59623
[join1-emit cell] arm=M-POL-2-NULL salt=3 control=None terminal=160 reason=player_death sim_errors=0 rows=G1:1717,G2:3360,G3:10,G4:4193,G5:1,G6:0,G7:10 foreign_reads=0 wall=5.1s pid=59666
[join1-emit cell] arm=M-POL-2-NULL salt=4 control=None terminal=160 reason=survived_window sim_errors=0 rows=G1:2010,G2:3740,G3:10,G4:4545,G5:1,G6:0,G7:10 foreign_reads=0 wall=5.3s pid=59723
[join1-emit cell] arm=W1 salt=0 control=None terminal=160 reason=survived_window sim_errors=0 rows=G1:2368,G2:5080,G3:10,G4:4827,G5:1,G6:0,G7:10 foreign_reads=0 wall=5.7s pid=59785
[join1-emit cell] arm=W1 salt=1 control=None terminal=160 reason=survived_window sim_errors=0 rows=G1:2105,G2:4223,G3:10,G4:4337,G5:1,G6:0,G7:10 foreign_reads=0 wall=5.6s pid=59820
[join1-emit cell] arm=W1 salt=2 control=None terminal=160 reason=player_death sim_errors=0 rows=G1:1827,G2:3476,G3:10,G4:4746,G5:1,G6:0,G7:10 foreign_reads=0 wall=4.2s pid=59869
[join1-emit cell] arm=W1 salt=3 control=None terminal=160 reason=player_death sim_errors=0 rows=G1:1807,G2:3366,G3:10,G4:4490,G5:1,G6:0,G7:10 foreign_reads=0 wall=5.7s pid=59902
[join1-emit cell] arm=W1 salt=4 control=None terminal=160 reason=survived_window sim_errors=0 rows=G1:2325,G2:3973,G3:10,G4:4864,G5:1,G6:0,G7:10 foreign_reads=0 wall=5.7s pid=59954
[join1-emit cell] arm=W1-NULL salt=0 control=None terminal=160 reason=player_death sim_errors=0 rows=G1:1648,G2:3519,G3:10,G4:3896,G5:1,G6:0,G7:10 foreign_reads=0 wall=4.8s pid=59993
[join1-emit cell] arm=W1-NULL salt=1 control=None terminal=160 reason=survived_window sim_errors=0 rows=G1:2118,G2:3996,G3:10,G4:4790,G5:1,G6:0,G7:10 foreign_reads=0 wall=5.6s pid=60048
[join1-emit cell] arm=W1-NULL salt=2 control=None terminal=160 reason=player_death sim_errors=0 rows=G1:1882,G2:3814,G3:10,G4:4484,G5:1,G6:0,G7:10 foreign_reads=0 wall=5.7s pid=60080
[join1-emit cell] arm=W1-NULL salt=3 control=None terminal=160 reason=survived_window sim_errors=0 rows=G1:2156,G2:4355,G3:10,G4:4484,G5:1,G6:0,G7:10 foreign_reads=0 wall=5.8s pid=60138
[join1-emit cell] arm=W1-NULL salt=4 control=None terminal=160 reason=survived_window sim_errors=0 rows=G1:2199,G2:4145,G3:10,G4:5035,G5:1,G6:0,G7:10 foreign_reads=0 wall=6.1s pid=60188
[join1-emit] OBS-1 completeness 25/25 complete
[join1-emit] status=DRY-RUN · NOT THE FIXTURE cells=25 failed=0 G1=50767 G2=100678 G3=250 G4=113051 G5=25 G6=0 G7=250 manifest_sha256=419bd279b26c2dc54586a041ae7c718c810e2932d0a0d76ba75b63e726bb191b wall=175.1s pid=59008

--- stderr ---
