[join1-emit cell] arm=M0 salt=0 control=NC-4 terminal=None reason=raised:KeyError sim_errors=2 rows=G1:0,G2:0,G3:0,G4:0,G5:1,G6:0,G7:0 foreign_reads=0 wall=0.8s pid=9451
[join1-emit cell] arm=M0 salt=1 control=NC-4 terminal=None reason=raised:KeyError sim_errors=2 rows=G1:0,G2:0,G3:0,G4:0,G5:1,G6:0,G7:0 foreign_reads=0 wall=0.8s pid=9460
[join1-emit cell] arm=M0 salt=2 control=NC-4 terminal=None reason=raised:KeyError sim_errors=2 rows=G1:0,G2:0,G3:0,G4:0,G5:1,G6:0,G7:0 foreign_reads=0 wall=0.8s pid=9470
[join1-emit cell] arm=M0 salt=3 control=NC-4 terminal=None reason=raised:KeyError sim_errors=2 rows=G1:0,G2:0,G3:0,G4:0,G5:1,G6:0,G7:0 foreign_reads=0 wall=0.9s pid=9477
[join1-emit cell] arm=M0 salt=4 control=NC-4 terminal=None reason=raised:KeyError sim_errors=2 rows=G1:0,G2:0,G3:0,G4:0,G5:1,G6:0,G7:0 foreign_reads=0 wall=0.8s pid=9487
[join1-emit cell] arm=M-POL-2 salt=0 control=NC-4 terminal=None reason=raised:KeyError sim_errors=2 rows=G1:0,G2:0,G3:0,G4:0,G5:1,G6:0,G7:0 foreign_reads=0 wall=0.8s pid=9501
[join1-emit cell] arm=M-POL-2 salt=1 control=NC-4 terminal=None reason=raised:KeyError sim_errors=2 rows=G1:0,G2:0,G3:0,G4:0,G5:1,G6:0,G7:0 foreign_reads=0 wall=0.9s pid=9517
[join1-emit cell] arm=M-POL-2 salt=2 control=NC-4 terminal=None reason=raised:KeyError sim_errors=2 rows=G1:0,G2:0,G3:0,G4:0,G5:1,G6:0,G7:0 foreign_reads=0 wall=0.9s pid=9524
[join1-emit cell] arm=M-POL-2 salt=3 control=NC-4 terminal=None reason=raised:KeyError sim_errors=2 rows=G1:0,G2:0,G3:0,G4:0,G5:1,G6:0,G7:0 foreign_reads=0 wall=0.8s pid=9540
[join1-emit cell] arm=M-POL-2 salt=4 control=NC-4 terminal=None reason=raised:KeyError sim_errors=2 rows=G1:0,G2:0,G3:0,G4:0,G5:1,G6:0,G7:0 foreign_reads=0 wall=0.9s pid=9545
[join1-emit cell] arm=M-POL-2-NULL salt=0 control=NC-4 terminal=None reason=raised:KeyError sim_errors=2 rows=G1:0,G2:0,G3:0,G4:0,G5:1,G6:0,G7:0 foreign_reads=0 wall=1.0s pid=9556
[join1-emit cell] arm=M-POL-2-NULL salt=1 control=NC-4 terminal=None reason=raised:KeyError sim_errors=2 rows=G1:0,G2:0,G3:0,G4:0,G5:1,G6:0,G7:0 foreign_reads=0 wall=0.8s pid=9571
[join1-emit cell] arm=M-POL-2-NULL salt=2 control=NC-4 terminal=None reason=raised:KeyError sim_errors=2 rows=G1:0,G2:0,G3:0,G4:0,G5:1,G6:0,G7:0 foreign_reads=0 wall=0.8s pid=9576
[join1-emit cell] arm=M-POL-2-NULL salt=3 control=NC-4 terminal=None reason=raised:KeyError sim_errors=2 rows=G1:0,G2:0,G3:0,G4:0,G5:1,G6:0,G7:0 foreign_reads=0 wall=0.8s pid=9593
[join1-emit cell] arm=M-POL-2-NULL salt=4 control=NC-4 terminal=None reason=raised:KeyError sim_errors=2 rows=G1:0,G2:0,G3:0,G4:0,G5:1,G6:0,G7:0 foreign_reads=0 wall=0.8s pid=9602
[join1-emit cell] arm=W1 salt=0 control=NC-4 terminal=None reason=raised:KeyError sim_errors=2 rows=G1:0,G2:0,G3:0,G4:0,G5:1,G6:0,G7:0 foreign_reads=0 wall=0.9s pid=9607
[join1-emit cell] arm=W1 salt=1 control=NC-4 terminal=None reason=raised:KeyError sim_errors=2 rows=G1:0,G2:0,G3:0,G4:0,G5:1,G6:0,G7:0 foreign_reads=0 wall=0.8s pid=9612
[join1-emit cell] arm=W1 salt=2 control=NC-4 terminal=None reason=raised:KeyError sim_errors=2 rows=G1:0,G2:0,G3:0,G4:0,G5:1,G6:0,G7:0 foreign_reads=0 wall=0.9s pid=9621
[join1-emit cell] arm=W1 salt=3 control=NC-4 terminal=None reason=raised:KeyError sim_errors=2 rows=G1:0,G2:0,G3:0,G4:0,G5:1,G6:0,G7:0 foreign_reads=0 wall=0.9s pid=9637
[join1-emit cell] arm=W1 salt=4 control=NC-4 terminal=None reason=raised:KeyError sim_errors=2 rows=G1:0,G2:0,G3:0,G4:0,G5:1,G6:0,G7:0 foreign_reads=0 wall=0.8s pid=9646
[join1-emit cell] arm=W1-NULL salt=0 control=NC-4 terminal=None reason=raised:KeyError sim_errors=2 rows=G1:0,G2:0,G3:0,G4:0,G5:1,G6:0,G7:0 foreign_reads=0 wall=0.9s pid=9666
[join1-emit cell] arm=W1-NULL salt=1 control=NC-4 terminal=None reason=raised:KeyError sim_errors=2 rows=G1:0,G2:0,G3:0,G4:0,G5:1,G6:0,G7:0 foreign_reads=0 wall=0.8s pid=9696
[join1-emit cell] arm=W1-NULL salt=2 control=NC-4 terminal=None reason=raised:KeyError sim_errors=2 rows=G1:0,G2:0,G3:0,G4:0,G5:1,G6:0,G7:0 foreign_reads=0 wall=0.8s pid=9701
[join1-emit cell] arm=W1-NULL salt=3 control=NC-4 terminal=None reason=raised:KeyError sim_errors=2 rows=G1:0,G2:0,G3:0,G4:0,G5:1,G6:0,G7:0 foreign_reads=0 wall=0.9s pid=9714
[join1-emit cell] arm=W1-NULL salt=4 control=NC-4 terminal=None reason=raised:KeyError sim_errors=2 rows=G1:0,G2:0,G3:0,G4:0,G5:1,G6:0,G7:0 foreign_reads=0 wall=0.9s pid=9723
[join1-emit] OBS-1 completeness 0/25 complete; TRUNCATED/FAILED: ['M-POL-2-NULL|0', 'M-POL-2-NULL|1', 'M-POL-2-NULL|2', 'M-POL-2-NULL|3', 'M-POL-2-NULL|4', 'M-POL-2|0', 'M-POL-2|1', 'M-POL-2|2', 'M-POL-2|3', 'M-POL-2|4', 'M0|0', 'M0|1', 'M0|2', 'M0|3', 'M0|4', 'W1-NULL|0', 'W1-NULL|1', 'W1-NULL|2', 'W1-NULL|3', 'W1-NULL|4', 'W1|0', 'W1|1', 'W1|2', 'W1|3', 'W1|4']
[join1-emit] status=DRY-RUN · CONTROL NC-4 cells=25 failed=0 G1=0 G2=0 G3=0 G4=0 G5=25 G6=0 G7=0 manifest_sha256=c264ffa8d91a06ae483cbef34f62e698efc669218cec50c6631caec76ab2e308 wall=42.7s pid=9446

--- stderr ---
