[join1-emit cell] arm=M0 salt=0 control=None terminal=160 reason=player_death sim_errors=0 rows=G1:1636,G2:3459,G3:10,G4:3907,G5:1,G6:0,G7:10 foreign_reads=0 wall=5.2s pid=57332
[join1-emit cell] arm=M0 salt=1 control=None terminal=160 reason=survived_window sim_errors=0 rows=G1:1739,G2:3388,G3:10,G4:4337,G5:1,G6:0,G7:10 foreign_reads=0 wall=3.7s pid=57384
[join1-emit cell] arm=M0 salt=2 control=None terminal=160 reason=player_death sim_errors=0 rows=G1:1769,G2:3516,G3:10,G4:4517,G5:1,G6:0,G7:10 foreign_reads=0 wall=5.6s pid=57421
[join1-emit cell] arm=M0 salt=3 control=None terminal=160 reason=survived_window sim_errors=0 rows=G1:2238,G2:4217,G3:10,G4:5145,G5:1,G6:0,G7:10 foreign_reads=0 wall=6.2s pid=57471
[join1-emit cell] arm=M0 salt=4 control=None terminal=160 reason=survived_window sim_errors=0 rows=G1:2400,G2:4874,G3:10,G4:4839,G5:1,G6:0,G7:10 foreign_reads=0 wall=6.1s pid=57540
[join1-emit cell] arm=M-POL-2 salt=0 control=None terminal=160 reason=player_death sim_errors=0 rows=G1:1584,G2:3282,G3:10,G4:3948,G5:1,G6:0,G7:10 foreign_reads=0 wall=5.4s pid=57611
[join1-emit cell] arm=M-POL-2 salt=1 control=None terminal=160 reason=survived_window sim_errors=0 rows=G1:2380,G2:4954,G3:10,G4:4631,G5:1,G6:0,G7:10 foreign_reads=0 wall=6.0s pid=57684
[join1-emit cell] arm=M-POL-2 salt=2 control=None terminal=160 reason=player_death sim_errors=0 rows=G1:1933,G2:3767,G3:10,G4:4414,G5:1,G6:0,G7:10 foreign_reads=0 wall=5.9s pid=57779
[join1-emit cell] arm=M-POL-2 salt=3 control=None terminal=160 reason=player_death sim_errors=0 rows=G1:1929,G2:3577,G3:10,G4:4299,G5:1,G6:0,G7:10 foreign_reads=0 wall=5.9s pid=57878
[join1-emit cell] arm=M-POL-2 salt=4 control=None terminal=160 reason=survived_window sim_errors=0 rows=G1:2306,G2:3924,G3:10,G4:4839,G5:1,G6:0,G7:10 foreign_reads=0 wall=5.9s pid=57945
[join1-emit cell] arm=M-POL-2-NULL salt=0 control=None terminal=160 reason=survived_window sim_errors=0 rows=G1:2110,G2:3748,G3:10,G4:4606,G5:1,G6:0,G7:10 foreign_reads=0 wall=3.9s pid=57993
[join1-emit cell] arm=M-POL-2-NULL salt=1 control=None terminal=160 reason=survived_window sim_errors=0 rows=G1:2218,G2:4210,G3:10,G4:4447,G5:1,G6:0,G7:10 foreign_reads=0 wall=5.5s pid=58036
[join1-emit cell] arm=M-POL-2-NULL salt=2 control=None terminal=160 reason=player_death sim_errors=0 rows=G1:1661,G2:3264,G3:10,G4:4156,G5:1,G6:0,G7:10 foreign_reads=0 wall=5.6s pid=58084
[join1-emit cell] arm=M-POL-2-NULL salt=3 control=None terminal=160 reason=player_death sim_errors=0 rows=G1:2108,G2:4120,G3:10,G4:4745,G5:1,G6:0,G7:10 foreign_reads=0 wall=6.1s pid=58132
[join1-emit cell] arm=M-POL-2-NULL salt=4 control=None terminal=160 reason=survived_window sim_errors=0 rows=G1:2798,G2:4726,G3:10,G4:5427,G5:1,G6:0,G7:10 foreign_reads=0 wall=6.0s pid=58190
[join1-emit cell] arm=W1 salt=0 control=None terminal=160 reason=survived_window sim_errors=0 rows=G1:2262,G2:4369,G3:10,G4:4288,G5:1,G6:0,G7:10 foreign_reads=0 wall=5.6s pid=58256
[join1-emit cell] arm=W1 salt=1 control=None terminal=160 reason=survived_window sim_errors=0 rows=G1:2166,G2:4209,G3:10,G4:4839,G5:1,G6:0,G7:10 foreign_reads=0 wall=5.8s pid=58308
[join1-emit cell] arm=W1 salt=2 control=None terminal=160 reason=player_death sim_errors=0 rows=G1:1983,G2:3824,G3:10,G4:4477,G5:1,G6:0,G7:10 foreign_reads=0 wall=6.1s pid=58355
[join1-emit cell] arm=W1 salt=3 control=None terminal=160 reason=survived_window sim_errors=0 rows=G1:2268,G2:4052,G3:10,G4:4668,G5:1,G6:0,G7:10 foreign_reads=0 wall=6.0s pid=58417
[join1-emit cell] arm=W1 salt=4 control=None terminal=160 reason=survived_window sim_errors=0 rows=G1:2393,G2:4509,G3:10,G4:4508,G5:1,G6:0,G7:10 foreign_reads=0 wall=6.2s pid=58466
[join1-emit cell] arm=W1-NULL salt=0 control=None terminal=160 reason=survived_window sim_errors=0 rows=G1:2146,G2:3990,G3:10,G4:4423,G5:1,G6:0,G7:10 foreign_reads=0 wall=5.1s pid=58520
[join1-emit cell] arm=W1-NULL salt=1 control=None terminal=160 reason=survived_window sim_errors=0 rows=G1:2319,G2:4836,G3:10,G4:4496,G5:1,G6:0,G7:10 foreign_reads=0 wall=5.4s pid=58565
[join1-emit cell] arm=W1-NULL salt=2 control=None terminal=160 reason=survived_window sim_errors=0 rows=G1:2182,G2:3947,G3:10,G4:4900,G5:1,G6:0,G7:10 foreign_reads=0 wall=5.9s pid=58616
[join1-emit cell] arm=W1-NULL salt=3 control=None terminal=160 reason=survived_window sim_errors=0 rows=G1:2431,G2:4448,G3:10,G4:4851,G5:1,G6:0,G7:10 foreign_reads=0 wall=6.2s pid=58688
[join1-emit cell] arm=W1-NULL salt=4 control=None terminal=160 reason=survived_window sim_errors=0 rows=G1:2324,G2:3945,G3:10,G4:4851,G5:1,G6:0,G7:10 foreign_reads=0 wall=5.7s pid=58737
[join1-emit] OBS-1 completeness 25/25 complete
[join1-emit] status=DRY-RUN · NOT THE FIXTURE cells=25 failed=0 G1=53283 G2=101155 G3=250 G4=114558 G5=25 G6=0 G7=250 manifest_sha256=88a444b843b6a6e8a8f6d4018c34b59635e38deab48b784e8a27d3b35f1fd254 wall=184.1s pid=57316

--- stderr ---
