[join1-emit cell] arm=M0 salt=0 control=None terminal=160 reason=survived_window sim_errors=0 rows=G1:1952,G2:3878,G3:10,G4:4349,G5:1,G6:0,G7:10 foreign_reads=0 wall=3.8s pid=19178
[join1-emit cell] arm=M0 salt=1 control=None terminal=160 reason=raised:OffenseHitUndecided sim_errors=1 rows=G1:1871,G2:3607,G3:10,G4:4104,G5:1,G6:0,G7:10 foreign_reads=0 wall=4.9s pid=19232
[join1-emit cell] arm=M0 salt=2 control=None terminal=160 reason=survived_window sim_errors=0 rows=G1:1967,G2:3936,G3:10,G4:4435,G5:1,G6:0,G7:10 foreign_reads=0 wall=5.2s pid=19263
[join1-emit cell] arm=M0 salt=3 control=None terminal=160 reason=survived_window sim_errors=0 rows=G1:2086,G2:4140,G3:10,G4:4594,G5:1,G6:0,G7:10 foreign_reads=0 wall=5.9s pid=19315
[join1-emit cell] arm=M0 salt=4 control=None terminal=160 reason=raised:OffenseHitUndecided sim_errors=1 rows=G1:1444,G2:2917,G3:10,G4:3736,G5:1,G6:0,G7:10 foreign_reads=0 wall=4.8s pid=19365
[join1-emit cell] arm=M-POL-2 salt=0 control=None terminal=160 reason=survived_window sim_errors=0 rows=G1:1972,G2:4175,G3:10,G4:4251,G5:1,G6:0,G7:10 foreign_reads=0 wall=4.1s pid=19404
[join1-emit cell] arm=M-POL-2 salt=1 control=None terminal=160 reason=survived_window sim_errors=0 rows=G1:2152,G2:4186,G3:10,G4:4349,G5:1,G6:0,G7:10 foreign_reads=0 wall=5.4s pid=19444
[join1-emit cell] arm=M-POL-2 salt=2 control=None terminal=160 reason=player_death sim_errors=0 rows=G1:1836,G2:3678,G3:10,G4:4782,G5:1,G6:0,G7:10 foreign_reads=0 wall=5.6s pid=19480
[join1-emit cell] arm=M-POL-2 salt=3 control=None terminal=160 reason=player_death sim_errors=0 rows=G1:2052,G2:4119,G3:10,G4:4480,G5:1,G6:0,G7:10 foreign_reads=0 wall=6.3s pid=19529
[join1-emit cell] arm=M-POL-2 salt=4 control=None terminal=160 reason=survived_window sim_errors=0 rows=G1:2462,G2:4346,G3:10,G4:5133,G5:1,G6:0,G7:10 foreign_reads=0 wall=5.5s pid=19562
[join1-emit cell] arm=M-POL-2-NULL salt=0 control=None terminal=160 reason=survived_window sim_errors=0 rows=G1:2462,G2:5514,G3:10,G4:4790,G5:1,G6:0,G7:10 foreign_reads=0 wall=6.1s pid=19601
[join1-emit cell] arm=M-POL-2-NULL salt=1 control=None terminal=160 reason=survived_window sim_errors=0 rows=G1:1898,G2:3965,G3:10,G4:4018,G5:1,G6:0,G7:10 foreign_reads=0 wall=3.9s pid=19671
[join1-emit cell] arm=M-POL-2-NULL salt=2 control=None terminal=160 reason=player_death sim_errors=0 rows=G1:1778,G2:3447,G3:10,G4:4493,G5:1,G6:0,G7:10 foreign_reads=0 wall=4.2s pid=19698
[join1-emit cell] arm=M-POL-2-NULL salt=3 control=None terminal=160 reason=player_death sim_errors=0 rows=G1:1717,G2:3360,G3:10,G4:4193,G5:1,G6:0,G7:10 foreign_reads=0 wall=5.2s pid=19732
[join1-emit cell] arm=M-POL-2-NULL salt=4 control=None terminal=160 reason=survived_window sim_errors=0 rows=G1:2010,G2:3740,G3:10,G4:4545,G5:1,G6:0,G7:10 foreign_reads=0 wall=5.2s pid=19768
[join1-emit cell] arm=W1 salt=0 control=None terminal=160 reason=survived_window sim_errors=0 rows=G1:2368,G2:5080,G3:10,G4:4827,G5:1,G6:0,G7:10 foreign_reads=0 wall=5.8s pid=19809
[join1-emit cell] arm=W1 salt=1 control=None terminal=160 reason=survived_window sim_errors=0 rows=G1:2105,G2:4223,G3:10,G4:4337,G5:1,G6:0,G7:10 foreign_reads=0 wall=5.5s pid=19858
[join1-emit cell] arm=W1 salt=2 control=None terminal=160 reason=player_death sim_errors=0 rows=G1:1827,G2:3476,G3:10,G4:4746,G5:1,G6:0,G7:10 foreign_reads=0 wall=4.2s pid=19894
[join1-emit cell] arm=W1 salt=3 control=None terminal=160 reason=player_death sim_errors=0 rows=G1:1807,G2:3366,G3:10,G4:4490,G5:1,G6:0,G7:10 foreign_reads=0 wall=5.5s pid=19922
[join1-emit cell] arm=W1 salt=4 control=None terminal=160 reason=survived_window sim_errors=0 rows=G1:2325,G2:3973,G3:10,G4:4864,G5:1,G6:0,G7:10 foreign_reads=0 wall=5.7s pid=19972
[join1-emit cell] arm=W1-NULL salt=0 control=None terminal=160 reason=player_death sim_errors=0 rows=G1:1648,G2:3519,G3:10,G4:3896,G5:1,G6:0,G7:10 foreign_reads=0 wall=5.0s pid=20010
[join1-emit cell] arm=W1-NULL salt=1 control=None terminal=160 reason=raised:OffenseHitUndecided sim_errors=1 rows=G1:2048,G2:4089,G3:10,G4:4361,G5:1,G6:0,G7:10 foreign_reads=0 wall=5.3s pid=20072
[join1-emit cell] arm=W1-NULL salt=2 control=None terminal=160 reason=player_death sim_errors=0 rows=G1:1882,G2:3814,G3:10,G4:4484,G5:1,G6:0,G7:10 foreign_reads=0 wall=5.8s pid=20217
[join1-emit cell] arm=W1-NULL salt=3 control=None terminal=160 reason=survived_window sim_errors=0 rows=G1:2156,G2:4355,G3:10,G4:4484,G5:1,G6:0,G7:10 foreign_reads=0 wall=5.5s pid=20269
[join1-emit cell] arm=W1-NULL salt=4 control=None terminal=160 reason=raised:OffenseHitUndecided sim_errors=1 rows=G1:1928,G2:3605,G3:10,G4:4239,G5:1,G6:0,G7:10 foreign_reads=0 wall=5.6s pid=20345
[join1-emit] OBS-1 completeness 25/25 complete
[join1-emit] status=DRY-RUN · NOT THE FIXTURE cells=25 failed=0 G1=49753 G2=98508 G3=250 G4=110980 G5=25 G6=0 G7=250 manifest_sha256=3ccbf0d5c245b590fb7565d6fdcef707fd9380f6c6bc38204481abea7704cd97 wall=173.9s pid=19162

--- stderr ---
