[join1-emit cell] arm=M0 salt=0 control=None terminal=160 reason=survived_window sim_errors=0 rows=G1:2134,G2:4706,G3:10,G4:4521,G5:1,G6:0,G7:10 foreign_reads=0 wall=5.4s pid=76371
[join1-emit cell] arm=M0 salt=1 control=None terminal=160 reason=survived_window sim_errors=0 rows=G1:2054,G2:4629,G3:10,G4:4190,G5:1,G6:0,G7:10 foreign_reads=0 wall=5.5s pid=76406
[join1-emit cell] arm=M0 salt=2 control=None terminal=160 reason=player_death sim_errors=0 rows=G1:2051,G2:4628,G3:10,G4:4841,G5:1,G6:0,G7:10 foreign_reads=0 wall=6.4s pid=76478
[join1-emit cell] arm=M0 salt=3 control=None terminal=160 reason=player_death sim_errors=0 rows=G1:2100,G2:4529,G3:10,G4:4612,G5:1,G6:0,G7:10 foreign_reads=0 wall=6.0s pid=76531
[join1-emit cell] arm=M0 salt=4 control=None terminal=160 reason=survived_window sim_errors=0 rows=G1:2446,G2:4881,G3:10,G4:5158,G5:1,G6:0,G7:10 foreign_reads=0 wall=5.9s pid=76581
[join1-emit cell] arm=M-POL-2 salt=0 control=None terminal=160 reason=survived_window sim_errors=0 rows=G1:2286,G2:4944,G3:10,G4:4619,G5:1,G6:0,G7:10 foreign_reads=0 wall=5.9s pid=76659
[join1-emit cell] arm=M-POL-2 salt=1 control=None terminal=160 reason=survived_window sim_errors=0 rows=G1:2653,G2:5739,G3:10,G4:5121,G5:1,G6:0,G7:10 foreign_reads=0 wall=6.2s pid=76716
[join1-emit cell] arm=M-POL-2 salt=2 control=None terminal=160 reason=player_death sim_errors=0 rows=G1:1711,G2:3868,G3:10,G4:4086,G5:1,G6:0,G7:10 foreign_reads=0 wall=5.6s pid=76752
[join1-emit cell] arm=M-POL-2 salt=3 control=None terminal=160 reason=player_death sim_errors=0 rows=G1:2178,G2:4724,G3:10,G4:4805,G5:1,G6:0,G7:10 foreign_reads=0 wall=6.3s pid=76819
[join1-emit cell] arm=M-POL-2 salt=4 control=None terminal=160 reason=survived_window sim_errors=0 rows=G1:2279,G2:5057,G3:10,G4:4680,G5:1,G6:0,G7:10 foreign_reads=0 wall=5.9s pid=76891
[join1-emit cell] arm=M-POL-2-NULL salt=0 control=None terminal=160 reason=survived_window sim_errors=0 rows=G1:2134,G2:4706,G3:10,G4:4521,G5:1,G6:0,G7:10 foreign_reads=0 wall=5.5s pid=76958
[join1-emit cell] arm=M-POL-2-NULL salt=1 control=None terminal=160 reason=survived_window sim_errors=0 rows=G1:2054,G2:4629,G3:10,G4:4190,G5:1,G6:0,G7:10 foreign_reads=0 wall=5.6s pid=76993
[join1-emit cell] arm=M-POL-2-NULL salt=2 control=None terminal=160 reason=player_death sim_errors=0 rows=G1:2051,G2:4628,G3:10,G4:4841,G5:1,G6:0,G7:10 foreign_reads=0 wall=6.4s pid=77055
[join1-emit cell] arm=M-POL-2-NULL salt=3 control=None terminal=160 reason=player_death sim_errors=0 rows=G1:2100,G2:4529,G3:10,G4:4612,G5:1,G6:0,G7:10 foreign_reads=0 wall=6.0s pid=77113
[join1-emit cell] arm=M-POL-2-NULL salt=4 control=None terminal=160 reason=survived_window sim_errors=0 rows=G1:2446,G2:4881,G3:10,G4:5158,G5:1,G6:0,G7:10 foreign_reads=0 wall=6.0s pid=77196
[join1-emit cell] arm=W1 salt=0 control=None terminal=160 reason=survived_window sim_errors=0 rows=G1:2286,G2:4944,G3:10,G4:4619,G5:1,G6:0,G7:10 foreign_reads=0 wall=5.9s pid=77245
[join1-emit cell] arm=W1 salt=1 control=None terminal=160 reason=survived_window sim_errors=0 rows=G1:2653,G2:5741,G3:10,G4:5121,G5:1,G6:0,G7:10 foreign_reads=0 wall=6.3s pid=77327
[join1-emit cell] arm=W1 salt=2 control=None terminal=160 reason=player_death sim_errors=0 rows=G1:1868,G2:4264,G3:10,G4:4199,G5:1,G6:0,G7:10 foreign_reads=0 wall=5.9s pid=77380
[join1-emit cell] arm=W1 salt=3 control=None terminal=160 reason=player_death sim_errors=0 rows=G1:2113,G2:4441,G3:10,G4:4610,G5:1,G6:0,G7:10 foreign_reads=0 wall=6.1s pid=77418
[join1-emit cell] arm=W1 salt=4 control=None terminal=160 reason=survived_window sim_errors=0 rows=G1:2279,G2:5057,G3:10,G4:4680,G5:1,G6:0,G7:10 foreign_reads=0 wall=5.8s pid=77464
[join1-emit cell] arm=W1-NULL salt=0 control=None terminal=160 reason=survived_window sim_errors=0 rows=G1:2286,G2:4944,G3:10,G4:4619,G5:1,G6:0,G7:10 foreign_reads=0 wall=5.9s pid=77549
[join1-emit cell] arm=W1-NULL salt=1 control=None terminal=160 reason=survived_window sim_errors=0 rows=G1:2653,G2:5739,G3:10,G4:5121,G5:1,G6:0,G7:10 foreign_reads=0 wall=6.3s pid=77622
[join1-emit cell] arm=W1-NULL salt=2 control=None terminal=160 reason=player_death sim_errors=0 rows=G1:1711,G2:3868,G3:10,G4:4086,G5:1,G6:0,G7:10 foreign_reads=0 wall=5.6s pid=77666
[join1-emit cell] arm=W1-NULL salt=3 control=None terminal=160 reason=player_death sim_errors=0 rows=G1:2178,G2:4724,G3:10,G4:4805,G5:1,G6:0,G7:10 foreign_reads=0 wall=6.2s pid=77721
[join1-emit cell] arm=W1-NULL salt=4 control=None terminal=160 reason=survived_window sim_errors=0 rows=G1:2279,G2:5057,G3:10,G4:4680,G5:1,G6:0,G7:10 foreign_reads=0 wall=5.8s pid=77762
[join1-emit] OBS-1 completeness 25/25 complete
[join1-emit] status=DRY-RUN · NOT THE FIXTURE cells=25 failed=0 G1=54983 G2=119857 G3=250 G4=116495 G5=25 G6=0 G7=250 manifest_sha256=25795adb074848948b13d77bf1d2f42696839b7e27faa2fb9d4bab46fb870ab7 wall=194.5s pid=76356

--- stderr ---
