[join1-emit cell] arm=M0 salt=0 control=NC-1 terminal=160 reason=survived_window sim_errors=0 rows=G1:2156,G2:3636,G3:10,G4:4545,G5:1,G6:0,G7:10 foreign_reads=0 wall=5.4s pid=5774
[join1-emit cell] arm=M0 salt=1 control=NC-1 terminal=160 reason=survived_window sim_errors=0 rows=G1:2113,G2:4112,G3:10,G4:4386,G5:1,G6:0,G7:10 foreign_reads=0 wall=5.5s pid=5801
[join1-emit cell] arm=M0 salt=2 control=NC-1 terminal=160 reason=survived_window sim_errors=0 rows=G1:2188,G2:4085,G3:10,G4:4851,G5:1,G6:0,G7:10 foreign_reads=0 wall=5.6s pid=5832
[join1-emit cell] arm=M0 salt=3 control=NC-1 terminal=160 reason=player_death sim_errors=0 rows=G1:2003,G2:3761,G3:10,G4:4537,G5:1,G6:0,G7:10 foreign_reads=0 wall=6.1s pid=5852
[join1-emit cell] arm=M0 salt=4 control=NC-1 terminal=160 reason=survived_window sim_errors=0 rows=G1:2600,G2:4663,G3:10,G4:5476,G5:1,G6:0,G7:10 foreign_reads=0 wall=5.9s pid=5888
[join1-emit cell] arm=M-POL-2 salt=0 control=NC-1 terminal=160 reason=survived_window sim_errors=0 rows=G1:2153,G2:3774,G3:10,G4:4472,G5:1,G6:0,G7:10 foreign_reads=0 wall=5.1s pid=5923
[join1-emit cell] arm=M-POL-2 salt=1 control=NC-1 terminal=160 reason=survived_window sim_errors=0 rows=G1:2760,G2:5525,G3:10,G4:5084,G5:1,G6:0,G7:10 foreign_reads=0 wall=5.6s pid=5963
[join1-emit cell] arm=M-POL-2 salt=2 control=NC-1 terminal=160 reason=player_death sim_errors=0 rows=G1:1922,G2:3640,G3:10,G4:4203,G5:1,G6:0,G7:10 foreign_reads=0 wall=5.4s pid=5975
[join1-emit cell] arm=M-POL-2 salt=3 control=NC-1 terminal=160 reason=survived_window sim_errors=0 rows=G1:2512,G2:4954,G3:10,G4:5231,G5:1,G6:0,G7:10 foreign_reads=0 wall=6.0s pid=6014
[join1-emit cell] arm=M-POL-2 salt=4 control=NC-1 terminal=160 reason=survived_window sim_errors=0 rows=G1:2144,G2:3735,G3:10,G4:4337,G5:1,G6:0,G7:10 foreign_reads=0 wall=5.3s pid=6073
[join1-emit cell] arm=M-POL-2-NULL salt=0 control=NC-1 terminal=160 reason=survived_window sim_errors=0 rows=G1:2156,G2:3636,G3:10,G4:4545,G5:1,G6:0,G7:10 foreign_reads=0 wall=5.4s pid=6085
[join1-emit cell] arm=M-POL-2-NULL salt=1 control=NC-1 terminal=160 reason=survived_window sim_errors=0 rows=G1:2113,G2:4112,G3:10,G4:4386,G5:1,G6:0,G7:10 foreign_reads=0 wall=6.1s pid=6102
[join1-emit cell] arm=M-POL-2-NULL salt=2 control=NC-1 terminal=160 reason=survived_window sim_errors=0 rows=G1:2188,G2:4085,G3:10,G4:4851,G5:1,G6:0,G7:10 foreign_reads=0 wall=5.5s pid=6147
[join1-emit cell] arm=M-POL-2-NULL salt=3 control=NC-1 terminal=160 reason=player_death sim_errors=0 rows=G1:2003,G2:3761,G3:10,G4:4537,G5:1,G6:0,G7:10 foreign_reads=0 wall=5.6s pid=6223
[join1-emit cell] arm=M-POL-2-NULL salt=4 control=NC-1 terminal=160 reason=survived_window sim_errors=0 rows=G1:2600,G2:4663,G3:10,G4:5476,G5:1,G6:0,G7:10 foreign_reads=0 wall=6.2s pid=6298
[join1-emit cell] arm=W1 salt=0 control=NC-1 terminal=160 reason=survived_window sim_errors=0 rows=G1:2153,G2:3774,G3:10,G4:4472,G5:1,G6:0,G7:10 foreign_reads=0 wall=5.9s pid=6406
[join1-emit cell] arm=W1 salt=1 control=NC-1 terminal=160 reason=survived_window sim_errors=0 rows=G1:2760,G2:5525,G3:10,G4:5084,G5:1,G6:0,G7:10 foreign_reads=0 wall=6.3s pid=6447
[join1-emit cell] arm=W1 salt=2 control=NC-1 terminal=160 reason=player_death sim_errors=0 rows=G1:1749,G2:3402,G3:10,G4:4290,G5:1,G6:0,G7:10 foreign_reads=0 wall=5.7s pid=6497
[join1-emit cell] arm=W1 salt=3 control=NC-1 terminal=160 reason=survived_window sim_errors=0 rows=G1:2603,G2:4839,G3:10,G4:5268,G5:1,G6:0,G7:10 foreign_reads=0 wall=6.2s pid=6510
[join1-emit cell] arm=W1 salt=4 control=NC-1 terminal=160 reason=survived_window sim_errors=0 rows=G1:2144,G2:3735,G3:10,G4:4337,G5:1,G6:0,G7:10 foreign_reads=0 wall=5.5s pid=6526
[join1-emit cell] arm=W1-NULL salt=0 control=NC-1 terminal=160 reason=survived_window sim_errors=0 rows=G1:2153,G2:3774,G3:10,G4:4472,G5:1,G6:0,G7:10 foreign_reads=0 wall=5.4s pid=6545
[join1-emit cell] arm=W1-NULL salt=1 control=NC-1 terminal=160 reason=survived_window sim_errors=0 rows=G1:2760,G2:5525,G3:10,G4:5084,G5:1,G6:0,G7:10 foreign_reads=0 wall=5.8s pid=6591
[join1-emit cell] arm=W1-NULL salt=2 control=NC-1 terminal=160 reason=player_death sim_errors=0 rows=G1:1922,G2:3640,G3:10,G4:4203,G5:1,G6:0,G7:10 foreign_reads=0 wall=5.7s pid=6631
[join1-emit cell] arm=W1-NULL salt=3 control=NC-1 terminal=160 reason=survived_window sim_errors=0 rows=G1:2512,G2:4954,G3:10,G4:5231,G5:1,G6:0,G7:10 foreign_reads=0 wall=6.3s pid=6663
[join1-emit cell] arm=W1-NULL salt=4 control=NC-1 terminal=160 reason=survived_window sim_errors=0 rows=G1:2144,G2:3735,G3:10,G4:4337,G5:1,G6:0,G7:10 foreign_reads=0 wall=5.4s pid=6696
[join1-emit] OBS-1 completeness 25/25 complete
[join1-emit] status=DRY-RUN · CONTROL NC-1 cells=25 failed=0 G1=56511 G2=105045 G3=250 G4=117695 G5=25 G6=0 G7=250 manifest_sha256=2f7761bca1b51ef49a0b9cf769594d31a8f546cf651659656ea5181cde1c36a5 wall=175.8s pid=5769

--- stderr ---
