[join1-emit cell] arm=M0 salt=0 control=None terminal=160 reason=survived_window sim_errors=0 rows=G1:1995,G2:3451,G3:10,G4:4496,G5:1,G6:0,G7:10 foreign_reads=0 wall=5.1s pid=19232
[join1-emit cell] arm=M0 salt=1 control=None terminal=160 reason=survived_window sim_errors=0 rows=G1:2113,G2:4112,G3:10,G4:4386,G5:1,G6:0,G7:10 foreign_reads=0 wall=5.3s pid=19248
[join1-emit cell] arm=M0 salt=2 control=None terminal=160 reason=survived_window sim_errors=0 rows=G1:2188,G2:4085,G3:10,G4:4851,G5:1,G6:0,G7:10 foreign_reads=0 wall=5.6s pid=19266
[join1-emit cell] arm=M0 salt=3 control=None terminal=160 reason=player_death sim_errors=0 rows=G1:1924,G2:3616,G3:10,G4:4517,G5:1,G6:0,G7:10 foreign_reads=0 wall=5.7s pid=19302
[join1-emit cell] arm=M0 salt=4 control=None terminal=160 reason=survived_window sim_errors=0 rows=G1:2609,G2:4657,G3:10,G4:5427,G5:1,G6:0,G7:10 foreign_reads=0 wall=6.1s pid=19326
[join1-emit cell] arm=M-POL-2 salt=0 control=None terminal=160 reason=survived_window sim_errors=0 rows=G1:2153,G2:3774,G3:10,G4:4472,G5:1,G6:0,G7:10 foreign_reads=0 wall=5.6s pid=19349
[join1-emit cell] arm=M-POL-2 salt=1 control=None terminal=160 reason=survived_window sim_errors=0 rows=G1:2758,G2:5540,G3:10,G4:5084,G5:1,G6:0,G7:10 foreign_reads=0 wall=6.0s pid=19366
[join1-emit cell] arm=M-POL-2 salt=2 control=None terminal=160 reason=player_death sim_errors=0 rows=G1:1922,G2:3640,G3:10,G4:4203,G5:1,G6:0,G7:10 foreign_reads=0 wall=5.4s pid=19401
[join1-emit cell] arm=M-POL-2 salt=3 control=None terminal=160 reason=survived_window sim_errors=0 rows=G1:2513,G2:4954,G3:10,G4:5231,G5:1,G6:0,G7:10 foreign_reads=0 wall=6.2s pid=19425
[join1-emit cell] arm=M-POL-2 salt=4 control=None terminal=160 reason=survived_window sim_errors=0 rows=G1:2144,G2:3735,G3:10,G4:4337,G5:1,G6:0,G7:10 foreign_reads=0 wall=5.4s pid=19457
[join1-emit cell] arm=M-POL-2-NULL salt=0 control=None terminal=160 reason=survived_window sim_errors=0 rows=G1:1995,G2:3451,G3:10,G4:4496,G5:1,G6:0,G7:10 foreign_reads=0 wall=5.1s pid=19474
[join1-emit cell] arm=M-POL-2-NULL salt=1 control=None terminal=160 reason=survived_window sim_errors=0 rows=G1:2113,G2:4112,G3:10,G4:4386,G5:1,G6:0,G7:10 foreign_reads=0 wall=5.3s pid=19488
[join1-emit cell] arm=M-POL-2-NULL salt=2 control=None terminal=160 reason=survived_window sim_errors=0 rows=G1:2188,G2:4085,G3:10,G4:4851,G5:1,G6:0,G7:10 foreign_reads=0 wall=5.4s pid=19503
[join1-emit cell] arm=M-POL-2-NULL salt=3 control=None terminal=160 reason=player_death sim_errors=0 rows=G1:1924,G2:3616,G3:10,G4:4517,G5:1,G6:0,G7:10 foreign_reads=0 wall=5.9s pid=19526
[join1-emit cell] arm=M-POL-2-NULL salt=4 control=None terminal=160 reason=survived_window sim_errors=0 rows=G1:2609,G2:4657,G3:10,G4:5427,G5:1,G6:0,G7:10 foreign_reads=0 wall=6.0s pid=19562
[join1-emit cell] arm=W1 salt=0 control=None terminal=160 reason=survived_window sim_errors=0 rows=G1:2153,G2:3774,G3:10,G4:4472,G5:1,G6:0,G7:10 foreign_reads=0 wall=5.5s pid=19573
[join1-emit cell] arm=W1 salt=1 control=None terminal=160 reason=survived_window sim_errors=0 rows=G1:2758,G2:5540,G3:10,G4:5084,G5:1,G6:0,G7:10 foreign_reads=0 wall=6.1s pid=19612
[join1-emit cell] arm=W1 salt=2 control=None terminal=160 reason=player_death sim_errors=0 rows=G1:1749,G2:3402,G3:10,G4:4290,G5:1,G6:0,G7:10 foreign_reads=0 wall=5.6s pid=19633
[join1-emit cell] arm=W1 salt=3 control=None terminal=160 reason=survived_window sim_errors=0 rows=G1:2603,G2:4839,G3:10,G4:5268,G5:1,G6:0,G7:10 foreign_reads=0 wall=6.5s pid=19647
[join1-emit cell] arm=W1 salt=4 control=None terminal=160 reason=survived_window sim_errors=0 rows=G1:2144,G2:3735,G3:10,G4:4337,G5:1,G6:0,G7:10 foreign_reads=0 wall=5.3s pid=19694
[join1-emit cell] arm=W1-NULL salt=0 control=None terminal=160 reason=survived_window sim_errors=0 rows=G1:2153,G2:3774,G3:10,G4:4472,G5:1,G6:0,G7:10 foreign_reads=0 wall=5.2s pid=19710
[join1-emit cell] arm=W1-NULL salt=1 control=None terminal=160 reason=survived_window sim_errors=0 rows=G1:2758,G2:5540,G3:10,G4:5084,G5:1,G6:0,G7:10 foreign_reads=0 wall=5.9s pid=19722
[join1-emit cell] arm=W1-NULL salt=2 control=None terminal=160 reason=player_death sim_errors=0 rows=G1:1922,G2:3640,G3:10,G4:4203,G5:1,G6:0,G7:10 foreign_reads=0 wall=5.9s pid=19743
[join1-emit cell] arm=W1-NULL salt=3 control=None terminal=160 reason=survived_window sim_errors=0 rows=G1:2513,G2:4954,G3:10,G4:5231,G5:1,G6:0,G7:10 foreign_reads=0 wall=6.3s pid=19771
[join1-emit cell] arm=W1-NULL salt=4 control=None terminal=160 reason=survived_window sim_errors=0 rows=G1:2144,G2:3735,G3:10,G4:4337,G5:1,G6:0,G7:10 foreign_reads=0 wall=5.5s pid=19807
[join1-emit] OBS-1 completeness 25/25 complete
[join1-emit] status=DRY-RUN · NOT THE FIXTURE cells=25 failed=0 G1=56045 G2=104418 G3=250 G4=117459 G5=25 G6=0 G7=250 manifest_sha256=df3e9fbdedbfa2afe466f04d2ea8cf3764d922ac2e3de536cc5d45d660888600 wall=174.6s pid=19227

--- stderr ---
