=== PL-5 floor check: captures/ = 6.75 G of 10 G ===
=== disk free: 24.2 G ===

=== FG-10 leg: canon/--undulate on, FULL PROMOTED SPAN, rendered 4 TIMES ===
    pass 1: 320 frames, digest-of-digests 14c833696431f3413c59ee0f29f1b01a4f6e84ea95714089c232c5c377c65cb7
    pass 2: 320 frames, digest-of-digests 981ba9ddd6f424d443d8877de4abe6d3c180358fbae7b9586423d97c43a3078e
    pass 3: 320 frames, digest-of-digests f651b328d9589efa5710d8a96927948849f4bc4a07223085d94ccfa8841eb913
    pass 4: 320 frames, digest-of-digests f651b328d9589efa5710d8a96927948849f4bc4a07223085d94ccfa8841eb913
    distinct states across 4 passes: 3    frames that ever disagree: 0,1,2,3,4,5,6,7,8,9,10,11,12,13,14,15,16,17,18,19,20,21,22,23,24,25,26,27,28,29,30,31,32,33,34,35,36,37,38,39,40,41,42,43,44,45,46,47,48,49,50,51,52,53,54,55,56,57,58,59,60,61,62,63,64,65,66,67,68,69,70,71,72,73,74,75,76,77,78,79,80,81,82,83,84,85,86,87,88,89,90,91,92,93,94,95,96,97,98,99,100,101,102,103,104,105,106,107,108,109,110,111,112,113,114,115,116,117,118,119,120,121,122,123,124,125,126,127,128,129,130,131,132,133,134,135,136,137,138,139,140,141,142,143,144,145,146,147,148,149,150,151,152,153,154,155,156,157,158,159,160,161,162,163,164,165,166,167,168,169,170,171,172,173,174,175,176,177,178,179,180,181,182,183,184,185,186,187,188,189,190,191,192,193,194,195,196,197,198,199,200,201,202,203,204,205,206,207,208,209,210,211,212,213,214,215,216,217,218,219,220,221,222,223,224,225,226,227,228,229,230,231,232,233,234,235,236,237,238,239,240,241,242,243,244,245,246,247,248,249,250,251,252,253,254,255,256,257,258,259,260,261,262,263,264,265,266,267,268,269,270,271,272,273,274,275,276,277,278,279,280,281,282,283,284,285,286,287,288,289,290,291,292,293,294,295,296,297,298,299,300,301,302,303,304,305,306,307,308,309,310,311,312,313,314,315,316,317,318,319
!!! FG-10 HALT — 4 renders of canon/--undulate on produced 3 DISTINCT results.
    A clip whose frames are not a function of the tick is not evidence of anything.
    Disagreeing frames: 0,1,2,3,4,5,6,7,8,9,10,11,12,13,14,15,16,17,18,19,20,21,22,23,24,25,26,27,28,29,30,31,32,33,34,35,36,37,38,39,40,41,42,43,44,45,46,47,48,49,50,51,52,53,54,55,56,57,58,59,60,61,62,63,64,65,66,67,68,69,70,71,72,73,74,75,76,77,78,79,80,81,82,83,84,85,86,87,88,89,90,91,92,93,94,95,96,97,98,99,100,101,102,103,104,105,106,107,108,109,110,111,112,113,114,115,116,117,118,119,120,121,122,123,124,125,126,127,128,129,130,131,132,133,134,135,136,137,138,139,140,141,142,143,144,145,146,147,148,149,150,151,152,153,154,155,156,157,158,159,160,161,162,163,164,165,166,167,168,169,170,171,172,173,174,175,176,177,178,179,180,181,182,183,184,185,186,187,188,189,190,191,192,193,194,195,196,197,198,199,200,201,202,203,204,205,206,207,208,209,210,211,212,213,214,215,216,217,218,219,220,221,222,223,224,225,226,227,228,229,230,231,232,233,234,235,236,237,238,239,240,241,242,243,244,245,246,247,248,249,250,251,252,253,254,255,256,257,258,259,260,261,262,263,264,265,266,267,268,269,270,271,272,273,274,275,276,277,278,279,280,281,282,283,284,285,286,287,288,289,290,291,292,293,294,295,296,297,298,299,300,301,302,303,304,305,306,307,308,309,310,311,312,313,314,315,316,317,318,319.

=== FG-10 leg: canon/--undulate off, FULL PROMOTED SPAN, rendered 4 TIMES ===
    pass 1: 320 frames, digest-of-digests 95220575d1345ba3e2306fdaee27596030e3db51b7d99c8437565b01f937af57
    pass 2: 320 frames, digest-of-digests 95220575d1345ba3e2306fdaee27596030e3db51b7d99c8437565b01f937af57
    pass 3: 320 frames, digest-of-digests 95220575d1345ba3e2306fdaee27596030e3db51b7d99c8437565b01f937af57
    pass 4: 320 frames, digest-of-digests 95220575d1345ba3e2306fdaee27596030e3db51b7d99c8437565b01f937af57
    distinct states across 4 passes: 1    frames that ever disagree: none

=== FG-10 leg: canon/--undulate on/tick0 1660, 45 frames, rendered 4 TIMES ===
    pass 1: 46 frames, digest-of-digests 982352531827455ac76a8e10ebc48b4d82e2caeb1edf9d95e161becc5a909bae
    pass 2: 46 frames, digest-of-digests 982352531827455ac76a8e10ebc48b4d82e2caeb1edf9d95e161becc5a909bae
    pass 3: 46 frames, digest-of-digests 982352531827455ac76a8e10ebc48b4d82e2caeb1edf9d95e161becc5a909bae
    pass 4: 46 frames, digest-of-digests 982352531827455ac76a8e10ebc48b4d82e2caeb1edf9d95e161becc5a909bae
    distinct states across 4 passes: 1    frames that ever disagree: none

=== FG-10 leg: d-close/--undulate on, 45 frames, rendered 4 TIMES ===
    pass 1: 46 frames, digest-of-digests 0253761a43b374b9d63dfd5ed199e61a1f7574e3664fac16521b06a2628af0d3
    pass 2: 46 frames, digest-of-digests 0253761a43b374b9d63dfd5ed199e61a1f7574e3664fac16521b06a2628af0d3
    pass 3: 46 frames, digest-of-digests 0253761a43b374b9d63dfd5ed199e61a1f7574e3664fac16521b06a2628af0d3
    pass 4: 46 frames, digest-of-digests 0253761a43b374b9d63dfd5ed199e61a1f7574e3664fac16521b06a2628af0d3
    distinct states across 4 passes: 1    frames that ever disagree: none

=== FG-10 leg: b-ring/--undulate on, 45 frames, rendered 4 TIMES ===
    pass 1: 46 frames, digest-of-digests 504b6d8b4c0929ff179c0a5ab32f0a313a81b91233be062363d8ffa6c6f0ad78
    pass 2: 46 frames, digest-of-digests 504b6d8b4c0929ff179c0a5ab32f0a313a81b91233be062363d8ffa6c6f0ad78
    pass 3: 46 frames, digest-of-digests 504b6d8b4c0929ff179c0a5ab32f0a313a81b91233be062363d8ffa6c6f0ad78
    pass 4: 46 frames, digest-of-digests 504b6d8b4c0929ff179c0a5ab32f0a313a81b91233be062363d8ffa6c6f0ad78
    distinct states across 4 passes: 1    frames that ever disagree: none
!!! FG-10 HALT — at least one leg of the matrix did not reproduce. Nothing promoted.
