
==============================================================================
=== records/game/gameengine.dbr  IN database.arz  type=
==============================================================================
  2hWeaponDamageFactor                           1.0
  ArtifactBonus                                  'records/ui/styles/text/style_nooutline_textlightgold_sizen.dbr'
  ArtifactBonusTitle                             'records/ui/styles/text/style_nooutline_textgold_sizen.dbr'
  ArtifactClass                                  'records/ui/styles/text/style_nooutline_textgold_sizen.dbr'
  ArtifactCraft                                  'records/ui/styles/text/style_nooutline_textgold_sizen.dbr'
  ArtifactDescription                            'records/ui/styles/text/style_nooutline_textgraygold_sizen.dbr'
  ArtifactFormulaCostAvailable                   'records/ui/styles/text/style_numberwhite_sizen.dbr'
  ArtifactFormulaCostNotAvailable                'records/ui/styles/text/style_numberwhite_sizen.dbr'
  ArtifactFormulaDescription                     'records/ui/styles/text/style_nooutline_textgraygold_sizen.dbr'
  ArtifactFormulaReagentAvailable                'records/ui/styles/text/style_nooutline_textbrown_sizen.dbr'
  ArtifactFormulaReagentNotAvailable             'records/ui/styles/text/style_numberwhite_sizen.dbr'
  ArtifactFormulaReagents                        'records/ui/styles/text/style_nooutline_textgold_sizen.dbr'
  ArtifactFormulaTitle                           'records/ui/styles/text/style_textwhite_sizen_bold.dbr'
  ArtifactTitle                                  'records/ui/styles/text/style_itemsartifact_sizes.dbr'
  CameraDepthFogClamp                            -1.0
  CameraDistanceDefault                          36.0
  CameraDistanceMax                              48.0
  CameraDistanceMin                              20.0
  CameraPitchDefault                             46.0
  CameraPitchMax                                 52.0
  CameraPitchMin                                 38.0
  Debug                                          'records/ui/styles/text/style_debug.dbr'
  Default                                        'records/ui/styles/text/style_numberwhite_sizen.dbr'
  DefaultShort                                   'records/ui/styles/text/style_numberwhite_sizes.dbr'
  EffectDescription                              'records/ui/styles/text/style_rollover_description.dbr'
  EffectHeading                                  'records/ui/styles/text/style_skilleffecttitle.dbr'
  EffectName                                     'records/ui/styles/text/style_effectname.dbr'
  EffectStatsCurrent                             'records/ui/styles/text/style_nooutline_textlightgold_sizen.dbr'
  EffectStatsNext                                'records/ui/styles/text/style_nooutline_textgray_sizen.dbr'
  GrayStats1                                     'records/ui/styles/text/style_nooutline_textgray_sizen.dbr'
  GrayStats2                                     'records/ui/styles/text/style_nooutline_textgray_sizen.dbr'
  GrayStats2Indent                               10
  GrayStats3                                     'records/ui/styles/text/style_nooutline_textgray_sizen.dbr'
  GrayStats3Indent                               20
  GrayStats4                                     'records/ui/styles/text/style_nooutline_textgray_sizen.dbr'
  GrayStats4Indent                               30
  ItemBanner                                     'records/ui/styles/text/style_nooutline_textwhite_sizet.dbr'
  ItemBaseStats                                  'records/ui/styles/text/style_nooutline_textwhite_sizen.dbr'
  ItemBonuses                                    'records/ui/styles/text/style_nooutline_textlightgold_sizen.dbr'
  ItemBonusesIndent                              10
  ItemDescription                                'records/ui/styles/text/style_nooutline_textgraygold_sizen.dbr'
  ItemDirections                                 'records/ui/styles/text/style_nooutline_textgray_sizes.dbr'
  ItemEnchantmentName                            'records/ui/styles/text/style_itemsenchantment_sizes.dbr'
  ItemEnchantmentStats                           'records/ui/styles/text/style_nooutline_textolive_sizet.dbr'
  ItemEnchantmentStatsIndent                     0
  ItemEnchantmentStatsNotAvailable               'records/ui/styles/text/style_nooutline_textgray_sizes.dbr'
  ItemEnchantmentStatsNotAvailableIndent         0
  ItemNameArtifact                               'records/ui/styles/text/style_itemsartifact.dbr'
  ItemNameArtifactFormula                        'records/ui/styles/text/style_itemsblueprint.dbr'
  ItemNameBroken                                 'records/ui/styles/text/style_itemsbroken.dbr'
  ItemNameCommon                                 'records/ui/styles/text/style_itemscommon.dbr'
  ItemNameEnchantment                            'records/ui/styles/text/style_itemsenchantment.dbr'
  ItemNameEpic                                   'records/ui/styles/text/style_itemsuniquea.dbr'
  ItemNameLegendary                              'records/ui/styles/text/style_itemsuniqueb.dbr'
  ItemNameLore                                   'records/ui/styles/text/style_itemslore.dbr'
  ItemNameMagical                                'records/ui/styles/text/style_itemsmagical.dbr'
  ItemNamePotion                                 'records/ui/styles/text/style_itemspotion.dbr'
  ItemNameQuest                                  'records/ui/styles/text/style_itemsquest.dbr'
  ItemNameRare                                   'records/ui/styles/text/style_itemsrare.dbr'
  ItemNameRelic                                  'records/ui/styles/text/style_itemsrelic.dbr'
  ItemNameScroll                                 'records/ui/styles/text/style_itemspotion.dbr'
  ItemPetSkillStats                              'records/ui/styles/text/style_nooutline_textlightgold_sizen.dbr'
  ItemPetSkillStatsIndent                        20
  ItemRelicBonus                                 'records/ui/styles/text/style_nooutline_textlightgold_sizen.dbr'
  ItemRelicBonusIndent                           10
  ItemRelicCompleteTitle                         'records/ui/styles/text/style_textgreen_sizen.dbr'
  ItemRelicDescription                           'records/ui/styles/text/style_nooutline_textgraygold_sizen.dbr'
  ItemRelicName                                  'records/ui/styles/text/style_itemsrelic_sizes.dbr'
  ItemRelicNameDisabled                          'records/ui/styles/text/style_itemsrelic_gray.dbr'
  ItemRelicNumber                                'records/ui/styles/text/style_nooutline_textgold_sizen.dbr'
  ItemRequirements                               'records/ui/styles/text/style_nooutline_textgray_sizen.dbr'
  ItemSetBonuses                                 'records/ui/styles/text/style_nooutline_textlightgold_sizen.dbr'
  ItemSetBonusesIndent                           20
  ItemSetBonusesNotAvailable                     'records/ui/styles/text/style_nooutline_textgray_sizen.dbr'
  ItemSetBonusesNotAvailableIndent               20
  ItemSetBonusesSkill                            'records/ui/styles/text/style_nooutline_textlightgold_sizen.dbr'
  ItemSetBonusesSkillIndent                      30
  ItemSetComponentAvailable                      'records/ui/styles/text/style_nooutline_textgold_sizen.dbr'
  ItemSetComponentAvailableIndent                10
  ItemSetComponentNotAvailable                   'records/ui/styles/text/style_nooutline_textgray_sizen.dbr'
  ItemSetComponentNotAvailableIndent             10
  ItemSetComponentTitle                          'records/ui/styles/text/style_nooutline_textgold_sizen.dbr'
  ItemSetComponentTitleIndent                    20
  ItemSetDescription                             'records/ui/styles/text/style_nooutline_textgraygold_sizen.dbr'
  ItemSetName                                    'records/ui/styles/text/style_itemsset.dbr'
  ItemSkillDescription                           'records/ui/styles/text/style_nooutline_textgraygold_sizen.dbr'
  ItemSkillDescriptionIndent                     10
  ItemSkillDescriptionSet                        'records/ui/styles/text/style_nooutline_textgraygold_sizen.dbr'
  ItemSkillDescriptionSetIndent                  20
  ItemSkillHeading                               'records/ui/styles/text/style_nooutline_textgold_sizen.dbr'
  ItemSkillName                                  'records/ui/styles/text/style_nooutline_skillname.dbr'
  ItemSkillNameIndent                            10
  ItemSkillNameSet                               'records/ui/styles/text/style_nooutline_skillname.dbr'
  ItemSkillNameSetIndent                         20
  ItemSkillStats                                 'records/ui/styles/text/style_nooutline_textlightgold_sizen.dbr'
  ItemSkillStatsIndent                           10
  ItemUpgrade                                    'records/ui/styles/text/style_nooutline_textgray_sizes_italic.dbr'
  PetBonus                                       'records/ui/styles/text/style_nooutline_textlightgold_sizen.dbr'
  PetBonusIndent                                 10
  PetBonusNext                                   'records/ui/styles/text/style_nooutline_textgray_sizen.dbr'
  PetBonusNextIndent                             10
  PetBonusNextTitle                              'records/ui/styles/text/style_nooutline_textgray_sizen.dbr'
  PetBonusTitle                                  'records/ui/styles/text/style_nooutline_textgold_sizen.dbr'
  PetSkillNameCurrent                            'records/ui/styles/text/style_nooutline_skillname.dbr'
  PetSkillNameNext                               'records/ui/styles/text/style_nooutline_textgray_sizen.dbr'
  PetSkillStatsCurrent                           'records/ui/styles/text/style_nooutline_textlightgold_sizen.dbr'
  PetSkillStatsCurrentIndent                     10
  PetSkillStatsNext                              'records/ui/styles/text/style_nooutline_textgray_sizen.dbr'
  PetSkillStatsNextIndent                        10
  SkillDescription                               'records/ui/styles/text/style_rollover_descriptionbright.dbr'
  SkillLevelTitles                               'records/ui/styles/text/style_skillleveltext.dbr'
  SkillName                                      'records/ui/styles/text/style_skillname.dbr'
  SkillRequirements                              'records/ui/styles/text/style_skillrequirementstext.dbr'
  SkillRequirementsNotMet                        'records/ui/styles/text/style_nooutline_textred_sizen_bold.dbr'
  SkillStatsCurrent                              'records/ui/styles/text/style_nooutline_textlightgold_sizen.dbr'
  SkillStatsNext                                 'records/ui/styles/text/style_nooutline_textgray_sizen.dbr'
  UICharWindowInventorySack0DimsX                384
  UICharWindowInventorySack0DimsY                256
  UICharWindowInventorySack1DimsX                256
  UICharWindowInventorySack1DimsY                256
  absAetherFx                                    'records/fx/damagedefault/dmgabs_aetherfire_fx01.dbr'
  absAetherFxSound                               'records/sounds/combatshared/spak_damagedefaultabs_aether.dbr'
  absAetherMaxScale                              1.149999976158142
  absAetherMinScale                              0.75
  absChaosFx                                     'records/fx/damagedefault/dmgabs_chaos_fx01.dbr'
  absChaosFxSound                                'records/sounds/combatshared/spak_damagedefaultabs_chaos.dbr'
  absChaosMaxScale                               1.149999976158142
  absChaosMinScale                               0.75
  absColdFx                                      'records/fx/damagedefault/dmgabs_cold_fx01.dbr'
  absColdFxSound                                 'records/sounds/combatshared/spak_damage_freeze_freeze.dbr'
  absColdMaxScale                                1.149999976158142
  absColdMinScale                                0.75
  absDisruptionMaxScale                          1.149999976158142
  absDisruptionMinScale                          1.0
  absFireFx                                      'records/fx/damagedefault/dmgabs_fire_fx01.dbr'
  absFireFxSound                                 'records/sounds/combatshared/spak_damagedefaultabs_fire.dbr'
  absFireMaxScale                                1.149999976158142
  absFireMinScale                                0.75
  absLifeFx                                      'records/fx/damagedefault/dmgabs_life_fx01.dbr'
  absLifeFxSound                                 'records/sounds/combatshared/spak_damagedefaultabs_life.dbr'
  absLifeMaxScale                                1.149999976158142
  absLifeMinScale                                0.800000011920929
  absLightningFx                                 'records/fx/damagedefault/dmgabs_electrical_fx01.dbr'
  absLightningFxSound                            'records/sounds/combatshared/spak_damagedefaultabs_electric.dbr'
  absLightningMaxScale                           1.149999976158142
  absLightningMinScale                           0.75
  absManaBurnMaxScale                            1.149999976158142
  absManaBurnMinScale                            0.75
  absMaxDamageScaling                            100.0
  absPercentCurrentLifeFx                        'records/fx/damagedefault/dmgabs_life_fx01.dbr'
  absPercentCurrentLifeFxSound                   'records/sounds/combatshared/spak_damagedefaultabs_life.dbr'
  absPercentCurrentLifeMaxScale                  1.149999976158142
  absPercentCurrentLifeMinScale                  0.75
  absPhysicalFx                                  'records/fx/damagedefault/dmgabs_physical_fx01.dbr'
  absPhysicalMinScale                            1.0
  absPhysicsMaxScale                             1.149999976158142
  absPoisonFx                                    'records/fx/damagedefault/dmgabs_poison_fx01.dbr'
  absPoisonFxSound                               'records/sounds/combatshared/spak_damagedefaultabs_poison.dbr'
  absPoisonMaxScale                              1.149999976158142
  absPoisonMinScale                              0.75
  absoluteRunSpeedCapMax                         350.0
  absoluteRunSpeedCapMin                         [n=3] [40.0, 30.0, 20.0]
  achievementRecord                              'records/game/gameachievements.dbr'
  aetherCrystal                                  'records/items/materia/compa_aethercrystal.dbr'
  aetherDamageFxPak                              'records/fx/damagedefault/dmgdur_aetherfire_chfxpak.dbr'
  affinity1Icon                                  'ui/skills/devotion/devotion_affinity01.tex'
  affinity2Icon                                  'ui/skills/devotion/devotion_affinity02.tex'
  affinity3Icon                                  'ui/skills/devotion/devotion_affinity03.tex'
  affinity4Icon                                  'ui/skills/devotion/devotion_affinity04.tex'
  affinity5Icon                                  'ui/skills/devotion/devotion_affinity05.tex'
  alertDistance                                  6.0
  armorDefensiveAbsorption                       70.0
  ascendantRecord                                'records/game/gameascendant.dbr'
  ascendantToken                                 'ASCENSION_UNLOCKED'
  attackSpeedDamageFxPak                         'records/fx/damagedefault/dmgdur_physicaldmgreduction_chfxpak01.dbr'
  autoCastEquation                               'procRate * (1 + (cooldown * 81)/100) * (1 - (attackDuration * 11) / 100)'
  bleedingDamageFxPak                            'records/fx/damagedefault/dmgdur_bleeding_chfxpak.dbr'
  blockStyle                                     'records/ui/styles/text/style_floatingtext_combatenemyblock.dbr'
  bossAttackSpeedCapMax                          500.0
  bossAttackSpeedCapMin                          50.0
  bossMonsterColor                               '{^r}'
  bossRange                                      32.0
  bossRunSpeedCapMax                             500.0
  bossRunSpeedCapMin                             40.0
  bossSpellCastSpeedCapMax                       500.0
  bossSpellCastSpeedCapMin                       50.0
  challengeAdjustment                            'records/game/balancingadjustment_challengemode_enemies01.dbr'
  championMonsterColor                           '{^y}'
  coldDamageFxPak                                'records/fx/damagedefault/dmgdur_cold_chfxpak01.dbr'
  combatIdleTime                                 1.2000000476837158
  commonMonsterColor                             '{^w}'
  confusionDamageFxPak                           'records/fx/damagedefault/dmgdur_confusion_chfxpak01.dbr'
  convertDamageFxPak                             'records/fx/damagedefault/dmgdur_convert_chfxpak01.dbr'
  convertToken                                   'CONVERTING_UNLOCKED'
  crafterToken                                   'CRAFTING_ACTIVE'
  critStyle                                      [n=5] ['records/ui/styles/text/style_floatingtext_combatplayercritical.dbr', 'records/ui/styles/text/style_floatingtext_combatplayercritical2.dbr', 'records/ui/styles/text/style_floatingtext_combatplayercritical3.dbr', 'records/ui/styles/text/style_floatingtext_combatplayercritical4.dbr', 'records/ui/styles/text/style_floatingtext_combatplayercritical5.dbr']
  criticalhitFxPak                               'records/fx/damagedefault/dmgspecial_criticalhit_fxpak01.dbr'
  damageMagnitude                                100.0
  damageMultiplierFxPak                          'records/fx/damagedefault/vulnerabledebuff_chfxpak01.dbr'
  defaultCombatManagerRecord                     'records/game/combatformulas.dbr'
  defaultLoadDistance                            250.0
  defensiveAbilityDamageFxPak                    'records/fx/damagedefault/dmgdur_defensiveabilitydmg_chfxpak.dbr'
  defensiveReductionDamageFxPak                  'records/fx/damagedefault/dmgdur_defensivereduction_chfxpak.dbr'
  deflectStyle                                   'records/ui/styles/text/style_floatingtext_combatplayerblock.dbr'
  dismantleToken                                 'DISMANTLING_UNLOCKED'
  dodgeStyle                                     'records/ui/styles/text/style_floatingtext_combatplayerblock.dbr'
  dwWeaponDamageFactor                           1.0
  dwWeaponSpeedFactor                            0.5
  dynamite                                       'records/items/questitems/quest_dynamite.dbr'
  elementalReductionDamageFxPak                  'records/fx/damagedefault/dmgdur_elementaldmgreduction_chfxpak01.dbr'
  elementalResistReductionDamageFxPak            'records/fx/damagedefault/dmgdur_resreduction_chfxpak01.dbr'
  enchanterRecoveryFactor                        0.05000000074505806
  endBossRecord                                  'records/creatures/enemies/boss&quest/loghorrean_03.dbr'
  enemyOutlineColor.A                            0.6000000238418579
  enemyOutlineColor.B                            0.0
  enemyOutlineColor.G                            0.0
  enemyOutlineColor.R                            1.0
  enemyOutlineColor.b                            0
  enemyOutlineColor.g                            0
  enemyOutlineColor.r                            255
  experienceGainStyle                            'records/ui/styles/text/style_floatingtext_rewardsfaction.dbr'
  experienceRecord                               'records/game/experienceformulas.dbr'
  factionGainStyle                               'records/ui/styles/text/style_floatingtext_rewardsfaction.dbr'
  factionRecord                                  'records/game/gamefactions.dbr'
  fearDamageFxPak                                'records/fx/damagedefault/dmgdur_fear_chfxpak01.dbr'
  fireDamageFxPak                                'records/fx/damagedefault/dmgdur_fire_chfxpak01.dbr'
  freezeDamageHandler                            'records/fx/damagedefault/dmgspecial_freeze_handler.dbr'
  friendOutlineColor.A                           0.6000000238418579
  friendOutlineColor.B                           0.0
  friendOutlineColor.G                           1.0
  friendOutlineColor.R                           0.0
  friendOutlineColor.b                           0
  friendOutlineColor.g                           255
  friendOutlineColor.r                           0
  fumbleDamageFxPak                              'records/fx/damagedefault/dmgdur_confusion_chfxpak01.dbr'
  fumbleStyle                                    'records/ui/styles/text/style_floatingtext_combatplayermiss.dbr'
  genericErrorSound                              'records/sounds/ui/spak_buttonclickgenericerror.dbr'
  healthPotionPickupStyle                        'records/ui/styles/text/style_special_healthpotionpickup.dbr'
  heroMonsterColor                               '{^o}'
  hitStyle                                       'records/ui/styles/text/style_floatingtext_combatplayerhit.dbr'
  invulnerableStyle                              'records/ui/styles/text/style_floatingtext_combatplayermiss.dbr'
  itemInfoRecord                                 'records/game/gameiteminfo.dbr'
  itemOutlineColor.b                             255
  itemOutlineColor.g                             0
  itemOutlineColor.r                             0
  itemOverlayFontColor                           '1.0 1.0 1.0 1.0'
  itemOverlayFontName                            'records/ui/styles/text/style_textwhite_sizes_bold.dbr'
  itemOverlayFontSize                            16
  learnFormulaSoundName                          'records/sounds/items/spak_itemcraftingpartcompletion.dbr'
  lifeDamageFxPak                                'records/fx/damagedefault/dmgdur_vitality_chfxpak01.dbr'
  lifeLeachDamageFxPak                           'records/fx/damagedefault/dmgdur_lifeleech_chfxpak.dbr'
  lightingTransformation                         110.0
  lightningDamageFxPak                           'records/fx/damagedefault/dmgdur_electrical_chfxpak01.dbr'
  longRange                                      15.0
  manaLeachDamageFxPak                           'records/fx/damagedefault/dmgdur_energyleech_chfxpak.dbr'
  manaPotionPickupStyle                          'records/ui/styles/text/style_special_manapotionpickup.dbr'
  marketFactionDiscount                          0
  marketPurchaseSound                            'records/sounds/items/spak_merchantpurchasesound.dbr'
  marketSaleSound                                'records/sounds/items/spak_merchantsalesound.dbr'
  maxPlayerRotationSpeed                         30.0
  maxRotationSpeed                               16.0
  maximumRange                                   18.0
  meleeAutoTargetDistance                        4.0
  meleeRange                                     1.25
  meleeTargetDistance                            2.4000000953674316
  menuRecord                                     'records/game/gamemenu.dbr'
  menuRecordExpansion1                           'records/game/gamemenu_expansion1.dbr'
  menuRecordExpansion2                           'records/game/gamemenu_expansion2.dbr'
  menuRecordExpansion3                           'records/game/gamemenu_expansion3.dbr'
  minPlayerRotationSpeed                         19.0
  minRotationSpeed                               8.0
  mindControlledOutlineColor.A                   0.6000000238418579
  mindControlledOutlineColor.B                   1.0
  mindControlledOutlineColor.G                   0.0
  mindControlledOutlineColor.R                   0.6700000166893005
  miniPetLimit                                   3
  missStyle                                      'records/ui/styles/text/style_floatingtext_combatplayermiss.dbr'
  moderateRange                                  9.0
  moneyGainStyle                                 'records/ui/styles/text/style_special_floatingtextdefault.dbr'
  moneyPickupStyle                               'records/ui/styles/text/style_special_moneypickup.dbr'
  monsterAttackSpeedCapMax                       500.0
  monsterAttackSpeedCapMin                       [n=3] [20.0, 30.0, 40.0]
  monsterAttributePak                            'records/game/balancingadjustment_mp+difficulty_enemies01.dbr'
  monsterCritStyle                               'records/ui/styles/text/style_floatingtext_combatenemycritical.dbr'
  monsterDefenseCap                              [n=3] [100.0, 100.0, 100.0]
  monsterLevelGapFixer                           [n=3] [0, 5, 7]
  monsterRunSpeedCapMax                          500.0
  monsterRunSpeedCapMin                          [n=3] [20.0, 25.0, 30.0]
  monsterSleepAggressionFalloffRate              [n=3] [0.25, 0.25, 0.25]
  monsterSpellCastSpeedCapMax                    500.0
  monsterSpellCastSpeedCapMin                    [n=3] [20.0, 30.0, 40.0]
  newCharacterTime                               2.0
  numMonsterRaces                                18
  objectOutlineColor.A                           0.6000000238418579
  objectOutlineColor.B                           1.0
  objectOutlineColor.G                           0.5
  objectOutlineColor.R                           0.5
  offensiveAbilityDamageFxPak                    'records/fx/damagedefault/dmgdur_offensiveabilitydmg_chfxpak.dbr'
  offensiveReductionDamageFxPak                  'records/fx/damagedefault/dmgdur_offensivereduction_chfxpak.dbr'
  omPanicRate                                    250
  omPanicThreshold                               25000
  partialBlockStyle                              'records/ui/styles/text/style_floatingtext_combatplayerblock.dbr'
  pathSlowdownLength                             0.10000000149011612
  petAttributePak                                'records/game/balancingadjustment_mp+difficulty_pets01.dbr'
  petBlockStyle                                  'records/ui/styles/text/style_floatingtext_combatenemyblock.dbr'
  petCritStyle                                   'records/ui/styles/text/style_floatingtext_combatplayercritical.dbr'
  petDeflectStyle                                'records/ui/styles/text/style_floatingtext_combatplayerblock.dbr'
  petDodgeStyle                                  'records/ui/styles/text/style_floatingtext_combatplayerblock.dbr'
  petFumbleStyle                                 'records/ui/styles/text/style_floatingtext_combatplayermiss.dbr'
  petHitStyle                                    'records/ui/styles/text/style_floatingtext_combatplayerhit.dbr'
  petInvulnerableStyle                           'records/ui/styles/text/style_floatingtext_combatplayermiss.dbr'
  petMissStyle                                   'records/ui/styles/text/style_floatingtext_combatplayermiss.dbr'
  petPartialBlockStyle                           'records/ui/styles/text/style_floatingtext_combatplayerblock.dbr'
  petrifyDamageHandler                           'records/fx/damagedefault/dmgspecial_petrify_handler.dbr'
  physicalDamageFxPak                            'records/fx/damagedefault/dmgdur_trauma_chfxpak01.dbr'
  physicalReductionDamageFxPak                   'records/fx/damagedefault/dmgdur_physicaldmgreduction_chfxpak01.dbr'
  physicalResistReductionDamageFxPak             'records/fx/damagedefault/dmgdur_resreduction_chfxpak01.dbr'
  playerAttackSpeedCapMax                        200.0
  playerAttackSpeedCapMin                        20.0
  playerAttributePak                             'records/game/balancingadjustment_mp+difficulty_players01.dbr'
  playerDefenseCap                               [n=3] [80.0, 80.0, 80.0]
  playerPathSlowdownLength                       0.0
  playerReflectCap                               30.0
  playerRunSpeedCapMax                           135.0
  playerRunSpeedCapMin                           20.0
  playerSpellCastSpeedCapMax                     200.0
  playerSpellCastSpeedCapMin                     20.0
  poisonDamageFxPak                              'records/fx/damagedefault/dmgdur_poison_chfxpak.dbr'
  potionStackLimit                               100
  projectileFumbleDamageFxPak                    'records/fx/damagedefault/dmgdur_confusionranged_chfxpak01.dbr'
  proxyRecord                                    'records/game/gameproxies.dbr'
  pvpCrowdControlDurationMultiplier              0.4000000059604645
  pvpDamageMultiplier                            0.20000000298023224
  questItemStackLimit                            100
  questMonsterColor                              '{^p}'
  randomizerWeightsRecord                        'records/game/gamerandomizerweights.dbr'
  relicPickupStyle                               'records/ui/styles/text/style_special_relicpickup.dbr'
  rerollToken                                    'REROLL_UNLOCKED'
  runSpeedDamageFxPak                            'records/fx/damagedefault/dmgdur_slowspeed_chfxpak01.dbr'
  scriptEntryPoints                              'scripts/main.lua'
  scrollStackLimit                               100
  selectionBiasBaseMultiplier                    0.5
  selectionBiasBaseOffset                        0.5
  selectionBiasComparisonMultiplier              0.20000000298023224
  selectionBiasComparisonOffset                  0.15000000596046448
  selectionBiasLockOnMultiplier                  1.7999999523162842
  selectionBiasLockOnOffset                      1.899999976158142
  selectionBiasMouseDownOffset                   1.600000023841858
  selectionBiasVelocityMultiplier                0.5
  shortRange                                     4.75
  skillComboChargeAura                           [n=20] ['records/fx/skillsother/onslaught_charge01_fx.dbr', 'records/fx/skillsother/onslaught_charge02_fx.dbr', 'records/fx/skillsother/onslaught_charge03_fx.dbr', 'records/fx/skillsother/onslaught_charge04_fx.dbr', 'records/fx/skillsother/onslaught_charge05_fx.dbr', 'records/fx/skillsother/onslaught_charge06_fx.dbr', 'records/fx/skillsother/onslaught_charge07_fx.dbr', 'records/fx/skillsother/onslaught_charge08_fx.dbr', 'records/fx/skillsother/onslaught_charge09_fx.dbr', 'records/fx/skillsother/onslaught_charge10_fx.dbr', 'records/fx/skillsother/onslaught_charge10_fx.dbr', 'records/fx/skillsother/onslaught_charge10_fx.dbr', 'records/fx/skillsother/onslaught_charge10_fx.dbr', 'records/fx/skillsother/onslaught_charge10_fx.dbr', 'records/fx/skillsother/onslaught_charge10_fx.dbr', 'records/fx/skillsother/onslaught_charge10_fx.dbr', 'records/fx/skillsother/onslaught_charge10_fx.dbr', 'records/fx/skillsother/onslaught_charge10_fx.dbr', 'records/fx/skillsother/onslaught_charge10_fx.dbr', 'records/fx/skillsother/onslaught_charge10_fx.dbr']
  skillComboChargeMultipliers                    [n=40] [15.0, 30.0, 45.0, 60.0, 75.0, 90.0, 105.0, 120.0, 135.0, 150.0, 165.0, 180.0, 195.0, 210.0, 225.0, 240.0, 255.0, 270.0, 285.0, 300.0, 315.0, 330.0, 345.0, 360.0, 375.0, 390.0, 405.0, 420.0, 435.0, 450.0, 465.0, 480.0, 495.0, 510.0, 525.0, 540.0, 555.0, 570.0, 585.0, 600.0]
  skillComboChargeTime                           0.3499999940395355
  skillComboChargeTimeRanged                     0.25
  skillMasteryTierLevel                          [n=9] [1, 5, 10, 15, 20, 25, 32, 40, 50]
  skillPointGainStyle                            'records/ui/styles/text/style_floatingtext_rewardsfaction.dbr'
  sleepDamageFxPak                               'records/fx/damagedefault/dmgdur_sleep_chfxpak01.dbr'
  spellCastSpeedDamageFxPak                      'records/fx/damagedefault/dmgdur_elementaldmgreduction_chfxpak01.dbr'
  stunDamageFxPak                                'records/fx/damagedefault/dmgdur_stun_chfxpak01.dbr'
  survivalRecord                                 'records/game/survivalinfo.dbr'
  templateName                                   'database/templates/gameengine.tpl'
  tipsRecord                                     'records/game/gametips.dbr'
  totalDamageReductionDamageFxPak                'records/fx/damagedefault/dmgdur_dmgreduction_chfxpak01.dbr'
  totalResistReductionDamageFxPak                'records/fx/damagedefault/dmgdur_resreduction_chfxpak01.dbr'
  trapDamageFxPak                                'records/fx/damagedefault/dmgdur_trap_chfxpak01.dbr'
  ugCharacterHighlight                           0.10000000149011612

==============================================================================
=== records/game/combatformulas.dbr  IN database.arz  type=
==============================================================================
  combatRegionArmsChance                         12
  combatRegionFeetChance                         12
  combatRegionFullyProtectedChance               0
  combatRegionHeadChance                         15
  combatRegionLegsChance                         20
  combatRegionShouldersChance                    15
  combatRegionTorsoChance                        26
  combatRegionUnprotectedChance                  0
  criticalhitFxPak                               'records/fx/damagedefault/dmgspecial_criticalhit_fxpak01.dbr'
  defensiveAbilityEquation                       '(defensiveAbilityDV + (characterLevelDV * 12) + ((strengthDV + bonusDV) *0.5)) * (1 + (defensiveAbilityModifierDV / 100))+53'
  magicalDamageEquation                          'magicalDamageDV*((intelligenceDV/215)+1)'
  magicalDurationDamageEquation                  'magicalDamageDV*((intelligenceDV/200)+1)'
  meleeBlockEquation                             '(blockChanceDV + blockChanceModifierDV)'
  normalPTHEquation                              'probabilityToHitDV/70'
  offensiveAbilityEquation                       '(offensiveAbilityDV + (characterLevelDV * 12) + ((dexterityDV + bonusDV) *0.5)) * (1 + (offensiveAbilityModifierDV / 100))+53'
  physcialDamageDefenseEquationDLEP              'physicalDamageDV * (1 - sumAbsorptionDV)'
  physicalDamageBonus                            '0'
  physicalDamageDefenseEquationDGP               '(sumProtectionDV * (1 - sumAbsorptionDV)) + (physicalDamageDV - sumProtectionDV)'
  physicalDamageEquation                         '(physicalDamageDV*((dexterityDV/245)+1))'
  physicalDamagePercentage                       '(physicalDamageDV*((dexterityDV/245)+1))'
  physicalDurationDamageEquation                 '(physicalDamageDV*((dexterityDV/215)+1))'
  physicsStrengthEquation                        '(2*(damage/(maxLife*.3)))+4'
  physicsStrengthMax                             15.0
  physicsStrengthMin                             7.0
  pierceDamageEquation                           'pierceDamageDV*((dexterityDV/245)+1)'
  probabilityToHitEquation                       '((((offensiveAbilityDV/((defensiveAbilityDV/3.5)+offensiveAbilityDV))*300)*0.3)+(((((offensiveAbilityDV*3.25)+10000) - (defensiveAbilityDV*3.25))/100)*0.7))-50'
  projectileBlockEquation                        '(blockChanceDV + blockChanceModifierDV)'
  projectileCritFxPak                            'records/fx/damagedefault/dmgspecial_projectilecriticalhit_fxpak01.dbr'
  pthDamageModifier1                             1.0
  pthDamageModifier2                             1.100000023841858
  pthDamageModifier3                             1.2000000476837158
  pthDamageModifier4                             1.2999999523162842
  pthDamageModifier5                             1.399999976158142
  pthDamageModifier6                             1.5
  pthMinimum                                     55.0
  pthThreshold1                                  70.0
  pthThreshold2                                  90.0
  pthThreshold3                                  105.0
  pthThreshold4                                  120.0
  pthThreshold5                                  130.0
  pthThreshold6                                  135.0
  shieldDamageReductionEquationDGB               'damageDV - (shieldDefenseDV * (shieldAbsorptionDV / 100))'
  shieldDamageReductionEquationDLEB              'damageDV * ((100 - shieldAbsorptionDV) / 100 )'
  templateName                                   'database/templates/combatequations.tpl'
