### (a) RING-CLASS records across corpus (Class == Skill_AttackProjectileRing)
  [GDX2.arz    ] records/endlessdungeon/skills/nonplayerskillsgdx1/traps/chaostrap_chaosring.dbr
      desc=None n=14 rot=360.0 expRad=1.0 freeze@r4=None-None cold@r4=0.0 phys@r4=None
  [GDX2.arz    ] records/endlessdungeon/skills/nonplayerskillsgdx1/traps/firetrap_fireballnova.dbr
      desc=None n=16 rot=360.0 expRad=1.5 freeze@r4=None-None cold@r4=0.0 phys@r4=56.0
  [GDX2.arz    ] records/endlessdungeon/skills/nonplayerskillsgdx1/traps/poisontrap_groundspikes.dbr
      desc=None n=10 rot=360.0 expRad=2.0 freeze@r4=None-None cold@r4=None phys@r4=36.0
  [GDX2.arz    ] records/endlessdungeon/skills/shatteredbossskills/celestialinversenova.dbr
      desc=None n=9 rot=360.0 expRad=0.25 freeze@r4=None-None cold@r4=248.0 phys@r4=80.0
  [GDX2.arz    ] records/endlessdungeon/skills/shatteredbossskills/celestialinverseorbital.dbr
      desc=None n=4 rot=360.0 expRad=0.25 freeze@r4=None-None cold@r4=292.0 phys@r4=80.0
  [GDX2.arz    ] records/endlessdungeon/skills/special/witchgodguardian_sentinel_earthring.dbr
      desc=None n=6 rot=360.0 expRad=0.10000000149011612 freeze@r4=None-None cold@r4=0.0 phys@r4=104.0
  [GDX2.arz    ] records/sandbox/eric/skills/mummy_celestial_deathspikes.dbr
      desc=None n=10 rot=360.0 expRad=2.0 freeze@r4=None-None cold@r4=None phys@r4=52.0
  [GDX2.arz    ] records/sandbox/eric/skills/statue_celestial_coldstomp.dbr
      desc=None n=10 rot=360.0 expRad=1.5 freeze@r4=None-None cold@r4=0.0 phys@r4=0.0
  [database.arz] records/sandbox/jakub/skillsecondary_attackprojectilering.dbr
      desc=None n=8 rot=360.0 expRad=None freeze@r4=None-None cold@r4=0.0 phys@r4=None
  [database.arz] records/sandbox/jakub/witch_arcanemissilenova.dbr
      desc=None n=18 rot=360.0 expRad=0.5 freeze@r4=None-None cold@r4=None phys@r4=0.0
  [GDX2.arz    ] records/sandbox/test_fireinverseorbital.dbr
      desc=None n=6 rot=360.0 expRad=0.25 freeze@r4=None-None cold@r4=0.0 phys@r4=80.0
  [database.arz] records/skills/base_template skills/skill_attackprojectilering.dbr
      desc='Fires a set of projectiles within an angle range. Angle cannot be 180. Angle of 360 is a full circle while angles less than 180 make conal attacks' n=12 rot=360.0 expRad=None freeze@r4=None-None cold@r4=0.0 phys@r4=0.0
  [GDX1.arz    ] records/skills/base_template skills/skill_attackprojectilering.dbr
      desc='Fires a set of projectiles within an angle range. Angle cannot be 180. Angle of 360 is a full circle while angles less than 180 make conal attacks' n=12 rot=360.0 expRad=None freeze@r4=None-None cold@r4=0.0 phys@r4=0.0
  [database.arz] records/skills/devotion/tier1_02e_skill.dbr
      desc='Akeron Scorpion - Scorpion Sting' n=6 rot=360.0 expRad=0.10000000149011612 freeze@r4=None-None cold@r4=0.0 phys@r4=0.0
  [GDX1.arz    ] records/skills/devotion/tier1_02e_skill.dbr
      desc='Akeron Scorpion - Scorpion Sting' n=6 rot=360.0 expRad=0.10000000149011612 freeze@r4=None-None cold@r4=0.0 phys@r4=0.0
  [GDX2.arz    ] records/skills/devotion/tier1_02e_skill.dbr
      desc='Akeron Scorpion - Scorpion Sting' n=6 rot=360.0 expRad=0.10000000149011612 freeze@r4=None-None cold@r4=0.0 phys@r4=0.0
  [GDX3.arz    ] records/skills/devotion/tier1_02e_skill.dbr
      desc='Akeron Scorpion - Scorpion Sting' n=6 rot=360.0 expRad=0.10000000149011612 freeze@r4=None-None cold@r4=0.0 phys@r4=0.0
  [database.arz] records/skills/devotion/tier2_06g_skill.dbr
      desc='Assassin - Blade Burst' n=10 rot=360.0 expRad=None freeze@r4=None-None cold@r4=0.0 phys@r4=0.0
  [GDX1.arz    ] records/skills/devotion/tier2_06g_skill.dbr
      desc='Assassin - Blade Burst' n=10 rot=360.0 expRad=None freeze@r4=None-None cold@r4=0.0 phys@r4=0.0
  [GDX2.arz    ] records/skills/devotion/tier2_06g_skill.dbr
      desc='Assassin - Blade Burst' n=10 rot=360.0 expRad=None freeze@r4=None-None cold@r4=0.0 phys@r4=0.0
  [GDX3.arz    ] records/skills/devotion/tier2_06g_skill.dbr
      desc='Assassin - Blade Burst' n=10 rot=360.0 expRad=None freeze@r4=None-None cold@r4=0.0 phys@r4=0.0
  [GDX2.arz    ] records/skills/devotion/tier3_19e_skill.dbr
      desc="Korvaak - Korvaak's Eye " n=6 rot=360.0 expRad=1.0 freeze@r4=None-None cold@r4=0.0 phys@r4=None
  [GDX3.arz    ] records/skills/devotion/tier3_19e_skill.dbr
      desc="Korvaak - Korvaak's Eye " n=6 rot=360.0 expRad=1.0 freeze@r4=None-None cold@r4=0.0 phys@r4=None
  [database.arz] records/skills/itemskills/componentskills/compb_dreegsinfinitegaze_proc_01.dbr
      desc=None n=10 rot=360.0 expRad=0.5 freeze@r4=None-None cold@r4=0.0 phys@r4=None
  [database.arz] records/skills/itemskills/granted/item_hellfire.dbr
      desc=None n=8 rot=360.0 expRad=None freeze@r4=None-None cold@r4=0.0 phys@r4=None
  [GDX1.arz    ] records/skills/itemskills/granted/item_hellfire.dbr
      desc=None n=8 rot=360.0 expRad=None freeze@r4=None-None cold@r4=0.0 phys@r4=None
  [database.arz] records/skills/itemskills/item_chaosfireballnova_01.dbr
      desc='(epic) chaos + fire projectile nova' n=8 rot=360.0 expRad=1.5 freeze@r4=None-None cold@r4=0.0 phys@r4=0.0
  [GDX1.arz    ] records/skills/itemskills/item_chaosfireballnova_01.dbr
      desc='(epic) chaos + fire projectile nova' n=8 rot=360.0 expRad=1.5 freeze@r4=None-None cold@r4=0.0 phys@r4=0.0
  [database.arz] records/skills/itemskills/item_defensefreezeprojectilenova_01.dbr
      desc='Fires projectiles around caster freezing + low dmg' n=8 rot=360.0 expRad=1.0 freeze@r4=1.5-2.0999999046325684 cold@r4=23.0 phys@r4=0.0
  [GDX1.arz    ] records/skills/itemskills/item_defensefreezeprojectilenova_01.dbr
      desc='Fires projectiles around caster freezing + low dmg' n=8 rot=360.0 expRad=1.0 freeze@r4=1.5-2.0999999046325684 cold@r4=23.0 phys@r4=0.0
  [database.arz] records/skills/itemskills/item_fireballnova_01.dbr
      desc='fire projectile nova' n=8 rot=360.0 expRad=1.5 freeze@r4=None-None cold@r4=0.0 phys@r4=0.0
  [GDX1.arz    ] records/skills/itemskills/item_fireballnova_01.dbr
      desc='fire projectile nova' n=8 rot=360.0 expRad=1.5 freeze@r4=None-None cold@r4=0.0 phys@r4=0.0
  [database.arz] records/skills/itemskills/item_frigidring.dbr
      desc='Freeze projectile ring' n=12 rot=360.0 expRad=1.5 freeze@r4=1.0-3.0 cold@r4=50.0 phys@r4=0.0
  [GDX1.arz    ] records/skills/itemskills/item_frigidring.dbr
      desc='Freeze projectile ring' n=12 rot=360.0 expRad=1.5 freeze@r4=1.0-3.0 cold@r4=50.0 phys@r4=0.0
  [database.arz] records/skills/itemskills/item_lifeprojectilenova.dbr
      desc='leeching nova' n=12 rot=360.0 expRad=None freeze@r4=None-None cold@r4=0.0 phys@r4=0.0
  [GDX1.arz    ] records/skills/itemskills/item_lifeprojectilenova.dbr
      desc='leeching nova' n=12 rot=360.0 expRad=None freeze@r4=None-None cold@r4=0.0 phys@r4=0.0
  [database.arz] records/skills/itemskills/item_lightningorbnova.dbr
      desc=None n=12 rot=360.0 expRad=1.5 freeze@r4=None-None cold@r4=0.0 phys@r4=0.0
  [GDX1.arz    ] records/skills/itemskills/item_lightningorbnova.dbr
      desc=None n=12 rot=360.0 expRad=1.5 freeze@r4=None-None cold@r4=0.0 phys@r4=0.0
  [database.arz] records/skills/itemskills/item_poisonspinesnova_01.dbr
      desc='acid/poison projectile nova' n=8 rot=360.0 expRad=1.5 freeze@r4=None-None cold@r4=0.0 phys@r4=0.0
  [GDX1.arz    ] records/skills/itemskills/item_poisonspinesnova_01.dbr
      desc='acid/poison projectile nova' n=8 rot=360.0 expRad=1.5 freeze@r4=None-None cold@r4=0.0 phys@r4=0.0
  [database.arz] records/skills/itemskills/item_spinenova.dbr
      desc=None n=16 rot=360.0 expRad=1.5 freeze@r4=None-None cold@r4=0.0 phys@r4=None
  [GDX1.arz    ] records/skills/itemskills/item_spinenova.dbr
      desc=None n=16 rot=360.0 expRad=1.5 freeze@r4=None-None cold@r4=0.0 phys@r4=None
  [database.arz] records/skills/itemskills/legendary/item_alkamos_icespikenova.dbr
      desc=None n=6 rot=360.0 expRad=0.5 freeze@r4=1.0-None cold@r4=188.0 phys@r4=None
  [GDX1.arz    ] records/skills/itemskills/legendary/item_alkamos_icespikenova.dbr
      desc=None n=6 rot=360.0 expRad=0.5 freeze@r4=1.0-None cold@r4=188.0 phys@r4=None
  [database.arz] records/skills/itemskills/legendary/item_hellfire.dbr
      desc=None n=12 rot=360.0 expRad=None freeze@r4=None-None cold@r4=0.0 phys@r4=286.0
  [GDX1.arz    ] records/skills/itemskills/legendary/item_hellfire.dbr
      desc=None n=12 rot=360.0 expRad=None freeze@r4=None-None cold@r4=0.0 phys@r4=286.0
  [database.arz] records/skills/itemskills/legendary/item_icespikenova.dbr
      desc=None n=6 rot=360.0 expRad=0.5 freeze@r4=1.0-None cold@r4=188.0 phys@r4=None
  [GDX1.arz    ] records/skills/itemskills/legendary/item_icespikenova.dbr
      desc=None n=6 rot=360.0 expRad=0.5 freeze@r4=1.0-None cold@r4=188.0 phys@r4=None
  [database.arz] records/skills/itemskills/legendary/item_lightningorbnova.dbr
      desc=None n=12 rot=360.0 expRad=1.0 freeze@r4=None-None cold@r4=0.0 phys@r4=0.0
  [GDX1.arz    ] records/skills/itemskills/legendary/item_lightningorbnova.dbr
      desc=None n=12 rot=360.0 expRad=1.0 freeze@r4=None-None cold@r4=0.0 phys@r4=0.0
  [database.arz] records/skills/itemskills/pets/petskill_eyeofguardian_poisonspines.dbr
      desc=None n=16 rot=360.0 expRad=0.10000000149011612 freeze@r4=None-None cold@r4=0.0 phys@r4=None
  [GDX1.arz    ] records/skills/itemskills/pets/petskill_eyeofguardian_poisonspines.dbr
      desc=None n=16 rot=360.0 expRad=0.10000000149011612 freeze@r4=None-None cold@r4=0.0 phys@r4=None
  [database.arz] records/skills/itemskills/pets/petskill_revenant_fireballnova.dbr
      desc=None n=12 rot=360.0 expRad=1.7999999523162842 freeze@r4=None-None cold@r4=0.0 phys@r4=124.0
  [GDX1.arz    ] records/skills/itemskills/pets/petskill_revenant_fireballnova.dbr
      desc=None n=12 rot=360.0 expRad=1.7999999523162842 freeze@r4=None-None cold@r4=0.0 phys@r4=124.0
  [database.arz] records/skills/itemskills/relics/relic_calamity.dbr
      desc=None n=8 rot=360.0 expRad=1.0 freeze@r4=None-None cold@r4=0.0 phys@r4=55.0
  [database.arz] records/skills/itemskills/relics/relic_dreegspines.dbr
      desc=None n=15 rot=360.0 expRad=None freeze@r4=None-None cold@r4=0.0 phys@r4=0.0
  [GDX2.arz    ] records/skills/itemskills/relics/relic_dreegspines.dbr
      desc=None n=15 rot=360.0 expRad=None freeze@r4=None-None cold@r4=0.0 phys@r4=0.0
  [database.arz] records/skills/itemskills/relics/relic_judgement.dbr
      desc=None n=8 rot=360.0 expRad=None freeze@r4=None-None cold@r4=0.0 phys@r4=64.0
  [GDX1.arz    ] records/skills/itemskillsgdx1/aetherialcolossusnova.dbr
      desc=None n=6 rot=360.0 expRad=1.5 freeze@r4=None-None cold@r4=0.0 phys@r4=43.0
  [GDX1.arz    ] records/skills/itemskillsgdx1/pets/petskill_bloodskeleton_vitalityboltnova.dbr
      desc=None n=12 rot=360.0 expRad=1.5 freeze@r4=None-None cold@r4=0.0 phys@r4=None
  [GDX1.arz    ] records/skills/itemskillsgdx1/pets/petskill_ghostcrab_freezingspin.dbr
      desc=None n=8 rot=360.0 expRad=2.0 freeze@r4=1.0-None cold@r4=80.0 phys@r4=None
  [GDX2.arz    ] records/skills/itemskillsgdx2/korvaakascendedfireburst.dbr
      desc=None n=6 rot=360.0 expRad=2.0 freeze@r4=None-None cold@r4=None phys@r4=174.0
  [GDX2.arz    ] records/skills/itemskillsgdx2/legendary/korvaakvengeance.dbr
      desc=None n=6 rot=360.0 expRad=0.5 freeze@r4=None-None cold@r4=None phys@r4=None
  [GDX2.arz    ] records/skills/itemskillsgdx2/legendary/phantombladenova.dbr
      desc=None n=6 rot=360.0 expRad=0.5 freeze@r4=None-None cold@r4=0.0 phys@r4=None
  [GDX2.arz    ] records/skills/itemskillsgdx2/legendary/toxicnova.dbr
      desc=None n=6 rot=360.0 expRad=1.5 freeze@r4=None-None cold@r4=0.0 phys@r4=None
  [GDX2.arz    ] records/skills/itemskillsgdx2/poisonspinenova.dbr
      desc=None n=6 rot=360.0 expRad=0.10000000149011612 freeze@r4=None-None cold@r4=0.0 phys@r4=0.0
  [GDX3.arz    ] records/skills/itemskillsgdx3/aetherthornnova.dbr
      desc=None n=8 rot=360.0 expRad=None freeze@r4=None-None cold@r4=None phys@r4=None
  [GDX3.arz    ] records/skills/itemskillsgdx3/briarthornnova.dbr
      desc=None n=8 rot=360.0 expRad=None freeze@r4=None-None cold@r4=None phys@r4=None
  [GDX3.arz    ] records/skills/itemskillsgdx3/icethornnova.dbr
      desc=None n=8 rot=360.0 expRad=None freeze@r4=None-None cold@r4=276.0 phys@r4=None
  [GDX3.arz    ] records/skills/itemskillsgdx3/legendary/dreaddarkravine.dbr
      desc=None n=6 rot=360.0 expRad=None freeze@r4=None-None cold@r4=100.0 phys@r4=None
  [GDX3.arz    ] records/skills/itemskillsgdx3/legendary/hellscape.dbr
      desc=None n=4 rot=360.0 expRad=0.25 freeze@r4=None-None cold@r4=None phys@r4=None
  [GDX3.arz    ] records/skills/itemskillsgdx3/legendary/infinity.dbr
      desc=None n=4 rot=360.0 expRad=0.25 freeze@r4=None-None cold@r4=None phys@r4=None
  [GDX3.arz    ] records/skills/itemskillsgdx3/legendary/poisonglobule.dbr
      desc=None n=6 rot=360.0 expRad=2.200000047683716 freeze@r4=None-None cold@r4=0.0 phys@r4=None
  [GDX3.arz    ] records/skills/itemskillsgdx3/pets/petskill_revenant_fireballnova.dbr
      desc=None n=12 rot=360.0 expRad=1.7999999523162842 freeze@r4=None-None cold@r4=0.0 phys@r4=300.0
  [GDX3.arz    ] records/skills/itemskillsgdx3/relics/icespikering.dbr
      desc=None n=8 rot=360.0 expRad=None freeze@r4=None-None cold@r4=100.0 phys@r4=0.0
  [GDX3.arz    ] records/skills/itemskillsgdx3/set_voidring.dbr
      desc=None n=8 rot=360.0 expRad=0.10000000149011612 freeze@r4=None-None cold@r4=None phys@r4=None
  [database.arz] records/skills/nonplayerskills/attackprojectilering/aetherialphantom_synergyaetherboltnova.dbr
      desc=None n=8 rot=360.0 expRad=1.5 freeze@r4=None-None cold@r4=0.0 phys@r4=None
  [database.arz] records/skills/nonplayerskills/attackprojectilering/ghoul_vitalityprojectilenova.dbr
      desc='leeching nova' n=16 rot=360.0 expRad=None freeze@r4=None-None cold@r4=0.0 phys@r4=0.0
  [database.arz] records/skills/nonplayerskills/attackprojectilering/hellhound_witchgod_lightningorbnova.dbr
      desc='Lightning projectiles in wide angle' n=10 rot=360.0 expRad=None freeze@r4=None-None cold@r4=0.0 phys@r4=0.0
  [database.arz] records/skills/nonplayerskills/attackprojectilering/humanpossessed_aetherboltnova.dbr
      desc=None n=10 rot=360.0 expRad=1.5 freeze@r4=None-None cold@r4=0.0 phys@r4=None
  [database.arz] records/skills/nonplayerskills/attackprojectilering/mosquito_stingernova.dbr
      desc=None n=14 rot=360.0 expRad=None freeze@r4=None-None cold@r4=0.0 phys@r4=None
  [database.arz] records/skills/nonplayerskills/attackprojectilering/obsidiandefiler_chaosoverload.dbr
      desc=None n=8 rot=180.0 expRad=1.5 freeze@r4=None-None cold@r4=0.0 phys@r4=None
  [database.arz] records/skills/nonplayerskills/attackprojectilering/outlaw_aetherfireballnova.dbr
      desc=None n=10 rot=360.0 expRad=1.5 freeze@r4=None-None cold@r4=0.0 phys@r4=None
  [database.arz] records/skills/nonplayerskills/attackprojectilering/prawn_witchgod_poisonnova.dbr
      desc='projectile acid dmg nova' n=8 rot=360.0 expRad=None freeze@r4=None-None cold@r4=None phys@r4=37.0
  [database.arz] records/skills/nonplayerskills/attackprojectilering/prawncave_lightningorbnova.dbr
      desc='Lightning projectiles in wide angle' n=10 rot=360.0 expRad=None freeze@r4=None-None cold@r4=0.0 phys@r4=0.0
  [database.arz] records/skills/nonplayerskills/attackprojectilering/skeleton_fireballnova.dbr
      desc=None n=16 rot=360.0 expRad=1.5 freeze@r4=None-None cold@r4=0.0 phys@r4=92.0
  [database.arz] records/skills/nonplayerskills/attackprojectilering/slith_tidalorbnova.dbr
      desc='projectile poison dmg nova' n=14 rot=360.0 expRad=None freeze@r4=None-None cold@r4=None phys@r4=41.0
  [database.arz] records/skills/nonplayerskills/attackprojectilering/trap_chthonicshard_chaosnova.dbr
      desc=None n=14 rot=360.0 expRad=1.0 freeze@r4=None-None cold@r4=0.0 phys@r4=None
  [database.arz] records/skills/nonplayerskills/bossskills/aldritch_fireballnova.dbr
      desc=None n=16 rot=360.0 expRad=1.5 freeze@r4=None-None cold@r4=0.0 phys@r4=84.0
  [database.arz] records/skills/nonplayerskills/bossskills/aldritch_poisonnova.dbr
      desc='projectile poison dmg nova' n=12 rot=360.0 expRad=None freeze@r4=None-None cold@r4=None phys@r4=43.0
  [database.arz] records/skills/nonplayerskills/bossskills/aldritch_scepter_aetherboltnova.dbr
      desc=None n=8 rot=360.0 expRad=1.5 freeze@r4=None-None cold@r4=0.0 phys@r4=None
  [database.arz] records/skills/nonplayerskills/bossskills/banegargoth_fireballnovabarrage.dbr
      desc=None n=12 rot=360.0 expRad=1.5 freeze@r4=None-None cold@r4=0.0 phys@r4=None
  [database.arz] records/skills/nonplayerskills/bossskills/bloodbriar_bloodyspines.dbr
      desc=None n=16 rot=360.0 expRad=None freeze@r4=None-None cold@r4=0.0 phys@r4=61.0
  [database.arz] records/skills/nonplayerskills/bossskills/bonehunter_spinenova.dbr
      desc='Long Bleed and TS slow projectile nova' n=12 rot=360.0 expRad=None freeze@r4=None-None cold@r4=0.0 phys@r4=77.0
  [database.arz] records/skills/nonplayerskills/bossskills/bonerat_poisonprojectilenova.dbr
      desc='Projectile poison DoT aoe with DA/OA reduction' n=12 rot=360.0 expRad=None freeze@r4=None-None cold@r4=0.0 phys@r4=41.0
  [database.arz] records/skills/nonplayerskills/bossskills/cultist_chaosbarragenova.dbr
      desc='Launches chaos projectiles in wide angle with fragments' n=5 rot=360.0 expRad=1.0 freeze@r4=None-None cold@r4=0.0 phys@r4=40.0
  [database.arz] records/skills/nonplayerskills/bossskills/dermapteran_madqueen_groundspinesnova.dbr
      desc=None n=10 rot=360.0 expRad=None freeze@r4=None-None cold@r4=0.0 phys@r4=140.0
  [database.arz] records/skills/nonplayerskills/bossskills/direni_aetherfireballnova.dbr
      desc=None n=15 rot=360.0 expRad=1.5 freeze@r4=None-None cold@r4=0.0 phys@r4=None
  [database.arz] records/skills/nonplayerskills/bossskills/ghoul_harvoul_earthring.dbr
      desc=None n=8 rot=360.0 expRad=0.10000000149011612 freeze@r4=None-None cold@r4=0.0 phys@r4=150.0
  [database.arz] records/skills/nonplayerskills/bossskills/ghoul_nacrathan_leachnova.dbr
      desc='leeching nova' n=16 rot=360.0 expRad=None freeze@r4=None-None cold@r4=0.0 phys@r4=102.0
  [database.arz] records/skills/nonplayerskills/bossskills/golem_earthring.dbr
      desc=None n=8 rot=360.0 expRad=0.10000000149011612 freeze@r4=None-None cold@r4=0.0 phys@r4=231.0
  [database.arz] records/skills/nonplayerskills/bossskills/ilgorr_spikenova.dbr
      desc=None n=16 rot=360.0 expRad=None freeze@r4=None-None cold@r4=0.0 phys@r4=181.0
  [database.arz] records/skills/nonplayerskills/bossskills/kilrian_fireballvolley.dbr
      desc=None n=14 rot=360.0 expRad=1.5 freeze@r4=None-None cold@r4=0.0 phys@r4=102.0
  [database.arz] records/skills/nonplayerskills/bossskills/lagothak_bloodorbnova.dbr
      desc=None n=14 rot=360.0 expRad=None freeze@r4=None-None cold@r4=0.0 phys@r4=113.0
  [database.arz] records/skills/nonplayerskills/bossskills/loghorreantentacle_chaosboltnova.dbr
      desc=None n=12 rot=360.0 expRad=1.5 freeze@r4=None-None cold@r4=0.0 phys@r4=84.0
  [database.arz] records/skills/nonplayerskills/bossskills/loghorreantentacle_poisonboltnova.dbr
      desc=None n=12 rot=360.0 expRad=1.5 freeze@r4=None-None cold@r4=0.0 phys@r4=84.0
  [database.arz] records/skills/nonplayerskills/bossskills/nemesis/fabius_bladenova_proc.dbr
      desc=None n=16 rot=360.0 expRad=None freeze@r4=None-None cold@r4=0.0 phys@r4=None
  [database.arz] records/skills/nonplayerskills/bossskills/nemesis/icecrystal_frigidring.dbr
      desc='Freeze projectile ring' n=16 rot=360.0 expRad=2.0 freeze@r4=1.399999976158142-None cold@r4=131.0 phys@r4=0.0
  [database.arz] records/skills/nonplayerskills/bossskills/nemesis/mogdrogen_lightningorbnova.dbr
      desc=None n=21 rot=360.0 expRad=None freeze@r4=None-None cold@r4=0.0 phys@r4=0.0
  [database.arz] records/skills/nonplayerskills/bossskills/nemesis/valdaran_lightningorbnova.dbr
      desc=None n=21 rot=360.0 expRad=None freeze@r4=None-None cold@r4=0.0 phys@r4=0.0
  [database.arz] records/skills/nonplayerskills/bossskills/nemesis/zantarin_vitalitynovabarrage.dbr
      desc=None n=18 rot=360.0 expRad=None freeze@r4=None-None cold@r4=0.0 phys@r4=0.0
  [database.arz] records/skills/nonplayerskills/bossskills/pets/bladeswarm_skill_showerofblades.dbr
      desc='Explosion of blades cast on death' n=12 rot=360.0 expRad=None freeze@r4=None-None cold@r4=0.0 phys@r4=0.0
  [database.arz] records/skills/nonplayerskills/bossskills/pets/firewind_scorchedearth.dbr
      desc=None n=6 rot=360.0 expRad=None freeze@r4=None-None cold@r4=0.0 phys@r4=None
  [database.arz] records/skills/nonplayerskills/bossskills/primordian_frigidring.dbr
      desc='Freeze projectile ring' n=16 rot=360.0 expRad=1.5 freeze@r4=1.2999999523162842-1.7999999523162842 cold@r4=200.0 phys@r4=118.0
  [database.arz] records/skills/nonplayerskills/bossskills/rolderathis_icespike.dbr
      desc='Projectile nova attack' n=14 rot=360.0 expRad=None freeze@r4=None-None cold@r4=172.0 phys@r4=102.0
  [database.arz] records/skills/nonplayerskills/bossskills/special/clonefinal_vitalitynova.dbr
      desc='leeching nova' n=16 rot=360.0 expRad=None freeze@r4=None-None cold@r4=0.0 phys@r4=0.0
  [database.arz] records/skills/nonplayerskills/bossskills/special/clonelightning_lightningorbnova.dbr
      desc=None n=8 rot=360.0 expRad=None freeze@r4=None-None cold@r4=0.0 phys@r4=0.0
  [database.arz] records/skills/nonplayerskills/bossskills/special/rock_fireballnova.dbr
      desc=None n=16 rot=360.0 expRad=1.5 freeze@r4=None-None cold@r4=0.0 phys@r4=32.0
  [database.arz] records/skills/nonplayerskills/bossskills/special/rock_freezeprojectilenova_01.dbr
      desc='Fires projectiles around caster freezing + low dmg' n=8 rot=360.0 expRad=1.0 freeze@r4=1.5-2.0999999046325684 cold@r4=23.0 phys@r4=0.0
  [database.arz] records/skills/nonplayerskills/bossskills/swampking_poisonnova.dbr
      desc='projectile poison dmg nova' n=20 rot=360.0 expRad=None freeze@r4=None-None cold@r4=None phys@r4=78.0
  [database.arz] records/skills/nonplayerskills/bossskills/uroboruukguardian_chaosboltnova.dbr
      desc='Launches chaos projectiles in wide angle with fragments' n=18 rot=180.0 expRad=1.0 freeze@r4=None-None cold@r4=0.0 phys@r4=0.0
  [database.arz] records/skills/nonplayerskills/bossskills/viloth_poisonnova.dbr
      desc='projectile poison dmg nova' n=12 rot=360.0 expRad=None freeze@r4=None-None cold@r4=None phys@r4=94.0
  [database.arz] records/skills/nonplayerskills/bossskills/waspboss_lightningbarrage.dbr
      desc='Lightning projectiles in wide angle' n=12 rot=240.0 expRad=None freeze@r4=None-None cold@r4=0.0 phys@r4=87.0
  [database.arz] records/skills/nonplayerskills/bossskills/waspboss_lightningnova.dbr
      desc='lightning dmg projectile ring' n=18 rot=360.0 expRad=None freeze@r4=None-None cold@r4=0.0 phys@r4=87.0
  [database.arz] records/skills/nonplayerskills/bossskills/waspboss_poisonprojectilenova.dbr
      desc='Projectile poison DoT aoe with DA/OA reduction' n=12 rot=360.0 expRad=None freeze@r4=None-None cold@r4=0.0 phys@r4=87.0
  [database.arz] records/skills/nonplayerskills/bossskills/witchgodguardian_dreeg_poisonnova.dbr
      desc='projectile poison dmg nova' n=16 rot=360.0 expRad=None freeze@r4=None-None cold@r4=None phys@r4=102.0
  [database.arz] records/skills/nonplayerskills/bossskills/witchgodguardian_sentinel_earthring.dbr
      desc=None n=6 rot=360.0 expRad=0.10000000149011612 freeze@r4=None-None cold@r4=0.0 phys@r4=176.0
  [database.arz] records/skills/nonplayerskills/bossskills/wradlith_ghostlyfireballnova.dbr
      desc=None n=12 rot=360.0 expRad=1.75 freeze@r4=None-None cold@r4=187.0 phys@r4=92.0
  [database.arz] records/skills/nonplayerskills/bossskills/wradlith_ghostlyfireballnova_weaker.dbr
      desc=None n=12 rot=360.0 expRad=1.75 freeze@r4=None-None cold@r4=166.0 phys@r4=87.0
  [database.arz] records/skills/nonplayerskills/bossskills/wraithofsorrows_ghostlyfireballnova.dbr
      desc=None n=12 rot=360.0 expRad=1.75 freeze@r4=None-None cold@r4=158.0 phys@r4=0.0
  [database.arz] records/skills/nonplayerskills/bossskills/wraithofsorrows_vitalitynova.dbr
      desc='leeching nova' n=16 rot=360.0 expRad=None freeze@r4=None-None cold@r4=0.0 phys@r4=0.0
  [database.arz] records/skills/nonplayerskills/bossskills/zarthuzellan_fireballbarragenova.dbr
      desc=None n=16 rot=360.0 expRad=1.5 freeze@r4=None-None cold@r4=0.0 phys@r4=87.0
  [database.arz] records/skills/nonplayerskills/factionskills/necro_vitalitybolt_nova.dbr
      desc='leeching nova' n=16 rot=360.0 expRad=None freeze@r4=None-None cold@r4=0.0 phys@r4=0.0
  [database.arz] records/skills/nonplayerskills/factionskills/zealot_lightningorbnova.dbr
      desc='lightning dmg projectile ring' n=12 rot=360.0 expRad=None freeze@r4=None-None cold@r4=0.0 phys@r4=0.0
  [database.arz] records/skills/nonplayerskills/heroskills/aetherialphantom_aetherboltnova.dbr
      desc=None n=12 rot=360.0 expRad=1.5 freeze@r4=None-None cold@r4=0.0 phys@r4=None
  [database.arz] records/skills/nonplayerskills/heroskills/aetherialphantom_fireballnovabarrage.dbr
      desc=None n=8 rot=360.0 expRad=1.5 freeze@r4=None-None cold@r4=0.0 phys@r4=None
  [database.arz] records/skills/nonplayerskills/heroskills/aetheros_aetherballnova.dbr
      desc=None n=12 rot=360.0 expRad=1.5 freeze@r4=None-None cold@r4=0.0 phys@r4=66.0
  [database.arz] records/skills/nonplayerskills/heroskills/aldanar_vitalitynova.dbr
      desc='leeching nova' n=16 rot=360.0 expRad=None freeze@r4=None-None cold@r4=0.0 phys@r4=0.0
  [database.arz] records/skills/nonplayerskills/heroskills/almadeus_nullifyenergy.dbr
      desc='mana burn projectile ring with disrupt' n=12 rot=360.0 expRad=None freeze@r4=None-None cold@r4=0.0 phys@r4=0.0
  [database.arz] records/skills/nonplayerskills/heroskills/arbagol_fanofknives.dbr
      desc='projectile ring of knives causes bleed' n=15 rot=360.0 expRad=None freeze@r4=None-None cold@r4=0.0 phys@r4=0.0
  [database.arz] records/skills/nonplayerskills/heroskills/archetypes/electrified_lightningnova.dbr
      desc='lightning dmg projectile ring' n=18 rot=360.0 expRad=None freeze@r4=None-None cold@r4=0.0 phys@r4=0.0
  [database.arz] records/skills/nonplayerskills/heroskills/baldim_chaoswave.dbr
      desc='Fires chaos projectiles in tight angle' n=8 rot=90.0 expRad=1.5 freeze@r4=None-None cold@r4=0.0 phys@r4=0.0
  [database.arz] records/skills/nonplayerskills/heroskills/banezal_chaosburst.dbr
      desc='Fires chaos with leech dot projectiles in super wide angle' n=8 rot=210.0 expRad=None freeze@r4=None-None cold@r4=0.0 phys@r4=0.0
  [database.arz] records/skills/nonplayerskills/heroskills/bloodclaw_bloodyhook.dbr
      desc='heavy bleed projectile' n=6 rot=35.0 expRad=None freeze@r4=None-None cold@r4=0.0 phys@r4=0.0
  [database.arz] records/skills/nonplayerskills/heroskills/charrus_flamebarrage.dbr
      desc='fire projectile ring' n=16 rot=360.0 expRad=1.5 freeze@r4=None-None cold@r4=0.0 phys@r4=0.0
  [database.arz] records/skills/nonplayerskills/heroskills/crimsonbane_bloodspikes.dbr
      desc='projectile bleed nova' n=12 rot=360.0 expRad=None freeze@r4=None-None cold@r4=0.0 phys@r4=78.0
  [database.arz] records/skills/nonplayerskills/heroskills/elnarion_lightningvolley.dbr
      desc='Lightning projectile nova' n=18 rot=360.0 expRad=1.0 freeze@r4=None-None cold@r4=0.0 phys@r4=0.0
  [database.arz] records/skills/nonplayerskills/heroskills/glukrok_dreegsinfinitegaze.dbr
      desc=None n=10 rot=360.0 expRad=None freeze@r4=None-None cold@r4=0.0 phys@r4=111.0
  [database.arz] records/skills/nonplayerskills/heroskills/gornax_aetherburst.dbr
      desc='Wide aether dmg cone burst' n=16 rot=360.0 expRad=None freeze@r4=None-None cold@r4=0.0 phys@r4=0.0
  [database.arz] records/skills/nonplayerskills/heroskills/gravner_acidspit.dbr
      desc='Exploding acid projectile ring' n=16 rot=360.0 expRad=2.5 freeze@r4=None-None cold@r4=0.0 phys@r4=0.0
  [database.arz] records/skills/nonplayerskills/heroskills/igrixx_frigidring.dbr
      desc='Freeze projectile ring' n=16 rot=360.0 expRad=2.0 freeze@r4=0.800000011920929-None cold@r4=139.0 phys@r4=0.0
  [database.arz] records/skills/nonplayerskills/heroskills/jaron_lightningbarrage.dbr
      desc='Lightning projectiles in wide angle' n=12 rot=240.0 expRad=1.5 freeze@r4=None-None cold@r4=0.0 phys@r4=0.0
  [database.arz] records/skills/nonplayerskills/heroskills/maledictus_poisonprojectilenova.dbr
      desc='Projectile poison DoT aoe with DA/OA reduction' n=12 rot=360.0 expRad=None freeze@r4=None-None cold@r4=0.0 phys@r4=0.0
  [database.arz] records/skills/nonplayerskills/heroskills/pets/bladeswarm_skill_showerofblades.dbr
      desc='Explosion of blades cast on death' n=12 rot=360.0 expRad=None freeze@r4=None-None cold@r4=0.0 phys@r4=0.0
  [database.arz] records/skills/nonplayerskills/heroskills/razorback_spinethrower.dbr
      desc='fires spines in all directions dealing pierce damage' n=24 rot=360.0 expRad=None freeze@r4=None-None cold@r4=0.0 phys@r4=0.0
  [database.arz] records/skills/nonplayerskills/heroskills/triinix_entrapment.dbr
      desc='Fires dense projectiles in ring that apply trap and reduce DA' n=24 rot=360.0 expRad=None freeze@r4=None-None cold@r4=0.0 phys@r4=0.0
  [GDX1.arz    ] records/skills/nonplayerskillsgdx1/attackprojectilering/aetherialcolossus_aethernova.dbr
      desc=None n=10 rot=360.0 expRad=1.5 freeze@r4=None-None cold@r4=0.0 phys@r4=0.0
  [GDX1.arz    ] records/skills/nonplayerskillsgdx1/attackprojectilering/aetherialcolossus_burningnova.dbr
      desc=None n=10 rot=360.0 expRad=1.5 freeze@r4=None-None cold@r4=0.0 phys@r4=0.0
  [GDX1.arz    ] records/skills/nonplayerskillsgdx1/attackprojectilering/aetherialcolossus_stormnova.dbr
      desc=None n=10 rot=360.0 expRad=1.5 freeze@r4=None-None cold@r4=0.0 phys@r4=0.0
  [GDX1.arz    ] records/skills/nonplayerskillsgdx1/attackprojectilering/aetherialcorruption_poisonprojectilenova.dbr
      desc=None n=10 rot=360.0 expRad=None freeze@r4=None-None cold@r4=None phys@r4=0.0
  [GDX1.arz    ] records/skills/nonplayerskillsgdx1/attackprojectilering/chthonianrylok_chaoseruption.dbr
      desc=None n=10 rot=360.0 expRad=1.5 freeze@r4=None-None cold@r4=0.0 phys@r4=45.0
  [GDX1.arz    ] records/skills/nonplayerskillsgdx1/attackprojectilering/chthonianrylok_chaoseruptiondouble.dbr
      desc=None n=10 rot=360.0 expRad=1.5 freeze@r4=None-None cold@r4=0.0 phys@r4=45.0
  [GDX1.arz    ] records/skills/nonplayerskillsgdx1/attackprojectilering/chthonictrap_chaosnova.dbr
      desc=None n=14 rot=360.0 expRad=1.0 freeze@r4=None-None cold@r4=0.0 phys@r4=34.0
  [GDX1.arz    ] records/skills/nonplayerskillsgdx1/attackprojectilering/ghostcrab_freezingspin.dbr
      desc=None n=10 rot=360.0 expRad=2.0 freeze@r4=None-None cold@r4=48.0 phys@r4=49.0
  [GDX1.arz    ] records/skills/nonplayerskillsgdx1/attackprojectilering/humanascendant_elementalboltnova.dbr
      desc=None n=10 rot=360.0 expRad=1.5 freeze@r4=None-None cold@r4=0.0 phys@r4=None
  [GDX1.arz    ] records/skills/nonplayerskillsgdx1/attackprojectilering/humanascendant_frostboltnova.dbr
      desc=None n=12 rot=360.0 expRad=1.5 freeze@r4=None-None cold@r4=83.0 phys@r4=0.0
  [GDX1.arz    ] records/skills/nonplayerskillsgdx1/attackprojectilering/humanascendant_lightningorbnova.dbr
      desc='Lightning projectiles in wide angle' n=8 rot=360.0 expRad=None freeze@r4=None-None cold@r4=0.0 phys@r4=0.0
  [GDX1.arz    ] records/skills/nonplayerskillsgdx1/attackprojectilering/livingplant_deathblossom.dbr
      desc=None n=15 rot=360.0 expRad=2.0 freeze@r4=None-None cold@r4=None phys@r4=61.0
  [GDX1.arz    ] records/skills/nonplayerskillsgdx1/attackprojectilering/swampgolem_vinenova.dbr
      desc=None n=10 rot=360.0 expRad=2.0 freeze@r4=None-None cold@r4=None phys@r4=52.0
  [GDX1.arz    ] records/skills/nonplayerskillsgdx1/bossskills/ancientgrove/gargabolp1_poisonprojectilenova.dbr
      desc=None n=12 rot=360.0 expRad=None freeze@r4=None-None cold@r4=None phys@r4=140.0
  [GDX1.arz    ] records/skills/nonplayerskillsgdx1/bossskills/ancientgrove/slathsarr_aetherburstroar.dbr
      desc=None n=10 rot=360.0 expRad=2.5 freeze@r4=None-None cold@r4=0.0 phys@r4=46.0
  [GDX1.arz    ] records/skills/nonplayerskillsgdx1/bossskills/ancientgrove/swampcrabroguelike_burningspin.dbr
      desc=None n=10 rot=360.0 expRad=2.0 freeze@r4=None-None cold@r4=None phys@r4=65.0
  [GDX1.arz    ] records/skills/nonplayerskillsgdx1/bossskills/avris_bloodorbnova.dbr
      desc=None n=12 rot=360.0 expRad=1.5 freeze@r4=None-None cold@r4=None phys@r4=106.0
  [GDX1.arz    ] records/skills/nonplayerskillsgdx1/bossskills/bargoll_poisonprojectilenova.dbr
      desc=None n=12 rot=360.0 expRad=None freeze@r4=None-None cold@r4=None phys@r4=148.0
  [GDX1.arz    ] records/skills/nonplayerskillsgdx1/bossskills/carraxus_poisonprojectilenova.dbr
      desc=None n=12 rot=360.0 expRad=None freeze@r4=None-None cold@r4=None phys@r4=122.0
  [GDX1.arz    ] records/skills/nonplayerskillsgdx1/bossskills/dralgar_aethernova.dbr
      desc=None n=10 rot=360.0 expRad=1.5 freeze@r4=None-None cold@r4=0.0 phys@r4=68.0
  [GDX1.arz    ] records/skills/nonplayerskillsgdx1/bossskills/dravisminion_fireballnova.dbr
      desc=None n=16 rot=360.0 expRad=1.5 freeze@r4=None-None cold@r4=0.0 phys@r4=56.0
  [GDX1.arz    ] records/skills/nonplayerskillsgdx1/bossskills/ekketzul_obsidianspineslam.dbr
      desc=None n=8 rot=360.0 expRad=0.10000000149011612 freeze@r4=None-None cold@r4=0.0 phys@r4=107.0
  [GDX1.arz    ] records/skills/nonplayerskillsgdx1/bossskills/fleshshaperharaxis_aetherboltnova.dbr
      desc=None n=8 rot=360.0 expRad=None freeze@r4=None-None cold@r4=None phys@r4=78.0
  [GDX1.arz    ] records/skills/nonplayerskillsgdx1/bossskills/gabbalthunn_chaoseruptiondouble.dbr
      desc=None n=10 rot=360.0 expRad=1.5 freeze@r4=None-None cold@r4=0.0 phys@r4=88.0
  [GDX1.arz    ] records/skills/nonplayerskillsgdx1/bossskills/gatekeeper_retaliation_aethergrenades.dbr
      desc=None n=5 rot=360.0 expRad=1.5 freeze@r4=None-None cold@r4=0.0 phys@r4=90.0
  [GDX1.arz    ] records/skills/nonplayerskillsgdx1/bossskills/malmouthcouncil_stormboltnova.dbr
      desc=None n=12 rot=360.0 expRad=1.5 freeze@r4=None-None cold@r4=0.0 phys@r4=None
  [GDX1.arz    ] records/skills/nonplayerskillsgdx1/bossskills/mindthief_frostboltnova.dbr
      desc='Freeze projectile ring' n=10 rot=360.0 expRad=1.5 freeze@r4=1.0-1.399999976158142 cold@r4=220.0 phys@r4=114.0
  [GDX1.arz    ] records/skills/nonplayerskillsgdx1/bossskills/mindthief_icegrenadechannel.dbr
      desc=None n=12 rot=360.0 expRad=1.5 freeze@r4=None-None cold@r4=186.0 phys@r4=87.0
  [GDX1.arz    ] records/skills/nonplayerskillsgdx1/bossskills/naxen_aetherboltnovasecondary.dbr
      desc=None n=8 rot=360.0 expRad=1.5 freeze@r4=None-None cold@r4=0.0 phys@r4=114.0
  [GDX1.arz    ] records/skills/nonplayerskillsgdx1/bossskills/nemesis/aetherialvanguard_aethermissileinversenova.dbr
      desc=None n=16 rot=360.0 expRad=0.5 freeze@r4=None-None cold@r4=None phys@r4=0.0
  [GDX1.arz    ] records/skills/nonplayerskillsgdx1/bossskills/nemesis/aetherialvanguard_arcanemissilenova.dbr
      desc=None n=18 rot=360.0 expRad=0.5 freeze@r4=None-None cold@r4=None phys@r4=0.0
  [GDX1.arz    ] records/skills/nonplayerskillsgdx1/bossskills/nemesis/ravagerminds_earthnova.dbr
      desc=None n=13 rot=360.0 expRad=1.0 freeze@r4=None-None cold@r4=None phys@r4=186.0
  [GDX1.arz    ] records/skills/nonplayerskillsgdx1/bossskills/nemesis/wendigo_necroticnovaboomerang.dbr
      desc=None n=16 rot=360.0 expRad=None freeze@r4=None-None cold@r4=None phys@r4=None
  [GDX1.arz    ] records/skills/nonplayerskillsgdx1/bossskills/nemesis/wendigo_necroticnovainverse.dbr
      desc=None n=12 rot=360.0 expRad=None freeze@r4=None-None cold@r4=None phys@r4=None
  [GDX1.arz    ] records/skills/nonplayerskillsgdx1/bossskills/packla_bonespines.dbr
      desc=None n=10 rot=360.0 expRad=2.0 freeze@r4=None-None cold@r4=None phys@r4=61.0
  [GDX1.arz    ] records/skills/nonplayerskillsgdx1/bossskills/pets/firewind_scorchedearth.dbr
      desc=None n=6 rot=360.0 expRad=None freeze@r4=None-None cold@r4=0.0 phys@r4=None
  [GDX1.arz    ] records/skills/nonplayerskillsgdx1/bossskills/pets/fleshshaper_spirit_synergyaetherboltnova.dbr
      desc=None n=8 rot=360.0 expRad=1.5 freeze@r4=None-None cold@r4=0.0 phys@r4=None
  [GDX1.arz    ] records/skills/nonplayerskillsgdx1/bossskills/special/clonefinal_vitalitynova.dbr
      desc='leeching nova' n=16 rot=360.0 expRad=None freeze@r4=None-None cold@r4=0.0 phys@r4=0.0
  [GDX1.arz    ] records/skills/nonplayerskillsgdx1/bossskills/special/firewind_scorchedearth.dbr
      desc=None n=6 rot=360.0 expRad=None freeze@r4=None-None cold@r4=0.0 phys@r4=None
  [GDX1.arz    ] records/skills/nonplayerskillsgdx1/bossskills/special/rock_fireballnova.dbr
      desc=None n=16 rot=360.0 expRad=1.5 freeze@r4=None-None cold@r4=0.0 phys@r4=96.0
  [GDX1.arz    ] records/skills/nonplayerskillsgdx1/bossskills/special/rock_freezeprojectilenova_01.dbr
      desc='Fires projectiles around caster freezing + low dmg' n=8 rot=360.0 expRad=1.0 freeze@r4=1.0-1.100000023841858 cold@r4=151.0 phys@r4=0.0
  [GDX1.arz    ] records/skills/nonplayerskillsgdx1/bossskills/special/special_scorchedearth_secondary.dbr
      desc=None n=6 rot=360.0 expRad=None freeze@r4=None-None cold@r4=0.0 phys@r4=None
  [GDX1.arz    ] records/skills/nonplayerskillsgdx1/bossskills/stonebasilisk_acidprojectilenova.dbr
      desc=None n=15 rot=360.0 expRad=None freeze@r4=None-None cold@r4=None phys@r4=122.0
  [GDX1.arz    ] records/skills/nonplayerskillsgdx1/bossskills/terrnox_inverseicespikenova.dbr
      desc='Freeze projectile ring' n=8 rot=360.0 expRad=1.5 freeze@r4=1.0-1.399999976158142 cold@r4=188.0 phys@r4=83.0
  [GDX1.arz    ] records/skills/nonplayerskillsgdx1/bossskills/ugdall_reversenecroticnova.dbr
      desc=None n=10 rot=360.0 expRad=None freeze@r4=None-None cold@r4=76.0 phys@r4=None
  [GDX1.arz    ] records/skills/nonplayerskillsgdx1/bossskills/wardwraith_vitalitynova.dbr
      desc='leeching nova' n=16 rot=360.0 expRad=None freeze@r4=None-None cold@r4=0.0 phys@r4=0.0
  [GDX1.arz    ] records/skills/nonplayerskillsgdx1/bossskills/wendigoaether_aetherboltnova.dbr
      desc=None n=12 rot=360.0 expRad=1.5 freeze@r4=None-None cold@r4=0.0 phys@r4=102.0
  [GDX1.arz    ] records/skills/nonplayerskillsgdx1/bossskills/witch_arcanemissilenova.dbr
      desc=None n=18 rot=270.0 expRad=0.5 freeze@r4=None-None cold@r4=None phys@r4=105.0
  [GDX1.arz    ] records/skills/nonplayerskillsgdx1/bossskills/witch_necroticprojectilenova.dbr
      desc=None n=16 rot=360.0 expRad=0.5 freeze@r4=None-None cold@r4=None phys@r4=105.0
  [GDX1.arz    ] records/skills/nonplayerskillsgdx1/heroskills/spinenova.dbr
      desc=None n=12 rot=360.0 expRad=None freeze@r4=None-None cold@r4=0.0 phys@r4=None
  [GDX1.arz    ] records/skills/nonplayerskillsgdx1/quest/obeliskscripted_flamewave.dbr
      desc=None n=21 rot=360.0 expRad=None freeze@r4=None-None cold@r4=0.0 phys@r4=None
  [GDX2.arz    ] records/skills/nonplayerskillsgdx2/attackprojectilering/gargoyle_chillingblazenova.dbr
      desc=None n=10 rot=360.0 expRad=1.5 freeze@r4=None-None cold@r4=80.0 phys@r4=0.0
  [GDX2.arz    ] records/skills/nonplayerskillsgdx2/attackprojectilering/korvaakascended_firegrenadenova.dbr
      desc=None n=15 rot=360.0 expRad=2.0 freeze@r4=None-None cold@r4=None phys@r4=55.0
  [GDX2.arz    ] records/skills/nonplayerskillsgdx2/attackprojectilering/korvaakascended_lightninggrenadenova.dbr
      desc=None n=15 rot=360.0 expRad=2.0 freeze@r4=None-None cold@r4=None phys@r4=55.0
  [GDX2.arz    ] records/skills/nonplayerskillsgdx2/attackprojectilering/korvaakhuman_elementalboltnova.dbr
      desc=None n=10 rot=360.0 expRad=1.5 freeze@r4=None-None cold@r4=0.0 phys@r4=None
  [GDX2.arz    ] records/skills/nonplayerskillsgdx2/attackprojectilering/scorpion_groundspikes.dbr
      desc=None n=10 rot=360.0 expRad=2.0 freeze@r4=None-None cold@r4=None phys@r4=47.0
  [GDX2.arz    ] records/skills/nonplayerskillsgdx2/attackprojectilering/statue_eldritchstomp.dbr
      desc=None n=10 rot=360.0 expRad=1.5 freeze@r4=None-None cold@r4=0.0 phys@r4=0.0
  [GDX2.arz    ] records/skills/nonplayerskillsgdx2/bossskills/boundspirits_boomerangsummon.dbr
      desc='360 boomerang projectile + Summon Ghosts' n=8 rot=360.0 expRad=None freeze@r4=None-None cold@r4=217.0 phys@r4=111.0
  [GDX2.arz    ] records/skills/nonplayerskillsgdx2/bossskills/boundspirits_icegrenadechannel.dbr
      desc=None n=12 rot=360.0 expRad=1.5 freeze@r4=None-None cold@r4=209.0 phys@r4=117.0
  [GDX2.arz    ] records/skills/nonplayerskillsgdx2/bossskills/boundspirits_inverseicenovadebuff.dbr
      desc='Freeze projectile inverse ring' n=6 rot=360.0 expRad=1.5 freeze@r4=1.0-1.399999976158142 cold@r4=182.0 phys@r4=81.0
  [GDX2.arz    ] records/skills/nonplayerskillsgdx2/bossskills/duskreaper_boomerangorbs.dbr
      desc=None n=10 rot=360.0 expRad=2.0 freeze@r4=None-None cold@r4=None phys@r4=80.0
  [GDX2.arz    ] records/skills/nonplayerskillsgdx2/bossskills/final/p1_gazeofkorvaak.dbr
      desc=None n=6 rot=360.0 expRad=0.25 freeze@r4=None-None cold@r4=0.0 phys@r4=102.0
  [GDX2.arz    ] records/skills/nonplayerskillsgdx2/bossskills/final/p3_gazeofkorvaak.dbr
      desc=None n=8 rot=360.0 expRad=0.25 freeze@r4=None-None cold@r4=0.0 phys@r4=102.0
  [GDX2.arz    ] records/skills/nonplayerskillsgdx2/bossskills/grimmaw_icespikeroar.dbr
      desc=None n=12 rot=360.0 expRad=1.5 freeze@r4=0.6000000238418579-None cold@r4=172.0 phys@r4=82.0
  [GDX2.arz    ] records/skills/nonplayerskillsgdx2/bossskills/guardianofrahn_chaossparkstomp.dbr
      desc=None n=10 rot=360.0 expRad=1.5 freeze@r4=None-None cold@r4=0.0 phys@r4=0.0
  [GDX2.arz    ] records/skills/nonplayerskillsgdx2/bossskills/guardianofrahn_inversenovasecondary.dbr
      desc=None n=9 rot=360.0 expRad=2.0 freeze@r4=None-None cold@r4=None phys@r4=68.0
  [GDX2.arz    ] records/skills/nonplayerskillsgdx2/bossskills/ketanthunn_chaossparks.dbr
      desc=None n=10 rot=360.0 expRad=1.5 freeze@r4=None-None cold@r4=0.0 phys@r4=88.0
  [GDX2.arz    ] records/skills/nonplayerskillsgdx2/bossskills/korvaaklieutenant_01_inverseflamenova.dbr
      desc='Flame projectile ring' n=8 rot=360.0 expRad=1.5 freeze@r4=None-None cold@r4=None phys@r4=99.0
  [GDX2.arz    ] records/skills/nonplayerskillsgdx2/bossskills/korvaaklieutenant_02_boomerangvolcano.dbr
      desc='360 boomerang projectile + Create Volcano' n=8 rot=360.0 expRad=None freeze@r4=None-None cold@r4=None phys@r4=107.0
  [GDX2.arz    ] records/skills/nonplayerskillsgdx2/bossskills/madwitch_inversespikenovaimapale.dbr
      desc=None n=6 rot=360.0 expRad=1.5 freeze@r4=None-None cold@r4=None phys@r4=92.0
  [GDX2.arz    ] records/skills/nonplayerskillsgdx2/bossskills/nemesis/eldritch_eldritchinvesespark_secondary.dbr
      desc=None n=9 rot=360.0 expRad=1.0 freeze@r4=None-None cold@r4=0.0 phys@r4=None
  [GDX2.arz    ] records/skills/nonplayerskillsgdx2/bossskills/nemesis/eldritch_lightningorbital_secondary.dbr
      desc=None n=2 rot=360.0 expRad=0.25 freeze@r4=None-None cold@r4=0.0 phys@r4=80.0
  [GDX2.arz    ] records/skills/nonplayerskillsgdx2/bossskills/nemesis/eldritchshardskill_inversenova.dbr
      desc=None n=8 rot=360.0 expRad=1.0 freeze@r4=None-None cold@r4=0.0 phys@r4=None
  [GDX2.arz    ] records/skills/nonplayerskillsgdx2/bossskills/nemesis/sandscion_sandslam.dbr
      desc=None n=10 rot=360.0 expRad=1.5 freeze@r4=None-None cold@r4=0.0 phys@r4=154.0
  [GDX2.arz    ] records/skills/nonplayerskillsgdx2/bossskills/onarixeldritch_leap_novasecondary.dbr
      desc=None n=10 rot=360.0 expRad=0.5 freeze@r4=None-None cold@r4=None phys@r4=None
  [GDX2.arz    ] records/skills/nonplayerskillsgdx2/bossskills/outlaw_aetherboltnova.dbr
      desc=None n=8 rot=360.0 expRad=None freeze@r4=None-None cold@r4=None phys@r4=65.0
  [GDX2.arz    ] records/skills/nonplayerskillsgdx2/bossskills/roguelike/beetle_poisonfumeshake.dbr
      desc=None n=8 rot=350.0 expRad=2.0 freeze@r4=None-None cold@r4=None phys@r4=61.0
  [GDX2.arz    ] records/skills/nonplayerskillsgdx2/bossskills/roguelike/magi_acidorbwhirlwind.dbr
      desc=None n=6 rot=350.0 expRad=1.5 freeze@r4=None-None cold@r4=0.0 phys@r4=105.0
  [GDX2.arz    ] records/skills/nonplayerskillsgdx2/bossskills/roguelike/magi_chaossparkwhirlwind.dbr
      desc=None n=5 rot=350.0 expRad=1.5 freeze@r4=None-None cold@r4=0.0 phys@r4=105.0
  [GDX2.arz    ] records/skills/nonplayerskillsgdx2/bossskills/roguelike/statue_coldstomp.dbr
      desc=None n=10 rot=360.0 expRad=1.5 freeze@r4=None-None cold@r4=202.0 phys@r4=0.0
  [GDX2.arz    ] records/skills/nonplayerskillsgdx2/bossskills/roguelike/yugoltentacle_nightmissilenova.dbr
      desc=None n=12 rot=360.0 expRad=1.0 freeze@r4=None-None cold@r4=111.0 phys@r4=None
  [GDX2.arz    ] records/skills/nonplayerskillsgdx2/bossskills/sandking_groundspinesboomerangnova.dbr
      desc=None n=12 rot=360.0 expRad=2.0 freeze@r4=None-None cold@r4=None phys@r4=102.0
  [GDX2.arz    ] records/skills/nonplayerskillsgdx2/bossskills/scarablightning_lightningsparksecondary.dbr
      desc=None n=5 rot=350.0 expRad=None freeze@r4=None-None cold@r4=None phys@r4=87.0
  [GDX2.arz    ] records/skills/nonplayerskillsgdx2/bossskills/scarabmaggot_poisonfumeshake.dbr
      desc=None n=8 rot=350.0 expRad=2.0 freeze@r4=None-None cold@r4=None phys@r4=87.0
  [GDX2.arz    ] records/skills/nonplayerskillsgdx2/bossskills/skeletalknight_arkoviaruins_chaossparks.dbr
      desc=None n=10 rot=360.0 expRad=1.5 freeze@r4=None-None cold@r4=0.0 phys@r4=88.0
  [GDX2.arz    ] records/skills/nonplayerskillsgdx2/bossskills/special/rock_fireballnova.dbr
      desc=None n=16 rot=360.0 expRad=1.5 freeze@r4=None-None cold@r4=0.0 phys@r4=96.0
  [GDX2.arz    ] records/skills/nonplayerskillsgdx2/bossskills/special/rock_freezeprojectilenova_01.dbr
      desc='Fires projectiles around caster freezing + low dmg' n=8 rot=360.0 expRad=1.0 freeze@r4=0.30000001192092896-0.4000000059604645 cold@r4=151.0 phys@r4=0.0
  [GDX2.arz    ] records/skills/nonplayerskillsgdx2/bossskills/special/special_sparkwhirlwind.dbr
      desc=None n=4 rot=360.0 expRad=1.5 freeze@r4=None-None cold@r4=0.0 phys@r4=78.0
  [GDX2.arz    ] records/skills/nonplayerskillsgdx2/bossskills/statueminiboss_eldritchstomp.dbr
      desc=None n=10 rot=360.0 expRad=1.5 freeze@r4=None-None cold@r4=0.0 phys@r4=80.0
  [GDX2.arz    ] records/skills/nonplayerskillsgdx2/bossskills/witchusurper_poisoncloud.dbr
      desc=None n=16 rot=360.0 expRad=2.0 freeze@r4=None-None cold@r4=None phys@r4=73.0
  [GDX2.arz    ] records/skills/nonplayerskillsgdx2/factionskills/dreeg_eyeofdreegnova.dbr
      desc=None n=10 rot=360.0 expRad=0.5 freeze@r4=None-None cold@r4=0.0 phys@r4=None
  [GDX2.arz    ] records/skills/nonplayerskillsgdx2/heroskills/bloodspinenova.dbr
      desc=None n=12 rot=360.0 expRad=None freeze@r4=None-None cold@r4=0.0 phys@r4=None
  [GDX2.arz    ] records/skills/nonplayerskillsgdx2/roguelike/mummy_celestial_icespikes_deathradius.dbr
      desc=None n=10 rot=360.0 expRad=2.0 freeze@r4=None-None cold@r4=43.0 phys@r4=52.0
  [GDX2.arz    ] records/skills/nonplayerskillsgdx2/roguelike/statue_celestial_coldstomp.dbr
      desc=None n=10 rot=360.0 expRad=1.5 freeze@r4=None-None cold@r4=159.0 phys@r4=0.0
  [GDX3.arz    ] records/skills/nonplayerskillsgdx3/attackprojectilering/avian_channeldestruction.dbr
      desc=None n=3 rot=360.0 expRad=2.0 freeze@r4=None-None cold@r4=None phys@r4=50.0
  [GDX3.arz    ] records/skills/nonplayerskillsgdx3/attackprojectilering/avian_destruction orb.dbr
      desc=None n=2 rot=360.0 expRad=2.0 freeze@r4=None-None cold@r4=None phys@r4=50.0
  [GDX3.arz    ] records/skills/nonplayerskillsgdx3/attackprojectilering/kurn_chaosprojectilenova.dbr
      desc=None n=12 rot=360.0 expRad=1.5 freeze@r4=None-None cold@r4=0.0 phys@r4=72.0
  [GDX3.arz    ] records/skills/nonplayerskillsgdx3/attackprojectilering/rok_voideruption.dbr
      desc=None n=12 rot=350.0 expRad=1.0 freeze@r4=None-None cold@r4=None phys@r4=72.0
  [GDX3.arz    ] records/skills/nonplayerskillsgdx3/attackprojectilering/skeletonfrost_freezespikenova.dbr
      desc=None n=16 rot=360.0 expRad=1.5 freeze@r4=1.600000023841858-None cold@r4=72.0 phys@r4=32.0
  [GDX3.arz    ] records/skills/nonplayerskillsgdx3/attackprojectilering/yetidire_icespikenova.dbr
      desc='AttackProjectileRing - Phys + Cold dmg + Cold DOT' n=12 rot=360.0 expRad=1.5 freeze@r4=None-None cold@r4=91.0 phys@r4=76.0
  [GDX3.arz    ] records/skills/nonplayerskillsgdx3/attackradius/rok_voiddive_secondary.dbr
      desc=None n=9 rot=350.0 expRad=1.0 freeze@r4=None-None cold@r4=None phys@r4=76.0
  [GDX3.arz    ] records/skills/nonplayerskillsgdx3/bossskills/bandit_oldwounds_evileye.dbr
      desc=None n=9 rot=350.0 expRad=0.5 freeze@r4=None-None cold@r4=0.0 phys@r4=152.0
  [GDX3.arz    ] records/skills/nonplayerskillsgdx3/bossskills/blacklodgeguardian_celestialinversenova.dbr
      desc=None n=4 rot=350.0 expRad=0.25 freeze@r4=None-None cold@r4=332.0 phys@r4=100.0
  [GDX3.arz    ] records/skills/nonplayerskillsgdx3/bossskills/bonegrinder_groundpound.dbr
      desc=None n=8 rot=360.0 expRad=None freeze@r4=None-None cold@r4=201.0 phys@r4=137.0
  [GDX3.arz    ] records/skills/nonplayerskillsgdx3/bossskills/chthonickurnlieutenant_chaosprojectilenova.dbr
      desc=None n=12 rot=360.0 expRad=1.5 freeze@r4=None-None cold@r4=0.0 phys@r4=141.0
  [GDX3.arz    ] records/skills/nonplayerskillsgdx3/bossskills/garmr_groundpound.dbr
      desc=None n=8 rot=360.0 expRad=None freeze@r4=0.5-None cold@r4=180.0 phys@r4=124.0
  [GDX3.arz    ] records/skills/nonplayerskillsgdx3/bossskills/gianttempesttotem_embernova.dbr
      desc=None n=16 rot=360.0 expRad=1.0 freeze@r4=None-None cold@r4=None phys@r4=118.0
  [GDX3.arz    ] records/skills/nonplayerskillsgdx3/bossskills/gianttempesttotem_froststomp.dbr
      desc=None n=9 rot=360.0 expRad=None freeze@r4=0.5-None cold@r4=180.0 phys@r4=124.0
  [GDX3.arz    ] records/skills/nonplayerskillsgdx3/bossskills/nemesis/eldritch2_eldritcheyesnova.dbr
      desc=None n=8 rot=350.0 expRad=0.25 freeze@r4=None-None cold@r4=0.0 phys@r4=66.0
  [GDX3.arz    ] records/skills/nonplayerskillsgdx3/bossskills/nemesis/necro2_nulltotem_elementalboltnova.dbr
      desc=None n=10 rot=350.0 expRad=1.5 freeze@r4=None-None cold@r4=0.0 phys@r4=None
  [GDX3.arz    ] records/skills/nonplayerskillsgdx3/bossskills/nemesis/thedread_stompdarkravine.dbr
      desc=None n=10 rot=360.0 expRad=None freeze@r4=None-None cold@r4=243.0 phys@r4=137.0
  [GDX3.arz    ] records/skills/nonplayerskillsgdx3/bossskills/nemesis/wendigo2_channelsundernova.dbr
      desc=None n=12 rot=350.0 expRad=1.5 freeze@r4=None-None cold@r4=0.0 phys@r4=86.0
  [GDX3.arz    ] records/skills/nonplayerskillsgdx3/bossskills/pets/icespike_avalanchenova.dbr
      desc=None n=8 rot=360.0 expRad=1.5 freeze@r4=None-None cold@r4=249.0 phys@r4=118.0
  [GDX3.arz    ] records/skills/nonplayerskillsgdx3/bossskills/rimehorn_groundpound.dbr
      desc=None n=8 rot=360.0 expRad=None freeze@r4=0.5-None cold@r4=249.0 phys@r4=137.0
  [GDX3.arz    ] records/skills/nonplayerskillsgdx3/bossskills/scorv_channelspiritnova.dbr
      desc=None n=12 rot=350.0 expRad=1.5 freeze@r4=None-None cold@r4=0.0 phys@r4=86.0
  [GDX3.arz    ] records/skills/nonplayerskillsgdx3/bossskills/wight_icepassage_lightningsparksecondary.dbr
      desc=None n=4 rot=350.0 expRad=None freeze@r4=None-None cold@r4=None phys@r4=None
  [GDX3.arz    ] records/skills/nonplayerskillsgdx3/bossskills/wighthags_arcaneboltnova.dbr
      desc=None n=8 rot=350.0 expRad=2.0 freeze@r4=None-None cold@r4=0.0 phys@r4=105.0
  [GDX3.arz    ] records/skills/nonplayerskillsgdx3/bossskills/wighthags_chillboltnova.dbr
      desc=None n=8 rot=350.0 expRad=2.0 freeze@r4=None-None cold@r4=122.0 phys@r4=105.0
  [GDX3.arz    ] records/skills/nonplayerskillsgdx3/bossskills/wighthags_fireboltnova.dbr
      desc=None n=8 rot=350.0 expRad=2.0 freeze@r4=None-None cold@r4=0.0 phys@r4=105.0
  [GDX3.arz    ] records/skills/nonplayerskillsgdx3/bossskills/wraith_midwinter_icespikenova.dbr
      desc=None n=12 rot=360.0 expRad=1.5 freeze@r4=None-None cold@r4=243.0 phys@r4=124.0
  [GDX3.arz    ] records/skills/nonplayerskillsgdx3/buff/kurn_chaosprojectilenova_secondary.dbr
      desc=None n=6 rot=350.0 expRad=1.5 freeze@r4=None-None cold@r4=0.0 phys@r4=72.0
  [GDX3.arz    ] records/skills/nonplayerskillsgdx3/heroskills/archetypes/infernal_embernova.dbr
      desc=None n=12 rot=360.0 expRad=1.0 freeze@r4=None-None cold@r4=None phys@r4=118.0
  [GDX3.arz    ] records/skills/nonplayerskillsgdx3/heroskills/archetypes/shattered_celestialinversenova.dbr
      desc=None n=9 rot=360.0 expRad=0.25 freeze@r4=None-None cold@r4=148.0 phys@r4=80.0
  [GDX3.arz    ] records/skills/nonplayerskillsgdx3/heroskills/archetypes/shattered_celestialinverseorbital.dbr
      desc=None n=4 rot=360.0 expRad=0.25 freeze@r4=None-None cold@r4=192.0 phys@r4=80.0
  [database.arz] records/skills/playerclass04/pets/petskill_showerofblades1.dbr
      desc=None n=6 rot=360.0 expRad=None freeze@r4=None-None cold@r4=52.0 phys@r4=0.0
  [GDX1.arz    ] records/skills/playerclass04/pets/petskill_showerofblades1_fire.dbr
      desc=None n=6 rot=360.0 expRad=None freeze@r4=None-None cold@r4=52.0 phys@r4=0.0
  [GDX1.arz    ] records/skills/playerclass04/pets/petskill_showerofblades1_vitality.dbr
      desc=None n=6 rot=360.0 expRad=None freeze@r4=None-None cold@r4=52.0 phys@r4=0.0
  [database.arz] records/skills/playerclass06/pets/petskill_thornedhorror_slam01.dbr
      desc=None n=8 rot=360.0 expRad=None freeze@r4=None-None cold@r4=0.0 phys@r4=176.0
  [GDX1.arz    ] records/skills/playerclass07/pets/petskill_concussiverune_nova_01.dbr
      desc=None n=4 rot=360.0 expRad=2.5 freeze@r4=None-None cold@r4=0.0 phys@r4=75.0
  [GDX1.arz    ] records/skills/playerclass07/pets/petskill_icerune_icering.dbr
      desc=None n=5 rot=360.0 expRad=0.10000000149011612 freeze@r4=None-None cold@r4=73.0 phys@r4=None
  [GDX3.arz    ] records/skills/playerclass08/pets/petskill_skeleton_chaosnova.dbr
      desc=None n=12 rot=360.0 expRad=1.7999999523162842 freeze@r4=None-None cold@r4=0.0 phys@r4=None
  [GDX1.arz    ] records/skills/playerclass08/pets/petskill_skeleton_fireballnova.dbr
      desc=None n=12 rot=360.0 expRad=2.0 freeze@r4=None-None cold@r4=0.0 phys@r4=None
  [GDX3.arz    ] records/skills/playerclass10/wereraven1_skill02_icering.dbr
      desc=None n=8 rot=360.0 expRad=0.10000000149011612 freeze@r4=2.0999999046325684-None cold@r4=124.0 phys@r4=None
  TOTAL ring-class records: 289

### (b) nonplayerskills paths matching frigid|nova|ring|blizzard
  [database.arz] records/skills/nonplayerskills/attackprojectilering/aetherialphantom_synergyaetherboltnova.dbr Skill_AttackProjectileRing
  [database.arz] records/skills/nonplayerskills/bossskills/zarthuzellan_fireballbarragenova.dbr   Skill_AttackProjectileRing
  [database.arz] records/skills/nonplayerskills/heroskills/igrixx_frigidring.dbr                  Skill_AttackProjectileRing
  [database.arz] records/skills/nonplayerskills/bossskills/jarren_aetherring.dbr                  Skill_AttackProjectileAreaEffect
  [database.arz] records/skills/nonplayerskills/bossskills/aldritch_poisonnova.dbr                Skill_AttackProjectileRing
  [database.arz] records/skills/nonplayerskills/path/slith_festeringwave.dbr                      Skill_AttackWave
  [database.arz] records/skills/nonplayerskills/buffattackradius/devouringswarm_attackaura.dbr    Skill_BuffAttackRadiusToggled
  [database.arz] records/skills/nonplayerskills/attackprojectilering/skeleton_fireballnova.dbr    Skill_AttackProjectileRing
  [database.arz] records/skills/nonplayerskills/bossskills/nemesis/mogdrogen_lightningorbnova.dbr Skill_AttackProjectileRing
  [database.arz] records/skills/nonplayerskills/factionskills/zealot_lightningnova.dbr            Skill_AttackRadius
  [database.arz] records/skills/nonplayerskills/heroskills/sharoruuth_unwaveringfighter.dbr       Skill_WeaponPool_ChargedLinear
  [database.arz] records/skills/nonplayerskills/bossskills/witchgodguardian_dreeg_poisonnova.dbr  Skill_AttackProjectileRing
  [database.arz] records/skills/nonplayerskills/bossskills/special/cloneice_icenova.dbr           Skill_AttackRadius
  [database.arz] records/skills/nonplayerskills/heroskills/wenkazul_devouringnova.dbr             Skill_AttackRadius
  [database.arz] records/skills/nonplayerskills/heroskills/aetherialphantom_aetherboltnova.dbr    Skill_AttackProjectileRing
  [database.arz] records/skills/nonplayerskills/bossskills/rolderathis_icenova_01.dbr             Skill_AttackRadius
  [database.arz] records/skills/nonplayerskills/bossskills/lagothak_bloodorbnova.dbr              Skill_AttackProjectileRing
  [database.arz] records/skills/nonplayerskills/heroskills/archetypes/electrified_lightningnova.dbr Skill_AttackProjectileRing
  [database.arz] records/skills/nonplayerskills/bossskills/chthonianabomination_novalifedrain01.dbr Skill_AttackRadius
  [database.arz] records/skills/nonplayerskills/bossskills/ikrix_icenova.dbr                      Skill_AttackRadius
  [database.arz] records/skills/nonplayerskills/bossskills/ghoul_nacrathan_leachnova.dbr          Skill_AttackProjectileRing
  [database.arz] records/skills/nonplayerskills/bossskills/nemesis/fabius_bladenova_proc.dbr      Skill_AttackProjectileRing
  [database.arz] records/skills/nonplayerskills/attackprojectilering/trap_chthonicshard_chaosnova.dbr Skill_AttackProjectileRing
  [database.arz] records/skills/nonplayerskills/factionskills/ancestralspirit_ringoffire.dbr      Skill_BuffAttackRadiusDuration
  [database.arz] records/skills/nonplayerskills/bossskills/waspboss_poisonprojectilenova.dbr      Skill_AttackProjectileRing
  [database.arz] records/skills/nonplayerskills/bossskills/aldritch_fireballnova.dbr              Skill_AttackProjectileRing
  [database.arz] records/skills/nonplayerskills/bossskills/outlaw_ringofsteel.dbr                 Skill_AttackRadius
  [database.arz] records/skills/nonplayerskills/bossskills/loghorreantentacle_poisonboltnova.dbr  Skill_AttackProjectileRing
  [database.arz] records/skills/nonplayerskills/bossskills/ellena_shatteringice_weaker.dbr        Skill_AttackProjectile
  [database.arz] records/skills/nonplayerskills/heroskills/archetypes/burning_ringofflame.dbr     Skill_BuffAttackRadiusDuration
  [database.arz] records/skills/nonplayerskills/attackaura/ringofflame.dbr                        Skill_BuffAttackRadiusDuration
  [database.arz] records/skills/nonplayerskills/aoe/aetherring_warden.dbr                         Skill_AttackProjectileAreaEffect
  [database.arz] records/skills/nonplayerskills/bossskills/banegargoth_fireballnovabarrage.dbr    Skill_AttackProjectileRing
  [database.arz] records/skills/nonplayerskills/bossskills/cultist_chaosbarragenova.dbr           Skill_AttackProjectileRing
  [database.arz] records/skills/nonplayerskills/bossskills/ghoul_plagius_poisonnova.dbr           Skill_AttackRadius
  [database.arz] records/skills/nonplayerskills/bossskills/bonerat_festeringwave.dbr              Skill_AttackWave
  [database.arz] records/skills/nonplayerskills/bossskills/nemesis/valdaran_lightningorbnova.dbr  Skill_AttackProjectileRing
  [database.arz] records/skills/nonplayerskills/heroskills/aldanar_devouringwave.dbr              Skill_AttackWave
  [database.arz] records/skills/nonplayerskills/bossskills/golem_earthring.dbr                    Skill_AttackProjectileRing
  [database.arz] records/skills/nonplayerskills/bossskills/voldrak_overpoweringroar.dbr           Skill_AttackRadius
  [database.arz] records/skills/nonplayerskills/bossskills/ballognath_ringofflame.dbr             Skill_BuffAttackRadiusDuration
  [database.arz] records/skills/nonplayerskills/heroskills/issk_poisonnova.dbr                    Skill_AttackRadius
  [database.arz] records/skills/nonplayerskills/bossskills/aldritch_blizzard.dbr                  Skill_BuffAttackRadiusDrop
  [database.arz] records/skills/nonplayerskills/attackradius/trollhalfcave_poisonnova_01.dbr      Skill_AttackRadius
  [database.arz] records/skills/nonplayerskills/heroskills/aetheros_aetherballnova.dbr            Skill_AttackProjectileRing
  [database.arz] records/skills/nonplayerskills/bossskills/viloth_poisonnova.dbr                  Skill_AttackProjectileRing
  [database.arz] records/skills/nonplayerskills/buffattackradius/troll_overpoweringstench.dbr     Skill_BuffAttackRadiusToggled
  [database.arz] records/skills/nonplayerskills/buffattackradius/skeleton_ringofflame1.dbr        Skill_BuffAttackRadiusDuration
  [database.arz] records/skills/nonplayerskills/bossskills/waspboss_lightningnova.dbr             Skill_AttackProjectileRing
  [database.arz] records/skills/nonplayerskills/factionskills/malkadarr_shatteringice.dbr         Skill_AttackProjectile
  [database.arz] records/skills/nonplayerskills/bossskills/kilrian_ringoffire.dbr                 Skill_BuffAttackRadiusDuration
  [database.arz] records/skills/nonplayerskills/bossskills/ellena_shatteringice.dbr               Skill_AttackProjectile
  [database.arz] records/skills/nonplayerskills/attackradius/skeleton_icenova_01.dbr              Skill_AttackRadius
  [database.arz] records/skills/nonplayerskills/factionskills/zealot_ringoffire.dbr               Skill_BuffAttackRadiusDuration
  [database.arz] records/skills/nonplayerskills/factionskills/malkadarr_icenova.dbr               Skill_AttackRadius
  [database.arz] records/skills/nonplayerskills/bossskills/special/clonelightning_lightningorbnova.dbr Skill_AttackProjectileRing
  [database.arz] records/skills/nonplayerskills/attackprojectilering/mosquito_stingernova.dbr     Skill_AttackProjectileRing
  [database.arz] records/skills/nonplayerskills/bossskills/nemesis/valdaran_ringoflightning.dbr   Skill_BuffAttackRadiusDuration
  [database.arz] records/skills/nonplayerskills/bossskills/viloth_festeringpool.dbr               Skill_AttackProjectileAreaEffect
  [database.arz] records/skills/nonplayerskills/heroskills/mindbender_elementalnova.dbr           Skill_AttackRadius
  [database.arz] records/skills/nonplayerskills/bossskills/gollus_poisonnova_01.dbr               Skill_AttackRadius
  [database.arz] records/skills/nonplayerskills/heroskills/kamladris_shatteringice.dbr            Skill_AttackProjectile
  [database.arz] records/skills/nonplayerskills/bossskills/bonehunter_spinenova.dbr               Skill_AttackProjectileRing
  [database.arz] records/skills/nonplayerskills/heroskills/blazewing_ringofflame_toggled.dbr      Skill_BuffAttackRadiusToggled
  [database.arz] records/skills/nonplayerskills/bossskills/outlaw_aethernova.dbr                  Skill_AttackRadius
  [database.arz] records/skills/nonplayerskills/attackprojectilering/slith_tidalorbnova.dbr       Skill_AttackProjectileRing
  [database.arz] records/skills/nonplayerskills/bossskills/primordian_frigidring.dbr              Skill_AttackProjectileRing
  [database.arz] records/skills/nonplayerskills/bossskills/ilgorr_spikenova.dbr                   Skill_AttackProjectileRing
  [database.arz] records/skills/nonplayerskills/heroskills/bonebreaker_shatteringsmash.dbr        Skill_AttackRadius
  [database.arz] records/skills/nonplayerskills/attackradius/outlaw_aethernova.dbr                Skill_AttackRadius
  [database.arz] records/skills/nonplayerskills/bossskills/nemesis/ironmaiden_ringofiron.dbr      Skill_BuffAttackRadiusDuration
  [database.arz] records/skills/nonplayerskills/attackprojectilering/outlaw_aetherfireballnova.dbr Skill_AttackProjectileRing
  [database.arz] records/skills/nonplayerskills/bossskills/special/rock_freezeprojectilenova_01.dbr Skill_AttackProjectileRing
  [database.arz] records/skills/nonplayerskills/bossskills/special/clonefinal_vitalitynova.dbr    Skill_AttackProjectileRing
  [database.arz] records/skills/nonplayerskills/attackprojectilering/humanpossessed_aetherboltnova.dbr Skill_AttackProjectileRing
  [database.arz] records/skills/nonplayerskills/attackprojectilering/prawncave_lightningorbnova.dbr Skill_AttackProjectileRing
  [database.arz] records/skills/nonplayerskills/heroskills/roman_ringofsteel.dbr                  Skill_AttackRadius
  [database.arz] records/skills/nonplayerskills/passivelyactivated/prawn_poisonnova_onhit01.dbr   Skill_OnHitAttackRadius
  [database.arz] records/skills/nonplayerskills/bossskills/bonerat_poisonprojectilenova.dbr       Skill_AttackProjectileRing
  [database.arz] records/skills/nonplayerskills/attackprojectilering/hellhound_witchgod_lightningorbnova.dbr Skill_AttackProjectileRing
  [database.arz] records/skills/nonplayerskills/bossskills/swampking_poisonnova.dbr               Skill_AttackProjectileRing
  [database.arz] records/skills/nonplayerskills/aoe/chthonicminion_novalifedrain01.dbr            Skill_AttackRadius
  [database.arz] records/skills/nonplayerskills/aoe/item_novaice01.dbr                            Skill_AttackRadius
  [database.arz] records/skills/nonplayerskills/aoe/item_novalifedrain01.dbr                      Skill_AttackRadius
  [database.arz] records/skills/nonplayerskills/attackprojectilering/ghoul_vitalityprojectilenova.dbr Skill_AttackProjectileRing
  [database.arz] records/skills/nonplayerskills/attackprojectilering/prawn_witchgod_poisonnova.dbr Skill_AttackProjectileRing
  [database.arz] records/skills/nonplayerskills/bossskills/aetherialobelisk_shatteringice.dbr     Skill_AttackProjectile
  [database.arz] records/skills/nonplayerskills/bossskills/aldritch_scepter_aetherboltnova.dbr    Skill_AttackProjectileRing
  [database.arz] records/skills/nonplayerskills/bossskills/chthonianleech_void_devouringnova.dbr  Skill_AttackRadius
  [database.arz] records/skills/nonplayerskills/bossskills/cultist_novalifedrain01.dbr            Skill_AttackRadius
  [database.arz] records/skills/nonplayerskills/bossskills/cultist_ringofchaos.dbr                Skill_BuffAttackRadiusDuration
  [database.arz] records/skills/nonplayerskills/bossskills/dermapteran_madqueen_groundspinesnova.dbr Skill_AttackProjectileRing
  [database.arz] records/skills/nonplayerskills/bossskills/direni_aetherfireballnova.dbr          Skill_AttackProjectileRing
  [database.arz] records/skills/nonplayerskills/bossskills/ghoul_harvoul_earthring.dbr            Skill_AttackProjectileRing
  [database.arz] records/skills/nonplayerskills/bossskills/loghorreantentacle_chaosboltnova.dbr   Skill_AttackProjectileRing
  [database.arz] records/skills/nonplayerskills/bossskills/narbalgal_blizzard.dbr                 Skill_BuffAttackRadiusDrop
  [database.arz] records/skills/nonplayerskills/bossskills/nemesis/icecrystal_frigidring.dbr      Skill_AttackProjectileRing
  [database.arz] records/skills/nonplayerskills/bossskills/nemesis/zantarin_vitalitynovabarrage.dbr Skill_AttackProjectileRing
  [database.arz] records/skills/nonplayerskills/bossskills/oligarch_ringofflame.dbr               Skill_BuffAttackRadiusDuration
  [database.arz] records/skills/nonplayerskills/bossskills/possessed_arcanenova.dbr               Skill_AttackRadius
  [database.arz] records/skills/nonplayerskills/bossskills/possessed_outcasttarget_aetherring.dbr Skill_AttackProjectileAreaEffect
  [database.arz] records/skills/nonplayerskills/bossskills/possessed_outcasttarget_arcanenova.dbr Skill_AttackRadius
  [database.arz] records/skills/nonplayerskills/bossskills/skeleton_outcast_nova.dbr              Skill_AttackRadius
  [database.arz] records/skills/nonplayerskills/bossskills/special/cloneposion_poisonnova_onhit01.dbr Skill_OnHitAttackRadius
  [database.arz] records/skills/nonplayerskills/bossskills/special/rock_blizzard.dbr              Skill_BuffAttackRadiusDrop
  [database.arz] records/skills/nonplayerskills/bossskills/special/rock_fireballnova.dbr          Skill_AttackProjectileRing
  [database.arz] records/skills/nonplayerskills/bossskills/swampking_overpoweringstench.dbr       Skill_BuffAttackRadiusToggled
  [database.arz] records/skills/nonplayerskills/bossskills/uroboruukguardian_chaosboltnova.dbr    Skill_AttackProjectileRing
  [database.arz] records/skills/nonplayerskills/bossskills/witchgodguardian_sentinel_earthring.dbr Skill_AttackProjectileRing
  [database.arz] records/skills/nonplayerskills/bossskills/wradlith_ghostlyfireballnova.dbr       Skill_AttackProjectileRing
  [database.arz] records/skills/nonplayerskills/bossskills/wradlith_ghostlyfireballnova_weaker.dbr Skill_AttackProjectileRing
  [database.arz] records/skills/nonplayerskills/bossskills/wraithofsorrows_ghostlyfireballnova.dbr Skill_AttackProjectileRing
  [database.arz] records/skills/nonplayerskills/bossskills/wraithofsorrows_vitalitynova.dbr       Skill_AttackProjectileRing
  [database.arz] records/skills/nonplayerskills/buffoffensive/troll_overpoweringroar.dbr          Skill_AttackRadius
  [database.arz] records/skills/nonplayerskills/factionskills/necro_vitalitybolt_nova.dbr         Skill_AttackProjectileRing
  [database.arz] records/skills/nonplayerskills/factionskills/zealot_lightningorbnova.dbr         Skill_AttackProjectileRing
  [database.arz] records/skills/nonplayerskills/factionskills/zealot_ringoflightning.dbr          Skill_BuffAttackRadiusDuration
  [database.arz] records/skills/nonplayerskills/heroskills/aetherialphantom_fireballnovabarrage.dbr Skill_AttackProjectileRing
  [database.arz] records/skills/nonplayerskills/heroskills/aldanar_vitalitynova.dbr               Skill_AttackProjectileRing
  [database.arz] records/skills/nonplayerskills/heroskills/arkall_overpoweringroar.dbr            Skill_AttackRadius
  [database.arz] records/skills/nonplayerskills/heroskills/chillbane_blizzard.dbr                 Skill_BuffAttackRadiusDrop
  [database.arz] records/skills/nonplayerskills/heroskills/maledictus_poisonprojectilenova.dbr    Skill_AttackProjectileRing
  [database.arz] records/skills/nonplayerskills/heroskills/molbagdal_lightningnova.dbr            Skill_AttackRadius
  [database.arz] records/skills/nonplayerskills/heroskills/tyrronax_overpoweringscreech.dbr       Skill_AttackRadius
  [GDX1.arz    ] records/skills/nonplayerskillsgdx1/factionskills/ulgrim_shadowclone_ringofsteel.dbr Skill_AttackRadius
  [GDX1.arz    ] records/skills/nonplayerskillsgdx1/buff/aetherialsentry_empoweringpresence_buff.dbr SkillBuff_Passive
  [GDX1.arz    ] records/skills/nonplayerskillsgdx1/bossskills/nemesis/ravagerminds_earthnova.dbr Skill_AttackProjectileRing
  [GDX1.arz    ] records/skills/nonplayerskillsgdx1/bossskills/pets/fleshshaper_spirit_synergyaetherboltnova.dbr Skill_AttackProjectileRing
  [GDX1.arz    ] records/skills/nonplayerskillsgdx1/bossskills/pets/turret_chthonicshard_chaosring_a01.dbr Turret
  [GDX1.arz    ] records/skills/nonplayerskillsgdx1/bossskills/pets/turret_krakententacle_waterorbnova.dbr Skill_AttackProjectileFan
  [GDX1.arz    ] records/skills/nonplayerskillsgdx1/bossskills/nemesis/ravagersouls_wraith_sunderingorbs.dbr Skill_AttackProjectileFan
  [GDX1.arz    ] records/skills/nonplayerskillsgdx1/buff/aetherialsentry_empoweringpresence.dbr   Skill_BuffRadiusToggled
  [GDX1.arz    ] records/skills/nonplayerskillsgdx1/bossskills/mindthief_shatteringice.dbr        Skill_AttackProjectile
  [GDX1.arz    ] records/skills/nonplayerskillsgdx1/bossskills/witch_commandaethernovaturret.dbr  Skill_TurretFireControl
  [GDX1.arz    ] records/skills/nonplayerskillsgdx1/bossskills/wardwraith_blizzard.dbr            Skill_BuffAttackRadiusDrop
  [GDX1.arz    ] records/skills/nonplayerskillsgdx1/bossskills/nemesis/wendigo_necroticnovainverse.dbr Skill_AttackProjectileRing
  [GDX1.arz    ] records/skills/nonplayerskillsgdx1/bossskills/pets/turret_witchaetherboltnova_skill.dbr Skill_AttackProjectileFan
  [GDX1.arz    ] records/skills/nonplayerskillsgdx1/attackprojectilering/aetherialcorruption_poisonprojectilenova.dbr Skill_AttackProjectileRing
  [GDX1.arz    ] records/skills/nonplayerskillsgdx1/attackprojectilering/humanascendant_frostboltnova.dbr Skill_AttackProjectileRing
  [GDX1.arz    ] records/skills/nonplayerskillsgdx1/bossskills/pets/turret_krieg_aetherboltnova.dbr Skill_AttackProjectileFan
  [GDX1.arz    ] records/skills/nonplayerskillsgdx1/attackprojectilering/chthonictrap_chaosnova.dbr Skill_AttackProjectileRing
  [GDX1.arz    ] records/skills/nonplayerskillsgdx1/bossskills/stonebasilisk_acidprojectilenova.dbr Skill_AttackProjectileRing
  [GDX1.arz    ] records/skills/nonplayerskillsgdx1/attackprojectilering/aetherialcolossus_burningnova.dbr Skill_AttackProjectileRing
  [GDX1.arz    ] records/skills/nonplayerskillsgdx1/bossskills/bargoll_poisonprojectilenova.dbr   Skill_AttackProjectileRing
  [GDX1.arz    ] records/skills/nonplayerskillsgdx1/attackprojectilering/humanascendant_lightningorbnova.dbr Skill_AttackProjectileRing
  [GDX1.arz    ] records/skills/nonplayerskillsgdx1/bossskills/witch_commandoozenovaturret.dbr    Skill_TurretFireControl
  [GDX1.arz    ] records/skills/nonplayerskillsgdx1/attackprojectilering/aetherialcolossus_aethernova.dbr Skill_AttackProjectileRing
  [GDX1.arz    ] records/skills/nonplayerskillsgdx1/bossskills/dravisminion_fireballnova.dbr      Skill_AttackProjectileRing
  [GDX1.arz    ] records/skills/nonplayerskillsgdx1/bossskills/wardwraith_vitalitynova.dbr        Skill_AttackProjectileRing
  [GDX1.arz    ] records/skills/nonplayerskillsgdx1/bossskills/dralgar_aethernova.dbr             Skill_AttackProjectileRing
  [GDX1.arz    ] records/skills/nonplayerskillsgdx1/bossskills/fleshshaperharaxis_aetherboltnova.dbr Skill_AttackProjectileRing
  [GDX1.arz    ] records/skills/nonplayerskillsgdx1/attackmelee/wendigocannibal_hungeringswipe.dbr Skill_AttackWeapon
  [GDX1.arz    ] records/skills/nonplayerskillsgdx1/bossskills/packla_devouringwave.dbr           Skill_AttackWave
  [GDX1.arz    ] records/skills/nonplayerskillsgdx1/bossskills/nemesis/wendigo_necroticnovaboomerang.dbr Skill_AttackProjectileRing
  [GDX1.arz    ] records/skills/nonplayerskillsgdx1/bossskills/wendigoaether_aetherboltnova.dbr   Skill_AttackProjectileRing
  [GDX1.arz    ] records/skills/nonplayerskillsgdx1/bossskills/malmouthcouncil_stormboltnova.dbr  Skill_AttackProjectileRing
  [GDX1.arz    ] records/skills/nonplayerskillsgdx1/bossskills/special/livingplant_poisonnova_01.dbr Skill_AttackProjectileFan
  [GDX1.arz    ] records/skills/nonplayerskillsgdx1/bossskills/ugdall_reversenecroticnova.dbr     Skill_AttackProjectileRing
  [GDX1.arz    ] records/skills/nonplayerskillsgdx1/bossskills/special/rock_blizzard.dbr          Skill_BuffAttackRadiusDrop
  [GDX1.arz    ] records/skills/nonplayerskillsgdx1/heroskills/spinenova.dbr                      Skill_AttackProjectileRing
  [GDX1.arz    ] records/skills/nonplayerskillsgdx1/attackprojectilering/aetherialcolossus_stormnova.dbr Skill_AttackProjectileRing
  [GDX1.arz    ] records/skills/nonplayerskillsgdx1/attackprojectilering/humanascendant_elementalboltnova.dbr Skill_AttackProjectileRing
  [GDX1.arz    ] records/skills/nonplayerskillsgdx1/attackprojectilering/swampgolem_vinenova.dbr  Skill_AttackProjectileRing
  [GDX1.arz    ] records/skills/nonplayerskillsgdx1/attackradius/wraith_leechnova.dbr             Skill_AttackRadius
  [GDX1.arz    ] records/skills/nonplayerskillsgdx1/bossskills/ancientgrove/gargabolp1_poisonprojectilenova.dbr Skill_AttackProjectileRing
  [GDX1.arz    ] records/skills/nonplayerskillsgdx1/bossskills/carraxus_poisonprojectilenova.dbr  Skill_AttackProjectileRing
  [GDX1.arz    ] records/skills/nonplayerskillsgdx1/bossskills/kraken_blizzard_secondary.dbr      Skill_BuffAttackRadiusDrop
  [GDX1.arz    ] records/skills/nonplayerskillsgdx1/bossskills/kraken_blizzard_secondarycloserange.dbr Skill_BuffAttackRadiusDrop
  [GDX1.arz    ] records/skills/nonplayerskillsgdx1/bossskills/malmouthcouncil_shatteringice.dbr  Skill_AttackProjectile
  [GDX1.arz    ] records/skills/nonplayerskillsgdx1/bossskills/nemesis/aetherialvanguard_aethermissileinversenova.dbr Skill_AttackProjectileRing
  [GDX1.arz    ] records/skills/nonplayerskillsgdx1/bossskills/nemesis/aetherialvanguard_arcanemissilenova.dbr Skill_AttackProjectileRing
  [GDX1.arz    ] records/skills/nonplayerskillsgdx1/bossskills/pets/turret_krakententacle_inversewaterorbnova.dbr Skill_AttackProjectileFan
  [GDX1.arz    ] records/skills/nonplayerskillsgdx1/bossskills/pets/turret_witchaetherboltnova.dbr Turret
  [GDX1.arz    ] records/skills/nonplayerskillsgdx1/bossskills/pets/turret_witchnecroticoozenova.dbr Turret
  [GDX1.arz    ] records/skills/nonplayerskillsgdx1/bossskills/special/clonefinal_vitalitynova.dbr Skill_AttackProjectileRing
  [GDX1.arz    ] records/skills/nonplayerskillsgdx1/bossskills/special/rock_fireballnova.dbr      Skill_AttackProjectileRing
  [GDX1.arz    ] records/skills/nonplayerskillsgdx1/bossskills/special/rock_freezeprojectilenova_01.dbr Skill_AttackProjectileRing
  [GDX1.arz    ] records/skills/nonplayerskillsgdx1/bossskills/special/special_firering_secondary.dbr Skill_AttackProjectileAreaEffect
  [GDX1.arz    ] records/skills/nonplayerskillsgdx1/bossskills/sylvarria_vine_poisonnova_01.dbr   Skill_AttackProjectileFan
  [GDX1.arz    ] records/skills/nonplayerskillsgdx1/bossskills/final/turretskill_aethergrenadering.dbr Skill_AttackProjectileFan
  [GDX1.arz    ] records/skills/nonplayerskillsgdx1/bossskills/mindthief_frostboltnova.dbr        Skill_AttackProjectileRing
  [GDX1.arz    ] records/skills/nonplayerskillsgdx1/bossskills/valaxteria_burningnova.dbr         Skill_AttackRadius
  [GDX1.arz    ] records/skills/nonplayerskillsgdx1/bossskills/pets/turret_witchnecroticoozenova_skill.dbr Skill_AttackProjectileFan
  [GDX1.arz    ] records/skills/nonplayerskillsgdx1/bossskills/krieg_aetherring.dbr               Skill_AttackProjectileAreaEffect
  [GDX1.arz    ] records/skills/nonplayerskillsgdx1/bossskills/naxen_aetherboltnovasecondary.dbr  Skill_AttackProjectileRing
  [GDX1.arz    ] records/skills/nonplayerskillsgdx1/bossskills/terrnox_icenova.dbr                Skill_AttackRadius
  [GDX1.arz    ] records/skills/nonplayerskillsgdx1/bossskills/witch_necroticprojectilenova.dbr   Skill_AttackProjectileRing
  [GDX1.arz    ] records/skills/nonplayerskillsgdx1/bossskills/avris_bloodorbnova.dbr             Skill_AttackProjectileRing
  [GDX1.arz    ] records/skills/nonplayerskillsgdx1/bossskills/terrnox_inverseicespikenova.dbr    Skill_AttackProjectileRing
  [GDX1.arz    ] records/skills/nonplayerskillsgdx1/bossskills/witch_arcanemissilenova.dbr        Skill_AttackProjectileRing
  [GDX2.arz    ] records/skills/nonplayerskillsgdx2/bossskills/special/rock_blizzard.dbr          Skill_BuffAttackRadiusDrop
  [GDX2.arz    ] records/skills/nonplayerskillsgdx2/bossskills/guardianofrahn_inversenovasecondary.dbr Skill_AttackProjectileRing
  [GDX2.arz    ] records/skills/nonplayerskillsgdx2/bossskills/roguelike/yugoltentacle_nightmissilenova.dbr Skill_AttackProjectileRing
  [GDX2.arz    ] records/skills/nonplayerskillsgdx2/bossskills/roguelike/turret_celestialcrystal_celestialnova.dbr Skill_AttackRadius
  [GDX2.arz    ] records/skills/nonplayerskillsgdx2/bossskills/roguelike/turret_celestialnova.dbr Turret
  [GDX2.arz    ] records/endlessdungeon/skills/nonplayerskillsgdx1/traps/firetrap_fireballnova.dbr Skill_AttackProjectileRing
  [GDX2.arz    ] records/skills/nonplayerskillsgdx2/bossskills/roguelike/finalboss_celestialnovachannel.dbr Skill_AttackRadius
  [GDX2.arz    ] records/skills/nonplayerskillsgdx2/bossskills/nemesis/eldritchshardskill_inversenova.dbr Skill_AttackProjectileRing
  [GDX2.arz    ] records/skills/nonplayerskillsgdx2/bossskills/roguelike/riggscollector_ringofsteel.dbr Skill_AttackRadius
  [GDX2.arz    ] records/endlessdungeon/skills/nonplayerskillsgdx1/bossskills/witch_commandaethernovaturret.dbr Skill_AttackProjectileFan
  [GDX2.arz    ] records/endlessdungeon/skills/nonplayerskillsgdx1/bossskills/witch_commandoozenovaturret.dbr Skill_AttackProjectileFan
  [GDX2.arz    ] records/endlessdungeon/skills/nonplayerskillsgdx1/traps/chaostrap_chaosnova.dbr  Skill_AttackRadius
  [GDX2.arz    ] records/endlessdungeon/skills/nonplayerskillsgdx1/traps/chaostrap_chaosring.dbr  Skill_AttackProjectileRing
  [GDX2.arz    ] records/endlessdungeon/skills/nonplayerskillsgdx1/traps/icetrap_shatteringice.dbr Skill_AttackProjectile
  [GDX2.arz    ] records/skills/nonplayerskillsgdx2/attackprojectilering/korvaakhuman_elementalboltnova.dbr Skill_AttackProjectileRing
  [GDX2.arz    ] records/skills/nonplayerskillsgdx2/buffoffensive/korvaakservant_sappingnova_buff.dbr SkillBuff_Debuf
  [GDX2.arz    ] records/skills/nonplayerskillsgdx2/roguelike/hound_celestial_icenova_01.dbr      Skill_AttackRadius
  [GDX2.arz    ] records/skills/nonplayerskillsgdx2/bossskills/tombguardian_shatteringstomp.dbr   Skill_AttackRadius
  [GDX2.arz    ] records/skills/nonplayerskillsgdx2/bossskills/outlaw_aetherboltnova.dbr          Skill_AttackProjectileRing
  [GDX2.arz    ] records/skills/nonplayerskillsgdx2/factionskills/dreeg_eyeofdreegnova.dbr        Skill_AttackProjectileRing
  [GDX2.arz    ] records/skills/nonplayerskillsgdx2/heroskills/bloodspinenova.dbr                 Skill_AttackProjectileRing
  [GDX2.arz    ] records/skills/nonplayerskillsgdx2/bossskills/roguelike/magi_sappingnova.dbr     Skill_AttackBuffRadius
  [GDX2.arz    ] records/skills/nonplayerskillsgdx2/attackradius/eldritchwraith_burningnova.dbr   Skill_AttackRadius
  [GDX2.arz    ] records/skills/nonplayerskillsgdx2/factionskills/solael_bloodnova.dbr            Skill_AttackRadius
  [GDX2.arz    ] records/skills/nonplayerskillsgdx2/bossskills/onarix_leap_novasecondary.dbr      SkillSecondary_AttackProjectileRing
  [GDX2.arz    ] records/skills/nonplayerskillsgdx2/bossskills/sandking_groundspinesboomerangnova.dbr Skill_AttackProjectileRing
  [GDX2.arz    ] records/skills/nonplayerskillsgdx2/attackprojectilering/korvaakascended_lightninggrenadenova.dbr Skill_AttackProjectileRing
  [GDX2.arz    ] records/skills/nonplayerskillsgdx2/attackprojectilering/gargoyle_chillingblazenova.dbr Skill_AttackProjectileRing
  [GDX2.arz    ] records/skills/nonplayerskillsgdx2/attackprojectilering/korvaakascended_firegrenadenova.dbr Skill_AttackProjectileRing
  [GDX2.arz    ] records/skills/nonplayerskillsgdx2/attackradius/korvaakhuman_elementalnova.dbr   Skill_AttackRadius
  [GDX2.arz    ] records/skills/nonplayerskillsgdx2/attackradius/korvaakhuman_firenova.dbr        Skill_AttackRadius
  [GDX2.arz    ] records/skills/nonplayerskillsgdx2/attackradius/spore_sporenova.dbr              Skill_AttackRadius
  [GDX2.arz    ] records/skills/nonplayerskillsgdx2/bossskills/boundspirits_inverseicenovadebuff.dbr Skill_AttackProjectileRing
  [GDX2.arz    ] records/skills/nonplayerskillsgdx2/bossskills/roguelike/magi_sappingnova_buff.dbr SkillBuff_Debuf
  [GDX2.arz    ] records/skills/nonplayerskillsgdx2/bossskills/special/rock_fireballnova.dbr      Skill_AttackProjectileRing
  [GDX2.arz    ] records/skills/nonplayerskillsgdx2/bossskills/special/rock_freezeprojectilenova_01.dbr Skill_AttackProjectileRing
  [GDX2.arz    ] records/skills/nonplayerskillsgdx2/buffoffensive/korvaakservant_sappingnova.dbr  Skill_AttackBuffRadius
  [GDX2.arz    ] records/skills/nonplayerskillsgdx2/heroskills/firenovalarge.dbr                  Skill_AttackRadius
  [GDX2.arz    ] records/skills/nonplayerskillsgdx2/bossskills/madwitch_inversespikenovaimapale.dbr Skill_AttackProjectileRing
  [GDX2.arz    ] records/skills/nonplayerskillsgdx2/bossskills/onarixeldritch_leap_novasecondary.dbr Skill_AttackProjectileRing
  [GDX2.arz    ] records/skills/nonplayerskillsgdx2/bossskills/korvaaklieutenant_01_inverseflamenova.dbr Skill_AttackProjectileRing
  [GDX2.arz    ] records/skills/nonplayerskillsgdx2/bossskills/boundspirits_shatteringiceslow.dbr Skill_AttackProjectileFan
  [GDX3.arz    ] records/skills/nonplayerskillsgdx3/heroskills/archetypes/brambletrap_trapnova.dbr Skill_AttackBuffRadius
  [GDX3.arz    ] records/skills/nonplayerskillsgdx3/bossskills/nemesis/eldritch2_eldritcheyesnova.dbr Skill_AttackProjectileRing
  [GDX3.arz    ] records/skills/nonplayerskillsgdx3/bossskills/chthonickurnlieutenant_chaosprojectilenova.dbr Skill_AttackProjectileRing
  [GDX3.arz    ] records/skills/nonplayerskillsgdx3/attackprojectilering/skeletonfrost_freezespikenova.dbr Skill_AttackProjectileRing
  [GDX3.arz    ] records/skills/nonplayerskillsgdx3/heroskills/archetypes/icespike_deathnova.dbr  Skill_AttackRadius
  [GDX3.arz    ] records/skills/nonplayerskillsgdx3/bossskills/giantstorm_sparknova.dbr           Skill_AttackProjectileFan
  [GDX3.arz    ] records/skills/nonplayerskillsgdx3/heroskills/archetypes/thundering_summonlightningspike.dbr Skill_TargetedSpawnPet
  [GDX3.arz    ] records/skills/nonplayerskillsgdx3/bossskills/gianttempesttotem_embernova.dbr    Skill_AttackProjectileRing
  [GDX3.arz    ] records/skills/nonplayerskillsgdx3/attackmelee/springscrab_waterspoutstrike.dbr  Skill_AttackWeapon
  [GDX3.arz    ] records/skills/nonplayerskillsgdx3/attackmelee/springscrab_waterspout.dbr        Skill_AttackProjectileAreaEffect
  [GDX3.arz    ] records/skills/nonplayerskillsgdx3/bossskills/wighthags_fireboltnova.dbr         Skill_AttackProjectileRing
  [GDX3.arz    ] records/skills/nonplayerskillsgdx3/path/springscrab_waterbreath.dbr              Skill_AttackWave
  [GDX3.arz    ] records/skills/nonplayerskillsgdx3/heroskills/archetypes/infernal_embernova.dbr  Skill_AttackProjectileRing
  [GDX3.arz    ] records/skills/nonplayerskillsgdx3/passive/passiveproperties_springscrab.dbr     Skill_Passive
  [GDX3.arz    ] records/skills/nonplayerskillsgdx3/buffattackradius/trap_blizzard_area.dbr       Skill_BuffRadiusToggled
  [GDX3.arz    ] records/skills/nonplayerskillsgdx3/attackmelee/springscrab_shellspin.dbr         Skill_AttackWeapon
  [GDX3.arz    ] records/skills/nonplayerskillsgdx3/attackprojectilering/yetidire_icespikenova.dbr Skill_AttackProjectileRing
  [GDX3.arz    ] records/skills/nonplayerskillsgdx3/buff/kurn_chaosprojectilenova_secondary.dbr   Skill_AttackProjectileRing
  [GDX3.arz    ] records/skills/nonplayerskillsgdx3/attackprojectilering/kurn_chaosprojectilenova.dbr Skill_AttackProjectileRing
  [GDX3.arz    ] records/skills/nonplayerskillsgdx3/attackmelee/springscrab_clawslam.dbr          Skill_AttackWeapon
  [GDX3.arz    ] records/skills/nonplayerskillsgdx3/bossskills/nemesis/necro2_nulltotem_elementalboltnova.dbr Skill_AttackProjectileRing
  [GDX3.arz    ] records/skills/nonplayerskillsgdx3/bossskills/nemesis/wendigo2_channelsundernova.dbr Skill_AttackProjectileRing
  [GDX3.arz    ] records/skills/nonplayerskillsgdx3/buffattackradius/trap_blizzard_area_buff.dbr  SkillBuff_Debuf
  [GDX3.arz    ] records/skills/nonplayerskillsgdx3/heroskills/archetypes/brambletrap_trapnova_buff.dbr SkillBuff_DebufTrap
  [GDX3.arz    ] records/skills/nonplayerskillsgdx3/heroskills/archetypes/shattered_celestialinversenova.dbr Skill_AttackProjectileRing
  [GDX3.arz    ] records/skills/nonplayerskillsgdx3/heroskills/archetypes/thundering_lightningspikegenerator.dbr Skill_MonsterGenerator
  [GDX3.arz    ] records/skills/nonplayerskillsgdx3/heroskills/archetypes/thundering_passivestatmodifier.dbr Skill_Passive
  [GDX3.arz    ] records/skills/nonplayerskillsgdx3/passive/passiveproperties_springscrab_small.dbr Skill_Passive
  [GDX3.arz    ] records/skills/nonplayerskillsgdx3/bossskills/wighthags_arcaneboltnova.dbr       Skill_AttackProjectileRing
  [GDX3.arz    ] records/skills/nonplayerskillsgdx3/summoning/springscrab_crabgenerator.dbr       Skill_MonsterGenerator
  [GDX3.arz    ] records/skills/nonplayerskillsgdx3/bossskills/scorv_channelspiritnova.dbr        Skill_AttackProjectileRing
  [GDX3.arz    ] records/skills/nonplayerskillsgdx3/bossskills/pets/icespike_avalanchenova.dbr    Skill_AttackProjectileRing
  [GDX3.arz    ] records/skills/nonplayerskillsgdx3/bossskills/prodromus_chaospattern_01_projectilerings.dbr SkillSecondary_AttackProjectileRing
  [GDX3.arz    ] records/skills/nonplayerskillsgdx3/bossskills/blacklodgeguardian_celestialinversenova.dbr Skill_AttackProjectileRing
  [GDX3.arz    ] records/skills/nonplayerskillsgdx3/bossskills/pets/scorv_wraith_sunderingorbs.dbr Skill_AttackProjectileFan
  [GDX3.arz    ] records/skills/nonplayerskillsgdx3/bossskills/special/insectswarm_nova.dbr       Skill_AttackProjectileBurst
  [GDX3.arz    ] records/skills/nonplayerskillsgdx3/bossskills/wraith_midwinter_icespikenova.dbr  Skill_AttackProjectileRing
  [GDX3.arz    ] records/skills/nonplayerskillsgdx3/attackrain/rok_blizzard.dbr                   Skill_AttackProjectileDrop
  [GDX3.arz    ] records/skills/nonplayerskillsgdx3/bossskills/wighthags_chillboltnova.dbr        Skill_AttackProjectileRing
  [GDX3.arz    ] records/skills/nonplayerskillsgdx3/bossskills/ruugru_blizzard.dbr                Skill_BuffAttackRadiusDrop
