[database.arz] records/creatures/enemies/devotion/slith_h01.dbr
        desc=tagDevotion_SlithH01 class=Hero charLevel=charLevel*1+5
        skillName5                 -> igrixx_frigidring.dbr
        specialAttack2SkillName    -> igrixx_frigidring.dbr
[database.arz] records/creatures/enemies/boss&quest/waveevent_fortikonrift_human_possessed_h03.dbr
        desc=tagHumanPossessedHeroH03 class=Hero charLevel=charLevel*1
        skillName8                 -> chillbane_blizzard.dbr
        specialAttack3SkillName    -> chillbane_blizzard.dbr
[database.arz] records/creatures/enemies/hero/yeti_h02.dbr
        desc=tagYetiHeroH02 class=Hero charLevel=(charLevel*1.1)+2
        skillName7                 -> chillbane_blizzard.dbr
        skillName8                 -> igrixx_frigidring.dbr
        specialAttack3SkillName    -> chillbane_blizzard.dbr
[database.arz] records/creatures/enemies/devotion/slith_h08.dbr
        desc=tagDevotion_SlithH08 class=Hero charLevel=charLevel*1+3
        skillName12                -> chillbane_blizzard.dbr
        skillName7                 -> primordian_frigidring.dbr
        specialAttack2SkillName    -> primordian_frigidring.dbr
        specialAttack4SkillName    -> chillbane_blizzard.dbr
[database.arz] records/creatures/enemies/boss&quest/waveevent_wightmirerift_slith_h01.dbr
        desc=tagSlithHeroH01 class=Hero charLevel=charLevel*1+5
        skillName5                 -> igrixx_frigidring.dbr
        specialAttack2SkillName    -> igrixx_frigidring.dbr
[database.arz] records/creatures/enemies/devotion/zombie_h05.dbr
        desc=tagDevotion_ZombieH05 class=Hero charLevel=charLevel*1+5
        skillName6                 -> igrixx_frigidring.dbr
        specialAttack3SkillName    -> igrixx_frigidring.dbr
[database.arz] records/creatures/enemies/hero/human_possessed_h03.dbr
        desc=tagHumanPossessedHeroH03 class=Hero charLevel=charLevel*1
        skillName8                 -> chillbane_blizzard.dbr
        specialAttack3SkillName    -> chillbane_blizzard.dbr
[database.arz] records/creatures/enemies/hero/slith_h01.dbr
        desc=tagSlithHeroH01 class=Hero charLevel=charLevel*1+5
        skillName5                 -> igrixx_frigidring.dbr
        specialAttack2SkillName    -> igrixx_frigidring.dbr
[database.arz] records/creatures/enemies/hero/trollhalfcorrupted_h02.dbr
        desc=tagTrollCorruptedHeroH02 class=Hero charLevel=(charLevel*1)+2
        skillName11                -> chillbane_blizzard.dbr
        specialAttack2SkillName    -> chillbane_blizzard.dbr
[database.arz] records/creatures/enemies/boss&quest/ghost_oligarch_03.dbr
        desc=tagGhostBoss04 class=Hero charLevel=charLevel*1
        skillName8                 -> igrixx_frigidring.dbr
        specialAttack2SkillName    -> igrixx_frigidring.dbr
[database.arz] records/creatures/enemies/special/clone_c03.dbr
        desc=tagNemesis_Clone03 class=Quest charLevel=charLevel*1+3
        skillName10                -> cloneice_icenova.dbr
        specialAttackSkillName     -> cloneice_icenova.dbr
[database.arz] records/creatures/enemies/boss&quest/reanimator_ice01.dbr
        desc=tagReanimatorBossH03 class=Hero charLevel=charLevel*1+5
        skillName8                 -> chillbane_blizzard.dbr
        specialAttack2SkillName    -> chillbane_blizzard.dbr
[database.arz] records/creatures/enemies/boss&quest/slith_wightmirecave01.dbr
        desc=tagSlithBossB02 class=Quest charLevel=charLevel*1+3
        skillName6                 -> chillbane_blizzard.dbr
        skillName7                 -> primordian_frigidring.dbr
        specialAttack2SkillName    -> primordian_frigidring.dbr
        specialAttack3SkillName    -> chillbane_blizzard.dbr
[database.arz] records/creatures/enemies/boss&quest/waveevent_pv_human_possessed_h03.dbr
        desc=tagHumanPossessedHeroH03 class=Hero charLevel=charLevel*1
        skillName8                 -> chillbane_blizzard.dbr
        specialAttack3SkillName    -> chillbane_blizzard.dbr
[database.arz] records/creatures/enemies/boss&quest/waveevent_pv_trollhalfcorrupted_h02.dbr
        desc=tagTrollCorruptedHeroH02 class=Hero charLevel=(charLevel*1)+2
        skillName11                -> chillbane_blizzard.dbr
        specialAttack2SkillName    -> chillbane_blizzard.dbr
[database.arz] records/creatures/enemies/hero/troll_swamp_h01.dbr
        desc=tagTrollSwampHeroH01 class=Hero charLevel=(charLevel*1.1)+2
        skillName10                -> igrixx_frigidring.dbr
        specialAttack3SkillName    -> igrixx_frigidring.dbr
[database.arz] records/creatures/enemies/bounties/exile_bounty13.dbr
        desc=tagBounyExile13 class=Hero charLevel=(charLevel*1.1)+2
        skillName8                 -> chillbane_blizzard.dbr
        specialAttack3SkillName    -> chillbane_blizzard.dbr
[database.arz] records/creatures/enemies/bounties/exile_bounty15.dbr
        desc=tagBounyExile15 class=Hero charLevel=charLevel*1
        skillName10                -> chillbane_blizzard.dbr
        specialAttack2SkillName    -> chillbane_blizzard.dbr
[database.arz] records/creatures/enemies/devotion/chthoniandreadguard_h05.dbr
        desc=tagDevotion_ChthonianDreadguardH05 class=Hero charLevel=charLevel*1+3
        skillName13                -> chillbane_blizzard.dbr
        specialAttack4SkillName    -> chillbane_blizzard.dbr
[database.arz] records/creatures/enemies/devotion/fleshhulk_h01.dbr
        desc=tagDevotion_FleshHulkH01 class=Hero charLevel=charLevel*1+5
        skillName12                -> igrixx_frigidring.dbr
        specialAttack5SkillName    -> igrixx_frigidring.dbr
[database.arz] records/creatures/enemies/devotion/skeleton_h06.dbr
        desc=tagDevotion_SkeletonH06 class=Hero charLevel=charLevel*1+1
        skillName14                -> igrixx_frigidring.dbr
        specialAttack4SkillName    -> igrixx_frigidring.dbr
[database.arz] records/creatures/enemies/hero/groblea_shaman_h01.dbr
        desc=tagGrobleShamanHeroH01 class=Hero charLevel=charLevel*1+5
        skillName6                 -> chillbane_blizzard.dbr
        specialAttackSkillName     -> chillbane_blizzard.dbr
[database.arz] records/creatures/enemies/hero/groble_h05.dbr
        desc=tagGrobleHeroH05 class=Hero charLevel=charLevel*1+5
        skillName11                -> chillbane_blizzard.dbr
        specialAttack2SkillName    -> chillbane_blizzard.dbr
[database.arz] records/creatures/enemies/special/clone_c01.dbr
        desc=tagNemesis_Clone03 class=Quest charLevel=charLevel*1+3
        skillName10                -> cloneice_icenova.dbr
        specialAttackSkillName     -> cloneice_icenova.dbr
[GDX1.arz] records/creatures/enemies/special/clone_c01_summon1.dbr
        desc=tagNemesis_Clone03 class=Quest charLevel=charLevel*1+3
        skillName9                 -> cloneice_icenova.dbr
        specialAttackSkillName     -> cloneice_icenova.dbr
[GDX1.arz] records/creatures/enemies/waveevents/finalboss_aetherialcorruption_h01.dbr
        desc=tagGDX1HeroAetherialTheodin class=Hero charLevel=charLevel*1+5
        skillName9                 -> chillbane_blizzard.dbr
        specialAttack3SkillName    -> chillbane_blizzard.dbr
[GDX1.arz] records/creatures/enemies/devotion/aetherialcorruption_h01.dbr
        desc=tagGDX1DevotionAetherialCorruption_H01 class=Hero charLevel=charLevel*1+5
        skillName9                 -> chillbane_blizzard.dbr
        specialAttack3SkillName    -> chillbane_blizzard.dbr
[GDX1.arz] records/creatures/enemies/waveevents/waveevent_aetherialimp_h02.dbr
        desc=tagGDX1HeroAetherialImp_H02 class=Hero charLevel=(charLevel*1)+2
        skillName10                -> igrixx_frigidring.dbr
        specialAttack2SkillName    -> igrixx_frigidring.dbr
[GDX1.arz] records/creatures/enemies/special/clone_c01_summon3.dbr
        desc=tagNemesis_Clone03 class=Quest charLevel=charLevel*1+3
        skillName9                 -> cloneice_icenova.dbr
        specialAttackSkillName     -> cloneice_icenova.dbr
[GDX1.arz] records/creatures/enemies/waveevents/waveevent_aetherialcorruption_h01.dbr
        desc=tagGDX1HeroAetherialCorruption_H01 class=Hero charLevel=charLevel*1+5
        skillName9                 -> chillbane_blizzard.dbr
        specialAttack3SkillName    -> chillbane_blizzard.dbr
[GDX1.arz] records/creatures/enemies/bounties/cu_bounty08.dbr
        desc=tagGDX1BountyCU08 class=Hero charLevel=charLevel*1
        skillName15                -> chillbane_blizzard.dbr
        specialAttack5SkillName    -> chillbane_blizzard.dbr
[GDX1.arz] records/creatures/enemies/devotion/wendigo_h01.dbr
        desc=tagGDX1DevotionWendigo_H01 class=Hero charLevel=charLevel*1
        skillName16                -> chillbane_blizzard.dbr
        specialAttack5SkillName    -> chillbane_blizzard.dbr
[GDX1.arz] records/creatures/enemies/waveevents/finalboss2_aetherialcorruption_h01.dbr
        desc=tagGDX1HeroAetherialTheodin class=Hero charLevel=charLevel*1+5
        skillName9                 -> chillbane_blizzard.dbr
        specialAttack3SkillName    -> chillbane_blizzard.dbr
[GDX1.arz] records/creatures/enemies/hero/aetherialcorruption_h01.dbr
        desc=tagGDX1HeroAetherialCorruption_H01 class=Hero charLevel=charLevel*1+5
        skillName9                 -> chillbane_blizzard.dbr
        specialAttack3SkillName    -> chillbane_blizzard.dbr
[GDX1.arz] records/creatures/enemies/special/clone_c01_summon2.dbr
        desc=tagNemesis_Clone03 class=Quest charLevel=charLevel*1+3
        skillName9                 -> cloneice_icenova.dbr
        specialAttackSkillName     -> cloneice_icenova.dbr
[GDX1.arz] records/creatures/enemies/hero/aetherialimp_h02.dbr
        desc=tagGDX1HeroAetherialImp_H02 class=Hero charLevel=(charLevel*1)+2
        skillName10                -> igrixx_frigidring.dbr
        specialAttack2SkillName    -> igrixx_frigidring.dbr
[GDX1.arz] records/creatures/enemies/special/clone_c01_summon4.dbr
        desc=tagNemesis_Clone03 class=Quest charLevel=charLevel*1+3
        skillName9                 -> cloneice_icenova.dbr
        specialAttackSkillName     -> cloneice_icenova.dbr
[GDX2.arz] records/creatures/enemies/bounties/wg_bounty04.dbr
        desc=tagGDX2BountyWG04 class=Hero charLevel=charLevel*1
        skillName13                -> igrixx_frigidring.dbr
        specialAttack5SkillName    -> igrixx_frigidring.dbr
[GDX2.arz] records/creatures/enemies/devotion/beetle_h04.dbr
        desc=tagGDX2DevotionBeetle_H04 class=Hero charLevel=charLevel*1
        skillName13                -> chillbane_blizzard.dbr
        specialAttack4SkillName    -> chillbane_blizzard.dbr
[GDX2.arz] records/creatures/enemies/hero/trollhalfcorrupted_h02.dbr
        desc=tagTrollCorruptedHeroH02 class=Hero charLevel=(charLevel*1)+2
        skillName11                -> chillbane_blizzard.dbr
        specialAttack2SkillName    -> chillbane_blizzard.dbr
[GDX2.arz] records/creatures/enemies/devotion/eldritcharmor_h01.dbr
        desc=tagGDX2DevotionEldritchArmor_H01 class=Hero charLevel=charLevel*1
        skillName13                -> chillbane_blizzard.dbr
        specialAttack2SkillName    -> chillbane_blizzard.dbr
[GDX2.arz] records/creatures/enemies/devotion/gargoyle_h01.dbr
        desc=tagGDX2DevotionGargoyle_H01 class=Hero charLevel=charLevel*1
        chainNextSkill             -> chillbane_blizzard.dbr
        skillName16                -> chillbane_blizzard.dbr
[GDX2.arz] records/creatures/enemies/devotion/korvaakservant_h02.dbr
        desc=tagGDX2DevotionKorvaakServant_H02 class=Hero charLevel=charLevel*1
        chainInitialSkill          -> chillbane_blizzard.dbr
        skillName12                -> chillbane_blizzard.dbr
        specialAttack5SkillName    -> chillbane_blizzard.dbr
[GDX2.arz] records/creatures/enemies/hero/eldritcharmor_h01.dbr
        desc=tagGDX2HeroArmor_H01 class=Hero charLevel=charLevel*1
        skillName13                -> chillbane_blizzard.dbr
        specialAttack2SkillName    -> chillbane_blizzard.dbr
[GDX2.arz] records/creatures/enemies/hero/gryphon_h01.dbr
        desc=tagGDX2HeroGryphon_H01 class=Hero charLevel=charLevel*1
        skillName13                -> igrixx_frigidring.dbr
        specialAttack5SkillName    -> igrixx_frigidring.dbr
[GDX2.arz] records/creatures/enemies/hero/korvaakservant_h02.dbr
        desc=tagGDX2HeroKorvaakServant_H02 class=Hero charLevel=charLevel*1
        skillName12                -> chillbane_blizzard.dbr
        specialAttack5SkillName    -> chillbane_blizzard.dbr
[GDX2.arz] records/creatures/enemies/hero/mummy_h02.dbr
        desc=tagGDX2HeroMummy_H02 class=Hero charLevel=charLevel*1
        skillName12                -> igrixx_frigidring.dbr
        specialAttack5SkillName    -> igrixx_frigidring.dbr
[GDX2.arz] records/creatures/enemies/waveevents/mummy_h02.dbr
        desc=tagGDX2HeroMummy_H02 class=Hero charLevel=charLevel*1
        skillName12                -> igrixx_frigidring.dbr
        specialAttack5SkillName    -> igrixx_frigidring.dbr
[GDX3.arz] records/creatures/enemies/bounties/wg_bounty04.dbr
        desc=tagGDX2BountyWG04 class=Hero charLevel=charLevel*1
        skillName13                -> igrixx_frigidring.dbr
        specialAttack5SkillName    -> igrixx_frigidring.dbr
[GDX3.arz] records/creatures/enemies/devotion/korvaakservant_h02.dbr
        desc=tagGDX2DevotionKorvaakServant_H02 class=Hero charLevel=charLevel*1
        chainInitialSkill          -> chillbane_blizzard.dbr
        skillName12                -> chillbane_blizzard.dbr
        specialAttack5SkillName    -> chillbane_blizzard.dbr
[GDX3.arz] records/creatures/enemies/hero/gryphon_h01.dbr
        desc=tagGDX2HeroGryphon_H01 class=Hero charLevel=charLevel*1
        skillName13                -> igrixx_frigidring.dbr
        specialAttack5SkillName    -> igrixx_frigidring.dbr
[GDX3.arz] records/creatures/enemies/hero/korvaakservant_h02.dbr
        desc=tagGDX2HeroKorvaakServant_H02 class=Hero charLevel=charLevel*1
        skillName12                -> chillbane_blizzard.dbr
        specialAttack5SkillName    -> chillbane_blizzard.dbr

### igrixx_frigidring detail
  [database.arz] type=Skill_AttackProjectileRing
    Class                                    'Skill_AttackProjectileRing'
    FileDescription                          'Freeze projectile ring'
    cameraShakeAmplitude                     0.11999999731779099
    distanceProfile                          'Long'
    offensiveColdMin                         [n=60] r1=49.0 r4=139.0 r5=171.0
    offensiveFreezeMin                       [n=60] r1=0.699999988079071 r4=0.800000011920929 r5=0.8999999761581421
    projectileDamageRange1Max                2.0
    projectileDamageRange1Scale              50
    projectileDamageRange2Max                10.0
    projectileDamageRange2Min                2.0
    projectileDamageRange2Scale              100
    projectileDamageRange3Max                20.0
    projectileDamageRange3Min                10.0
    projectileDamageRange3Scale              150
    projectileExplosionRadius                2.0
    projectileLaunchNumber                   16
    projectileLaunchRotation                 360.0
    projectileUsesAllDamage                  True
    ragDollDirection                         'Push'
    ragDollEffect                            'TakeHit'
    ragDollElevation                         'Downward'
    ragDollPush                              'None'
    skillManaCost                            [n=60] r1=20.0 r4=35.0 r5=40.0
    skillMaxLevel                            60
    skillProjectileName                      'records/fx/skillsother/projectile/icebolt_nova_fxprojectile.dbr'
    skillSwipeSound                          'records/sounds/skillsounds/spak_ice_nova.dbr'
    templateName                             'database/templates/skill_attackprojectilering.tpl'
