[database.arz] records/proxies/pools/p_beasts_slitha_amb_s1_n.dbr
      nameChampion6=records/creatures/enemies/hero/slith_h01.dbr
        weightChampion6            3
        levelVarianceEquationChampion6 'records/proxies/lv6_hero.dbr'
        limitChampion6             1
        spawnMin                   4
        spawnMax                   10
        championChance             15.0
[database.arz] records/proxies/pools/p_beasts_slitha_t.dbr
      nameChampion5=records/creatures/enemies/hero/slith_h01.dbr
        weightChampion5            6
        levelVarianceEquationChampion5 'records/proxies/lv6_hero.dbr'
        limitChampion5             1
        spawnMin                   4
        spawnMax                   6
        championChance             30.0
[database.arz] records/proxies/pools/p_beasts_slitha_vt.dbr
      nameChampion5=records/creatures/enemies/hero/slith_h01.dbr
        weightChampion5            10
        levelVarianceEquationChampion5 'records/proxies/lv6_hero.dbr'
        limitChampion5             1
        spawnMin                   6
        spawnMax                   8
        championChance             33.0
[database.arz] records/proxies/pools/p_beasts_slitha_xhighhero.dbr
      nameChampion5=records/creatures/enemies/hero/slith_h01.dbr
        weightChampion5            60
        levelVarianceEquationChampion5 'records/proxies/lv6_hero.dbr'
        limitChampion5             1
        spawnMin                   6
        spawnMax                   8
        championChance             15.0
[database.arz] records/proxies/pools/p_beasts_slithb_t.dbr
      nameChampion5=records/creatures/enemies/hero/slith_h01.dbr
        weightChampion5            5
        levelVarianceEquationChampion5 'records/proxies/lv6_hero.dbr'
        limitChampion5             1
        spawnMin                   5
        spawnMax                   7
        championChance             40.0
[database.arz] records/proxies/pools/p_beasts_slithb_xhighhero.dbr
      nameChampion5=records/creatures/enemies/hero/slith_h01.dbr
        weightChampion5            60
        levelVarianceEquationChampion5 'records/proxies/lv6_hero.dbr'
        limitChampion5             1
        spawnMin                   6
        spawnMax                   7
        championChance             15.0
[database.arz] records/proxies/pools/p_beasts_slithc_t.dbr
      nameChampion5=records/creatures/enemies/hero/slith_h01.dbr
        weightChampion5            5
        levelVarianceEquationChampion5 'records/proxies/lv6_hero.dbr'
        limitChampion5             1
        spawnMin                   5
        spawnMax                   7
        championChance             40.0
[database.arz] records/proxies/pools/p_beasts_slithc_xhighhero.dbr
      nameChampion5=records/creatures/enemies/hero/slith_h01.dbr
        weightChampion5            60
        levelVarianceEquationChampion5 'records/proxies/lv6_hero.dbr'
        limitChampion5             1
        spawnMin                   6
        spawnMax                   7
        championChance             15.0
[GDX2.arz] records/proxies/monstertotem/pools/totem_a03_02_epic.dbr
      nameChampion1=records/creatures/enemies/hero/slith_h01.dbr
        weightChampion1            100
        levelVarianceEquationChampion1 'records/proxies/lv6_hero.dbr'
        limitChampion1             1
        spawnMin                   9
        spawnMax                   11
        championChance             100.0
[GDX2.arz] records/proxies/monstertotem/pools/totem_a03_02_legendary.dbr
      nameChampion1=records/creatures/enemies/hero/slith_h01.dbr
        weightChampion1            100
        levelVarianceEquationChampion1 'records/proxies/lv6_hero.dbr'
        limitChampion1             1
        spawnMin                   10
        spawnMax                   12
        championChance             100.0
[GDX2.arz] records/proxies/monstertotem/pools/totem_a03_02.dbr
      nameChampion1=records/creatures/enemies/hero/slith_h01.dbr
        weightChampion1            100
        levelVarianceEquationChampion1 'records/proxies/lv6_hero.dbr'
        limitChampion1             1
        spawnMin                   7
        spawnMax                   8
        championChance             100.0
[GDX2.arz] records/endlessdungeon/proxies/poolshero/slith_hero.dbr
      nameChampion1=records/creatures/enemies/hero/slith_h01.dbr
        weightChampion1            100
        levelVarianceEquationChampion1 'records/proxies/lv6_hero.dbr'
        limitChampion1             1
        spawnMin                   0
        spawnMax                   0
        championChance             100.0
[GDX3.arz] records/proxies/pools/p_beasts_slithb_t.dbr
      nameChampion5=records/creatures/enemies/hero/slith_h01.dbr
        weightChampion5            5
        levelVarianceEquationChampion5 'records/proxies/lv6_hero.dbr'
        limitChampion5             1
        spawnMin                   5
        spawnMax                   7
        championChance             40.0
[GDX3.arz] records/proxies/pools/p_beasts_slitha_vt.dbr
      nameChampion5=records/creatures/enemies/hero/slith_h01.dbr
        weightChampion5            10
        levelVarianceEquationChampion5 'records/proxies/lv6_hero.dbr'
        limitChampion5             1
        spawnMin                   6
        spawnMax                   8
        championChance             33.0
[GDX3.arz] records/endlessdungeon/proxies/poolshero/slith_hero.dbr
      nameChampion1=records/creatures/enemies/hero/slith_h01.dbr
        weightChampion1            100
        levelVarianceEquationChampion1 'records/proxies/lv6_hero.dbr'
        limitChampion1             1
        spawnMin                   0
        spawnMax                   0
        championChance             100.0
[GDX3.arz] records/proxies/pools/p_beasts_slitha_xhighhero.dbr
      nameChampion5=records/creatures/enemies/hero/slith_h01.dbr
        weightChampion5            60
        levelVarianceEquationChampion5 'records/proxies/lv6_hero.dbr'
        limitChampion5             1
        spawnMin                   6
        spawnMax                   8
        championChance             15.0
[GDX3.arz] records/proxies/pools/p_beasts_slithc_t.dbr
      nameChampion5=records/creatures/enemies/hero/slith_h01.dbr
        weightChampion5            5
        levelVarianceEquationChampion5 'records/proxies/lv6_hero.dbr'
        limitChampion5             1
        spawnMin                   5
        spawnMax                   7
        championChance             40.0
[GDX3.arz] records/proxies/pools/p_beasts_slitha_t.dbr
      nameChampion5=records/creatures/enemies/hero/slith_h01.dbr
        weightChampion5            6
        levelVarianceEquationChampion5 'records/proxies/lv6_hero.dbr'
        limitChampion5             1
        spawnMin                   4
        spawnMax                   6
        championChance             30.0
[GDX3.arz] records/proxies/pools/p_beasts_slithb_xhighhero.dbr
      nameChampion5=records/creatures/enemies/hero/slith_h01.dbr
        weightChampion5            60
        levelVarianceEquationChampion5 'records/proxies/lv6_hero.dbr'
        limitChampion5             1
        spawnMin                   6
        spawnMax                   7
        championChance             15.0
[GDX3.arz] records/proxies/pools/p_beasts_slitha_amb_s1_n.dbr
      nameChampion6=records/creatures/enemies/hero/slith_h01.dbr
        weightChampion6            3
        levelVarianceEquationChampion6 'records/proxies/lv6_hero.dbr'
        limitChampion6             1
        spawnMin                   4
        spawnMax                   10
        championChance             15.0
[GDX3.arz] records/proxies/monstertotem/pools/totem_a03_02.dbr
      nameChampion1=records/creatures/enemies/hero/slith_h01.dbr
        weightChampion1            100
        levelVarianceEquationChampion1 'records/proxies/lv6_hero.dbr'
        limitChampion1             1
        spawnMin                   7
        spawnMax                   8
        championChance             100.0
[GDX3.arz] records/proxies/monstertotem/pools/totem_a03_02_epic.dbr
      nameChampion1=records/creatures/enemies/hero/slith_h01.dbr
        weightChampion1            100
        levelVarianceEquationChampion1 'records/proxies/lv6_hero.dbr'
        limitChampion1             1
        spawnMin                   9
        spawnMax                   11
        championChance             100.0
[GDX3.arz] records/proxies/monstertotem/pools/totem_a03_02_legendary.dbr
      nameChampion1=records/creatures/enemies/hero/slith_h01.dbr
        weightChampion1            100
        levelVarianceEquationChampion1 'records/proxies/lv6_hero.dbr'
        limitChampion1             1
        spawnMin                   10
        spawnMax                   12
        championChance             100.0
[GDX3.arz] records/proxies/monstertotem/pools/totem_d02_06.dbr
      nameChampion6=records/creatures/enemies/hero/slith_h01.dbr
        weightChampion6            200
        levelVarianceEquationChampion6 'records/proxies/lv6_hero.dbr'
        limitChampion6             1
        spawnMin                   11
        spawnMax                   13
        championChance             100.0
[GDX3.arz] records/proxies/monstertotem/pools/totem_d02_06_epic.dbr
      nameChampion6=records/creatures/enemies/hero/slith_h01.dbr
        weightChampion6            200
        levelVarianceEquationChampion6 'records/proxies/lv6_hero.dbr'
        limitChampion6             1
        spawnMin                   12
        spawnMax                   14
        championChance             100.0
[GDX3.arz] records/proxies/monstertotem/pools/totem_d02_06_legendary.dbr
      nameChampion6=records/creatures/enemies/hero/slith_h01.dbr
        weightChampion6            200
        levelVarianceEquationChampion6 'records/proxies/lv6_hero.dbr'
        limitChampion6             1
        spawnMin                   13
        spawnMax                   15
        championChance             100.0
[GDX3.arz] records/proxies/pools/p_beasts_slithc_xhighhero.dbr
      nameChampion5=records/creatures/enemies/hero/slith_h01.dbr
        weightChampion5            60
        levelVarianceEquationChampion5 'records/proxies/lv6_hero.dbr'
        limitChampion5             1
        spawnMin                   6
        spawnMax                   7
        championChance             15.0

### slith_h01 record — cadence + wiring
  chanceToEquipLeftHand              0.0
  chanceToEquipRightHand             0.0
  charLevel                          'charLevel*1+5'
  characterAttackSpeed               1.0
  characterAttackSpeedModifier       0.0
  characterAttributeEquations        'records/creatures/enemies/bios/bio_hero_standard_01.dbr'
  controller                         'records/controllers/enemy/controller_slith_melee.dbr'
  description                        'tagSlithHeroH01'
  hitThreshold                       100
  monsterClassification              'Hero'
  numAttackSlots                     8
  skillLevel1                        '(charLevel/30)+1'
  skillLevel2                        'charLevel*1'
  skillLevel3                        'charLevel*1'
  skillLevel4                        '2'
  skillLevel5                        'charLevel/4+1'
  skillLevel6                        'charLevel/4+1'
  skillLevel7                        'charLevel/4+1'
  skillLevel8                        '1'
  skillLevel9                        '(charLevel/4)+1'
  skillName1                         'records/skills/nonplayerskills/passive/damage_totaladjuster.dbr'
  skillName2                         'records/skills/nonplayerskills/passive/damagebase_physical03.dbr'
  skillName3                         'records/skills/nonplayerskills/passive/armorbase03.dbr'
  skillName4                         'records/skills/nonplayerskills/passive/resists_heroboss.dbr'
  skillName5                         'records/skills/nonplayerskills/heroskills/igrixx_frigidring.dbr'
  skillName6                         'records/skills/nonplayerskills/heroskills/igrixx_chilledweapons.dbr'
  skillName7                         'records/skills/nonplayerskills/heroskills/igrixx_chillingfront.dbr'
  skillName8                         'records/skills/nonplayerskills/heroskills/hero loot chests/hero_chest_all_01.dbr'
  skillName9                         'records/skills/nonplayerskills/passive/passiveproperties_herodeflection.dbr'
  specialAttack2Chance               100.0
  specialAttack2Delay                10.0
  specialAttack2Range                'ShortRange'
  specialAttack2SkillName            'records/skills/nonplayerskills/heroskills/igrixx_frigidring.dbr'
  specialAttack2Timeout              3.0
  specialAttackChance                100.0
  specialAttackDelay                 8.0
  specialAttackRange                 'MediumRange'
  specialAttackSkillName             'records/skills/nonplayerskills/heroskills/igrixx_chillingfront.dbr'
  specialAttackSound1Chance          100.0
  specialAttackSound2Chance          100.0
  specialAttackSound3Chance          100.0
  specialAttackSound4Chance          100.0
  specialAttackTimeout               3.0
