### (a) census of characterBaseAttackSpeed values by item Class (database.arz)
  WeaponArmor_Offhand          characterBaseAttackSpeed=None                     n=  195  e.g. records/items/gearweapons/focus/b018d_focus.dbr
  WeaponArmor_Shield           characterBaseAttackSpeed=None                     n=  127  e.g. records/items/gearweapons/shields/a00_shield01.dbr
  WeaponHunting_Ranged1h       characterBaseAttackSpeed=-0.03999999910593033     n=    3  e.g. records/items/gearweapons/guns1h/d002_gun1h.dbr
  WeaponHunting_Ranged1h       characterBaseAttackSpeed=-0.05000000074505806     n=   14  e.g. records/items/gearweapons/guns1h/a05_gun1h001.dbr
  WeaponHunting_Ranged1h       characterBaseAttackSpeed=-0.05999999865889549     n=   17  e.g. records/items/gearweapons/guns1h/c004_gun1h.dbr
  WeaponHunting_Ranged1h       characterBaseAttackSpeed=-0.07000000029802322     n=   15  e.g. records/items/gearweapons/guns1h/a04_gun1h001.dbr
  WeaponHunting_Ranged1h       characterBaseAttackSpeed=-0.07999999821186066     n=   24  e.g. records/items/gearweapons/guns1h/b004c_gun1h.dbr
  WeaponHunting_Ranged1h       characterBaseAttackSpeed=-0.09000000357627869     n=    5  e.g. records/items/gearweapons/guns1h/d004_gun1h.dbr
  WeaponHunting_Ranged1h       characterBaseAttackSpeed=-0.10000000149011612     n=    9  e.g. records/items/faction/weapons/guns1h/f003c_gun1h.dbr
  WeaponHunting_Ranged1h       characterBaseAttackSpeed=-0.11999999731779099     n=    4  e.g. records/items/gearweapons/guns1h/d000_gun1h.dbr
  WeaponHunting_Ranged2h       characterBaseAttackSpeed=-0.14000000059604645     n=    2  e.g. records/items/gearweapons/guns2h/c0000_gun2h.dbr
  WeaponHunting_Ranged2h       characterBaseAttackSpeed=-0.15000000596046448     n=    4  e.g. records/items/gearweapons/guns2h/c041_gun2h.dbr
  WeaponHunting_Ranged2h       characterBaseAttackSpeed=-0.1599999964237213      n=    1  e.g. records/items/gearweapons/guns2h/d011_gun2h.dbr
  WeaponHunting_Ranged2h       characterBaseAttackSpeed=-0.18000000715255737     n=   34  e.g. records/items/gearweapons/guns2h/c026_gun2h.dbr
  WeaponHunting_Ranged2h       characterBaseAttackSpeed=-0.20000000298023224     n=   34  e.g. records/items/crafting/crafting_randomcrossbow2h.dbr
  WeaponHunting_Ranged2h       characterBaseAttackSpeed=-0.20999999344348907     n=    3  e.g. records/items/gearweapons/guns2h/a01_gun2h000.dbr
  WeaponHunting_Ranged2h       characterBaseAttackSpeed=-0.2199999988079071      n=   23  e.g. records/items/gearweapons/guns2h/b008c_gun2h.dbr
  WeaponHunting_Ranged2h       characterBaseAttackSpeed=-0.23000000417232513     n=   29  e.g. records/items/gearweapons/guns2h/d012_gun2h.dbr
  WeaponHunting_Ranged2h       characterBaseAttackSpeed=-0.23999999463558197     n=    4  e.g. records/items/gearweapons/guns2h/c010_gun2h.dbr
  WeaponMelee_Axe              characterBaseAttackSpeed=-0.009999999776482582    n=    4  e.g. records/items/gearweapons/axe1h/a06_axe001.dbr
  WeaponMelee_Axe              characterBaseAttackSpeed=-0.019999999552965164    n=   12  e.g. records/items/gearweapons/axe1h/b005b_axe.dbr
  WeaponMelee_Axe              characterBaseAttackSpeed=-0.029999999329447746    n=    3  e.g. records/items/gearweapons/axe1h/a02_axe002.dbr
  WeaponMelee_Axe              characterBaseAttackSpeed=-0.03999999910593033     n=   13  e.g. records/items/gearweapons/axe1h/b003b_axe.dbr
  WeaponMelee_Axe              characterBaseAttackSpeed=-0.05000000074505806     n=   10  e.g. records/items/faction/weapons/axe1h/f003c_axe.dbr
  WeaponMelee_Axe              characterBaseAttackSpeed=-0.05999999865889549     n=   14  e.g. records/items/gearweapons/axe1h/a02_axe001.dbr
  WeaponMelee_Axe              characterBaseAttackSpeed=-0.07000000029802322     n=   15  e.g. records/items/gearweapons/axe1h/c017_axe.dbr
  WeaponMelee_Axe              characterBaseAttackSpeed=-0.07999999821186066     n=    9  e.g. records/items/gearweapons/axe1h/d000_axe.dbr
  WeaponMelee_Axe              characterBaseAttackSpeed=-0.09000000357627869     n=    5  e.g. records/items/gearweapons/axe1h/a03_axe001.dbr
  WeaponMelee_Axe              characterBaseAttackSpeed=-0.10000000149011612     n=    5  e.g. records/items/gearweapons/axe1h/c021_axe.dbr
  WeaponMelee_Axe              characterBaseAttackSpeed=None                     n=    2  e.g. records/items/transmutes/loyalistpack03set01/dlc_mogdrogen_axe.dbr
  WeaponMelee_Axe2h            characterBaseAttackSpeed=-0.10999999940395355     n=    2  e.g. records/items/gearweapons/melee2h/c004_axe2h.dbr
  WeaponMelee_Axe2h            characterBaseAttackSpeed=-0.11999999731779099     n=    5  e.g. records/items/gearweapons/melee2h/b006b_axe2h.dbr
  WeaponMelee_Axe2h            characterBaseAttackSpeed=-0.12999999523162842     n=    6  e.g. records/items/gearweapons/melee2h/c010_axe2h.dbr
  WeaponMelee_Axe2h            characterBaseAttackSpeed=-0.14000000059604645     n=    3  e.g. records/items/gearweapons/melee2h/b007a_axe2h.dbr
  WeaponMelee_Axe2h            characterBaseAttackSpeed=-0.15000000596046448     n=    2  e.g. records/items/gearweapons/melee2h/b012b_axe2h.dbr
  WeaponMelee_Axe2h            characterBaseAttackSpeed=-0.1599999964237213      n=    3  e.g. records/items/gearweapons/melee2h/c025_axe2h.dbr
  WeaponMelee_Axe2h            characterBaseAttackSpeed=-0.17000000178813934     n=   17  e.g. records/items/gearweapons/melee2h/b012a_axe2h.dbr
  WeaponMelee_Axe2h            characterBaseAttackSpeed=-0.18000000715255737     n=    8  e.g. records/items/gearweapons/melee2h/c031_axe2h.dbr
  WeaponMelee_Axe2h            characterBaseAttackSpeed=-0.1899999976158142      n=    3  e.g. records/items/gearweapons/melee2h/c021_axe2h.dbr
  WeaponMelee_Axe2h            characterBaseAttackSpeed=-0.20000000298023224     n=    3  e.g. records/items/gearweapons/melee2h/b012d_axe2h.dbr
  WeaponMelee_Dagger           characterBaseAttackSpeed=-0.019999999552965164    n=  120  e.g. records/items/gearweapons/caster/c005_dagger.dbr
  WeaponMelee_Mace             characterBaseAttackSpeed=-0.029999999329447746    n=    1  e.g. records/items/enemygear/m03_groblestaff001.dbr
  WeaponMelee_Mace             characterBaseAttackSpeed=-0.03999999910593033     n=    3  e.g. records/items/gearweapons/blunt1h/c012_blunt.dbr
  WeaponMelee_Mace             characterBaseAttackSpeed=-0.05000000074505806     n=    4  e.g. records/items/gearweapons/blunt1h/a07_blunt001.dbr
  WeaponMelee_Mace             characterBaseAttackSpeed=-0.05999999865889549     n=    6  e.g. records/items/enemygear/m01_groblestaff001.dbr
  WeaponMelee_Mace             characterBaseAttackSpeed=-0.07000000029802322     n=    5  e.g. records/items/gearweapons/blunt1h/b007b2_torch.dbr
  WeaponMelee_Mace             characterBaseAttackSpeed=-0.07999999821186066     n=   17  e.g. records/items/faction/weapons/blunt1h/f002b_blunt.dbr
  WeaponMelee_Mace             characterBaseAttackSpeed=-0.09000000357627869     n=   11  e.g. records/items/gearweapons/blunt1h/b006b_blunt.dbr
  WeaponMelee_Mace             characterBaseAttackSpeed=-0.10000000149011612     n=   39  e.g. records/items/gearweapons/blunt1h/b015c_blunt.dbr
  WeaponMelee_Mace             characterBaseAttackSpeed=-0.10999999940395355     n=    7  e.g. records/items/gearweapons/blunt1h/a07_blunt003.dbr
  WeaponMelee_Mace             characterBaseAttackSpeed=-0.11999999731779099     n=    9  e.g. records/items/gearweapons/blunt1h/d003_blunt.dbr
  WeaponMelee_Mace             characterBaseAttackSpeed=-0.12999999523162842     n=   10  e.g. records/items/gearweapons/blunt1h/a02_blunt001.dbr
  WeaponMelee_Mace             characterBaseAttackSpeed=-0.14000000059604645     n=    1  e.g. records/items/gearweapons/blunt1h/a04_blunt002.dbr
  WeaponMelee_Mace             characterBaseAttackSpeed=-0.15000000596046448     n=    4  e.g. records/items/gearweapons/blunt1h/c019_blunt.dbr
  WeaponMelee_Mace             characterBaseAttackSpeed=-0.1599999964237213      n=    3  e.g. records/items/gearweapons/blunt1h/a03_blunt002.dbr
  WeaponMelee_Mace             characterBaseAttackSpeed=-0.17000000178813934     n=    2  e.g. records/items/gearweapons/blunt1h/a04_blunt003.dbr
  WeaponMelee_Mace2h           characterBaseAttackSpeed=-0.14000000059604645     n=    9  e.g. records/items/gearweapons/melee2h/c005_blunt2h.dbr
  WeaponMelee_Mace2h           characterBaseAttackSpeed=-0.15000000596046448     n=   13  e.g. records/items/gearweapons/melee2h/b008d_blunt2h.dbr
  WeaponMelee_Mace2h           characterBaseAttackSpeed=-0.1599999964237213      n=    9  e.g. records/items/gearweapons/melee2h/b014c_blunt2h.dbr
  WeaponMelee_Mace2h           characterBaseAttackSpeed=-0.17000000178813934     n=    3  e.g. records/items/gearweapons/melee2h/a03_blunt2h001.dbr
  WeaponMelee_Mace2h           characterBaseAttackSpeed=-0.18000000715255737     n=    1  e.g. records/items/gearweapons/melee2h/d001_blunt2h.dbr
  WeaponMelee_Mace2h           characterBaseAttackSpeed=-0.1899999976158142      n=   20  e.g. records/items/gearweapons/melee2h/d013_blunt2h.dbr
  WeaponMelee_Mace2h           characterBaseAttackSpeed=-0.20000000298023224     n=    4  e.g. records/items/gearweapons/melee2h/c000_blunt2h.dbr
  WeaponMelee_Scepter          characterBaseAttackSpeed=-0.07999999821186066     n=    1  e.g. records/items/gearweapons/blunt1h/d002_blunt.dbr
  WeaponMelee_Scepter          characterBaseAttackSpeed=-0.10000000149011612     n=   94  e.g. records/items/faction/weapons/caster/f005a_scepter.dbr
  WeaponMelee_Scepter          characterBaseAttackSpeed=-0.11999999731779099     n=    1  e.g. records/items/gearweapons/blunt1h/b005b_blunt.dbr
  WeaponMelee_Scepter          characterBaseAttackSpeed=-0.12999999523162842     n=    2  e.g. records/items/gearweapons/blunt1h/b005_blunt.dbr
  WeaponMelee_Scepter          characterBaseAttackSpeed=-0.1599999964237213      n=    1  e.g. records/items/gearweapons/blunt1h/b005d_blunt.dbr
  WeaponMelee_Spear2h          characterBaseAttackSpeed=None                     n=    2  e.g. records/items/transmutes/dragongeneral/dlc_dragongeneral_spear.dbr
  WeaponMelee_Sword            characterBaseAttackSpeed=-0.009999999776482582    n=   14  e.g. records/items/gearweapons/swords1h/c002_sword.dbr
  WeaponMelee_Sword            characterBaseAttackSpeed=-0.019999999552965164    n=   27  e.g. records/items/gearweapons/swords1h/c000_sword.dbr
  WeaponMelee_Sword            characterBaseAttackSpeed=-0.029999999329447746    n=   14  e.g. records/items/gearweapons/swords1h/c021_sword.dbr
  WeaponMelee_Sword            characterBaseAttackSpeed=-0.03999999910593033     n=   15  e.g. records/items/gearweapons/swords1h/b000_sword.dbr
  WeaponMelee_Sword            characterBaseAttackSpeed=-0.05000000074505806     n=    9  e.g. records/items/gearweapons/swords1h/a11_sword001.dbr
  WeaponMelee_Sword            characterBaseAttackSpeed=-0.05999999865889549     n=    4  e.g. records/items/gearweapons/swords1h/c027_sword.dbr
  WeaponMelee_Sword            characterBaseAttackSpeed=0.0                      n=    8  e.g. records/items/gearweapons/swords1h/c004_sword.dbr
  WeaponMelee_Sword            characterBaseAttackSpeed=0.009999999776482582     n=   16  e.g. records/items/gearweapons/swords1h/a05_sword002.dbr
  WeaponMelee_Sword            characterBaseAttackSpeed=None                     n=    2  e.g. records/items/transmutes/knight/dlc_blackknight_sword.dbr
  WeaponMelee_Sword2h          characterBaseAttackSpeed=-0.10999999940395355     n=    4  e.g. records/items/gearweapons/melee2h/c009_sword2h.dbr
  WeaponMelee_Sword2h          characterBaseAttackSpeed=-0.11999999731779099     n=    3  e.g. records/items/gearweapons/melee2h/b016b_blunt2h.dbr
  WeaponMelee_Sword2h          characterBaseAttackSpeed=-0.12999999523162842     n=    7  e.g. records/items/gearweapons/melee2h/c006_sword2h.dbr
  WeaponMelee_Sword2h          characterBaseAttackSpeed=-0.14000000059604645     n=    1  e.g. records/items/gearweapons/melee2h/a10_sword2h001.dbr
  WeaponMelee_Sword2h          characterBaseAttackSpeed=-0.1599999964237213      n=   19  e.g. records/items/gearweapons/melee2h/b013a_sword2h.dbr
  WeaponMelee_Sword2h          characterBaseAttackSpeed=-0.17000000178813934     n=    1  e.g. records/items/gearweapons/melee2h/d008_sword2h.dbr
  WeaponMelee_Sword2h          characterBaseAttackSpeed=-0.18000000715255737     n=    2  e.g. records/items/gearweapons/melee2h/c027_sword2h.dbr

  speed-ish field names seen on weapon records:
    characterRunSpeedJitter                      1239
    offensiveSlowAttackSpeedChance               1239
    offensiveSlowAttackSpeedDurationMax          1239
    offensiveSlowAttackSpeedDurationMin          1239
    offensiveSlowAttackSpeedDurationModifier     1239
    offensiveSlowAttackSpeedGlobal               1239
    offensiveSlowAttackSpeedMax                  1239
    offensiveSlowAttackSpeedMin                  1239
    offensiveSlowAttackSpeedModifier             1239
    offensiveSlowAttackSpeedModifierChance       1239
    offensiveSlowAttackSpeedXOR                  1239
    offensiveSlowRunSpeedDurationMax             1239
    offensiveSlowRunSpeedDurationModifier        1239
    offensiveSlowRunSpeedMax                     1239
    offensiveSlowRunSpeedModifier                1239
    offensiveSlowRunSpeedModifierChance          1239
    retaliationSlowAttackSpeedDurationMax        1239
    retaliationSlowAttackSpeedDurationModifier   1239
    retaliationSlowAttackSpeedDurationModifierChance 1239
    retaliationSlowAttackSpeedGlobal             1239

### (b) records that might map speed tag -> seconds
  records/ui/character/characterinfotab1/charinfo_statsattackspeedstylenumber.dbr   []
  records/ui/character/characterinfotab2/charactersection/charinfo_statsattackspeedstylerollover.dbr   []
  records/game/gameiteminfo.dbr   []
  records/items/lootaffixes/completion/a25a_attackspeed.dbr   [LootRandomizer]
  records/items/lootaffixes/completion/b20_weapon_attackspeed.dbr   [LootRandomizer]
  records/skills/itemskills/granted/item_attackspeedbuff_01.dbr   [Skill_BuffSelfDuration]
  records/ui/character/characterinfotab1/charinfo_statsattackspeedstylerollover.dbr   []
  records/ui/character/characterinfotab1/charinfo_statsattackspeedstyletext.dbr   []
  records/ui/character/characterinfotab2/petssection/charinfo_petattackspeedrollover.dbr   []
