[2026-05-22T10:07:00Z] === Track H — Met Museum Open Access API ===
[2026-05-22T10:07:00Z] DB:      /Users/admin/Games/reincarnated-loadout/data/telemetry.db
[2026-05-22T10:07:00Z] Summary: /Users/admin/Games/reincarnated-collaboration/agentic_orchestration/legolas/research/weapon-library-import-2026-05-22/summaries/track-H-met-museum-summary.json
[2026-05-22T10:07:00Z] Step 1: fetching department object list from https://collectionapi.metmuseum.org/public/collection/v1/objects?departmentIds=4
[2026-05-22T10:07:00Z]   API reports total=13753, objectIDs list length=13753
[2026-05-22T10:07:00Z] Step 2: fetching 13753 objects at ≤5 concurrent threads
[2026-05-22T10:07:00Z]   Expected wall time: ~46–55 minutes
[2026-05-22T10:08:01Z]   Progress: 103/13753 (0.7%) | inserted=0 images=0 | 404s=0 errors=15 | rate=1.7/s ETA=135.3min
[2026-05-22T10:09:14Z]   Progress: 173/13753 (1.3%) | inserted=13 images=465 | 404s=0 errors=31 | rate=1.3/s ETA=176.1min
[2026-05-22T10:10:15Z]   Progress: 212/13753 (1.5%) | inserted=13 images=465 | 404s=0 errors=51 | rate=1.1/s ETA=207.4min
[2026-05-22T10:11:15Z]   Progress: 254/13753 (1.8%) | inserted=13 images=465 | 404s=0 errors=74 | rate=1.0/s ETA=225.7min
[2026-05-22T10:12:15Z]   Progress: 288/13753 (2.1%) | inserted=13 images=465 | 404s=0 errors=90 | rate=0.9/s ETA=245.3min
[2026-05-22T10:13:27Z]   Progress: 337/13753 (2.5%) | inserted=113 images=599 | 404s=0 errors=107 | rate=0.9/s ETA=257.2min
[2026-05-22T10:14:40Z]   Progress: 386/13753 (2.8%) | inserted=113 images=599 | 404s=0 errors=127 | rate=0.8/s ETA=265.7min
[2026-05-22T10:15:40Z]   Progress: 429/13753 (3.1%) | inserted=113 images=599 | 404s=0 errors=151 | rate=0.8/s ETA=269.5min
[2026-05-22T10:16:41Z]   Progress: 461/13753 (3.4%) | inserted=113 images=599 | 404s=0 errors=167 | rate=0.8/s ETA=279.2min
[2026-05-22T10:17:41Z]   Progress: 504/13753 (3.7%) | inserted=213 images=812 | 404s=0 errors=187 | rate=0.8/s ETA=281.0min
[2026-05-22T10:18:42Z]   Progress: 542/13753 (3.9%) | inserted=213 images=812 | 404s=0 errors=202 | rate=0.8/s ETA=285.1min
[2026-05-22T10:19:54Z]   Progress: 591/13753 (4.3%) | inserted=213 images=812 | 404s=0 errors=222 | rate=0.8/s ETA=287.4min
[2026-05-22T10:20:54Z]   Progress: 636/13753 (4.6%) | inserted=213 images=812 | 404s=0 errors=242 | rate=0.8/s ETA=286.9min
[2026-05-22T10:21:55Z]   Progress: 679/13753 (4.9%) | inserted=313 images=963 | 404s=0 errors=262 | rate=0.8/s ETA=287.4min
[2026-05-22T10:23:09Z]   Progress: 737/13753 (5.4%) | inserted=313 images=963 | 404s=0 errors=282 | rate=0.8/s ETA=285.2min
[2026-05-22T10:24:09Z]   Progress: 783/13753 (5.7%) | inserted=313 images=963 | 404s=0 errors=302 | rate=0.8/s ETA=284.1min
[2026-05-22T10:25:09Z]   Progress: 821/13753 (6.0%) | inserted=313 images=963 | 404s=0 errors=322 | rate=0.8/s ETA=285.9min
[2026-05-22T10:26:09Z]   Progress: 864/13753 (6.3%) | inserted=413 images=1037 | 404s=0 errors=342 | rate=0.8/s ETA=285.8min
[2026-05-22T10:27:10Z]   Progress: 904/13753 (6.6%) | inserted=413 images=1037 | 404s=0 errors=362 | rate=0.7/s ETA=286.6min
[2026-05-22T10:28:10Z]   Progress: 942/13753 (6.8%) | inserted=413 images=1037 | 404s=0 errors=380 | rate=0.7/s ETA=287.9min
[2026-05-22T10:29:10Z]   Progress: 987/13753 (7.2%) | inserted=413 images=1037 | 404s=0 errors=400 | rate=0.7/s ETA=286.8min
[2026-05-22T10:30:12Z]   Progress: 1035/13753 (7.5%) | inserted=513 images=1294 | 404s=0 errors=420 | rate=0.7/s ETA=285.0min
[2026-05-22T10:31:12Z]   Progress: 1078/13753 (7.8%) | inserted=513 images=1294 | 404s=0 errors=440 | rate=0.7/s ETA=284.5min
[2026-05-22T10:32:16Z]   Progress: 1125/13753 (8.2%) | inserted=513 images=1294 | 404s=0 errors=453 | rate=0.7/s ETA=283.6min
[2026-05-22T10:33:16Z]   Progress: 1164/13753 (8.5%) | inserted=513 images=1294 | 404s=0 errors=473 | rate=0.7/s ETA=284.1min
[2026-05-22T10:34:16Z]   Progress: 1218/13753 (8.9%) | inserted=613 images=1307 | 404s=0 errors=493 | rate=0.7/s ETA=280.7min
[2026-05-22T10:35:16Z]   Progress: 1262/13753 (9.2%) | inserted=613 images=1307 | 404s=0 errors=513 | rate=0.7/s ETA=279.8min
[2026-05-22T10:36:16Z]   Progress: 1305/13753 (9.5%) | inserted=613 images=1307 | 404s=0 errors=533 | rate=0.7/s ETA=279.2min
[2026-05-22T10:37:17Z]   Progress: 1341/13753 (9.8%) | inserted=613 images=1307 | 404s=0 errors=553 | rate=0.7/s ETA=280.3min
[2026-05-22T10:38:17Z]   Progress: 1387/13753 (10.1%) | inserted=713 images=1437 | 404s=0 errors=575 | rate=0.7/s ETA=278.9min
[2026-05-22T10:39:31Z]   Progress: 1438/13753 (10.5%) | inserted=713 images=1437 | 404s=0 errors=598 | rate=0.7/s ETA=278.5min
[2026-05-22T10:40:31Z]   Progress: 1485/13753 (10.8%) | inserted=713 images=1437 | 404s=0 errors=621 | rate=0.7/s ETA=276.9min
[2026-05-22T10:41:31Z]   Progress: 1526/13753 (11.1%) | inserted=713 images=1437 | 404s=0 errors=638 | rate=0.7/s ETA=276.6min
[2026-05-22T10:42:31Z]   Progress: 1567/13753 (11.4%) | inserted=813 images=1504 | 404s=0 errors=660 | rate=0.7/s ETA=276.3min
[2026-05-22T10:43:31Z]   Progress: 1615/13753 (11.7%) | inserted=813 images=1504 | 404s=0 errors=678 | rate=0.7/s ETA=274.5min
[2026-05-22T10:44:32Z]   Progress: 1656/13753 (12.0%) | inserted=813 images=1504 | 404s=0 errors=701 | rate=0.7/s ETA=274.2min
[2026-05-22T10:45:46Z]   Progress: 1702/13753 (12.4%) | inserted=813 images=1504 | 404s=0 errors=723 | rate=0.7/s ETA=274.5min
[2026-05-22T10:46:46Z]   Progress: 1742/13753 (12.7%) | inserted=913 images=1634 | 404s=0 errors=742 | rate=0.7/s ETA=274.2min
[2026-05-22T10:47:46Z]   Progress: 1793/13753 (13.0%) | inserted=913 images=1634 | 404s=0 errors=762 | rate=0.7/s ETA=272.0min
[2026-05-22T10:48:46Z]   Progress: 1837/13753 (13.4%) | inserted=913 images=1634 | 404s=0 errors=782 | rate=0.7/s ETA=271.0min
[2026-05-22T10:49:47Z]   Progress: 1879/13753 (13.7%) | inserted=913 images=1634 | 404s=0 errors=802 | rate=0.7/s ETA=270.3min
[2026-05-22T10:50:59Z]   Progress: 1921/13753 (14.0%) | inserted=1013 images=1689 | 404s=0 errors=817 | rate=0.7/s ETA=271.0min
[2026-05-22T10:51:59Z]   Progress: 1971/13753 (14.3%) | inserted=1013 images=1689 | 404s=0 errors=837 | rate=0.7/s ETA=269.0min
[2026-05-22T10:52:59Z]   Progress: 2020/13753 (14.7%) | inserted=1013 images=1689 | 404s=0 errors=857 | rate=0.7/s ETA=267.2min
[2026-05-22T10:54:00Z]   Progress: 2060/13753 (15.0%) | inserted=1013 images=1689 | 404s=0 errors=876 | rate=0.7/s ETA=266.8min
[2026-05-22T10:55:00Z]   Progress: 2107/13753 (15.3%) | inserted=1113 images=1943 | 404s=0 errors=896 | rate=0.7/s ETA=265.3min
[2026-05-22T10:56:00Z]   Progress: 2151/13753 (15.6%) | inserted=1113 images=1943 | 404s=0 errors=916 | rate=0.7/s ETA=264.3min
[2026-05-22T10:57:00Z]   Progress: 2192/13753 (15.9%) | inserted=1113 images=1943 | 404s=0 errors=936 | rate=0.7/s ETA=263.7min
[2026-05-22T10:58:04Z]   Progress: 2227/13753 (16.2%) | inserted=1113 images=1943 | 404s=0 errors=948 | rate=0.7/s ETA=264.3min
[2026-05-22T10:59:08Z]   Progress: 2266/13753 (16.5%) | inserted=1113 images=1943 | 404s=0 errors=970 | rate=0.7/s ETA=264.3min
[2026-05-22T11:00:09Z]   Progress: 2307/13753 (16.8%) | inserted=1213 images=2090 | 404s=0 errors=990 | rate=0.7/s ETA=263.7min
[2026-05-22T11:01:09Z]   Progress: 2347/13753 (17.1%) | inserted=1213 images=2090 | 404s=0 errors=1010 | rate=0.7/s ETA=263.2min
[2026-05-22T11:02:21Z]   Progress: 2402/13753 (17.5%) | inserted=1213 images=2090 | 404s=0 errors=1030 | rate=0.7/s ETA=261.6min
[2026-05-22T11:03:22Z]   Progress: 2441/13753 (17.7%) | inserted=1213 images=2090 | 404s=0 errors=1050 | rate=0.7/s ETA=261.2min
[2026-05-22T11:04:22Z]   Progress: 2487/13753 (18.1%) | inserted=1313 images=2197 | 404s=0 errors=1070 | rate=0.7/s ETA=259.9min
[2026-05-22T11:05:22Z]   Progress: 2524/13753 (18.4%) | inserted=1313 images=2197 | 404s=0 errors=1090 | rate=0.7/s ETA=259.7min
[2026-05-22T11:06:24Z]   Progress: 2569/13753 (18.7%) | inserted=1313 images=2197 | 404s=0 errors=1109 | rate=0.7/s ETA=258.6min
[2026-05-22T11:07:32Z]   Progress: 2609/13753 (19.0%) | inserted=1313 images=2197 | 404s=0 errors=1130 | rate=0.7/s ETA=258.6min
[2026-05-22T11:08:33Z]   Progress: 2650/13753 (19.3%) | inserted=1413 images=2412 | 404s=0 errors=1150 | rate=0.7/s ETA=257.9min
[2026-05-22T11:09:33Z]   Progress: 2693/13753 (19.6%) | inserted=1413 images=2412 | 404s=0 errors=1170 | rate=0.7/s ETA=256.9min
[2026-05-22T11:10:33Z]   Progress: 2740/13753 (19.9%) | inserted=1413 images=2412 | 404s=0 errors=1194 | rate=0.7/s ETA=255.5min
[2026-05-22T11:11:35Z]   Progress: 2780/13753 (20.2%) | inserted=1413 images=2412 | 404s=0 errors=1214 | rate=0.7/s ETA=254.9min
[2026-05-22T11:12:35Z]   Progress: 2821/13753 (20.5%) | inserted=1413 images=2412 | 404s=0 errors=1233 | rate=0.7/s ETA=254.2min
[2026-05-22T11:13:35Z]   Progress: 2862/13753 (20.8%) | inserted=1513 images=2677 | 404s=0 errors=1253 | rate=0.7/s ETA=253.4min
[2026-05-22T11:14:35Z]   Progress: 2906/13753 (21.1%) | inserted=1513 images=2677 | 404s=0 errors=1273 | rate=0.7/s ETA=252.3min
[2026-05-22T11:15:36Z]   Progress: 2957/13753 (21.5%) | inserted=1513 images=2677 | 404s=0 errors=1292 | rate=0.7/s ETA=250.4min
[2026-05-22T11:16:36Z]   Progress: 2993/13753 (21.8%) | inserted=1513 images=2677 | 404s=0 errors=1312 | rate=0.7/s ETA=250.2min
[2026-05-22T11:17:36Z]   Progress: 3030/13753 (22.0%) | inserted=1513 images=2677 | 404s=0 errors=1332 | rate=0.7/s ETA=249.8min
[2026-05-22T11:18:48Z]   Progress: 3085/13753 (22.4%) | inserted=1613 images=2961 | 404s=0 errors=1352 | rate=0.7/s ETA=248.3min
[2026-05-22T11:20:02Z]   Progress: 3149/13753 (22.9%) | inserted=1613 images=2961 | 404s=0 errors=1370 | rate=0.7/s ETA=245.9min
[2026-05-22T11:21:02Z]   Progress: 3189/13753 (23.2%) | inserted=1613 images=2961 | 404s=0 errors=1390 | rate=0.7/s ETA=245.3min
[2026-05-22T11:22:02Z]   Progress: 3227/13753 (23.5%) | inserted=1713 images=3170 | 404s=0 errors=1412 | rate=0.7/s ETA=244.8min
[2026-05-22T11:23:02Z]   Progress: 3266/13753 (23.7%) | inserted=1713 images=3170 | 404s=0 errors=1433 | rate=0.7/s ETA=244.2min
[2026-05-22T11:24:16Z]   Progress: 3304/13753 (24.0%) | inserted=1713 images=3170 | 404s=0 errors=1454 | rate=0.7/s ETA=244.4min
[2026-05-22T11:25:16Z]   Progress: 3346/13753 (24.3%) | inserted=1713 images=3170 | 404s=0 errors=1474 | rate=0.7/s ETA=243.5min
[2026-05-22T11:26:17Z]   Progress: 3390/13753 (24.6%) | inserted=1713 images=3170 | 404s=0 errors=1494 | rate=0.7/s ETA=242.3min
[2026-05-22T11:27:17Z]   Progress: 3429/13753 (24.9%) | inserted=1813 images=3479 | 404s=0 errors=1515 | rate=0.7/s ETA=241.7min
[2026-05-22T11:28:17Z]   Progress: 3468/13753 (25.2%) | inserted=1813 images=3479 | 404s=0 errors=1538 | rate=0.7/s ETA=241.0min
[2026-05-22T11:29:17Z]   Progress: 3504/13753 (25.5%) | inserted=1813 images=3479 | 404s=0 errors=1553 | rate=0.7/s ETA=240.7min
[2026-05-22T11:30:17Z]   Progress: 3537/13753 (25.7%) | inserted=1813 images=3479 | 404s=0 errors=1564 | rate=0.7/s ETA=240.6min
[2026-05-22T11:31:17Z]   Progress: 3570/13753 (26.0%) | inserted=1813 images=3479 | 404s=0 errors=1579 | rate=0.7/s ETA=240.4min
[2026-05-22T11:32:28Z]   Progress: 3617/13753 (26.3%) | inserted=1913 images=3543 | 404s=0 errors=1595 | rate=0.7/s ETA=239.5min
[2026-05-22T11:34:26Z]   Progress: 3638/13753 (26.5%) | inserted=1913 images=3543 | 404s=0 errors=1610 | rate=0.7/s ETA=243.1min
[2026-05-22T11:35:29Z]   Progress: 3741/13753 (27.2%) | inserted=2013 images=3835 | 404s=0 errors=1629 | rate=0.7/s ETA=236.8min
[2026-05-22T11:36:42Z]   Progress: 3808/13753 (27.7%) | inserted=2013 images=3835 | 404s=0 errors=1645 | rate=0.7/s ETA=234.3min
[2026-05-22T11:37:55Z]   Progress: 3855/13753 (28.0%) | inserted=2013 images=3835 | 404s=0 errors=1665 | rate=0.7/s ETA=233.4min
[2026-05-22T11:39:08Z]   Progress: 3903/13753 (28.4%) | inserted=2113 images=3965 | 404s=0 errors=1685 | rate=0.7/s ETA=232.5min
[2026-05-22T11:40:21Z]   Progress: 3958/13753 (28.8%) | inserted=2113 images=3965 | 404s=0 errors=1705 | rate=0.7/s ETA=231.0min
[2026-05-22T11:41:23Z]   Progress: 3996/13753 (29.1%) | inserted=2113 images=3965 | 404s=0 errors=1724 | rate=0.7/s ETA=230.5min
[2026-05-22T11:42:23Z]   Progress: 4041/13753 (29.4%) | inserted=2113 images=3965 | 404s=0 errors=1743 | rate=0.7/s ETA=229.3min
[2026-05-22T11:43:23Z]   Progress: 4088/13753 (29.7%) | inserted=2213 images=4281 | 404s=0 errors=1763 | rate=0.7/s ETA=227.9min
[2026-05-22T11:44:23Z]   Progress: 4122/13753 (30.0%) | inserted=2213 images=4281 | 404s=0 errors=1783 | rate=0.7/s ETA=227.6min
[2026-05-22T11:45:24Z]   Progress: 4158/13753 (30.2%) | inserted=2213 images=4281 | 404s=0 errors=1803 | rate=0.7/s ETA=227.1min
[2026-05-22T11:46:28Z]   Progress: 4192/13753 (30.5%) | inserted=2213 images=4281 | 404s=0 errors=1815 | rate=0.7/s ETA=226.9min
[2026-05-22T11:47:39Z]   Progress: 4238/13753 (30.8%) | inserted=2313 images=4365 | 404s=0 errors=1831 | rate=0.7/s ETA=226.0min
[2026-05-22T11:48:43Z]   Progress: 4278/13753 (31.1%) | inserted=2313 images=4365 | 404s=0 errors=1851 | rate=0.7/s ETA=225.3min
[2026-05-22T11:49:43Z]   Progress: 4311/13753 (31.3%) | inserted=2313 images=4365 | 404s=0 errors=1871 | rate=0.7/s ETA=225.0min
[2026-05-22T11:50:43Z]   Progress: 4348/13753 (31.6%) | inserted=2313 images=4365 | 404s=0 errors=1889 | rate=0.7/s ETA=224.4min
[2026-05-22T11:51:47Z]   Progress: 4380/13753 (31.8%) | inserted=2313 images=4365 | 404s=0 errors=1905 | rate=0.7/s ETA=224.2min
[2026-05-22T11:52:52Z]   Progress: 4415/13753 (32.1%) | inserted=2313 images=4365 | 404s=0 errors=1925 | rate=0.7/s ETA=223.9min
[2026-05-22T11:53:53Z]   Progress: 4449/13753 (32.3%) | inserted=2413 images=4519 | 404s=0 errors=1944 | rate=0.7/s ETA=223.5min
[2026-05-22T11:54:53Z]   Progress: 4487/13753 (32.6%) | inserted=2413 images=4519 | 404s=0 errors=1964 | rate=0.7/s ETA=222.8min
[2026-05-22T11:55:54Z]   Progress: 4531/13753 (32.9%) | inserted=2413 images=4519 | 404s=0 errors=1980 | rate=0.7/s ETA=221.6min
[2026-05-22T11:57:06Z]   Progress: 4570/13753 (33.2%) | inserted=2413 images=4519 | 404s=0 errors=1999 | rate=0.7/s ETA=221.2min
[2026-05-22T11:58:06Z]   Progress: 4605/13753 (33.5%) | inserted=2413 images=4519 | 404s=0 errors=2014 | rate=0.7/s ETA=220.7min
[2026-05-22T11:59:06Z]   Progress: 4643/13753 (33.8%) | inserted=2513 images=4679 | 404s=0 errors=2034 | rate=0.7/s ETA=220.0min
[2026-05-22T12:00:07Z]   Progress: 4682/13753 (34.0%) | inserted=2513 images=4679 | 404s=0 errors=2054 | rate=0.7/s ETA=219.2min
[2026-05-22T12:01:07Z]   Progress: 4722/13753 (34.3%) | inserted=2513 images=4679 | 404s=0 errors=2074 | rate=0.7/s ETA=218.3min
[2026-05-22T12:02:13Z]   Progress: 4763/13753 (34.6%) | inserted=2513 images=4679 | 404s=0 errors=2090 | rate=0.7/s ETA=217.5min
[2026-05-22T12:03:14Z]   Progress: 4803/13753 (34.9%) | inserted=2513 images=4679 | 404s=0 errors=2105 | rate=0.7/s ETA=216.6min
[2026-05-22T12:04:14Z]   Progress: 4844/13753 (35.2%) | inserted=2613 images=4788 | 404s=0 errors=2125 | rate=0.7/s ETA=215.6min
[2026-05-22T12:05:28Z]   Progress: 4884/13753 (35.5%) | inserted=2613 images=4788 | 404s=0 errors=2150 | rate=0.7/s ETA=215.1min
[2026-05-22T12:06:29Z]   Progress: 4927/13753 (35.8%) | inserted=2613 images=4788 | 404s=0 errors=2165 | rate=0.7/s ETA=214.1min
[2026-05-22T12:07:42Z]   Progress: 4974/13753 (36.2%) | inserted=2613 images=4788 | 404s=0 errors=2180 | rate=0.7/s ETA=213.0min
[2026-05-22T12:08:55Z]   Progress: 5016/13753 (36.5%) | inserted=2713 images=4912 | 404s=0 errors=2200 | rate=0.7/s ETA=212.4min
[2026-05-22T12:10:07Z]   Progress: 5060/13753 (36.8%) | inserted=2713 images=4912 | 404s=0 errors=2222 | rate=0.7/s ETA=211.5min
[2026-05-22T12:11:09Z]   Progress: 5097/13753 (37.1%) | inserted=2713 images=4912 | 404s=0 errors=2244 | rate=0.7/s ETA=210.8min
[2026-05-22T12:12:21Z]   Progress: 5141/13753 (37.4%) | inserted=2713 images=4912 | 404s=0 errors=2264 | rate=0.7/s ETA=210.0min
[2026-05-22T12:13:23Z]   Progress: 5182/13753 (37.7%) | inserted=2713 images=4912 | 404s=0 errors=2288 | rate=0.7/s ETA=209.1min
[2026-05-22T12:14:23Z]   Progress: 5220/13753 (38.0%) | inserted=2813 images=5145 | 404s=0 errors=2308 | rate=0.7/s ETA=208.2min
[2026-05-22T12:15:23Z]   Progress: 5276/13753 (38.4%) | inserted=2813 images=5145 | 404s=0 errors=2327 | rate=0.7/s ETA=206.3min
[2026-05-22T12:16:24Z]   Progress: 5308/13753 (38.6%) | inserted=2813 images=5145 | 404s=0 errors=2347 | rate=0.7/s ETA=205.9min
[2026-05-22T12:17:24Z]   Progress: 5346/13753 (38.9%) | inserted=2813 images=5145 | 404s=0 errors=2367 | rate=0.7/s ETA=205.1min
[2026-05-22T12:18:24Z]   Progress: 5382/13753 (39.1%) | inserted=2813 images=5145 | 404s=0 errors=2387 | rate=0.7/s ETA=204.4min
[2026-05-22T12:19:37Z]   Progress: 5439/13753 (39.5%) | inserted=2913 images=5374 | 404s=0 errors=2402 | rate=0.7/s ETA=202.7min
[2026-05-22T12:20:37Z]   Progress: 5482/13753 (39.9%) | inserted=2913 images=5374 | 404s=0 errors=2422 | rate=0.7/s ETA=201.6min
[2026-05-22T12:21:38Z]   Progress: 5517/13753 (40.1%) | inserted=2913 images=5374 | 404s=0 errors=2442 | rate=0.7/s ETA=201.0min
[2026-05-22T12:22:38Z]   Progress: 5554/13753 (40.4%) | inserted=2913 images=5374 | 404s=0 errors=2464 | rate=0.7/s ETA=200.2min
[2026-05-22T12:23:38Z]   Progress: 5597/13753 (40.7%) | inserted=3013 images=5510 | 404s=0 errors=2483 | rate=0.7/s ETA=199.1min
[2026-05-22T12:24:38Z]   Progress: 5628/13753 (40.9%) | inserted=3013 images=5510 | 404s=0 errors=2501 | rate=0.7/s ETA=198.7min
[2026-05-22T12:25:39Z]   Progress: 5670/13753 (41.2%) | inserted=3013 images=5510 | 404s=0 errors=2516 | rate=0.7/s ETA=197.7min
[2026-05-22T12:26:52Z]   Progress: 5711/13753 (41.5%) | inserted=3013 images=5510 | 404s=0 errors=2536 | rate=0.7/s ETA=197.0min
[2026-05-22T12:28:04Z]   Progress: 5755/13753 (41.8%) | inserted=3013 images=5510 | 404s=0 errors=2556 | rate=0.7/s ETA=196.1min
[2026-05-22T12:29:04Z]   Progress: 5790/13753 (42.1%) | inserted=3113 images=5777 | 404s=0 errors=2576 | rate=0.7/s ETA=195.4min
[2026-05-22T12:30:05Z]   Progress: 5826/13753 (42.4%) | inserted=3113 images=5777 | 404s=0 errors=2596 | rate=0.7/s ETA=194.7min
[2026-05-22T12:31:05Z]   Progress: 5863/13753 (42.6%) | inserted=3113 images=5777 | 404s=0 errors=2616 | rate=0.7/s ETA=193.9min
[2026-05-22T12:32:05Z]   Progress: 5902/13753 (42.9%) | inserted=3113 images=5777 | 404s=0 errors=2638 | rate=0.7/s ETA=193.0min
[2026-05-22T12:33:19Z]   Progress: 5940/13753 (43.2%) | inserted=3113 images=5777 | 404s=0 errors=2661 | rate=0.7/s ETA=192.5min
[2026-05-22T12:34:20Z]   Progress: 5979/13753 (43.5%) | inserted=3113 images=5777 | 404s=0 errors=2683 | rate=0.7/s ETA=191.6min
[2026-05-22T12:35:20Z]   Progress: 6020/13753 (43.8%) | inserted=3213 images=6002 | 404s=0 errors=2695 | rate=0.7/s ETA=190.5min
[2026-05-22T12:36:32Z]   Progress: 6068/13753 (44.1%) | inserted=3213 images=6002 | 404s=0 errors=2711 | rate=0.7/s ETA=189.4min
[2026-05-22T12:37:32Z]   Progress: 6111/13753 (44.4%) | inserted=3213 images=6002 | 404s=0 errors=2730 | rate=0.7/s ETA=188.3min
[2026-05-22T12:38:34Z]   Progress: 6153/13753 (44.7%) | inserted=3313 images=6117 | 404s=0 errors=2741 | rate=0.7/s ETA=187.2min
[2026-05-22T12:39:46Z]   Progress: 6190/13753 (45.0%) | inserted=3313 images=6117 | 404s=0 errors=2762 | rate=0.7/s ETA=186.7min
[2026-05-22T12:40:46Z]   Progress: 6231/13753 (45.3%) | inserted=3313 images=6117 | 404s=0 errors=2782 | rate=0.7/s ETA=185.6min
[2026-05-22T12:41:47Z]   Progress: 6275/13753 (45.6%) | inserted=3313 images=6117 | 404s=0 errors=2803 | rate=0.7/s ETA=184.5min
[2026-05-22T12:42:47Z]   Progress: 6310/13753 (45.9%) | inserted=3313 images=6117 | 404s=0 errors=2818 | rate=0.7/s ETA=183.8min
[2026-05-22T12:43:47Z]   Progress: 6344/13753 (46.1%) | inserted=3413 images=6123 | 404s=0 errors=2829 | rate=0.7/s ETA=183.1min
[2026-05-22T12:44:48Z]   Progress: 6382/13753 (46.4%) | inserted=3413 images=6123 | 404s=0 errors=2847 | rate=0.7/s ETA=182.3min
[2026-05-22T12:45:49Z]   Progress: 6419/13753 (46.7%) | inserted=3413 images=6123 | 404s=0 errors=2866 | rate=0.7/s ETA=181.5min
[2026-05-22T12:46:49Z]   Progress: 6459/13753 (47.0%) | inserted=3413 images=6123 | 404s=0 errors=2886 | rate=0.7/s ETA=180.5min
[2026-05-22T12:47:49Z]   Progress: 6497/13753 (47.2%) | inserted=3413 images=6123 | 404s=0 errors=2906 | rate=0.7/s ETA=179.6min
[2026-05-22T12:48:50Z]   Progress: 6537/13753 (47.5%) | inserted=3513 images=6163 | 404s=0 errors=2927 | rate=0.7/s ETA=178.6min
[2026-05-22T12:49:59Z]   Progress: 6579/13753 (47.8%) | inserted=3513 images=6163 | 404s=0 errors=2951 | rate=0.7/s ETA=177.7min
[2026-05-22T12:51:04Z]   Progress: 6619/13753 (48.1%) | inserted=3513 images=6163 | 404s=0 errors=2971 | rate=0.7/s ETA=176.8min
[2026-05-22T12:52:04Z]   Progress: 6658/13753 (48.4%) | inserted=3513 images=6163 | 404s=0 errors=2994 | rate=0.7/s ETA=175.9min
[2026-05-22T12:53:18Z]   Progress: 6697/13753 (48.7%) | inserted=3513 images=6163 | 404s=0 errors=3016 | rate=0.7/s ETA=175.2min
[2026-05-22T12:54:18Z]   Progress: 6737/13753 (49.0%) | inserted=3613 images=6200 | 404s=0 errors=3036 | rate=0.7/s ETA=174.2min
[2026-05-22T12:55:18Z]   Progress: 6779/13753 (49.3%) | inserted=3613 images=6200 | 404s=0 errors=3056 | rate=0.7/s ETA=173.2min
[2026-05-22T12:56:18Z]   Progress: 6818/13753 (49.6%) | inserted=3613 images=6200 | 404s=0 errors=3077 | rate=0.7/s ETA=172.2min
[2026-05-22T12:57:19Z]   Progress: 6857/13753 (49.9%) | inserted=3613 images=6200 | 404s=0 errors=3098 | rate=0.7/s ETA=171.3min
[2026-05-22T12:58:19Z]   Progress: 6893/13753 (50.1%) | inserted=3613 images=6200 | 404s=0 errors=3116 | rate=0.7/s ETA=170.5min
[2026-05-22T12:59:19Z]   Progress: 6933/13753 (50.4%) | inserted=3613 images=6200 | 404s=0 errors=3139 | rate=0.7/s ETA=169.5min
[2026-05-22T13:00:19Z]   Progress: 6972/13753 (50.7%) | inserted=3713 images=6200 | 404s=0 errors=3158 | rate=0.7/s ETA=168.6min
[2026-05-22T13:01:19Z]   Progress: 7009/13753 (51.0%) | inserted=3713 images=6200 | 404s=0 errors=3179 | rate=0.7/s ETA=167.7min
[2026-05-22T13:02:19Z]   Progress: 7049/13753 (51.3%) | inserted=3713 images=6200 | 404s=0 errors=3200 | rate=0.7/s ETA=166.7min
[2026-05-22T13:03:33Z]   Progress: 7097/13753 (51.6%) | inserted=3713 images=6200 | 404s=0 errors=3221 | rate=0.7/s ETA=165.6min
[2026-05-22T13:04:33Z]   Progress: 7141/13753 (51.9%) | inserted=3813 images=6247 | 404s=0 errors=3241 | rate=0.7/s ETA=164.4min
[2026-05-22T13:05:34Z]   Progress: 7183/13753 (52.2%) | inserted=3813 images=6247 | 404s=0 errors=3261 | rate=0.7/s ETA=163.3min
[2026-05-22T13:06:34Z]   Progress: 7222/13753 (52.5%) | inserted=3813 images=6247 | 404s=0 errors=3281 | rate=0.7/s ETA=162.4min
[2026-05-22T13:07:36Z]   Progress: 7264/13753 (52.8%) | inserted=3813 images=6247 | 404s=0 errors=3304 | rate=0.7/s ETA=161.3min
[2026-05-22T13:08:48Z]   Progress: 7321/13753 (53.2%) | inserted=3813 images=6247 | 404s=0 errors=3322 | rate=0.7/s ETA=159.7min
[2026-05-22T13:09:49Z]   Progress: 7363/13753 (53.5%) | inserted=3913 images=6421 | 404s=0 errors=3340 | rate=0.7/s ETA=158.7min
[2026-05-22T13:10:49Z]   Progress: 7408/13753 (53.9%) | inserted=3913 images=6421 | 404s=0 errors=3360 | rate=0.7/s ETA=157.4min
[2026-05-22T13:11:49Z]   Progress: 7449/13753 (54.2%) | inserted=3913 images=6421 | 404s=0 errors=3380 | rate=0.7/s ETA=156.4min
[2026-05-22T13:13:01Z]   Progress: 7493/13753 (54.5%) | inserted=3913 images=6421 | 404s=0 errors=3398 | rate=0.7/s ETA=155.4min
[2026-05-22T13:14:02Z]   Progress: 7531/13753 (54.8%) | inserted=4013 images=6558 | 404s=0 errors=3418 | rate=0.7/s ETA=154.5min
[2026-05-22T13:15:02Z]   Progress: 7561/13753 (55.0%) | inserted=4013 images=6558 | 404s=0 errors=3437 | rate=0.7/s ETA=154.0min
[2026-05-22T13:16:13Z]   Progress: 7606/13753 (55.3%) | inserted=4013 images=6558 | 404s=0 errors=3450 | rate=0.7/s ETA=152.9min
[2026-05-22T13:17:13Z]   Progress: 7643/13753 (55.6%) | inserted=4013 images=6558 | 404s=0 errors=3470 | rate=0.7/s ETA=152.1min
[2026-05-22T13:18:13Z]   Progress: 7679/13753 (55.8%) | inserted=4013 images=6558 | 404s=0 errors=3491 | rate=0.7/s ETA=151.3min
[2026-05-22T13:19:13Z]   Progress: 7716/13753 (56.1%) | inserted=4113 images=6724 | 404s=0 errors=3508 | rate=0.7/s ETA=150.4min
[2026-05-22T13:20:27Z]   Progress: 7756/13753 (56.4%) | inserted=4113 images=6724 | 404s=0 errors=3533 | rate=0.7/s ETA=149.6min
[2026-05-22T13:21:42Z]   Progress: 7800/13753 (56.7%) | inserted=4113 images=6724 | 404s=0 errors=3558 | rate=0.7/s ETA=148.6min
[2026-05-22T13:22:52Z]   Progress: 7845/13753 (57.0%) | inserted=4113 images=6724 | 404s=0 errors=3578 | rate=0.7/s ETA=147.5min
[2026-05-22T13:23:55Z]   Progress: 7875/13753 (57.3%) | inserted=4113 images=6724 | 404s=0 errors=3598 | rate=0.7/s ETA=147.0min
[2026-05-22T13:24:57Z]   Progress: 7916/13753 (57.6%) | inserted=4113 images=6724 | 404s=0 errors=3622 | rate=0.7/s ETA=146.0min
[2026-05-22T13:26:10Z]   Progress: 7955/13753 (57.8%) | inserted=4213 images=6743 | 404s=0 errors=3643 | rate=0.7/s ETA=145.2min
[2026-05-22T13:27:12Z]   Progress: 7995/13753 (58.1%) | inserted=4213 images=6743 | 404s=0 errors=3666 | rate=0.7/s ETA=144.2min
[2026-05-22T13:28:12Z]   Progress: 8031/13753 (58.4%) | inserted=4213 images=6743 | 404s=0 errors=3686 | rate=0.7/s ETA=143.4min
[2026-05-22T13:29:12Z]   Progress: 8070/13753 (58.7%) | inserted=4213 images=6743 | 404s=0 errors=3701 | rate=0.7/s ETA=142.4min
[2026-05-22T13:30:12Z]   Progress: 8109/13753 (59.0%) | inserted=4213 images=6743 | 404s=0 errors=3721 | rate=0.7/s ETA=141.4min
[2026-05-22T13:31:16Z]   Progress: 8142/13753 (59.2%) | inserted=4313 images=6832 | 404s=0 errors=3737 | rate=0.7/s ETA=140.8min
[2026-05-22T13:32:16Z]   Progress: 8184/13753 (59.5%) | inserted=4313 images=6832 | 404s=0 errors=3756 | rate=0.7/s ETA=139.7min
[2026-05-22T13:33:30Z]   Progress: 8229/13753 (59.8%) | inserted=4313 images=6832 | 404s=0 errors=3781 | rate=0.7/s ETA=138.6min
[2026-05-22T13:34:31Z]   Progress: 8266/13753 (60.1%) | inserted=4313 images=6832 | 404s=0 errors=3801 | rate=0.7/s ETA=137.7min
[2026-05-22T13:35:31Z]   Progress: 8309/13753 (60.4%) | inserted=4313 images=6832 | 404s=0 errors=3821 | rate=0.7/s ETA=136.6min
[2026-05-22T13:36:31Z]   Progress: 8351/13753 (60.7%) | inserted=4413 images=6916 | 404s=0 errors=3841 | rate=0.7/s ETA=135.5min
[2026-05-22T13:37:31Z]   Progress: 8387/13753 (61.0%) | inserted=4413 images=6916 | 404s=0 errors=3861 | rate=0.7/s ETA=134.7min
[2026-05-22T13:38:31Z]   Progress: 8431/13753 (61.3%) | inserted=4413 images=6916 | 404s=0 errors=3881 | rate=0.7/s ETA=133.5min
[2026-05-22T13:39:31Z]   Progress: 8468/13753 (61.6%) | inserted=4413 images=6916 | 404s=0 errors=3896 | rate=0.7/s ETA=132.6min
[2026-05-22T13:40:32Z]   Progress: 8506/13753 (61.8%) | inserted=4413 images=6916 | 404s=0 errors=3911 | rate=0.7/s ETA=131.7min
[2026-05-22T13:41:44Z]   Progress: 8550/13753 (62.2%) | inserted=4513 images=7012 | 404s=0 errors=3927 | rate=0.7/s ETA=130.7min
[2026-05-22T13:42:45Z]   Progress: 8589/13753 (62.5%) | inserted=4513 images=7012 | 404s=0 errors=3947 | rate=0.7/s ETA=129.7min
[2026-05-22T13:43:45Z]   Progress: 8624/13753 (62.7%) | inserted=4513 images=7012 | 404s=0 errors=3967 | rate=0.7/s ETA=128.9min
[2026-05-22T13:44:45Z]   Progress: 8659/13753 (63.0%) | inserted=4513 images=7012 | 404s=0 errors=3987 | rate=0.7/s ETA=128.1min
[2026-05-22T13:45:45Z]   Progress: 8696/13753 (63.2%) | inserted=4513 images=7012 | 404s=0 errors=4007 | rate=0.7/s ETA=127.2min
[2026-05-22T13:46:45Z]   Progress: 8733/13753 (63.5%) | inserted=4613 images=7134 | 404s=0 errors=4027 | rate=0.7/s ETA=126.3min
[2026-05-22T13:47:45Z]   Progress: 8768/13753 (63.8%) | inserted=4613 images=7134 | 404s=0 errors=4042 | rate=0.7/s ETA=125.5min
[2026-05-22T13:48:53Z]   Progress: 8809/13753 (64.1%) | inserted=4613 images=7134 | 404s=0 errors=4056 | rate=0.7/s ETA=124.5min
[2026-05-22T13:50:03Z]   Progress: 8852/13753 (64.4%) | inserted=4613 images=7134 | 404s=0 errors=4072 | rate=0.7/s ETA=123.5min
[2026-05-22T13:51:04Z]   Progress: 8892/13753 (64.7%) | inserted=4713 images=7362 | 404s=0 errors=4092 | rate=0.7/s ETA=122.5min
[2026-05-22T13:52:04Z]   Progress: 8928/13753 (64.9%) | inserted=4713 images=7362 | 404s=0 errors=4109 | rate=0.7/s ETA=121.6min
[2026-05-22T13:53:05Z]   Progress: 8962/13753 (65.2%) | inserted=4713 images=7362 | 404s=0 errors=4124 | rate=0.7/s ETA=120.9min
[2026-05-22T13:54:16Z]   Progress: 9002/13753 (65.5%) | inserted=4713 images=7362 | 404s=0 errors=4144 | rate=0.7/s ETA=119.9min
[2026-05-22T13:55:18Z]   Progress: 9035/13753 (65.7%) | inserted=4713 images=7362 | 404s=0 errors=4161 | rate=0.7/s ETA=119.2min
[2026-05-22T13:56:18Z]   Progress: 9075/13753 (66.0%) | inserted=4713 images=7362 | 404s=0 errors=4177 | rate=0.7/s ETA=118.2min
[2026-05-22T13:57:31Z]   Progress: 9125/13753 (66.3%) | inserted=4813 images=7573 | 404s=0 errors=4197 | rate=0.7/s ETA=116.9min
[2026-05-22T13:58:32Z]   Progress: 9160/13753 (66.6%) | inserted=4813 images=7573 | 404s=0 errors=4217 | rate=0.7/s ETA=116.1min
[2026-05-22T13:59:35Z]   Progress: 9201/13753 (66.9%) | inserted=4813 images=7573 | 404s=0 errors=4227 | rate=0.7/s ETA=115.1min
[2026-05-22T14:00:35Z]   Progress: 9240/13753 (67.2%) | inserted=4813 images=7573 | 404s=0 errors=4241 | rate=0.7/s ETA=114.1min
[2026-05-22T14:01:48Z]   Progress: 9283/13753 (67.5%) | inserted=4913 images=7765 | 404s=0 errors=4258 | rate=0.7/s ETA=113.1min
[2026-05-22T14:02:48Z]   Progress: 9352/13753 (68.0%) | inserted=4913 images=7765 | 404s=0 errors=4273 | rate=0.7/s ETA=111.0min
[2026-05-22T14:04:02Z]   Progress: 9386/13753 (68.2%) | inserted=4913 images=7765 | 404s=0 errors=4292 | rate=0.7/s ETA=110.3min
[2026-05-22T14:05:06Z]   Progress: 9428/13753 (68.6%) | inserted=5013 images=7919 | 404s=0 errors=4309 | rate=0.7/s ETA=109.2min
[2026-05-22T14:06:13Z]   Progress: 9466/13753 (68.8%) | inserted=5013 images=7919 | 404s=0 errors=4330 | rate=0.7/s ETA=108.3min
[2026-05-22T14:07:13Z]   Progress: 9503/13753 (69.1%) | inserted=5013 images=7919 | 404s=0 errors=4351 | rate=0.7/s ETA=107.4min
[2026-05-22T14:08:13Z]   Progress: 9538/13753 (69.4%) | inserted=5013 images=7919 | 404s=0 errors=4370 | rate=0.7/s ETA=106.6min
[2026-05-22T14:09:14Z]   Progress: 9572/13753 (69.6%) | inserted=5013 images=7919 | 404s=0 errors=4390 | rate=0.7/s ETA=105.8min
[2026-05-22T14:10:15Z]   Progress: 9618/13753 (69.9%) | inserted=5113 images=7980 | 404s=0 errors=4407 | rate=0.7/s ETA=104.6min
[2026-05-22T14:11:27Z]   Progress: 9662/13753 (70.3%) | inserted=5113 images=7980 | 404s=0 errors=4430 | rate=0.7/s ETA=103.5min
[2026-05-22T14:12:29Z]   Progress: 9699/13753 (70.5%) | inserted=5113 images=7980 | 404s=0 errors=4451 | rate=0.7/s ETA=102.6min
[2026-05-22T14:13:46Z]   Progress: 9718/13753 (70.7%) | inserted=5113 images=7980 | 404s=0 errors=4465 | rate=0.7/s ETA=102.5min
[2026-05-22T14:14:46Z]   Progress: 9806/13753 (71.3%) | inserted=5213 images=8193 | 404s=0 errors=4470 | rate=0.7/s ETA=99.7min
[2026-05-22T14:15:56Z]   Progress: 9842/13753 (71.6%) | inserted=5213 images=8193 | 404s=0 errors=4494 | rate=0.7/s ETA=98.9min
[2026-05-22T14:16:56Z]   Progress: 9882/13753 (71.9%) | inserted=5213 images=8193 | 404s=0 errors=4503 | rate=0.7/s ETA=97.9min
[2026-05-22T14:18:01Z]   Progress: 9921/13753 (72.1%) | inserted=5313 images=8354 | 404s=0 errors=4514 | rate=0.7/s ETA=97.0min
[2026-05-22T14:19:10Z]   Progress: 9958/13753 (72.4%) | inserted=5313 images=8354 | 404s=0 errors=4533 | rate=0.7/s ETA=96.1min
[2026-05-22T14:20:10Z]   Progress: 9995/13753 (72.7%) | inserted=5313 images=8354 | 404s=0 errors=4553 | rate=0.7/s ETA=95.2min
[2026-05-22T14:21:11Z]   Progress: 10028/13753 (72.9%) | inserted=5313 images=8354 | 404s=0 errors=4571 | rate=0.7/s ETA=94.4min
[2026-05-22T14:22:11Z]   Progress: 10065/13753 (73.2%) | inserted=5313 images=8354 | 404s=0 errors=4582 | rate=0.7/s ETA=93.5min
[2026-05-22T14:23:11Z]   Progress: 10099/13753 (73.4%) | inserted=5313 images=8354 | 404s=0 errors=4602 | rate=0.7/s ETA=92.7min
[2026-05-22T14:24:14Z]   Progress: 10136/13753 (73.7%) | inserted=5413 images=8591 | 404s=0 errors=4619 | rate=0.7/s ETA=91.8min
[2026-05-22T14:25:22Z]   Progress: 10172/13753 (74.0%) | inserted=5413 images=8591 | 404s=0 errors=4639 | rate=0.7/s ETA=91.0min
[2026-05-22T14:26:23Z]   Progress: 10206/13753 (74.2%) | inserted=5413 images=8591 | 404s=0 errors=4659 | rate=0.7/s ETA=90.1min
[2026-05-22T14:27:24Z]   Progress: 10251/13753 (74.5%) | inserted=5413 images=8591 | 404s=0 errors=4679 | rate=0.7/s ETA=89.0min
[2026-05-22T14:28:24Z]   Progress: 10286/13753 (74.8%) | inserted=5413 images=8591 | 404s=0 errors=4699 | rate=0.7/s ETA=88.1min
[2026-05-22T14:29:37Z]   Progress: 10342/13753 (75.2%) | inserted=5513 images=8723 | 404s=0 errors=4714 | rate=0.7/s ETA=86.6min
[2026-05-22T14:30:57Z]   Progress: 10383/13753 (75.5%) | inserted=5513 images=8723 | 404s=0 errors=4739 | rate=0.7/s ETA=85.7min
[2026-05-22T14:31:59Z]   Progress: 10449/13753 (76.0%) | inserted=5513 images=8723 | 404s=0 errors=4752 | rate=0.7/s ETA=83.8min
[2026-05-22T14:32:59Z]   Progress: 10484/13753 (76.2%) | inserted=5613 images=8937 | 404s=0 errors=4766 | rate=0.7/s ETA=82.9min
[2026-05-22T14:34:08Z]   Progress: 10560/13753 (76.8%) | inserted=5613 images=8937 | 404s=0 errors=4782 | rate=0.7/s ETA=80.8min
[2026-05-22T14:35:09Z]   Progress: 10597/13753 (77.1%) | inserted=5613 images=8937 | 404s=0 errors=4798 | rate=0.7/s ETA=79.9min
[2026-05-22T14:36:22Z]   Progress: 10644/13753 (77.4%) | inserted=5713 images=8942 | 404s=0 errors=4818 | rate=0.7/s ETA=78.7min
[2026-05-22T14:37:24Z]   Progress: 10683/13753 (77.7%) | inserted=5713 images=8942 | 404s=0 errors=4832 | rate=0.7/s ETA=77.7min
[2026-05-22T14:38:25Z]   Progress: 10716/13753 (77.9%) | inserted=5713 images=8942 | 404s=0 errors=4850 | rate=0.7/s ETA=76.9min
[2026-05-22T14:39:26Z]   Progress: 10762/13753 (78.3%) | inserted=5713 images=8942 | 404s=0 errors=4865 | rate=0.7/s ETA=75.7min
[2026-05-22T14:40:39Z]   Progress: 10803/13753 (78.6%) | inserted=5813 images=9049 | 404s=0 errors=4885 | rate=0.7/s ETA=74.7min
[2026-05-22T14:41:53Z]   Progress: 10849/13753 (78.9%) | inserted=5813 images=9049 | 404s=0 errors=4900 | rate=0.7/s ETA=73.6min
[2026-05-22T14:42:53Z]   Progress: 10887/13753 (79.2%) | inserted=5813 images=9049 | 404s=0 errors=4920 | rate=0.7/s ETA=72.6min
[2026-05-22T14:43:53Z]   Progress: 10921/13753 (79.4%) | inserted=5813 images=9049 | 404s=0 errors=4935 | rate=0.7/s ETA=71.8min
[2026-05-22T14:44:58Z]   Progress: 10959/13753 (79.7%) | inserted=5913 images=9183 | 404s=0 errors=4951 | rate=0.7/s ETA=70.9min
[2026-05-22T14:46:02Z]   Progress: 10996/13753 (80.0%) | inserted=5913 images=9183 | 404s=0 errors=4960 | rate=0.7/s ETA=70.0min
[2026-05-22T14:47:06Z]   Progress: 11029/13753 (80.2%) | inserted=5913 images=9183 | 404s=0 errors=4976 | rate=0.7/s ETA=69.2min
[2026-05-22T14:48:08Z]   Progress: 11061/13753 (80.4%) | inserted=5913 images=9183 | 404s=0 errors=4996 | rate=0.7/s ETA=68.4min
[2026-05-22T14:49:08Z]   Progress: 11088/13753 (80.6%) | inserted=5913 images=9183 | 404s=0 errors=5006 | rate=0.7/s ETA=67.8min
[2026-05-22T14:50:09Z]   Progress: 11124/13753 (80.9%) | inserted=5913 images=9183 | 404s=0 errors=5026 | rate=0.7/s ETA=66.9min
[2026-05-22T14:51:10Z]   Progress: 11159/13753 (81.1%) | inserted=6013 images=9349 | 404s=0 errors=5041 | rate=0.7/s ETA=66.1min
[2026-05-22T14:52:11Z]   Progress: 11200/13753 (81.4%) | inserted=6013 images=9349 | 404s=0 errors=5061 | rate=0.7/s ETA=65.0min
[2026-05-22T14:53:11Z]   Progress: 11234/13753 (81.7%) | inserted=6013 images=9349 | 404s=0 errors=5081 | rate=0.7/s ETA=64.2min
[2026-05-22T14:54:17Z]   Progress: 11270/13753 (81.9%) | inserted=6013 images=9349 | 404s=0 errors=5095 | rate=0.7/s ETA=63.3min
[2026-05-22T14:55:21Z]   Progress: 11306/13753 (82.2%) | inserted=6013 images=9349 | 404s=0 errors=5115 | rate=0.7/s ETA=62.4min
[2026-05-22T14:56:22Z]   Progress: 11345/13753 (82.5%) | inserted=6113 images=9431 | 404s=0 errors=5133 | rate=0.7/s ETA=61.4min
[2026-05-22T14:57:24Z]   Progress: 11388/13753 (82.8%) | inserted=6113 images=9431 | 404s=0 errors=5148 | rate=0.7/s ETA=60.3min
[2026-05-22T14:58:29Z]   Progress: 11423/13753 (83.1%) | inserted=6113 images=9431 | 404s=0 errors=5161 | rate=0.7/s ETA=59.5min
[2026-05-22T14:59:39Z]   Progress: 11464/13753 (83.4%) | inserted=6113 images=9431 | 404s=0 errors=5176 | rate=0.7/s ETA=58.4min
[2026-05-22T15:00:52Z]   Progress: 11507/13753 (83.7%) | inserted=6213 images=9529 | 404s=0 errors=5196 | rate=0.7/s ETA=57.4min
[2026-05-22T15:01:52Z]   Progress: 11545/13753 (83.9%) | inserted=6213 images=9529 | 404s=0 errors=5216 | rate=0.7/s ETA=56.4min
[2026-05-22T15:02:53Z]   Progress: 11586/13753 (84.2%) | inserted=6213 images=9529 | 404s=0 errors=5236 | rate=0.7/s ETA=55.3min
[2026-05-22T15:03:53Z]   Progress: 11624/13753 (84.5%) | inserted=6213 images=9529 | 404s=0 errors=5259 | rate=0.7/s ETA=54.4min
[2026-05-22T15:05:05Z]   Progress: 11662/13753 (84.8%) | inserted=6213 images=9529 | 404s=0 errors=5280 | rate=0.7/s ETA=53.4min
[2026-05-22T15:06:06Z]   Progress: 11696/13753 (85.0%) | inserted=6213 images=9529 | 404s=0 errors=5300 | rate=0.7/s ETA=52.6min
[2026-05-22T15:07:07Z]   Progress: 11731/13753 (85.3%) | inserted=6313 images=9595 | 404s=0 errors=5315 | rate=0.7/s ETA=51.7min
[2026-05-22T15:08:07Z]   Progress: 11769/13753 (85.6%) | inserted=6313 images=9595 | 404s=0 errors=5335 | rate=0.7/s ETA=50.8min
[2026-05-22T15:09:07Z]   Progress: 11804/13753 (85.8%) | inserted=6313 images=9595 | 404s=0 errors=5349 | rate=0.7/s ETA=49.9min
[2026-05-22T15:10:08Z]   Progress: 11845/13753 (86.1%) | inserted=6313 images=9595 | 404s=0 errors=5364 | rate=0.7/s ETA=48.8min
[2026-05-22T15:11:13Z]   Progress: 11885/13753 (86.4%) | inserted=6413 images=9782 | 404s=0 errors=5378 | rate=0.7/s ETA=47.8min
[2026-05-22T15:12:13Z]   Progress: 11920/13753 (86.7%) | inserted=6413 images=9782 | 404s=0 errors=5393 | rate=0.7/s ETA=46.9min
[2026-05-22T15:13:14Z]   Progress: 11954/13753 (86.9%) | inserted=6413 images=9782 | 404s=0 errors=5412 | rate=0.7/s ETA=46.1min
[2026-05-22T15:14:14Z]   Progress: 11989/13753 (87.2%) | inserted=6413 images=9782 | 404s=0 errors=5427 | rate=0.7/s ETA=45.2min
[2026-05-22T15:15:15Z]   Progress: 12022/13753 (87.4%) | inserted=6413 images=9782 | 404s=0 errors=5442 | rate=0.7/s ETA=44.4min
[2026-05-22T15:16:27Z]   Progress: 12060/13753 (87.7%) | inserted=6513 images=9943 | 404s=0 errors=5457 | rate=0.6/s ETA=43.4min
[2026-05-22T15:17:39Z]   Progress: 12100/13753 (88.0%) | inserted=6513 images=9943 | 404s=0 errors=5465 | rate=0.6/s ETA=42.4min
[2026-05-22T15:18:50Z]   Progress: 12139/13753 (88.3%) | inserted=6513 images=9943 | 404s=0 errors=5485 | rate=0.6/s ETA=41.5min
[2026-05-22T15:19:56Z]   Progress: 12175/13753 (88.5%) | inserted=6513 images=9943 | 404s=0 errors=5499 | rate=0.6/s ETA=40.6min
[2026-05-22T15:20:58Z]   Progress: 12207/13753 (88.8%) | inserted=6513 images=9943 | 404s=0 errors=5516 | rate=0.6/s ETA=39.8min
[2026-05-22T15:21:59Z]   Progress: 12240/13753 (89.0%) | inserted=6613 images=10150 | 404s=0 errors=5534 | rate=0.6/s ETA=38.9min
[2026-05-22T15:22:59Z]   Progress: 12273/13753 (89.2%) | inserted=6613 images=10150 | 404s=0 errors=5554 | rate=0.6/s ETA=38.1min
[2026-05-22T15:23:59Z]   Progress: 12307/13753 (89.5%) | inserted=6613 images=10150 | 404s=0 errors=5574 | rate=0.6/s ETA=37.2min
[2026-05-22T15:25:04Z]   Progress: 12343/13753 (89.7%) | inserted=6613 images=10150 | 404s=0 errors=5590 | rate=0.6/s ETA=36.3min
[2026-05-22T15:26:08Z]   Progress: 12375/13753 (90.0%) | inserted=6613 images=10150 | 404s=0 errors=5607 | rate=0.6/s ETA=35.5min
[2026-05-22T15:27:16Z]   Progress: 12416/13753 (90.3%) | inserted=6613 images=10150 | 404s=0 errors=5623 | rate=0.6/s ETA=34.5min
[2026-05-22T15:28:16Z]   Progress: 12449/13753 (90.5%) | inserted=6713 images=10277 | 404s=0 errors=5643 | rate=0.6/s ETA=33.7min
[2026-05-22T15:29:19Z]   Progress: 12482/13753 (90.8%) | inserted=6713 images=10277 | 404s=0 errors=5661 | rate=0.6/s ETA=32.8min
[2026-05-22T15:30:21Z]   Progress: 12525/13753 (91.1%) | inserted=6713 images=10277 | 404s=0 errors=5676 | rate=0.6/s ETA=31.7min
[2026-05-22T15:31:34Z]   Progress: 12566/13753 (91.4%) | inserted=6713 images=10277 | 404s=0 errors=5685 | rate=0.6/s ETA=30.7min
[2026-05-22T15:32:34Z]   Progress: 12608/13753 (91.7%) | inserted=6813 images=10396 | 404s=0 errors=5695 | rate=0.6/s ETA=29.6min
[2026-05-22T15:33:39Z]   Progress: 12649/13753 (92.0%) | inserted=6813 images=10396 | 404s=0 errors=5707 | rate=0.6/s ETA=28.5min
[2026-05-22T15:34:39Z]   Progress: 12686/13753 (92.2%) | inserted=6813 images=10396 | 404s=0 errors=5724 | rate=0.6/s ETA=27.6min
[2026-05-22T15:35:40Z]   Progress: 12717/13753 (92.5%) | inserted=6813 images=10396 | 404s=0 errors=5739 | rate=0.6/s ETA=26.8min
[2026-05-22T15:36:51Z]   Progress: 12754/13753 (92.7%) | inserted=6813 images=10396 | 404s=0 errors=5755 | rate=0.6/s ETA=25.8min
[2026-05-22T15:38:05Z]   Progress: 12793/13753 (93.0%) | inserted=6913 images=10669 | 404s=0 errors=5766 | rate=0.6/s ETA=24.8min
[2026-05-22T15:39:18Z]   Progress: 12833/13753 (93.3%) | inserted=6913 images=10669 | 404s=0 errors=5781 | rate=0.6/s ETA=23.8min
[2026-05-22T15:40:18Z]   Progress: 12876/13753 (93.6%) | inserted=6913 images=10669 | 404s=0 errors=5801 | rate=0.6/s ETA=22.7min
[2026-05-22T15:41:20Z]   Progress: 12915/13753 (93.9%) | inserted=7013 images=10953 | 404s=0 errors=5813 | rate=0.6/s ETA=21.7min
[2026-05-22T15:42:20Z]   Progress: 12950/13753 (94.2%) | inserted=7013 images=10953 | 404s=0 errors=5831 | rate=0.6/s ETA=20.8min
[2026-05-22T15:43:25Z]   Progress: 12984/13753 (94.4%) | inserted=7013 images=10953 | 404s=0 errors=5848 | rate=0.6/s ETA=19.9min
[2026-05-22T15:44:25Z]   Progress: 13018/13753 (94.7%) | inserted=7013 images=10953 | 404s=0 errors=5864 | rate=0.6/s ETA=19.1min
[2026-05-22T15:45:26Z]   Progress: 13053/13753 (94.9%) | inserted=7013 images=10953 | 404s=0 errors=5881 | rate=0.6/s ETA=18.1min
[2026-05-22T15:46:29Z]   Progress: 13086/13753 (95.2%) | inserted=7013 images=10953 | 404s=0 errors=5899 | rate=0.6/s ETA=17.3min
[2026-05-22T15:47:35Z]   Progress: 13121/13753 (95.4%) | inserted=7113 images=11413 | 404s=0 errors=5916 | rate=0.6/s ETA=16.4min
[2026-05-22T15:48:38Z]   Progress: 13152/13753 (95.6%) | inserted=7113 images=11413 | 404s=0 errors=5933 | rate=0.6/s ETA=15.6min
[2026-05-22T15:49:42Z]   Progress: 13191/13753 (95.9%) | inserted=7113 images=11413 | 404s=0 errors=5953 | rate=0.6/s ETA=14.6min
[2026-05-22T15:50:49Z]   Progress: 13225/13753 (96.2%) | inserted=7113 images=11413 | 404s=0 errors=5973 | rate=0.6/s ETA=13.7min
[2026-05-22T15:51:54Z]   Progress: 13259/13753 (96.4%) | inserted=7113 images=11413 | 404s=0 errors=5987 | rate=0.6/s ETA=12.9min
[2026-05-22T15:53:05Z]   Progress: 13297/13753 (96.7%) | inserted=7113 images=11413 | 404s=0 errors=6007 | rate=0.6/s ETA=11.9min
[2026-05-22T15:54:06Z]   Progress: 13332/13753 (96.9%) | inserted=7213 images=11659 | 404s=0 errors=6026 | rate=0.6/s ETA=11.0min
[2026-05-22T15:55:08Z]   Progress: 13368/13753 (97.2%) | inserted=7213 images=11659 | 404s=0 errors=6037 | rate=0.6/s ETA=10.0min
[2026-05-22T15:56:12Z]   Progress: 13404/13753 (97.5%) | inserted=7213 images=11659 | 404s=0 errors=6056 | rate=0.6/s ETA=9.1min
[2026-05-22T15:57:16Z]   Progress: 13440/13753 (97.7%) | inserted=7213 images=11659 | 404s=0 errors=6072 | rate=0.6/s ETA=8.2min
[2026-05-22T15:58:22Z]   Progress: 13478/13753 (98.0%) | inserted=7213 images=11659 | 404s=0 errors=6087 | rate=0.6/s ETA=7.2min
[2026-05-22T15:59:27Z]   Progress: 13514/13753 (98.3%) | inserted=7313 images=11859 | 404s=0 errors=6095 | rate=0.6/s ETA=6.2min
[2026-05-22T16:00:32Z]   Progress: 13550/13753 (98.5%) | inserted=7313 images=11859 | 404s=0 errors=6115 | rate=0.6/s ETA=5.3min
[2026-05-22T16:01:35Z]   Progress: 13581/13753 (98.7%) | inserted=7313 images=11859 | 404s=0 errors=6131 | rate=0.6/s ETA=4.5min
[2026-05-22T16:02:36Z]   Progress: 13618/13753 (99.0%) | inserted=7313 images=11859 | 404s=0 errors=6144 | rate=0.6/s ETA=3.5min
[2026-05-22T16:03:37Z]   Progress: 13654/13753 (99.3%) | inserted=7313 images=11859 | 404s=0 errors=6161 | rate=0.6/s ETA=2.6min
[2026-05-22T16:04:39Z]   Progress: 13693/13753 (99.6%) | inserted=7413 images=12244 | 404s=0 errors=6176 | rate=0.6/s ETA=1.6min
[2026-05-22T16:05:40Z]   Progress: 13732/13753 (99.8%) | inserted=7413 images=12244 | 404s=0 errors=6193 | rate=0.6/s ETA=0.5min
[2026-05-22T16:06:26Z] Step 3: writing summary to /Users/admin/Games/reincarnated-collaboration/agentic_orchestration/legolas/research/weapon-library-import-2026-05-22/summaries/track-H-met-museum-summary.json
[2026-05-22T16:06:26Z] === Track H complete ===
[2026-05-22T16:06:26Z]   Inserted entries:    7459
[2026-05-22T16:06:26Z]   Inserted images:     12452
[2026-05-22T16:06:26Z]   Image coverage:      56.8%
[2026-05-22T16:06:26Z]   404s (retired):      0
[2026-05-22T16:06:26Z]   Errors:              6207
[2026-05-22T16:06:26Z]   Wall time:           359.4 min
[2026-05-22T16:06:26Z]   Acceptance: rows≥10K=False img≥70%=False
[2026-05-22T16:06:26Z]   Summary:             /Users/admin/Games/reincarnated-collaboration/agentic_orchestration/legolas/research/weapon-library-import-2026-05-22/summaries/track-H-met-museum-summary.json
[2026-05-22T16:06:26Z] WARN: rows < 10,000 — acceptance criterion C1 NOT MET
