[join1-emit cell] arm=M0 salt=0 control=None terminal=160 reason=survived_window sim_errors=0 rows=G1:2156,G2:3636,G3:10,G4:4545,G5:1,G6:0,G7:10 foreign_reads=0 wall=5.3s pid=12374
[join1-emit cell] arm=M0 salt=1 control=None terminal=160 reason=survived_window sim_errors=0 rows=G1:2113,G2:4112,G3:10,G4:4386,G5:1,G6:0,G7:10 foreign_reads=0 wall=5.3s pid=12398
[join1-emit cell] arm=M0 salt=2 control=None terminal=160 reason=survived_window sim_errors=0 rows=G1:2188,G2:4085,G3:10,G4:4851,G5:1,G6:0,G7:10 foreign_reads=0 wall=5.4s pid=12421
[join1-emit cell] arm=M0 salt=3 control=None terminal=160 reason=player_death sim_errors=0 rows=G1:2003,G2:3761,G3:10,G4:4537,G5:1,G6:0,G7:10 foreign_reads=0 wall=5.7s pid=12448
[join1-emit cell] arm=M0 salt=4 control=None terminal=160 reason=survived_window sim_errors=0 rows=G1:2600,G2:4663,G3:10,G4:5476,G5:1,G6:0,G7:10 foreign_reads=0 wall=5.8s pid=12470
[join1-emit cell] arm=M-POL-2 salt=0 control=None terminal=160 reason=survived_window sim_errors=0 rows=G1:2153,G2:3774,G3:10,G4:4472,G5:1,G6:0,G7:10 foreign_reads=0 wall=5.3s pid=12501
[join1-emit cell] arm=M-POL-2 salt=1 control=None terminal=160 reason=survived_window sim_errors=0 rows=G1:2760,G2:5525,G3:10,G4:5084,G5:1,G6:0,G7:10 foreign_reads=0 wall=5.9s pid=12535
[join1-emit cell] arm=M-POL-2 salt=2 control=None terminal=160 reason=player_death sim_errors=0 rows=G1:1922,G2:3640,G3:10,G4:4203,G5:1,G6:0,G7:10 foreign_reads=0 wall=5.8s pid=12557
[join1-emit cell] arm=M-POL-2 salt=3 control=None terminal=160 reason=survived_window sim_errors=0 rows=G1:2512,G2:4954,G3:10,G4:5231,G5:1,G6:0,G7:10 foreign_reads=0 wall=6.2s pid=12624
[join1-emit cell] arm=M-POL-2 salt=4 control=None terminal=160 reason=survived_window sim_errors=0 rows=G1:2144,G2:3735,G3:10,G4:4337,G5:1,G6:0,G7:10 foreign_reads=0 wall=5.3s pid=12669
[join1-emit cell] arm=M-POL-2-NULL salt=0 control=None terminal=160 reason=survived_window sim_errors=0 rows=G1:2156,G2:3636,G3:10,G4:4545,G5:1,G6:0,G7:10 foreign_reads=0 wall=5.2s pid=12698
[join1-emit cell] arm=M-POL-2-NULL salt=1 control=None terminal=160 reason=survived_window sim_errors=0 rows=G1:2113,G2:4112,G3:10,G4:4386,G5:1,G6:0,G7:10 foreign_reads=0 wall=5.3s pid=12732
[join1-emit cell] arm=M-POL-2-NULL salt=2 control=None terminal=160 reason=survived_window sim_errors=0 rows=G1:2188,G2:4085,G3:10,G4:4851,G5:1,G6:0,G7:10 foreign_reads=0 wall=5.4s pid=12770
[join1-emit cell] arm=M-POL-2-NULL salt=3 control=None terminal=160 reason=player_death sim_errors=0 rows=G1:2003,G2:3761,G3:10,G4:4537,G5:1,G6:0,G7:10 foreign_reads=0 wall=5.8s pid=12794
[join1-emit cell] arm=M-POL-2-NULL salt=4 control=None terminal=160 reason=survived_window sim_errors=0 rows=G1:2600,G2:4663,G3:10,G4:5476,G5:1,G6:0,G7:10 foreign_reads=0 wall=6.1s pid=13041
[join1-emit cell] arm=W1 salt=0 control=None terminal=160 reason=survived_window sim_errors=0 rows=G1:2153,G2:3774,G3:10,G4:4472,G5:1,G6:0,G7:10 foreign_reads=0 wall=5.5s pid=13095
[join1-emit cell] arm=W1 salt=1 control=None terminal=160 reason=survived_window sim_errors=0 rows=G1:2760,G2:5525,G3:10,G4:5084,G5:1,G6:0,G7:10 foreign_reads=0 wall=6.1s pid=13130
[join1-emit cell] arm=W1 salt=2 control=None terminal=160 reason=player_death sim_errors=0 rows=G1:1749,G2:3402,G3:10,G4:4290,G5:1,G6:0,G7:10 foreign_reads=0 wall=5.7s pid=13170
[join1-emit cell] arm=W1 salt=3 control=None terminal=160 reason=survived_window sim_errors=0 rows=G1:2603,G2:4839,G3:10,G4:5268,G5:1,G6:0,G7:10 foreign_reads=0 wall=6.2s pid=13214
[join1-emit cell] arm=W1 salt=4 control=None terminal=160 reason=survived_window sim_errors=0 rows=G1:2144,G2:3735,G3:10,G4:4337,G5:1,G6:0,G7:10 foreign_reads=0 wall=5.4s pid=13259
[join1-emit cell] arm=W1-NULL salt=0 control=None terminal=160 reason=survived_window sim_errors=0 rows=G1:2153,G2:3774,G3:10,G4:4472,G5:1,G6:0,G7:10 foreign_reads=0 wall=5.2s pid=13284
[join1-emit cell] arm=W1-NULL salt=1 control=None terminal=160 reason=survived_window sim_errors=0 rows=G1:2760,G2:5525,G3:10,G4:5084,G5:1,G6:0,G7:10 foreign_reads=0 wall=6.0s pid=13306
[join1-emit cell] arm=W1-NULL salt=2 control=None terminal=160 reason=player_death sim_errors=0 rows=G1:1922,G2:3640,G3:10,G4:4203,G5:1,G6:0,G7:10 foreign_reads=0 wall=5.7s pid=13348
[join1-emit cell] arm=W1-NULL salt=3 control=None terminal=160 reason=survived_window sim_errors=0 rows=G1:2512,G2:4954,G3:10,G4:5231,G5:1,G6:0,G7:10 foreign_reads=0 wall=6.1s pid=13374
[join1-emit cell] arm=W1-NULL salt=4 control=None terminal=160 reason=survived_window sim_errors=0 rows=G1:2144,G2:3735,G3:10,G4:4337,G5:1,G6:0,G7:10 foreign_reads=0 wall=5.3s pid=13400
[join1-emit] OBS-1 completeness 25/25 complete
[join1-emit] status=DRY-RUN · NOT THE FIXTURE cells=25 failed=0 G1=56511 G2=105045 G3=250 G4=117695 G5=25 G6=0 G7=250 manifest_sha256=812d58371547e9d4381d6bd2735a52fbf7bf3b40ec5b2a2966cfb83cae8ff96c wall=181.8s pid=12364

--- stderr ---
