[PASS] R0.played full-file walk: 98101/98101 bytes, 15 blocks, 13/15 clean (unclean = [3, 4]), seed 0x5298565B
[PASS] R0.played blocks 8+14 self-verified: block 8 (skills) and block 14 (UI settings) each reproduced their own zero end-marker under the blanket key advance -- no nested no-bump ints inside them
[PASS] R0.pristine full-file walk: 87820/87820 bytes, 15 blocks, 15/15 clean (unclean = []), seed 0x55555555
[PASS] R0.pristine blocks 8+14 self-verified: block 8 (skills) and block 14 (UI settings) each reproduced their own zero end-marker under the blanket key advance -- no nested no-bump ints inside them
[PASS] R0.mirror byte-identical: matt-notes-from-pc copy == GD-matt-test/eor-test-2 copy
[PASS] (a) block-8 declared == parsed: 367 declared, 367 parsed
[PASS] (a) binding ordinals contiguous from 0: 10 slots, ordinals [0, 1, 2, 3, 4, 5, 6, 7, 8, 9]
[PASS] (a) every bound slot resolves to a corpus record: 10/10 resolve
[PASS] (a) item-skill slots carry item + equip location: rush_d203.dbr <- d203_rune.dbr @slot 14; summondeathstalker.dbr <- d114_relic.dbr @slot 11
[PASS] (a) CSV bound rows == save bindings (distinct records): 9 CSV rows / 10 slots (9 distinct records; eyeofreckoning1 occupies 2 slots)
[PASS] (a) every kit row has an engine Class: 324 rows, 0 without Class
[PASS] (b) skill allocation UNCHANGED vs the build-of-record savefile: 88 allocated skills, 0 rank deltas
[PASS] (b) devotion allocation UNCHANGED: 285 devotion nodes, 0 deltas
[PASS] (b) devotion-proc BINDINGS survived the 1.2.1.5 migration intact: 7/7 proc bindings identical -- the v1.2.1.5 two-hander unbind risk named in the playtest directions did NOT materialise (or was re-bound exactly): divinemandate1.dbr, eyeofreckoning1.dbr, fieldcommand1.dbr, presenceofvirtue1.dbr, summon_celestialguardian1.dbr, viremight1.dbr, warcry1.dbr
[PASS] (b) per-slot bar diff enumerated: pristine 13 slots -> played 10 slots; DROPPED ['compa_presenceofmight_01.dbr', 'fieldcommand1.dbr', 'divinemandate1.dbr', 'presenceofvirtue1.dbr']; ADDED []; eyeofreckoning1 now occupies 2 slots (was 1)
[PASS] (b) every DROPPED slot is a passive/toggled aura, not an active: compa_presenceofmight_01.dbr=Skill_BuffSelfToggled; fieldcommand1.dbr=Skill_BuffRadiusToggled; divinemandate1.dbr=Skill_BuffSelfToggled; presenceofvirtue1.dbr=Skill_BuffRadiusToggled
[PASS] (c) viremight1.dbr cooldown+range with template evidence: skillCooldownTime=3.5999999046325684 s [real, desc='Seconds', templatebase/skill_activated.tpl] · waveDistance=12.0 m [real, desc='Maximum range', skill_attackpathcharge.tpl] · unit = metre by the Lap-F display-contract ruling
[PASS] (c) rush_d203.dbr cooldown+range with template evidence: skillCooldownTime=2.5 s [real, desc='Seconds', templatebase/skill_activated.tpl] · waveDistance=16.0 m [real, desc='Maximum range', skill_attackpathcharge.tpl] · unit = metre by the Lap-F display-contract ruling
[PASS] (c) defaultevade.dbr cooldown+range with template evidence: skillCooldownTime=3.0 s [real, desc='Seconds', templatebase/skill_activated.tpl] · waveDistance=10.0 m [real, desc='Maximum range', skill_evade.tpl] · unit = metre by the Lap-F display-contract ruling
[PASS] (c) Blitz range is DECLARED-GAP, and the gap is named: Skill_AttackWeaponCharge declares NO range field (only maxDistanceBuffer, whose description is about MONSTERS); blitz1.dbr carries distanceProfile='Melee' and the six distanceProfile names match six gameengine.dbr range scalars 6/6 by name, but the engine's use of that join is not decodable from the corpus -- DECLARED, not estimated
[PASS] (d) HEALTH potion agrees across two independent authoring surfaces: flat: skill 800.0 vs item 800.0 EXACT · percent: skill 25.0 vs item 25.0 EXACT · cooldown_s: skill 12.0 vs item 12.0 EXACT  [skill = gdx3 Skill_ChargePotion; item = base OneShot_PotionHealth, deprecated]
[PASS] (d) ENERGY potion DIFFERS across the two surfaces -- reported, not averaged: flat: skill 120.0 vs item 250.0 · percent: skill 15.0 vs item 35.0 · cooldown_s: skill 12.0 vs item 25.0  -> the energy potion was REBALANCED between the two eras; the health potion was not
[PASS] (d) the 2022 save's own potion records are ABSENT from the 1.3.0.0 corpus: ['records/items/misc/potions/potion_healtha01.dbr', 'records/items/misc/potions/potion_energya01.dbr'] named by the pristine save's inventory, not present in any of the 8 archives; the only OneShot_PotionHealth records in the whole corpus are the 4 `_oldpotion_*`
[PASS] (d+) 1.3.0.0 potion + heal-over-time modifier == the 2022 item potion, term for term: flat 800.0 · instant 25.0% · over-time 25.0% (from the modifier) · cd 12.0 s  ==  item 800 / 25% / 25.0% / 12.0 s
[PASS] (a+) block-8 byte `b2` == the FoA potion-modifier LOCK flag: b2==1 on exactly 38 of the 40 potion-modifier records and on ZERO of the other 327 rows in the 367-row block; the two exceptions are the health+energy heal-over-time pair (the default-unlocked modifiers). ALLOCATED modifier(s): ['healthpotion_healovertime.dbr']
[PASS] digest pm4g_played_kit.csv: 2fd5a34792b96125… EXACT
[PASS] digest pm4g_movement_skills.csv: 9db4c9b1bbf0c5a0… EXACT
[PASS] digest pm4g_consumables.csv: 6956bfcbf0b02020… EXACT
[PASS] digest pm4g_defensive_actives.csv: 0cdfd3af9a22e2d6… EXACT
[PASS] digest pm4g_field_evidence.csv: 11ec85bb968e861b… EXACT
[PASS] digest pm4g_channel_census.csv: fda0f72b00e61021… EXACT

31 PASS / 0 FAIL
