[join1-emit cell] arm=M0 salt=0 control=None terminal=160 reason=survived_window sim_errors=0 rows=G1:2156,G2:3636,G3:10,G4:4545,G5:1,G6:0,G7:10 foreign_reads=0 wall=5.6s pid=15348
[join1-emit cell] arm=M0 salt=1 control=None terminal=160 reason=survived_window sim_errors=0 rows=G1:2170,G2:4326,G3:10,G4:4361,G5:1,G6:0,G7:10 foreign_reads=0 wall=6.1s pid=15372
[join1-emit cell] arm=M0 salt=2 control=None terminal=160 reason=survived_window sim_errors=0 rows=G1:2188,G2:4085,G3:10,G4:4851,G5:1,G6:0,G7:10 foreign_reads=0 wall=5.7s pid=15417
[join1-emit cell] arm=M0 salt=3 control=None terminal=160 reason=player_death sim_errors=0 rows=G1:1961,G2:3688,G3:10,G4:4465,G5:1,G6:0,G7:10 foreign_reads=0 wall=6.0s pid=15459
[join1-emit cell] arm=M0 salt=4 control=None terminal=160 reason=survived_window sim_errors=0 rows=G1:2600,G2:4663,G3:10,G4:5476,G5:1,G6:0,G7:10 foreign_reads=0 wall=5.9s pid=15541
[join1-emit cell] arm=M-POL-2 salt=0 control=None terminal=160 reason=survived_window sim_errors=0 rows=G1:2279,G2:4035,G3:10,G4:4668,G5:1,G6:0,G7:10 foreign_reads=0 wall=5.5s pid=15624
[join1-emit cell] arm=M-POL-2 salt=1 control=None terminal=160 reason=survived_window sim_errors=0 rows=G1:2760,G2:5525,G3:10,G4:5084,G5:1,G6:0,G7:10 foreign_reads=0 wall=6.8s pid=15681
[join1-emit cell] arm=M-POL-2 salt=2 control=None terminal=160 reason=player_death sim_errors=0 rows=G1:1922,G2:3640,G3:10,G4:4203,G5:1,G6:0,G7:10 foreign_reads=0 wall=5.8s pid=15746
[join1-emit cell] arm=M-POL-2 salt=3 control=None terminal=160 reason=survived_window sim_errors=0 rows=G1:2512,G2:4954,G3:10,G4:5231,G5:1,G6:0,G7:10 foreign_reads=0 wall=6.3s pid=15786
[join1-emit cell] arm=M-POL-2 salt=4 control=None terminal=160 reason=survived_window sim_errors=0 rows=G1:2144,G2:3735,G3:10,G4:4337,G5:1,G6:0,G7:10 foreign_reads=0 wall=5.6s pid=15858
[join1-emit cell] arm=M-POL-2-NULL salt=0 control=None terminal=160 reason=survived_window sim_errors=0 rows=G1:2156,G2:3636,G3:10,G4:4545,G5:1,G6:0,G7:10 foreign_reads=0 wall=5.3s pid=15905
[join1-emit cell] arm=M-POL-2-NULL salt=1 control=None terminal=160 reason=survived_window sim_errors=0 rows=G1:2170,G2:4326,G3:10,G4:4361,G5:1,G6:0,G7:10 foreign_reads=0 wall=5.5s pid=15937
[join1-emit cell] arm=M-POL-2-NULL salt=2 control=None terminal=160 reason=survived_window sim_errors=0 rows=G1:2188,G2:4085,G3:10,G4:4851,G5:1,G6:0,G7:10 foreign_reads=0 wall=5.8s pid=15977
[join1-emit cell] arm=M-POL-2-NULL salt=3 control=None terminal=160 reason=player_death sim_errors=0 rows=G1:1961,G2:3688,G3:10,G4:4465,G5:1,G6:0,G7:10 foreign_reads=0 wall=5.9s pid=16016
[join1-emit cell] arm=M-POL-2-NULL salt=4 control=None terminal=160 reason=survived_window sim_errors=0 rows=G1:2600,G2:4663,G3:10,G4:5476,G5:1,G6:0,G7:10 foreign_reads=0 wall=6.5s pid=16084
[join1-emit cell] arm=W1 salt=0 control=None terminal=160 reason=survived_window sim_errors=0 rows=G1:2132,G2:3869,G3:10,G4:4239,G5:1,G6:0,G7:10 foreign_reads=0 wall=5.6s pid=16111
[join1-emit cell] arm=W1 salt=1 control=None terminal=160 reason=survived_window sim_errors=0 rows=G1:2760,G2:5525,G3:10,G4:5084,G5:1,G6:0,G7:10 foreign_reads=0 wall=6.5s pid=16131
[join1-emit cell] arm=W1 salt=2 control=None terminal=160 reason=player_death sim_errors=0 rows=G1:1867,G2:3554,G3:10,G4:4350,G5:1,G6:0,G7:10 foreign_reads=0 wall=6.3s pid=16167
[join1-emit cell] arm=W1 salt=3 control=None terminal=160 reason=survived_window sim_errors=0 rows=G1:2603,G2:4839,G3:10,G4:5268,G5:1,G6:0,G7:10 foreign_reads=0 wall=6.3s pid=16206
[join1-emit cell] arm=W1 salt=4 control=None terminal=160 reason=survived_window sim_errors=0 rows=G1:2144,G2:3735,G3:10,G4:4337,G5:1,G6:0,G7:10 foreign_reads=0 wall=5.7s pid=16256
[join1-emit cell] arm=W1-NULL salt=0 control=None terminal=160 reason=survived_window sim_errors=0 rows=G1:2279,G2:4035,G3:10,G4:4668,G5:1,G6:0,G7:10 foreign_reads=0 wall=5.9s pid=16300
[join1-emit cell] arm=W1-NULL salt=1 control=None terminal=160 reason=survived_window sim_errors=0 rows=G1:2760,G2:5525,G3:10,G4:5084,G5:1,G6:0,G7:10 foreign_reads=0 wall=6.0s pid=16381
[join1-emit cell] arm=W1-NULL salt=2 control=None terminal=160 reason=player_death sim_errors=0 rows=G1:1922,G2:3640,G3:10,G4:4203,G5:1,G6:0,G7:10 foreign_reads=0 wall=5.8s pid=16428
[join1-emit cell] arm=W1-NULL salt=3 control=None terminal=160 reason=survived_window sim_errors=0 rows=G1:2512,G2:4954,G3:10,G4:5231,G5:1,G6:0,G7:10 foreign_reads=0 wall=6.4s pid=16469
[join1-emit cell] arm=W1-NULL salt=4 control=None terminal=160 reason=survived_window sim_errors=0 rows=G1:2144,G2:3735,G3:10,G4:4337,G5:1,G6:0,G7:10 foreign_reads=0 wall=5.4s pid=16534
[join1-emit] OBS-1 completeness 25/25 complete
[join1-emit] status=DRY-RUN · NOT THE FIXTURE cells=25 failed=0 G1=56890 G2=106096 G3=250 G4=117720 G5=25 G6=0 G7=250 manifest_sha256=2183ef05e92a9a93aabc91be46fe744339cbc829f3cdfc1f09d08099c096f19d wall=191.9s pid=15338

--- stderr ---
