[join1-emit cell] arm=M0 salt=0 control=None terminal=160 reason=survived_window sim_errors=0 rows=G1:2139,G2:3641,G3:10,G4:4545,G5:1,G6:0,G7:10 foreign_reads=0 wall=5.5s pid=52734
[join1-emit cell] arm=M0 salt=1 control=None terminal=160 reason=survived_window sim_errors=0 rows=G1:2113,G2:4112,G3:10,G4:4386,G5:1,G6:0,G7:10 foreign_reads=0 wall=5.6s pid=52784
[join1-emit cell] arm=M0 salt=2 control=None terminal=160 reason=survived_window sim_errors=0 rows=G1:2188,G2:4085,G3:10,G4:4851,G5:1,G6:0,G7:10 foreign_reads=0 wall=5.7s pid=52848
[join1-emit cell] arm=M0 salt=3 control=None terminal=160 reason=player_death sim_errors=0 rows=G1:2003,G2:3761,G3:10,G4:4537,G5:1,G6:0,G7:10 foreign_reads=0 wall=6.0s pid=52900
[join1-emit cell] arm=M0 salt=4 control=None terminal=160 reason=survived_window sim_errors=0 rows=G1:2609,G2:4657,G3:10,G4:5427,G5:1,G6:0,G7:10 foreign_reads=0 wall=6.1s pid=52968
[join1-emit cell] arm=M-POL-2 salt=0 control=None terminal=160 reason=survived_window sim_errors=0 rows=G1:2221,G2:3807,G3:10,G4:4570,G5:1,G6:0,G7:10 foreign_reads=0 wall=5.6s pid=53017
[join1-emit cell] arm=M-POL-2 salt=1 control=None terminal=160 reason=survived_window sim_errors=0 rows=G1:2778,G2:5529,G3:10,G4:5096,G5:1,G6:0,G7:10 foreign_reads=0 wall=6.3s pid=53072
[join1-emit cell] arm=M-POL-2 salt=2 control=None terminal=160 reason=player_death sim_errors=0 rows=G1:1928,G2:3659,G3:10,G4:4209,G5:1,G6:0,G7:10 foreign_reads=0 wall=5.9s pid=53122
[join1-emit cell] arm=M-POL-2 salt=3 control=None terminal=160 reason=survived_window sim_errors=0 rows=G1:2512,G2:4954,G3:10,G4:5231,G5:1,G6:0,G7:10 foreign_reads=0 wall=6.4s pid=53175
[join1-emit cell] arm=M-POL-2 salt=4 control=None terminal=160 reason=survived_window sim_errors=0 rows=G1:2144,G2:3735,G3:10,G4:4337,G5:1,G6:0,G7:10 foreign_reads=0 wall=5.5s pid=53224
[join1-emit cell] arm=M-POL-2-NULL salt=0 control=None terminal=160 reason=survived_window sim_errors=0 rows=G1:2139,G2:3641,G3:10,G4:4545,G5:1,G6:0,G7:10 foreign_reads=0 wall=5.5s pid=53277
[join1-emit cell] arm=M-POL-2-NULL salt=1 control=None terminal=160 reason=survived_window sim_errors=0 rows=G1:2113,G2:4112,G3:10,G4:4386,G5:1,G6:0,G7:10 foreign_reads=0 wall=5.6s pid=53425
[join1-emit cell] arm=M-POL-2-NULL salt=2 control=None terminal=160 reason=survived_window sim_errors=0 rows=G1:2188,G2:4085,G3:10,G4:4851,G5:1,G6:0,G7:10 foreign_reads=0 wall=5.7s pid=53490
[join1-emit cell] arm=M-POL-2-NULL salt=3 control=None terminal=160 reason=player_death sim_errors=0 rows=G1:2003,G2:3761,G3:10,G4:4537,G5:1,G6:0,G7:10 foreign_reads=0 wall=6.0s pid=53547
[join1-emit cell] arm=M-POL-2-NULL salt=4 control=None terminal=160 reason=survived_window sim_errors=0 rows=G1:2609,G2:4657,G3:10,G4:5427,G5:1,G6:0,G7:10 foreign_reads=0 wall=6.2s pid=53603
[join1-emit cell] arm=W1 salt=0 control=None terminal=160 reason=survived_window sim_errors=0 rows=G1:2221,G2:3807,G3:10,G4:4570,G5:1,G6:0,G7:10 foreign_reads=0 wall=5.6s pid=53663
[join1-emit cell] arm=W1 salt=1 control=None terminal=160 reason=survived_window sim_errors=0 rows=G1:2778,G2:5529,G3:10,G4:5096,G5:1,G6:0,G7:10 foreign_reads=0 wall=6.4s pid=53712
[join1-emit cell] arm=W1 salt=2 control=None terminal=160 reason=player_death sim_errors=0 rows=G1:1749,G2:3402,G3:10,G4:4290,G5:1,G6:0,G7:10 foreign_reads=0 wall=5.8s pid=53768
[join1-emit cell] arm=W1 salt=3 control=None terminal=160 reason=survived_window sim_errors=0 rows=G1:2603,G2:4839,G3:10,G4:5268,G5:1,G6:0,G7:10 foreign_reads=0 wall=6.4s pid=53825
[join1-emit cell] arm=W1 salt=4 control=None terminal=160 reason=survived_window sim_errors=0 rows=G1:2144,G2:3735,G3:10,G4:4337,G5:1,G6:0,G7:10 foreign_reads=0 wall=5.6s pid=53880
[join1-emit cell] arm=W1-NULL salt=0 control=None terminal=160 reason=survived_window sim_errors=0 rows=G1:2221,G2:3807,G3:10,G4:4570,G5:1,G6:0,G7:10 foreign_reads=0 wall=5.6s pid=53946
[join1-emit cell] arm=W1-NULL salt=1 control=None terminal=160 reason=survived_window sim_errors=0 rows=G1:2778,G2:5529,G3:10,G4:5096,G5:1,G6:0,G7:10 foreign_reads=0 wall=6.4s pid=53997
[join1-emit cell] arm=W1-NULL salt=2 control=None terminal=160 reason=player_death sim_errors=0 rows=G1:1928,G2:3659,G3:10,G4:4209,G5:1,G6:0,G7:10 foreign_reads=0 wall=6.0s pid=54049
[join1-emit cell] arm=W1-NULL salt=3 control=None terminal=160 reason=survived_window sim_errors=0 rows=G1:2512,G2:4954,G3:10,G4:5231,G5:1,G6:0,G7:10 foreign_reads=0 wall=6.4s pid=54103
[join1-emit cell] arm=W1-NULL salt=4 control=None terminal=160 reason=survived_window sim_errors=0 rows=G1:2144,G2:3735,G3:10,G4:4337,G5:1,G6:0,G7:10 foreign_reads=0 wall=5.6s pid=54153
[join1-emit] OBS-1 completeness 25/25 complete
[join1-emit] status=DRY-RUN · NOT THE FIXTURE cells=25 failed=0 G1=56765 G2=105192 G3=250 G4=117939 G5=25 G6=0 G7=250 manifest_sha256=ea47ea1f63c54694a3a8902e3b1d5a0121bd219ee90cc99151a1dc89da5a5647 wall=192.1s pid=52716

--- stderr ---
