KC2-PM4 · LAP Z · RING-OPERAND FORK PAIR — instrument run
legolas (UNKNOWN-RESEARCHER) · 2026-08-16 · read-only · outcome-firewalled

§ 0  PINS — re-verified before any read.  HALT on first mismatch.
   [OK ] 2ad6d379285cfb745462316949e8d59e9450cb58a13f9ffa2fdeb70193183bfd  database.arz
   [OK ] 431e64e1d372e4ebee5d1048d3aca458923e1df8c97844274636f5373a01e292  GDX1.arz
   [OK ] 13fa0b93be15835958968ad672b9efa5159d7221a279aca791590390dd81a072  GDX2.arz
   [OK ] e990e1265f14ff2ee241658433d4d666d399a5b0be27543ae9481fc97d6a2ae4  GDX3.arz
   [OK ] 679db83f019020ef7d4d27be8e61203006ee94e5c582dd8a59642f3fddd54602  templates.arc
   [OK ] 4876d6bdb69cca71cfa987652cbd7a42cf6d5578564d02d09aaf9b55c078ab02  Game.dll
   [OK ] 7141b51ae61b396fd0743da9e51471043329c51b3bb61d0037b2ce934864c87c  Engine.dll
   [OK ] 1a71e188ea3d7f83bec296e22acecf7cac71686c9c0c117d0eb03c9d7ada1ff4  Grim Dawn.exe
   [OK ] 7c62f1aa8b32ce3dbfb5a640b7af280203d28016b8f9e39225e36028136b26eb  Game.dll
   [OK ] d6df581038af18184ce7f63d75ecbe56f350d12e49d396064445bda3a6650a2c  Engine.dll
   [OK ] 82c42980a194e152bd91092461198e0d04d8e47aea14701d3a997d2e238691e3  Grim Dawn.exe
   [OK ] 4d11ae30b4c0faca7d8e4a2f410e023cd22bcc9cfad20a3a1598a5777794d93a  DBREditor.exe
   [OK ] fae1c6ec40a6beeb3968ad15a10e7345ef025f47f552d002952b4f3a6c0cce0a  ArchiveTool.exe
   [OK ] 7e84db3f26adf9f18376251baa26c5450d7875ec5a54fd95487116f288a23aa3  AssetManager.exe
   [OK ] 040bd078a73f81ed7b839820fcfc15af1e74beba81a930fc147f1080bb317266  gd_arz_adapter_2026_07_24.py
   [OK ] a5def5a669270f6362f96dfcb932d0ba8a77b689919086675b97b95fa16f7597  gd_arc_reader_2026_07_26.py
   [OK ] e9f6e2213eada8f5ffcc4fc430395b43c95384b745b629def096dbb2e7da29b6  SurvivalMode.arz
   [OK ] 6ac10d6180bfa8491edfc89946d1cfbf166c5ca6442c5862ecf6947290021252  SurvivalMode1.arz
   [OK ] 940e40344e9dde53bfac8ff6576940d52ebfece600adeabe3774f9f0c3071e95  SurvivalMode2.arz
   [OK ] e848791e4b15496670e4c78832075d9868e7b502e6eed93715c24e894902e12a  SurvivalMode3.arz
   20 pins verified EXACT.

════════════════════════════════════════════════════════════════════════════════════════════════════
EC-1  COMPILED-RECORD BYTE READ — what does the shipped DB literally store?
════════════════════════════════════════════════════════════════════════════════════════════════════
   ⚑ D-Z-1 GUARD: 6 decoy records substring-match 'gameengine'; all enumerated.
       DECOY records/ingameui/gameengine.dbr  type=1 hex=00005040 f32=3.25
       DECOY records/sandbox/arthur/archive/gameengine 01-23-15.dbr  type=1 hex=33331340 f32=2.299999952316284
       DECOY records/sandbox/arthur/archive/gameengine 02-01-16.dbr  type=1 hex=33331340 f32=2.299999952316284
       DECOY records/sandbox/arthur/archive/gameengine 09-09-15.dbr  type=1 hex=33331340 f32=2.299999952316284
       DECOY records/sandbox/arthur/archive/gameengine 10-31.dbr  type=1 hex=33331340 f32=2.299999952316284
       DECOY records/sandbox/arthur/archive/gameengine 7-31.dbr  type=1 hex=33331340 f32=2.299999952316284
   records/game/gameengine.dbr @0x0c6c  meleeAutoTargetDistance
       type_tag=1 (1 = float32)   count=1   payload=00008040 = 0x40800000   width=4 B
       as double: 4.0   exact: 4
   records/game/gameengine.dbr @0x0c78  meleeRange
       type_tag=1 (1 = float32)   count=1   payload=0000a03f = 0x3fa00000   width=4 B
       as double: 1.25   exact: 1.25
   records/game/gameengine.dbr @0x0c84  meleeTargetDistance
       type_tag=1 (1 = float32)   count=1   payload=9a991940 = 0x4019999a   width=4 B
       as double: 2.4000000953674316   exact: 2.400000095367431640625
   field-stream residue for this record: 0 bytes
   overlay SurvivalMode.arz   records/game/gameengine.dbr present: False
   overlay SurvivalMode1.arz  records/game/gameengine.dbr present: False
   overlay SurvivalMode2.arz  records/game/gameengine.dbr present: False
   overlay SurvivalMode3.arz  records/game/gameengine.dbr present: False
   overlay GDX1.arz           records/game/gameengine.dbr present: False
   overlay GDX2.arz           records/game/gameengine.dbr present: False
   overlay GDX3.arz           records/game/gameengine.dbr present: False

════════════════════════════════════════════════════════════════════════════════════════════════════
EC-2 / EC-3 / EC-4 / EC-8  TEMPLATE DECLARATION · FORMAT TYPE SYSTEM · SQUARED SWEEP
════════════════════════════════════════════════════════════════════════════════════════════════════
   templates parsed OK: 818/819   failed: 1
       FAIL {'name': '', 'error': 'LZ4BlockError', 'entry_type': 0, 'comp_size': 1508, 'decomp_size': 0}
   distinct Variable names across the corpus: 19005
   EC-2  gameengine.tpl declarations:
       meleeRange: class='variable' type='real' description='' defaultValue='0.4'
       meleeTargetDistance: class='variable' type='real' description='TQ was 2.5' defaultValue='2.5'
       meleeAutoTargetDistance: class='variable' type='real' description='TQ was 3.0' defaultValue='3.0'
   EC-3  distinct type= strings (the format's entire declared type alphabet):
       'real'                 x7804
       'file_dbr'             x5928
       'string'               x5281
       'int'                  x3775
       'file_anm'             x2588
       'list'                 x2265
       'include'              x995
       'equation'             x944
       'bool'                 x931
       'system'               x833
       'file_tex'             x511
       'file_snd'             x232
       'eqnVariable'          x229
       'file_msh'             x58
       'file_ssh'             x19
       'file_qst'             x12
       'file_fnt'             x5
       'file_cnv'             x2
       'file_txt'             x1
       'file_pfx'             x1
       'file_wav,ogg'         x1
       '***UNKNOWN***'        x1
       'file_wav,mp3'         x1
       'file_lua'             x1
   EC-3  any 'double'-class type declared anywhere: NONE
   EC-4  Variable names matching squared/sq/sqr: NONE (decoded-absent)
   EC-8  Variables whose description names Titan Quest: 2
       {'template': 'gameengine.tpl', 'name': 'meleeTargetDistance', 'type': 'real', 'description': 'TQ was 2.5', 'defaultValue': '2.5'}
       {'template': 'gameengine.tpl', 'name': 'meleeAutoTargetDistance', 'type': 'real', 'description': 'TQ was 3.0', 'defaultValue': '3.0'}

════════════════════════════════════════════════════════════════════════════════════════════════════
EC-3  COMPILED-FORMAT TYPE-TAG CENSUS — the falsifiable width test
════════════════════════════════════════════════════════════════════════════════════════════════════
   The reader assumes a 4-byte stride per value.  If ANY type tag carried an 8-byte payload,
   the field stream would desync and leave residue.  Residue is therefore the falsifier for
   'the compiled format has no double-width numeric type'.
   database.arz       records= 34171  tags={0: 377711, 1: 7395744, 2: 428220, 3: 1427002}  residue_records=0
   GDX1.arz           records= 18453  tags={0: 356588, 1: 5438406, 2: 338389, 3: 963978}  residue_records=0
   GDX2.arz           records= 16454  tags={0: 293089, 1: 4092466, 2: 344498, 3: 597304}  residue_records=0
   GDX3.arz           records= 24307  tags={0: 561858, 1: 5766265, 2: 540448, 3: 902231}  residue_records=0
   SurvivalMode.arz   records=  3147  tags={0: 108315, 1: 917387, 2: 89363, 3: 34008}  residue_records=0
   SurvivalMode1.arz  records=  1005  tags={0: 34546, 1: 286399, 2: 30927, 3: 10570}  residue_records=0
   SurvivalMode2.arz  records=   811  tags={0: 32474, 1: 281834, 2: 30106, 3: 8546}  residue_records=0
   SurvivalMode3.arz  records=  1433  tags={0: 53968, 1: 455535, 2: 47924, 3: 18593}  residue_records=0
   GRAND: records=99781  field_entries=32264692  distinct_type_tags=[0, 1, 2, 3]  records_with_residue=0

════════════════════════════════════════════════════════════════════════════════════════════════════
EC-5  STRING RESIDENCY — CORROBORATION GRADE ONLY (D-V2-1: names a vocabulary, not a caller)
════════════════════════════════════════════════════════════════════════════════════════════════════
   x86/Game.dll         meleeTargetDistance=1  GetEntitiesInCone=1  GetEntitiesInSphere=1  GetDistanceSquared=1  LengthSquared=0  SqrDist=0  DistanceSq=1
   x86/Engine.dll       meleeTargetDistance=0  GetEntitiesInCone=1  GetEntitiesInSphere=3  GetDistanceSquared=1  LengthSquared=0  SqrDist=0  DistanceSq=1
   x86/Grim Dawn.exe    meleeTargetDistance=0  GetEntitiesInCone=0  GetEntitiesInSphere=1  GetDistanceSquared=0  LengthSquared=0  SqrDist=0  DistanceSq=0
   x64/Game.dll         meleeTargetDistance=1  GetEntitiesInCone=1  GetEntitiesInSphere=1  GetDistanceSquared=1  LengthSquared=0  SqrDist=0  DistanceSq=1
   x64/Engine.dll       meleeTargetDistance=0  GetEntitiesInCone=1  GetEntitiesInSphere=3  GetDistanceSquared=1  LengthSquared=0  SqrDist=0  DistanceSq=1
   x64/Grim Dawn.exe    meleeTargetDistance=0  GetEntitiesInCone=0  GetEntitiesInSphere=1  GetDistanceSquared=0  LengthSquared=0  SqrDist=0  DistanceSq=0
   DBREditor.exe        meleeTargetDistance=0  GetEntitiesInCone=0  GetEntitiesInSphere=0  GetDistanceSquared=0  LengthSquared=0  SqrDist=0  DistanceSq=0
   ArchiveTool.exe      meleeTargetDistance=0  GetEntitiesInCone=0  GetEntitiesInSphere=0  GetDistanceSquared=0  LengthSquared=0  SqrDist=0  DistanceSq=0
   AssetManager.exe     meleeTargetDistance=0  GetEntitiesInCone=0  GetEntitiesInSphere=0  GetDistanceSquared=0  LengthSquared=0  SqrDist=0  DistanceSq=0

════════════════════════════════════════════════════════════════════════════════════════════════════
EC-6  TARGETED INSTRUCTION-STREAM READ — the anchor chain, link by link
════════════════════════════════════════════════════════════════════════════════════════════════════
   L1  'meleeTargetDistance\0' @ x64/Game.dll rva 0x660528 (.rdata), 1 occurrence(s)
   L2  rip-relative references in .text: 1 -> ['0x2b3d94']  (opcode 48 8D 15 = lea rdx,[rip+d32])
   L3  load site inside RUNTIME_FUNCTION 0x2b3bc0..0x2bf074:
          0x002b3d66  mov      rax, qword ptr [r14]
          0x002b3d69  movss    xmm2, dword ptr [r13 + 0x13a0]
          0x002b3d72  lea      rdx, [rip + 0x3ac727]
          0x002b3d79  mov      rcx, r14
          0x002b3d7c  call     qword ptr [rax + 0x48]
          0x002b3d7f  movss    dword ptr [r13 + 0x13a0], xmm0
          0x002b3d88  mov      rax, qword ptr [r14]
          0x002b3d8b  movss    xmm2, dword ptr [r13 + 0x13a4]
          0x002b3d94  lea      rdx, [rip + 0x3ac78d]
          0x002b3d9b  mov      rcx, r14
          0x002b3d9e  call     qword ptr [rax + 0x48]
          0x002b3da1  movss    dword ptr [r13 + 0x13a4], xmm0
       ⇒ the DB accessor's return is stored by `movss` (4-byte single) into slot +0x13a4.
   L4  constructor defaults at the same slot family (independent width witness):
          0x002ac150  mov      dword ptr [rdi + 0x1394], 0x40400000  = 3.0f
          0x002ac15a  mov      dword ptr [rdi + 0x1398], 0x41200000  = 10.0f
          0x002ac164  mov      dword ptr [rdi + 0x139c], 0x3e99999a  = 0.30000001192092896f
          0x002ac16e  mov      dword ptr [rdi + 0x13a0], 0x40200000  = 2.5f
          0x002ac178  mov      dword ptr [rdi + 0x13a4], 0x40400000  = 3.0f
          0x002ac182  mov      dword ptr [rdi + 0x13a8], 0x40000000  = 2.0f
   L5  ALL instructions in x64/Game.dll referencing displacement 0x13a4: 7
          fn=  0x2abcb0 @  0x2ac178  mov      dword ptr [rdi + 0x13a4], 0x40400000
          fn=  0x2b3bc0 @  0x2b3d8b  movss    xmm2, dword ptr [r13 + 0x13a4]
          fn=  0x2b3bc0 @  0x2b3da1  movss    dword ptr [r13 + 0x13a4], xmm0
          fn=  0x2f6fa0 @  0x2f6fc7  mov      dword ptr [rcx + 0x13a4], eax
          fn=  0x4b58e0 @  0x4b5baf  call     qword ptr [rip + 0x13a4ab]
          fn=  0x4b5d20 @  0x4b5fa8  call     qword ptr [rip + 0x13a4da]
          fn=  0x5012d0 @  0x50134a  movss    xmm7, dword ptr [rax + 0x13a4]
   L6  the consumer (RUNTIME_FUNCTION 0x5012d0) passes the value as a call argument:
          0x00501343  mov      rax, qword ptr [rip + 0x52ff3e]
          0x0050134a  movss    xmm7, dword ptr [rax + 0x13a4]
          0x00501352  lea      rsi, [rip + 0x266f9f]
          0x00501359  mov      qword ptr [rbp - 0x80], rsi
          0x0050135d  xor      edi, edi
          0x005015e8  lea      rax, [rsp + 0x60]
          0x005015ed  mov      qword ptr [rsp + 0x38], rax
          0x005015f2  movss    dword ptr [rsp + 0x30], xmm7
          0x005015f8  movss    xmm0, dword ptr [rip + 0x27262c]
          0x00501600  movss    dword ptr [rsp + 0x28], xmm0
          0x00501606  mov      qword ptr [rsp + 0x20], rsi
          0x0050160b  mov      r9, rbx
          0x0050160e  lea      r8, [r15 + 0x19f0]
          0x00501615  mov      rcx, qword ptr [rip + 0x52fc6c]
          0x0050161c  call     0x1802d6930
       IAT slot 0x5f1950 resolves by the IMPORT DIRECTORY to:
          Engine.dll :: ?GetEntitiesInCone@World@GAME@@QEAAXAEAV?$vector@PEAVEntity@GAME@@@mem@@AEBVWorldVec3@2@AEBVVec3@2@MM_NW4EntityListType@2@@Z
   L7  D-V2-1 GUARD on the one export this lap resolves by name:
          rva 0x21dc40   names sharing this rva: 1 (True)
          section=.text   .pdata bounds 0x21dc40..0x21e396   rva==function-start: True
   L8  GetEntitiesInCone builds a Sphere {float x,y,z; float radius} and delegates:
          0x0021dcd7  movsd    xmm0, qword ptr [r8 + 8]
          0x0021dcdd  movsd    qword ptr [rsp + 0x30], xmm0
          0x0021dce3  mov      eax, dword ptr [r8 + 0x10]
          0x0021dce7  mov      dword ptr [rsp + 0x38], eax
          0x0021dceb  movss    xmm0, dword ptr [rbp + 0xc8]
          0x0021dcf3  movss    dword ptr [rsp + 0x3c], xmm0
          0x0021dcf9  mov      eax, dword ptr [rbp + 0xd8]
          0x0021dcff  mov      dword ptr [rsp + 0x28], eax
          0x0021dd03  movzx    r12d, byte ptr [rbp + 0xd0]
          0x0021dd0b  mov      byte ptr [rsp + 0x20], r12b
          0x0021dd10  lea      r9, [rsp + 0x30]
          0x0021dd15  mov      r8, qword ptr [r8]
          0x0021dd18  call     0x18021e3a0
          call 0x21e3a0 -> ['?GetEntitiesInSphere@World@GAME@@QEBAXAEAV?$vector@PEAVEntity@GAME@@@mem@@PEAVRegion@2@AEBVSphere@2@_NW4EntityListType@2@@Z']
   L9  per-entity test site inside the sphere gather (0x134080):
          0x00134110  cmp      byte ptr [rsp + 0x88], 0
          0x00134118  je       0x180134124
          0x0013411a  cmp      byte ptr [rdi + 0x74], 0
          0x0013411e  lea      rcx, [rdi + 0x5c]
          0x00134122  jne      0x180134128
          0x00134124  lea      rcx, [rdi + 0x44]
          0x00134128  mov      rdx, rax
          0x0013412b  call     0x18027cff0
          0x00134130  test     al, al
          0x00134132  jne      0x18013413c
   L10 THE COMPARISON — x64/Engine.dll 0x27cff0 (box-vs-sphere; rcx=ABBox, rdx=Sphere):
          0x0027cff0  sub      rsp, 0x48
          0x0027cff4  movss    xmm1, dword ptr [rcx + 4]
          0x0027cff9  xorps    xmm3, xmm3
          0x0027cffc  movss    xmm2, dword ptr [rcx]
          0x0027d000  movss    xmm4, dword ptr [rcx + 0xc]
          0x0027d005  movss    xmm0, dword ptr [rcx + 8]
          0x0027d00a  movss    xmm5, dword ptr [rcx + 0x14]
          0x0027d00f  movaps   xmmword ptr [rsp + 0x30], xmm6
          0x0027d014  movss    xmm6, dword ptr [rcx + 0x10]
          0x0027d019  movaps   xmmword ptr [rsp + 0x20], xmm7
          0x0027d01e  movaps   xmm7, xmm0
          0x0027d021  movaps   xmmword ptr [rsp + 0x10], xmm8
          0x0027d027  subss    xmm7, xmm5
          0x0027d02b  movaps   xmmword ptr [rsp], xmm9
          0x0027d030  addss    xmm5, xmm0
          0x0027d034  movaps   xmm8, xmm1
          0x0027d038  movaps   xmm9, xmm2
          0x0027d03c  subss    xmm9, xmm4
          0x0027d041  subss    xmm8, xmm6
          0x0027d046  addss    xmm6, xmm1
          0x0027d04a  movss    xmm1, dword ptr [rdx]
          0x0027d04e  addss    xmm4, xmm2
          0x0027d052  comiss   xmm1, xmm9
          0x0027d056  jae      0x18027d062
          0x0027d058  movaps   xmm3, xmm1
          0x0027d05b  subss    xmm3, xmm9
          0x0027d060  jmp      0x18027d06e
          0x0027d062  comiss   xmm1, xmm4
          0x0027d065  jbe      0x18027d072
          0x0027d067  movaps   xmm3, xmm1
          0x0027d06a  subss    xmm3, xmm4
          0x0027d06e  mulss    xmm3, xmm3
          0x0027d072  movss    xmm0, dword ptr [rdx + 4]
          0x0027d077  comiss   xmm0, xmm8
          0x0027d07b  jae      0x18027d084
          0x0027d07d  subss    xmm0, xmm8
          0x0027d082  jmp      0x18027d08d
          0x0027d084  comiss   xmm0, xmm6
          0x0027d087  jbe      0x18027d095
          0x0027d089  subss    xmm0, xmm6
          0x0027d08d  mulss    xmm0, xmm0
          0x0027d091  addss    xmm3, xmm0
          0x0027d095  movss    xmm0, dword ptr [rdx + 8]
          0x0027d09a  comiss   xmm0, xmm7
          0x0027d09d  jae      0x18027d0a5
          0x0027d09f  subss    xmm0, xmm7
          0x0027d0a3  jmp      0x18027d0ae
          0x0027d0a5  comiss   xmm0, xmm5
          0x0027d0a8  jbe      0x18027d0b6
          0x0027d0aa  subss    xmm0, xmm5
          0x0027d0ae  mulss    xmm0, xmm0
          0x0027d0b2  addss    xmm3, xmm0
          0x0027d0b6  movss    xmm0, dword ptr [rdx + 0xc]
          0x0027d0bb  movaps   xmm6, xmmword ptr [rsp + 0x30]
          0x0027d0c0  movaps   xmm7, xmmword ptr [rsp + 0x20]
          0x0027d0c5  movaps   xmm8, xmmword ptr [rsp + 0x10]
          0x0027d0cb  movaps   xmm9, xmmword ptr [rsp]
          0x0027d0d0  mulss    xmm0, xmm0
          0x0027d0d4  comiss   xmm0, xmm3
          0x0027d0d7  setae    al
          0x0027d0da  add      rsp, 0x48
          0x0027d0de  ret      
       sqrt instructions in this function: NONE
       double-precision arithmetic in this function: NONE
   L11 second, independent primitive at 0x134b50 (node-vs-sphere): sqrt=NONE, double=NONE
   L12 x86 shipped build, independently:
       ⚑ D-Z-3 three-start convergence on the store instruction: True (starts ['0x24d102', '0x24d106', '0x24d114'])
          [Game.dll]   0x0024d102  call     eax
          [Game.dll]   0x0024d104  fstp     dword ptr [edi + 0xc5c]
          [Game.dll]   0x0024d10a  mov      eax, dword ptr [ebx]
          [Game.dll]   0x0024d10c  movss    xmm0, dword ptr [edi + 0xc78]
          [Game.dll]   0x0024d114  push     ecx
          [Game.dll]   0x0024d115  movss    dword ptr [esp], xmm0
          [Game.dll]   0x0024d11a  mov      ecx, ebx
          [Game.dll]   0x0024d11c  mov      eax, dword ptr [eax + 0x24]
          [Game.dll]   0x0024d11f  push     0x1054d750
          [Game.dll]   0x0024d124  call     eax
          [Game.dll]   0x0024d126  mov      eax, dword ptr [ebx]
          [Game.dll]   0x0024d128  push     ecx
          [Game.dll]   0x0024d129  fstp     dword ptr [edi + 0xc78]
          [Game.dll]   0x0024d12f  movss    xmm0, dword ptr [edi + 0xc7c]
          [Game.dll]   0x0024d137  mov      ecx, ebx
          [Game.dll]   0x0024d139  mov      eax, dword ptr [eax + 0x24]
          [Game.dll]   0x0024d13c  movss    dword ptr [esp], xmm0
          [Game.dll]   0x0024d141  push     0x1054d7ac
          [Game.dll]   0x0024d146  call     eax
          [Game.dll]   0x0024d148  mov      eax, dword ptr [ebx]
          [Game.dll]   0x0024d14a  push     ecx
          [Game.dll]   0x0024d14b  fstp     dword ptr [edi + 0xc7c]
          [Engine.dll] 0x00222d5a  pop      eax
          [Engine.dll] 0x00222d5b  fdiv     st(3)
          [Engine.dll] 0x00222d5d  movups   xmm0, xmmword ptr [edx + 8]
          [Engine.dll] 0x00222d61  movss    xmm1, dword ptr [esp + 8]
          [Engine.dll] 0x00222d67  comiss   xmm1, xmm0
          [Engine.dll] 0x00222d6a  jbe      0x10222d72
          [Engine.dll] 0x00222d6c  subss    xmm0, xmm1
          [Engine.dll] 0x00222d70  jmp      0x10222d7b
          [Engine.dll] 0x00222d72  comiss   xmm0, xmm6
          [Engine.dll] 0x00222d75  jbe      0x10222d83
          [Engine.dll] 0x00222d77  subss    xmm0, xmm6
          [Engine.dll] 0x00222d7b  mulss    xmm0, xmm0
          [Engine.dll] 0x00222d7f  addss    xmm3, xmm0
          [Engine.dll] 0x00222d83  movss    xmm0, dword ptr [edx + 0xc]
          [Engine.dll] 0x00222d88  xor      eax, eax
          [Engine.dll] 0x00222d8a  mulss    xmm0, xmm0
          [Engine.dll] 0x00222d8e  comiss   xmm0, xmm3
          [Engine.dll] 0x00222d91  setae    al
          [Engine.dll] 0x00222d94  add      esp, 0xc
          [Engine.dll] 0x00222d97  ret      
          [Engine.dll] 0x00222d98  int3     
          [Engine.dll] 0x00222d99  int3     
          [Engine.dll] 0x00222d9a  int3     
          [Engine.dll] 0x00222d9b  int3     

════════════════════════════════════════════════════════════════════════════════════════════════════
EC-7  IEEE-754 BOUNDARY ARITHMETIC — what each limb is worth, in metres
════════════════════════════════════════════════════════════════════════════════════════════════════
   r32 = float32(2.4) = 0x4019999A = 2.4000000953674316   exact 2.400000095367431640625
   decimal 2.4 as double            = 2.4   exact 2.399999999999999911182158029987476766109466552734375
   FORK-(a) WINDOW                  = 9.5367431729442841970012523233890533447265625E-8 m
   r32^2 in double is EXACT (48-bit product in a 53-bit significand): True
      ⇒ at DOUBLE precision, squared and rooted give the SAME threshold: fork (b) INERT
   fl32(r32^2) = 5.760000228881836 = 0xec51b840   exact 5.7600002288818359375
   ENGINE effective boundary radius = sqrt(fl32(r32^2)) = 2.4000000476837156
      engine - r32  = -4.7683716086766025910037569701671600341796875E-8 m
      engine - 2.4  = 4.7683715642676816059974953532218933105468750E-8 m
   ⇒ the engine's threshold sits at the MIDPOINT of the fork-(a) window, 4.768e-8 m from EACH limb.

