aura                     impact t=  1.13s frame=  34
beam_channel             impact t= 10.80s frame= 324
blink                    impact t=  4.67s frame= 140
chain                    impact t= 10.90s frame= 327
circle_ring              impact t=  2.53s frame=  76
circle_ring_alt          impact t=  5.63s frame= 169
cone                     impact t=  3.60s frame= 108
dash_attack              impact t=  6.83s frame= 205
fork                     impact t=  6.80s frame= 204
ground_slam              impact t=  8.23s frame= 247
ground_targeted_circle   impact t=  6.97s frame= 209
leap_strike              impact t=  2.83s frame=  85
line_weak                impact t=  8.00s frame= 240
melee_arc                impact t=  7.70s frame= 231
melee_strike             impact t=  2.67s frame=  80
melee_strike_CANON       impact t=  1.40s frame=  42
multi_projectile         impact t=  5.17s frame= 155
orbit                    impact t=  5.37s frame= 161
placed_lane              impact t=  8.13s frame= 244
ricochet_bounce          impact t=  6.67s frame= 200
self_buff                impact t=  6.70s frame= 201
single_target            impact t=  5.63s frame= 169
teleport                 impact t=  8.60s frame= 258
totem                    impact t= 10.43s frame= 313
vortex_pull              impact t=  2.70s frame=  81
whirlwind                impact t=  3.13s frame=  94
