whirlwind                ok    127s
melee_strike_CANON       ok    182s
cone                     ok    147s
dash_attack              ok    147s
ground_targeted_circle   ok    136s
single_target            ok     61s
ground_slam              ok    174s
leap_strike              ok    132s
melee_arc                ok    200s
melee_strike             ok    222s
circle_ring              ok    222s
circle_ring_alt          ok    168s
vortex_pull              ok     97s
beam_channel             ok    150s
chain                    ok    146s
teleport                 ok    152s
blink                    ok    148s
multi_projectile         ok    172s
orbit                    ok    191s
ricochet_bounce          ok    201s
fork                     ok    158s
placed_lane              ok    142s
totem                    ok    196s
self_buff                ok    234s
aura                     ok    114s
line_weak                ok    153s
DONE
