[join1-emit cell] arm=M0 salt=0 control=None terminal=None reason=raised:KeyError sim_errors=2 rows=G1:0,G2:0,G3:0,G4:0,G5:1,G6:0,G7:0 foreign_reads=0 wall=0.7s pid=9055
[join1-emit cell] arm=M0 salt=1 control=None terminal=None reason=raised:KeyError sim_errors=2 rows=G1:0,G2:0,G3:0,G4:0,G5:1,G6:0,G7:0 foreign_reads=0 wall=0.7s pid=9073
[join1-emit cell] arm=M0 salt=2 control=None terminal=None reason=raised:KeyError sim_errors=2 rows=G1:0,G2:0,G3:0,G4:0,G5:1,G6:0,G7:0 foreign_reads=0 wall=0.7s pid=9081
[join1-emit cell] arm=M0 salt=3 control=None terminal=None reason=raised:KeyError sim_errors=2 rows=G1:0,G2:0,G3:0,G4:0,G5:1,G6:0,G7:0 foreign_reads=0 wall=0.7s pid=9098
[join1-emit cell] arm=M0 salt=4 control=None terminal=None reason=raised:KeyError sim_errors=2 rows=G1:0,G2:0,G3:0,G4:0,G5:1,G6:0,G7:0 foreign_reads=0 wall=0.7s pid=9115
[join1-emit cell] arm=M-POL-2 salt=0 control=None terminal=None reason=raised:KeyError sim_errors=2 rows=G1:0,G2:0,G3:0,G4:0,G5:1,G6:0,G7:0 foreign_reads=0 wall=0.7s pid=9134
[join1-emit cell] arm=M-POL-2 salt=1 control=None terminal=None reason=raised:KeyError sim_errors=2 rows=G1:0,G2:0,G3:0,G4:0,G5:1,G6:0,G7:0 foreign_reads=0 wall=0.7s pid=9146
[join1-emit cell] arm=M-POL-2 salt=2 control=None terminal=None reason=raised:KeyError sim_errors=2 rows=G1:0,G2:0,G3:0,G4:0,G5:1,G6:0,G7:0 foreign_reads=0 wall=0.7s pid=9156
[join1-emit cell] arm=M-POL-2 salt=3 control=None terminal=None reason=raised:KeyError sim_errors=2 rows=G1:0,G2:0,G3:0,G4:0,G5:1,G6:0,G7:0 foreign_reads=0 wall=0.7s pid=9164
[join1-emit cell] arm=M-POL-2 salt=4 control=None terminal=None reason=raised:KeyError sim_errors=2 rows=G1:0,G2:0,G3:0,G4:0,G5:1,G6:0,G7:0 foreign_reads=0 wall=0.7s pid=9181
[join1-emit cell] arm=M-POL-2-NULL salt=0 control=None terminal=None reason=raised:KeyError sim_errors=2 rows=G1:0,G2:0,G3:0,G4:0,G5:1,G6:0,G7:0 foreign_reads=0 wall=0.7s pid=9193
[join1-emit cell] arm=M-POL-2-NULL salt=1 control=None terminal=None reason=raised:KeyError sim_errors=2 rows=G1:0,G2:0,G3:0,G4:0,G5:1,G6:0,G7:0 foreign_reads=0 wall=0.7s pid=9205
[join1-emit cell] arm=M-POL-2-NULL salt=2 control=None terminal=None reason=raised:KeyError sim_errors=2 rows=G1:0,G2:0,G3:0,G4:0,G5:1,G6:0,G7:0 foreign_reads=0 wall=0.7s pid=9219
[join1-emit cell] arm=M-POL-2-NULL salt=3 control=None terminal=None reason=raised:KeyError sim_errors=2 rows=G1:0,G2:0,G3:0,G4:0,G5:1,G6:0,G7:0 foreign_reads=0 wall=0.7s pid=9242
[join1-emit cell] arm=M-POL-2-NULL salt=4 control=None terminal=None reason=raised:KeyError sim_errors=2 rows=G1:0,G2:0,G3:0,G4:0,G5:1,G6:0,G7:0 foreign_reads=0 wall=0.7s pid=9258
[join1-emit cell] arm=W1 salt=0 control=None terminal=None reason=raised:KeyError sim_errors=2 rows=G1:0,G2:0,G3:0,G4:0,G5:1,G6:0,G7:0 foreign_reads=0 wall=0.7s pid=9270
[join1-emit cell] arm=W1 salt=1 control=None terminal=None reason=raised:KeyError sim_errors=2 rows=G1:0,G2:0,G3:0,G4:0,G5:1,G6:0,G7:0 foreign_reads=0 wall=0.7s pid=9278
[join1-emit cell] arm=W1 salt=2 control=None terminal=None reason=raised:KeyError sim_errors=2 rows=G1:0,G2:0,G3:0,G4:0,G5:1,G6:0,G7:0 foreign_reads=0 wall=0.7s pid=9292
[join1-emit cell] arm=W1 salt=3 control=None terminal=None reason=raised:KeyError sim_errors=2 rows=G1:0,G2:0,G3:0,G4:0,G5:1,G6:0,G7:0 foreign_reads=0 wall=0.7s pid=9302
[join1-emit cell] arm=W1 salt=4 control=None terminal=None reason=raised:KeyError sim_errors=2 rows=G1:0,G2:0,G3:0,G4:0,G5:1,G6:0,G7:0 foreign_reads=0 wall=0.7s pid=9310
[join1-emit cell] arm=W1-NULL salt=0 control=None terminal=None reason=raised:KeyError sim_errors=2 rows=G1:0,G2:0,G3:0,G4:0,G5:1,G6:0,G7:0 foreign_reads=0 wall=0.7s pid=9325
[join1-emit cell] arm=W1-NULL salt=1 control=None terminal=None reason=raised:KeyError sim_errors=2 rows=G1:0,G2:0,G3:0,G4:0,G5:1,G6:0,G7:0 foreign_reads=0 wall=0.7s pid=9344
[join1-emit cell] arm=W1-NULL salt=2 control=None terminal=None reason=raised:KeyError sim_errors=2 rows=G1:0,G2:0,G3:0,G4:0,G5:1,G6:0,G7:0 foreign_reads=0 wall=0.7s pid=9353
[join1-emit cell] arm=W1-NULL salt=3 control=None terminal=None reason=raised:KeyError sim_errors=2 rows=G1:0,G2:0,G3:0,G4:0,G5:1,G6:0,G7:0 foreign_reads=0 wall=0.7s pid=9366
[join1-emit cell] arm=W1-NULL salt=4 control=None terminal=None reason=raised:KeyError sim_errors=2 rows=G1:0,G2:0,G3:0,G4:0,G5:1,G6:0,G7:0 foreign_reads=0 wall=0.7s pid=9376
[join1-emit] OBS-1 completeness 0/25 complete; TRUNCATED/FAILED: ['M-POL-2-NULL|0', 'M-POL-2-NULL|1', 'M-POL-2-NULL|2', 'M-POL-2-NULL|3', 'M-POL-2-NULL|4', 'M-POL-2|0', 'M-POL-2|1', 'M-POL-2|2', 'M-POL-2|3', 'M-POL-2|4', 'M0|0', 'M0|1', 'M0|2', 'M0|3', 'M0|4', 'W1-NULL|0', 'W1-NULL|1', 'W1-NULL|2', 'W1-NULL|3', 'W1-NULL|4', 'W1|0', 'W1|1', 'W1|2', 'W1|3', 'W1|4']
[join1-emit] status=DRY-RUN · NOT THE FIXTURE cells=25 failed=0 G1=0 G2=0 G3=0 G4=0 G5=25 G6=0 G7=0 manifest_sha256=8673062b6ba98e21c26be072d58bc4b347c49ec0a18c5f4c4a6b83df96a71434 wall=45.0s pid=9046

--- stderr ---
