[join1-emit cell] arm=M0 salt=0 control=None terminal=160 reason=survived_window sim_errors=0 rows=G1:4045,G2:6040,G3:10,G4:5476,G5:1,G6:0,G7:10 foreign_reads=0 wall=4.8s pid=35845
[join1-emit cell] arm=M0 salt=1 control=None terminal=160 reason=survived_window sim_errors=0 rows=G1:4594,G2:7580,G3:10,G4:6530,G5:1,G6:0,G7:10 foreign_reads=0 wall=5.3s pid=35886
[join1-emit cell] arm=M0 salt=2 control=None terminal=160 reason=player_death sim_errors=0 rows=G1:3228,G2:5197,G3:10,G4:5852,G5:1,G6:0,G7:10 foreign_reads=0 wall=5.0s pid=35915
[join1-emit cell] arm=M0 salt=3 control=None terminal=160 reason=player_death sim_errors=0 rows=G1:3453,G2:5525,G3:10,G4:5807,G5:1,G6:0,G7:10 foreign_reads=0 wall=5.4s pid=35938
[join1-emit cell] arm=M0 salt=4 control=None terminal=160 reason=survived_window sim_errors=0 rows=G1:4116,G2:6289,G3:10,G4:5880,G5:1,G6:0,G7:10 foreign_reads=0 wall=5.0s pid=35972
[join1-emit cell] arm=M-POL-2 salt=0 control=None terminal=160 reason=survived_window sim_errors=0 rows=G1:5312,G2:8715,G3:10,G4:7081,G5:1,G6:0,G7:10 foreign_reads=0 wall=6.1s pid=35996
[join1-emit cell] arm=M-POL-2 salt=1 control=None terminal=160 reason=survived_window sim_errors=0 rows=G1:3910,G2:6329,G3:10,G4:5917,G5:1,G6:0,G7:10 foreign_reads=0 wall=4.7s pid=36010
[join1-emit cell] arm=M-POL-2 salt=2 control=None terminal=160 reason=player_death sim_errors=0 rows=G1:3133,G2:4856,G3:10,G4:5633,G5:1,G6:0,G7:10 foreign_reads=0 wall=5.0s pid=36056
[join1-emit cell] arm=M-POL-2 salt=3 control=None terminal=160 reason=player_death sim_errors=0 rows=G1:3697,G2:5689,G3:10,G4:5985,G5:1,G6:0,G7:10 foreign_reads=0 wall=5.6s pid=36085
[join1-emit cell] arm=M-POL-2 salt=4 control=None terminal=160 reason=survived_window sim_errors=0 rows=G1:4964,G2:8000,G3:10,G4:6885,G5:1,G6:0,G7:10 foreign_reads=0 wall=6.0s pid=36111
[join1-emit cell] arm=M-POL-2-NULL salt=0 control=None terminal=160 reason=survived_window sim_errors=0 rows=G1:4045,G2:6040,G3:10,G4:5476,G5:1,G6:0,G7:10 foreign_reads=0 wall=4.8s pid=36151
[join1-emit cell] arm=M-POL-2-NULL salt=1 control=None terminal=160 reason=survived_window sim_errors=0 rows=G1:4594,G2:7580,G3:10,G4:6530,G5:1,G6:0,G7:10 foreign_reads=0 wall=5.3s pid=36184
[join1-emit cell] arm=M-POL-2-NULL salt=2 control=None terminal=160 reason=player_death sim_errors=0 rows=G1:3228,G2:5197,G3:10,G4:5852,G5:1,G6:0,G7:10 foreign_reads=0 wall=4.9s pid=36201
[join1-emit cell] arm=M-POL-2-NULL salt=3 control=None terminal=160 reason=player_death sim_errors=0 rows=G1:3453,G2:5525,G3:10,G4:5807,G5:1,G6:0,G7:10 foreign_reads=0 wall=5.4s pid=36222
[join1-emit cell] arm=M-POL-2-NULL salt=4 control=None terminal=160 reason=survived_window sim_errors=0 rows=G1:4116,G2:6289,G3:10,G4:5880,G5:1,G6:0,G7:10 foreign_reads=0 wall=5.2s pid=36251
[join1-emit cell] arm=W1 salt=0 control=None terminal=160 reason=player_death sim_errors=0 rows=G1:3434,G2:5403,G3:10,G4:5174,G5:1,G6:0,G7:10 foreign_reads=0 wall=4.8s pid=36273
[join1-emit cell] arm=W1 salt=1 control=None terminal=160 reason=survived_window sim_errors=0 rows=G1:3915,G2:6335,G3:10,G4:5880,G5:1,G6:0,G7:10 foreign_reads=0 wall=4.7s pid=36302
[join1-emit cell] arm=W1 salt=2 control=None terminal=160 reason=player_death sim_errors=0 rows=G1:3476,G2:5410,G3:10,G4:5706,G5:1,G6:0,G7:10 foreign_reads=0 wall=5.4s pid=36324
[join1-emit cell] arm=W1 salt=3 control=None terminal=160 reason=player_death sim_errors=0 rows=G1:3621,G2:5836,G3:10,G4:6312,G5:1,G6:0,G7:10 foreign_reads=0 wall=5.4s pid=36351
[join1-emit cell] arm=W1 salt=4 control=None terminal=160 reason=survived_window sim_errors=0 rows=G1:4632,G2:7252,G3:10,G4:6591,G5:1,G6:0,G7:10 foreign_reads=0 wall=5.6s pid=36395
[join1-emit cell] arm=W1-NULL salt=0 control=None terminal=160 reason=survived_window sim_errors=0 rows=G1:5312,G2:8715,G3:10,G4:7081,G5:1,G6:0,G7:10 foreign_reads=0 wall=6.0s pid=36415
[join1-emit cell] arm=W1-NULL salt=1 control=None terminal=160 reason=survived_window sim_errors=0 rows=G1:3910,G2:6329,G3:10,G4:5917,G5:1,G6:0,G7:10 foreign_reads=0 wall=4.6s pid=36432
[join1-emit cell] arm=W1-NULL salt=2 control=None terminal=160 reason=player_death sim_errors=0 rows=G1:3133,G2:4856,G3:10,G4:5633,G5:1,G6:0,G7:10 foreign_reads=0 wall=5.0s pid=36462
[join1-emit cell] arm=W1-NULL salt=3 control=None terminal=160 reason=player_death sim_errors=0 rows=G1:3697,G2:5689,G3:10,G4:5985,G5:1,G6:0,G7:10 foreign_reads=0 wall=5.9s pid=36490
[join1-emit cell] arm=W1-NULL salt=4 control=None terminal=160 reason=survived_window sim_errors=0 rows=G1:4964,G2:8000,G3:10,G4:6885,G5:1,G6:0,G7:10 foreign_reads=0 wall=5.9s pid=36509
[join1-emit] OBS-1 completeness 25/25 complete
[join1-emit] status=DRY-RUN · NOT THE FIXTURE cells=25 failed=0 G1=99982 G2=158676 G3=250 G4=151755 G5=25 G6=0 G7=250 manifest_sha256=6b700c163e6ad98ce74e197d7f6523f038f895a5b1862e7f2c4de4c2873b8925 wall=176.7s pid=35835

--- stderr ---
