[join1-emit cell] arm=M0 salt=0 control=None terminal=160 reason=player_death sim_errors=0 rows=G1:1875,G2:3399,G3:10,G4:4170,G5:1,G6:0,G7:10 foreign_reads=0 wall=5.3s pid=55946
[join1-emit cell] arm=M0 salt=1 control=None terminal=160 reason=survived_window sim_errors=0 rows=G1:2337,G2:4622,G3:10,G4:4557,G5:1,G6:0,G7:10 foreign_reads=0 wall=5.4s pid=55991
[join1-emit cell] arm=M0 salt=2 control=None terminal=160 reason=survived_window sim_errors=0 rows=G1:2340,G2:4284,G3:10,G4:5084,G5:1,G6:0,G7:10 foreign_reads=0 wall=5.4s pid=56044
[join1-emit cell] arm=M0 salt=3 control=None terminal=160 reason=player_death sim_errors=0 rows=G1:1865,G2:3516,G3:10,G4:4498,G5:1,G6:0,G7:10 foreign_reads=0 wall=4.3s pid=56090
[join1-emit cell] arm=M0 salt=4 control=None terminal=160 reason=survived_window sim_errors=0 rows=G1:2405,G2:4315,G3:10,G4:5133,G5:1,G6:0,G7:10 foreign_reads=0 wall=4.4s pid=56134
[join1-emit cell] arm=M-POL-2 salt=0 control=None terminal=160 reason=survived_window sim_errors=0 rows=G1:2375,G2:4684,G3:10,G4:4851,G5:1,G6:0,G7:10 foreign_reads=0 wall=4.3s pid=56193
[join1-emit cell] arm=M-POL-2 salt=1 control=None terminal=160 reason=survived_window sim_errors=0 rows=G1:2326,G2:4631,G3:10,G4:4423,G5:1,G6:0,G7:10 foreign_reads=0 wall=5.4s pid=56232
[join1-emit cell] arm=M-POL-2 salt=2 control=None terminal=160 reason=player_death sim_errors=0 rows=G1:1939,G2:3797,G3:10,G4:4191,G5:1,G6:0,G7:10 foreign_reads=0 wall=5.5s pid=56295
[join1-emit cell] arm=M-POL-2 salt=3 control=None terminal=160 reason=survived_window sim_errors=0 rows=G1:2952,G2:5583,G3:10,G4:5378,G5:1,G6:0,G7:10 foreign_reads=0 wall=5.9s pid=56350
[join1-emit cell] arm=M-POL-2 salt=4 control=None terminal=160 reason=player_death sim_errors=0 rows=G1:2151,G2:4082,G3:10,G4:4567,G5:1,G6:0,G7:10 foreign_reads=0 wall=4.0s pid=56405
[join1-emit cell] arm=M-POL-2-NULL salt=0 control=None terminal=160 reason=survived_window sim_errors=0 rows=G1:2246,G2:3695,G3:10,G4:4557,G5:1,G6:0,G7:10 foreign_reads=0 wall=5.4s pid=56449
[join1-emit cell] arm=M-POL-2-NULL salt=1 control=None terminal=160 reason=survived_window sim_errors=0 rows=G1:2285,G2:4537,G3:10,G4:4594,G5:1,G6:0,G7:10 foreign_reads=0 wall=4.0s pid=56497
[join1-emit cell] arm=M-POL-2-NULL salt=2 control=None terminal=160 reason=player_death sim_errors=0 rows=G1:1982,G2:3789,G3:10,G4:4496,G5:1,G6:0,G7:10 foreign_reads=0 wall=5.5s pid=56536
[join1-emit cell] arm=M-POL-2-NULL salt=3 control=None terminal=160 reason=player_death sim_errors=0 rows=G1:2022,G2:3939,G3:10,G4:4391,G5:1,G6:0,G7:10 foreign_reads=0 wall=5.5s pid=56581
[join1-emit cell] arm=M-POL-2-NULL salt=4 control=None terminal=160 reason=survived_window sim_errors=0 rows=G1:2543,G2:4546,G3:10,G4:5292,G5:1,G6:0,G7:10 foreign_reads=0 wall=4.3s pid=56630
[join1-emit cell] arm=W1 salt=0 control=None terminal=160 reason=player_death sim_errors=0 rows=G1:2099,G2:3864,G3:10,G4:4368,G5:1,G6:0,G7:10 foreign_reads=0 wall=5.5s pid=56672
[join1-emit cell] arm=W1 salt=1 control=None terminal=160 reason=player_death sim_errors=0 rows=G1:1964,G2:3996,G3:10,G4:4218,G5:1,G6:0,G7:10 foreign_reads=0 wall=4.0s pid=56736
[join1-emit cell] arm=W1 salt=2 control=None terminal=160 reason=player_death sim_errors=0 rows=G1:1918,G2:3766,G3:10,G4:4178,G5:1,G6:0,G7:10 foreign_reads=0 wall=5.9s pid=56778
[join1-emit cell] arm=W1 salt=3 control=None terminal=160 reason=player_death sim_errors=0 rows=G1:2169,G2:4015,G3:10,G4:4948,G5:1,G6:0,G7:10 foreign_reads=0 wall=5.8s pid=56829
[join1-emit cell] arm=W1 salt=4 control=None terminal=160 reason=player_death sim_errors=0 rows=G1:1870,G2:3635,G3:10,G4:4090,G5:1,G6:0,G7:10 foreign_reads=0 wall=3.8s pid=56881
[join1-emit cell] arm=W1-NULL salt=0 control=None terminal=160 reason=player_death sim_errors=0 rows=G1:1911,G2:3912,G3:10,G4:4180,G5:1,G6:0,G7:10 foreign_reads=0 wall=3.9s pid=56922
[join1-emit cell] arm=W1-NULL salt=1 control=None terminal=160 reason=survived_window sim_errors=0 rows=G1:2395,G2:4669,G3:10,G4:4766,G5:1,G6:0,G7:10 foreign_reads=0 wall=5.6s pid=56967
[join1-emit cell] arm=W1-NULL salt=2 control=None terminal=160 reason=player_death sim_errors=0 rows=G1:1924,G2:3852,G3:10,G4:4275,G5:1,G6:0,G7:10 foreign_reads=0 wall=4.3s pid=57015
[join1-emit cell] arm=W1-NULL salt=3 control=None terminal=160 reason=player_death sim_errors=0 rows=G1:2106,G2:3888,G3:10,G4:5094,G5:1,G6:0,G7:10 foreign_reads=0 wall=5.7s pid=57053
[join1-emit cell] arm=W1-NULL salt=4 control=None terminal=160 reason=survived_window sim_errors=0 rows=G1:2544,G2:4328,G3:10,G4:5133,G5:1,G6:0,G7:10 foreign_reads=0 wall=5.7s pid=57105
[join1-emit] OBS-1 completeness 25/25 complete
[join1-emit] status=DRY-RUN · NOT THE FIXTURE cells=25 failed=0 G1=54543 G2=103344 G3=250 G4=115432 G5=25 G6=0 G7=250 manifest_sha256=88cd4e1f0c17a37bc5280d9f4406f284dc5f03f3769365666d3b46e07290e26c wall=168.0s pid=55928

--- stderr ---
