[join1-emit cell] arm=M0 salt=0 control=None terminal=160 reason=survived_window sim_errors=0 rows=G1:1977,G2:3648,G3:10,G4:4472,G5:1,G6:0,G7:10 foreign_reads=0 wall=5.1s pid=27897
[join1-emit cell] arm=M0 salt=1 control=None terminal=160 reason=survived_window sim_errors=0 rows=G1:2138,G2:4176,G3:10,G4:4521,G5:1,G6:0,G7:10 foreign_reads=0 wall=5.1s pid=27952
[join1-emit cell] arm=M0 salt=2 control=None terminal=160 reason=player_death sim_errors=0 rows=G1:1884,G2:3696,G3:10,G4:4852,G5:1,G6:0,G7:10 foreign_reads=0 wall=5.5s pid=28218
[join1-emit cell] arm=M0 salt=3 control=None terminal=160 reason=player_death sim_errors=0 rows=G1:2210,G2:4426,G3:10,G4:5175,G5:1,G6:0,G7:10 foreign_reads=0 wall=5.7s pid=28396
[join1-emit cell] arm=M0 salt=4 control=None terminal=160 reason=survived_window sim_errors=0 rows=G1:2681,G2:5501,G3:10,G4:4913,G5:1,G6:0,G7:10 foreign_reads=0 wall=5.7s pid=28521
[join1-emit cell] arm=M-POL-2 salt=0 control=None terminal=160 reason=survived_window sim_errors=0 rows=G1:2103,G2:3760,G3:10,G4:4582,G5:1,G6:0,G7:10 foreign_reads=0 wall=4.8s pid=28767
[join1-emit cell] arm=M-POL-2 salt=1 control=None terminal=160 reason=survived_window sim_errors=0 rows=G1:2143,G2:4081,G3:10,G4:4398,G5:1,G6:0,G7:10 foreign_reads=0 wall=5.2s pid=29021
[join1-emit cell] arm=M-POL-2 salt=2 control=None terminal=160 reason=player_death sim_errors=0 rows=G1:2025,G2:3819,G3:10,G4:4420,G5:1,G6:0,G7:10 foreign_reads=0 wall=5.8s pid=29287
[join1-emit cell] arm=M-POL-2 salt=3 control=None terminal=160 reason=survived_window sim_errors=0 rows=G1:2569,G2:4940,G3:10,G4:4741,G5:1,G6:0,G7:10 foreign_reads=0 wall=5.5s pid=29534
[join1-emit cell] arm=M-POL-2 salt=4 control=None terminal=160 reason=survived_window sim_errors=0 rows=G1:2283,G2:4102,G3:10,G4:4570,G5:1,G6:0,G7:10 foreign_reads=0 wall=5.3s pid=29787
[join1-emit cell] arm=M-POL-2-NULL salt=0 control=None terminal=160 reason=survived_window sim_errors=0 rows=G1:1977,G2:3648,G3:10,G4:4472,G5:1,G6:0,G7:10 foreign_reads=0 wall=4.9s pid=30047
[join1-emit cell] arm=M-POL-2-NULL salt=1 control=None terminal=160 reason=survived_window sim_errors=0 rows=G1:2138,G2:4176,G3:10,G4:4521,G5:1,G6:0,G7:10 foreign_reads=0 wall=5.0s pid=30082
[join1-emit cell] arm=M-POL-2-NULL salt=2 control=None terminal=160 reason=player_death sim_errors=0 rows=G1:1884,G2:3696,G3:10,G4:4852,G5:1,G6:0,G7:10 foreign_reads=0 wall=5.5s pid=30108
[join1-emit cell] arm=M-POL-2-NULL salt=3 control=None terminal=160 reason=player_death sim_errors=0 rows=G1:2210,G2:4426,G3:10,G4:5175,G5:1,G6:0,G7:10 foreign_reads=0 wall=5.9s pid=30129
[join1-emit cell] arm=M-POL-2-NULL salt=4 control=None terminal=160 reason=survived_window sim_errors=0 rows=G1:2681,G2:5501,G3:10,G4:4913,G5:1,G6:0,G7:10 foreign_reads=0 wall=5.6s pid=30407
[join1-emit cell] arm=W1 salt=0 control=None terminal=160 reason=survived_window sim_errors=0 rows=G1:2103,G2:3760,G3:10,G4:4582,G5:1,G6:0,G7:10 foreign_reads=0 wall=4.9s pid=30657
[join1-emit cell] arm=W1 salt=1 control=None terminal=160 reason=survived_window sim_errors=0 rows=G1:2143,G2:4081,G3:10,G4:4398,G5:1,G6:0,G7:10 foreign_reads=0 wall=5.4s pid=30909
[join1-emit cell] arm=W1 salt=2 control=None terminal=160 reason=survived_window sim_errors=0 rows=G1:2358,G2:4616,G3:10,G4:5011,G5:1,G6:0,G7:10 foreign_reads=0 wall=5.6s pid=31046
[join1-emit cell] arm=W1 salt=3 control=None terminal=160 reason=player_death sim_errors=0 rows=G1:2018,G2:3719,G3:10,G4:4373,G5:1,G6:0,G7:10 foreign_reads=0 wall=5.3s pid=31191
[join1-emit cell] arm=W1 salt=4 control=None terminal=160 reason=survived_window sim_errors=0 rows=G1:2592,G2:4886,G3:10,G4:4864,G5:1,G6:0,G7:10 foreign_reads=0 wall=5.8s pid=31448
[join1-emit cell] arm=W1-NULL salt=0 control=None terminal=160 reason=survived_window sim_errors=0 rows=G1:2103,G2:3760,G3:10,G4:4582,G5:1,G6:0,G7:10 foreign_reads=0 wall=4.8s pid=31714
[join1-emit cell] arm=W1-NULL salt=1 control=None terminal=160 reason=survived_window sim_errors=0 rows=G1:2143,G2:4081,G3:10,G4:4398,G5:1,G6:0,G7:10 foreign_reads=0 wall=5.1s pid=31962
[join1-emit cell] arm=W1-NULL salt=2 control=None terminal=160 reason=player_death sim_errors=0 rows=G1:2025,G2:3819,G3:10,G4:4420,G5:1,G6:0,G7:10 foreign_reads=0 wall=5.8s pid=32213
[join1-emit cell] arm=W1-NULL salt=3 control=None terminal=160 reason=survived_window sim_errors=0 rows=G1:2569,G2:4940,G3:10,G4:4741,G5:1,G6:0,G7:10 foreign_reads=0 wall=5.5s pid=32245
[join1-emit cell] arm=W1-NULL salt=4 control=None terminal=160 reason=survived_window sim_errors=0 rows=G1:2283,G2:4102,G3:10,G4:4570,G5:1,G6:0,G7:10 foreign_reads=0 wall=5.2s pid=32264
[join1-emit] OBS-1 completeness 25/25 complete
[join1-emit] status=DRY-RUN · NOT THE FIXTURE cells=25 failed=0 G1=55240 G2=105360 G3=250 G4=116516 G5=25 G6=0 G7=250 manifest_sha256=cf3859903f4fa00658aa0f22ea26eea9398e324af9e60dd1d32dfdfc05a399f8 wall=170.3s pid=27892

--- stderr ---
