scanned database.arz: 34114 records
scanned GDX1.arz: 18447 records
scanned GDX2.arz: 16451 records
scanned GDX3.arz: 24178 records

=== fields named *milestone* ===
   ('database.arz', 'records/ui/skills/classcommon/skills_classpanelconfiguration.dbr', 'masteryMilestoneNumber1', 'records/ui/skills/classcommon/classtiernumber1.dbr')
   ('database.arz', 'records/ui/skills/classcommon/skills_classpanelconfiguration.dbr', 'masteryMilestoneNumber2', 'records/ui/skills/classcommon/classtiernumber2.dbr')
   ('database.arz', 'records/ui/skills/classcommon/skills_classpanelconfiguration.dbr', 'masteryMilestoneNumber3', 'records/ui/skills/classcommon/classtiernumber3.dbr')
   ('database.arz', 'records/ui/skills/classcommon/skills_classpanelconfiguration.dbr', 'masteryMilestoneNumber4', 'records/ui/skills/classcommon/classtiernumber4.dbr')
   ('database.arz', 'records/ui/skills/classcommon/skills_classpanelconfiguration.dbr', 'masteryMilestoneNumber5', 'records/ui/skills/classcommon/classtiernumber5.dbr')
   ('database.arz', 'records/ui/skills/classcommon/skills_classpanelconfiguration.dbr', 'masteryMilestoneNumber6', 'records/ui/skills/classcommon/classtiernumber6.dbr')
   ('database.arz', 'records/ui/skills/classcommon/skills_classpanelconfiguration.dbr', 'masteryMilestoneNumber7', 'records/ui/skills/classcommon/classtiernumber7.dbr')
   ('database.arz', 'records/ui/skills/classcommon/skills_classpanelconfiguration.dbr', 'masteryMilestoneNumber8', 'records/ui/skills/classcommon/classtiernumber8.dbr')
   ('database.arz', 'records/ui/skills/classcommon/skills_classpanelconfiguration.dbr', 'masteryMilestoneNumber9', 'records/ui/skills/classcommon/classtiernumber9.dbr')
   ('database.arz', 'records/ui/skills/classcommon/skills_classpanelconfiguration.dbr', 'masteryMilestoneValueMax', 56)

=== strictly-increasing length-9 numeric arrays, max<=60  (n=6) ===
  database.arz  records/game/gameengine.dbr  skillMasteryTierLevel = [1, 5, 10, 15, 20, 25, 32, 40, 50]
  database.arz  records/sandbox/arthur/archive/gameengine 01-23-15.dbr  skillMasteryTierLevel = [1, 5, 10, 15, 20, 25, 32, 40, 50]
  database.arz  records/sandbox/arthur/archive/gameengine 02-01-16.dbr  skillMasteryTierLevel = [1, 5, 10, 15, 20, 25, 32, 40, 50]
  database.arz  records/sandbox/arthur/archive/gameengine 09-09-15.dbr  skillMasteryTierLevel = [1, 5, 10, 15, 20, 25, 32, 40, 50]
  database.arz  records/sandbox/arthur/archive/gameengine 10-31.dbr  skillMasteryTierLevel = [1, 5, 10, 15, 20, 25, 32, 40, 50]
  database.arz  records/sandbox/arthur/archive/gameengine 7-31.dbr  skillMasteryTierLevel = [1, 5, 10, 15, 20, 25, 32, 40, 50]
