[join1-emit cell] arm=M0 salt=0 control=None terminal=151 reason=harness_error:TruncatedSalt sim_errors=0 rows=G1:76,G2:138,G3:1,G4:314,G5:1,G6:0,G7:1 foreign_reads=0 wall=1.7s pid=72358
[join1-emit cell] arm=M0 salt=1 control=None terminal=151 reason=harness_error:TruncatedSalt sim_errors=0 rows=G1:72,G2:137,G3:1,G4:314,G5:1,G6:0,G7:1 foreign_reads=0 wall=1.7s pid=72398
[join1-emit cell] arm=M0 salt=2 control=None terminal=151 reason=harness_error:TruncatedSalt sim_errors=0 rows=G1:82,G2:188,G3:1,G4:314,G5:1,G6:0,G7:1 foreign_reads=0 wall=1.8s pid=72424
[join1-emit cell] arm=M0 salt=3 control=None terminal=151 reason=harness_error:TruncatedSalt sim_errors=0 rows=G1:59,G2:97,G3:1,G4:314,G5:1,G6:0,G7:1 foreign_reads=0 wall=1.8s pid=72452
[join1-emit cell] arm=M0 salt=4 control=None terminal=151 reason=harness_error:TruncatedSalt sim_errors=0 rows=G1:76,G2:130,G3:1,G4:314,G5:1,G6:0,G7:1 foreign_reads=0 wall=1.8s pid=72494
[join1-emit cell] arm=M-POL-2 salt=0 control=None terminal=151 reason=harness_error:TruncatedSalt sim_errors=0 rows=G1:77,G2:154,G3:1,G4:314,G5:1,G6:0,G7:1 foreign_reads=0 wall=1.7s pid=72509
[join1-emit cell] arm=M-POL-2 salt=1 control=None terminal=151 reason=harness_error:TruncatedSalt sim_errors=0 rows=G1:74,G2:154,G3:1,G4:314,G5:1,G6:0,G7:1 foreign_reads=0 wall=1.7s pid=72537
[join1-emit cell] arm=M-POL-2 salt=2 control=None terminal=151 reason=harness_error:TruncatedSalt sim_errors=0 rows=G1:84,G2:161,G3:1,G4:314,G5:1,G6:0,G7:1 foreign_reads=0 wall=1.8s pid=72555
[join1-emit cell] arm=M-POL-2 salt=3 control=None terminal=151 reason=harness_error:TruncatedSalt sim_errors=0 rows=G1:74,G2:108,G3:1,G4:314,G5:1,G6:0,G7:1 foreign_reads=0 wall=1.8s pid=72586
[join1-emit cell] arm=M-POL-2 salt=4 control=None terminal=151 reason=harness_error:TruncatedSalt sim_errors=0 rows=G1:67,G2:138,G3:1,G4:314,G5:1,G6:0,G7:1 foreign_reads=0 wall=1.8s pid=72610
[join1-emit cell] arm=M-POL-2-NULL salt=0 control=None terminal=151 reason=harness_error:TruncatedSalt sim_errors=0 rows=G1:76,G2:138,G3:1,G4:314,G5:1,G6:0,G7:1 foreign_reads=0 wall=1.7s pid=72629
[join1-emit cell] arm=M-POL-2-NULL salt=1 control=None terminal=151 reason=harness_error:TruncatedSalt sim_errors=0 rows=G1:72,G2:137,G3:1,G4:314,G5:1,G6:0,G7:1 foreign_reads=0 wall=1.7s pid=72652
[join1-emit cell] arm=M-POL-2-NULL salt=2 control=None terminal=151 reason=harness_error:TruncatedSalt sim_errors=0 rows=G1:82,G2:188,G3:1,G4:314,G5:1,G6:0,G7:1 foreign_reads=0 wall=1.7s pid=72671
[join1-emit cell] arm=M-POL-2-NULL salt=3 control=None terminal=151 reason=harness_error:TruncatedSalt sim_errors=0 rows=G1:59,G2:97,G3:1,G4:314,G5:1,G6:0,G7:1 foreign_reads=0 wall=1.8s pid=72696
[join1-emit cell] arm=M-POL-2-NULL salt=4 control=None terminal=151 reason=harness_error:TruncatedSalt sim_errors=0 rows=G1:76,G2:130,G3:1,G4:314,G5:1,G6:0,G7:1 foreign_reads=0 wall=1.8s pid=72725
[join1-emit cell] arm=W1 salt=0 control=None terminal=151 reason=harness_error:TruncatedSalt sim_errors=0 rows=G1:77,G2:154,G3:1,G4:314,G5:1,G6:0,G7:1 foreign_reads=0 wall=1.7s pid=72742
[join1-emit cell] arm=W1 salt=1 control=None terminal=151 reason=harness_error:TruncatedSalt sim_errors=0 rows=G1:74,G2:154,G3:1,G4:314,G5:1,G6:0,G7:1 foreign_reads=0 wall=1.7s pid=72768
[join1-emit cell] arm=W1 salt=2 control=None terminal=151 reason=harness_error:TruncatedSalt sim_errors=0 rows=G1:84,G2:161,G3:1,G4:314,G5:1,G6:0,G7:1 foreign_reads=0 wall=1.8s pid=72794
[join1-emit cell] arm=W1 salt=3 control=None terminal=151 reason=harness_error:TruncatedSalt sim_errors=0 rows=G1:74,G2:108,G3:1,G4:314,G5:1,G6:0,G7:1 foreign_reads=0 wall=1.8s pid=72822
[join1-emit cell] arm=W1 salt=4 control=None terminal=151 reason=harness_error:TruncatedSalt sim_errors=0 rows=G1:67,G2:138,G3:1,G4:314,G5:1,G6:0,G7:1 foreign_reads=0 wall=1.7s pid=72849
[join1-emit cell] arm=W1-NULL salt=0 control=None terminal=151 reason=harness_error:TruncatedSalt sim_errors=0 rows=G1:77,G2:154,G3:1,G4:314,G5:1,G6:0,G7:1 foreign_reads=0 wall=1.7s pid=72888
[join1-emit cell] arm=W1-NULL salt=1 control=None terminal=151 reason=harness_error:TruncatedSalt sim_errors=0 rows=G1:74,G2:154,G3:1,G4:314,G5:1,G6:0,G7:1 foreign_reads=0 wall=1.7s pid=72907
[join1-emit cell] arm=W1-NULL salt=2 control=None terminal=151 reason=harness_error:TruncatedSalt sim_errors=0 rows=G1:84,G2:161,G3:1,G4:314,G5:1,G6:0,G7:1 foreign_reads=0 wall=1.7s pid=72933
[join1-emit cell] arm=W1-NULL salt=3 control=None terminal=151 reason=harness_error:TruncatedSalt sim_errors=0 rows=G1:74,G2:108,G3:1,G4:314,G5:1,G6:0,G7:1 foreign_reads=0 wall=1.8s pid=72954
[join1-emit cell] arm=W1-NULL salt=4 control=None terminal=151 reason=harness_error:TruncatedSalt sim_errors=0 rows=G1:67,G2:138,G3:1,G4:314,G5:1,G6:0,G7:1 foreign_reads=0 wall=1.7s pid=72976
[join1-emit] OBS-1 completeness 0/25 complete; TRUNCATED/FAILED: ['M-POL-2-NULL|0', 'M-POL-2-NULL|1', 'M-POL-2-NULL|2', 'M-POL-2-NULL|3', 'M-POL-2-NULL|4', 'M-POL-2|0', 'M-POL-2|1', 'M-POL-2|2', 'M-POL-2|3', 'M-POL-2|4', 'M0|0', 'M0|1', 'M0|2', 'M0|3', 'M0|4', 'W1-NULL|0', 'W1-NULL|1', 'W1-NULL|2', 'W1-NULL|3', 'W1-NULL|4', 'W1|0', 'W1|1', 'W1|2', 'W1|3', 'W1|4']
[join1-emit] status=DRY-RUN · NOT THE FIXTURE cells=25 failed=0 G1=1858 G2=3525 G3=25 G4=7850 G5=25 G6=0 G7=25 manifest_sha256=d637610962cd55aa265bcbd3ec5a1e3dff21b6e3b727fa79ed1d26937f0d763f wall=77.0s pid=72345

--- stderr ---
