[join1-emit cell] arm=M0 salt=0 control=None terminal=160 reason=survived_window sim_errors=0 rows=G1:2341,G2:4117,G3:10,G4:6900,G5:1,G6:0,G7:10 foreign_reads=0 wall=7.4s pid=2480
[join1-emit cell] arm=M0 salt=1 control=None terminal=160 reason=survived_window sim_errors=0 rows=G1:2314,G2:4469,G3:10,G4:6694,G5:1,G6:0,G7:10 foreign_reads=0 wall=7.6s pid=2584
[join1-emit cell] arm=M0 salt=2 control=None terminal=160 reason=player_death sim_errors=0 rows=G1:1860,G2:3409,G3:10,G4:6803,G5:1,G6:0,G7:10 foreign_reads=0 wall=7.7s pid=2659
[join1-emit cell] arm=M0 salt=3 control=None terminal=160 reason=player_death sim_errors=0 rows=G1:1942,G2:3286,G3:10,G4:6433,G5:1,G6:0,G7:10 foreign_reads=0 wall=7.5s pid=2719
[join1-emit cell] arm=M0 salt=4 control=None terminal=160 reason=survived_window sim_errors=0 rows=G1:2484,G2:4667,G3:10,G4:7557,G5:1,G6:0,G7:10 foreign_reads=0 wall=7.6s pid=2784
[join1-emit cell] arm=M-POL-2 salt=0 control=None terminal=160 reason=survived_window sim_errors=0 rows=G1:2280,G2:4075,G3:10,G4:6619,G5:1,G6:0,G7:10 foreign_reads=0 wall=7.0s pid=2857
[join1-emit cell] arm=M-POL-2 salt=1 control=None terminal=160 reason=survived_window sim_errors=0 rows=G1:2355,G2:4609,G3:10,G4:6638,G5:1,G6:0,G7:10 foreign_reads=0 wall=7.3s pid=2928
[join1-emit cell] arm=M-POL-2 salt=2 control=None terminal=160 reason=player_death sim_errors=0 rows=G1:2071,G2:3761,G3:10,G4:6641,G5:1,G6:0,G7:10 foreign_reads=0 wall=7.7s pid=2971
[join1-emit cell] arm=M-POL-2 salt=3 control=None terminal=160 reason=survived_window sim_errors=0 rows=G1:2304,G2:3965,G3:10,G4:7219,G5:1,G6:0,G7:10 foreign_reads=0 wall=8.2s pid=3025
[join1-emit cell] arm=M-POL-2 salt=4 control=None terminal=160 reason=survived_window sim_errors=0 rows=G1:2561,G2:4482,G3:10,G4:7838,G5:1,G6:0,G7:10 foreign_reads=0 wall=7.9s pid=3077
[join1-emit cell] arm=M-POL-2-NULL salt=0 control=None terminal=160 reason=survived_window sim_errors=0 rows=G1:2341,G2:4117,G3:10,G4:6900,G5:1,G6:0,G7:10 foreign_reads=0 wall=7.2s pid=3144
[join1-emit cell] arm=M-POL-2-NULL salt=1 control=None terminal=160 reason=survived_window sim_errors=0 rows=G1:2314,G2:4469,G3:10,G4:6694,G5:1,G6:0,G7:10 foreign_reads=0 wall=7.4s pid=3189
[join1-emit cell] arm=M-POL-2-NULL salt=2 control=None terminal=160 reason=player_death sim_errors=0 rows=G1:1860,G2:3409,G3:10,G4:6803,G5:1,G6:0,G7:10 foreign_reads=0 wall=7.6s pid=3235
[join1-emit cell] arm=M-POL-2-NULL salt=3 control=None terminal=160 reason=player_death sim_errors=0 rows=G1:1942,G2:3286,G3:10,G4:6433,G5:1,G6:0,G7:10 foreign_reads=0 wall=7.7s pid=3285
[join1-emit cell] arm=M-POL-2-NULL salt=4 control=None terminal=160 reason=survived_window sim_errors=0 rows=G1:2484,G2:4667,G3:10,G4:7557,G5:1,G6:0,G7:10 foreign_reads=0 wall=7.6s pid=3334
[join1-emit cell] arm=W1 salt=0 control=None terminal=160 reason=survived_window sim_errors=0 rows=G1:2280,G2:4075,G3:10,G4:6619,G5:1,G6:0,G7:10 foreign_reads=0 wall=7.2s pid=3382
[join1-emit cell] arm=W1 salt=1 control=None terminal=160 reason=survived_window sim_errors=0 rows=G1:2355,G2:4609,G3:10,G4:6638,G5:1,G6:0,G7:10 foreign_reads=0 wall=7.4s pid=3429
[join1-emit cell] arm=W1 salt=2 control=None terminal=160 reason=player_death sim_errors=0 rows=G1:1954,G2:3701,G3:10,G4:6730,G5:1,G6:0,G7:10 foreign_reads=0 wall=7.6s pid=3498
[join1-emit cell] arm=W1 salt=3 control=None terminal=160 reason=player_death sim_errors=0 rows=G1:2187,G2:4548,G3:10,G4:7854,G5:1,G6:0,G7:10 foreign_reads=0 wall=8.3s pid=3545
[join1-emit cell] arm=W1 salt=4 control=None terminal=160 reason=survived_window sim_errors=0 rows=G1:2567,G2:4465,G3:10,G4:7894,G5:1,G6:0,G7:10 foreign_reads=0 wall=7.8s pid=3601
[join1-emit cell] arm=W1-NULL salt=0 control=None terminal=160 reason=survived_window sim_errors=0 rows=G1:2280,G2:4075,G3:10,G4:6619,G5:1,G6:0,G7:10 foreign_reads=0 wall=7.1s pid=3656
[join1-emit cell] arm=W1-NULL salt=1 control=None terminal=160 reason=survived_window sim_errors=0 rows=G1:2355,G2:4609,G3:10,G4:6638,G5:1,G6:0,G7:10 foreign_reads=0 wall=7.4s pid=3702
[join1-emit cell] arm=W1-NULL salt=2 control=None terminal=160 reason=player_death sim_errors=0 rows=G1:2071,G2:3761,G3:10,G4:6641,G5:1,G6:0,G7:10 foreign_reads=0 wall=7.8s pid=3747
[join1-emit cell] arm=W1-NULL salt=3 control=None terminal=160 reason=survived_window sim_errors=0 rows=G1:2304,G2:3965,G3:10,G4:7219,G5:1,G6:0,G7:10 foreign_reads=0 wall=8.3s pid=3814
[join1-emit cell] arm=W1-NULL salt=4 control=None terminal=160 reason=survived_window sim_errors=0 rows=G1:2561,G2:4482,G3:10,G4:7838,G5:1,G6:0,G7:10 foreign_reads=0 wall=7.8s pid=3862
[join1-emit] OBS-1 completeness 25/25 complete
[join1-emit] status=DRY-RUN · NOT THE FIXTURE cells=25 failed=0 G1=56367 G2=103078 G3=250 G4=174419 G5=25 G6=0 G7=250 manifest_sha256=49375d02a67609ae8da2e9f488b9ed3aff7d0a05ea0aeefcc8ce43fe3c8ff68a wall=240.0s pid=2469

--- stderr ---
