[v3.11 kc2-v3p11-JR] rc=0 kc2-v3p11-JR-capture-M-POL-2-hs0-jr1.json
[v3.11 kc2-v3p11-JR] rc=0 kc2-v3p11-JR-capture-W1-hs0-jr1.json
[v3.11 kc2-v3p11-JR] rc=0 kc2-v3p11-JR-capture-W1+M-POL-2-hs0-jr1.json
[v3.11 kc2-v3p11-JR] rc=0 kc2-v3p11-JR-capture-W1+M-POL-2-hs1-jr1.json
[v3.11 kc2-v3p11-JR] rc=0 kc2-v3p11-JR-capture-WALK-hs0-jr1.json
[v3.11 kc2-v3p11-JR] rc=0 kc2-v3p11-JR-capture-M0-hs0-jr1.json
[v3.11 kc2-v3p11-JR] rc=0 kc2-v3p11-JR-capture-M-POL-2-NULL-hs0-jr1.json
[v3.11 kc2-v3p11-JR] rc=0 kc2-v3p11-JR-capture-W1-NULL-hs0-jr1.json
[v3.11 kc2-v3p11-JR] rc=0 kc2-v3p11-JR-capture-W1-hs1-jr1.json
[v3.11 kc2-v3p11-JR] rc=0 kc2-v3p11-JR-capture-M0-hs1-jr1.json
[v3.11 kc2-v3p11-JR] rc=0 kc2-v3p11-JR-capture-WALK-hs1-jr1.json
[v3.11 kc2-v3p11-JR] rc=0 kc2-v3p11-JR-capture-M-POL-2-hs1-jr1.json
[v3.11 kc2-v3p11-JR] rc=0 kc2-v3p11-JR-bare-W1-jr1.json
[v3.11 kc2-v3p11-JR] rc=0 kc2-v3p11-JR-bare-M-POL-2-jr1.json
[v3.11 kc2-v3p11-JR] rc=0 kc2-v3p11-JR-bare-M0-jr1.json
[v3.11 kc2-v3p11-JR] rc=0 kc2-v3p11-JR-bare-M-POL-2-NULL-jr1.json
[v3.11 kc2-v3p11-JR] rc=0 kc2-v3p11-JR-bare-WALK-jr1.json
[v3.11 kc2-v3p11-JR] rc=0 kc2-v3p11-JR-static-sweep-hs0-jr1.json
[v3.11 kc2-v3p11-JR] rc=0 kc2-v3p11-JR-static-sweep-hs1-jr1.json
[v3.11 kc2-v3p11-JR] rc=0 kc2-v3p11-JR-bare-W1-NULL-jr1.json
[v3.11 kc2-v3p11-JR] rc=0 kc2-v3p11-JR-capture-M-POL-2-NULL-hs1-jr1.json
[v3.11 kc2-v3p11-JR] rc=0 kc2-v3p11-JR-capture-W1-NULL-hs1-jr1.json
elapsed_s 3687.7
