[join1-emit cell] arm=M0 salt=0 control=None terminal=160 reason=survived_window sim_errors=0 rows=G1:2009,G2:3503,G3:10,G4:4484,G5:1,G6:0,G7:10 foreign_reads=0 wall=5.0s pid=6911
[join1-emit cell] arm=M0 salt=1 control=None terminal=160 reason=survived_window sim_errors=0 rows=G1:2527,G2:4703,G3:10,G4:4900,G5:1,G6:0,G7:10 foreign_reads=0 wall=5.8s pid=6927
[join1-emit cell] arm=M0 salt=2 control=None terminal=160 reason=survived_window sim_errors=0 rows=G1:2435,G2:4848,G3:10,G4:4913,G5:1,G6:0,G7:10 foreign_reads=0 wall=5.9s pid=6960
[join1-emit cell] arm=M0 salt=3 control=None terminal=160 reason=player_death sim_errors=0 rows=G1:2056,G2:4050,G3:10,G4:4596,G5:1,G6:0,G7:10 foreign_reads=0 wall=5.9s pid=7004
[join1-emit cell] arm=M0 salt=4 control=None terminal=160 reason=survived_window sim_errors=0 rows=G1:3121,G2:6349,G3:10,G4:5648,G5:1,G6:0,G7:10 foreign_reads=0 wall=6.4s pid=7027
[join1-emit cell] arm=M-POL-2 salt=0 control=None terminal=160 reason=survived_window sim_errors=0 rows=G1:2159,G2:4162,G3:10,G4:4521,G5:1,G6:0,G7:10 foreign_reads=0 wall=5.3s pid=7054
[join1-emit cell] arm=M-POL-2 salt=1 control=None terminal=160 reason=survived_window sim_errors=0 rows=G1:2279,G2:4487,G3:10,G4:4557,G5:1,G6:0,G7:10 foreign_reads=0 wall=6.0s pid=7077
[join1-emit cell] arm=M-POL-2 salt=2 control=None terminal=160 reason=survived_window sim_errors=0 rows=G1:2293,G2:4408,G3:10,G4:4815,G5:1,G6:0,G7:10 foreign_reads=0 wall=6.0s pid=7354
[join1-emit cell] arm=M-POL-2 salt=3 control=None terminal=160 reason=survived_window sim_errors=0 rows=G1:2436,G2:4729,G3:10,G4:5060,G5:1,G6:0,G7:10 foreign_reads=0 wall=5.9s pid=7378
[join1-emit cell] arm=M-POL-2 salt=4 control=None terminal=160 reason=player_death sim_errors=0 rows=G1:2015,G2:3702,G3:10,G4:4294,G5:1,G6:0,G7:10 foreign_reads=0 wall=5.6s pid=7402
[join1-emit cell] arm=M-POL-2-NULL salt=0 control=None terminal=160 reason=survived_window sim_errors=0 rows=G1:2009,G2:3503,G3:10,G4:4484,G5:1,G6:0,G7:10 foreign_reads=0 wall=5.2s pid=7444
[join1-emit cell] arm=M-POL-2-NULL salt=1 control=None terminal=160 reason=survived_window sim_errors=0 rows=G1:2527,G2:4703,G3:10,G4:4900,G5:1,G6:0,G7:10 foreign_reads=0 wall=5.7s pid=7487
[join1-emit cell] arm=M-POL-2-NULL salt=2 control=None terminal=160 reason=survived_window sim_errors=0 rows=G1:2435,G2:4848,G3:10,G4:4913,G5:1,G6:0,G7:10 foreign_reads=0 wall=5.8s pid=7511
[join1-emit cell] arm=M-POL-2-NULL salt=3 control=None terminal=160 reason=player_death sim_errors=0 rows=G1:2056,G2:4050,G3:10,G4:4596,G5:1,G6:0,G7:10 foreign_reads=0 wall=5.9s pid=7547
[join1-emit cell] arm=M-POL-2-NULL salt=4 control=None terminal=160 reason=survived_window sim_errors=0 rows=G1:3121,G2:6349,G3:10,G4:5648,G5:1,G6:0,G7:10 foreign_reads=0 wall=6.4s pid=7585
[join1-emit cell] arm=W1 salt=0 control=None terminal=160 reason=survived_window sim_errors=0 rows=G1:2159,G2:4162,G3:10,G4:4521,G5:1,G6:0,G7:10 foreign_reads=0 wall=5.4s pid=7629
[join1-emit cell] arm=W1 salt=1 control=None terminal=160 reason=survived_window sim_errors=0 rows=G1:2330,G2:4501,G3:10,G4:4496,G5:1,G6:0,G7:10 foreign_reads=0 wall=5.6s pid=7654
[join1-emit cell] arm=W1 salt=2 control=None terminal=160 reason=player_death sim_errors=0 rows=G1:2024,G2:4155,G3:10,G4:4407,G5:1,G6:0,G7:10 foreign_reads=0 wall=5.8s pid=7676
[join1-emit cell] arm=W1 salt=3 control=None terminal=160 reason=survived_window sim_errors=0 rows=G1:2915,G2:5992,G3:10,G4:5684,G5:1,G6:0,G7:10 foreign_reads=0 wall=6.8s pid=7693
[join1-emit cell] arm=W1 salt=4 control=None terminal=160 reason=player_death sim_errors=0 rows=G1:2015,G2:3702,G3:10,G4:4294,G5:1,G6:0,G7:10 foreign_reads=0 wall=5.5s pid=7730
[join1-emit cell] arm=W1-NULL salt=0 control=None terminal=160 reason=survived_window sim_errors=0 rows=G1:2159,G2:4162,G3:10,G4:4521,G5:1,G6:0,G7:10 foreign_reads=0 wall=5.7s pid=7760
[join1-emit cell] arm=W1-NULL salt=1 control=None terminal=160 reason=survived_window sim_errors=0 rows=G1:2279,G2:4487,G3:10,G4:4557,G5:1,G6:0,G7:10 foreign_reads=0 wall=6.6s pid=7787
[join1-emit cell] arm=W1-NULL salt=2 control=None terminal=160 reason=survived_window sim_errors=0 rows=G1:2293,G2:4408,G3:10,G4:4815,G5:1,G6:0,G7:10 foreign_reads=0 wall=5.9s pid=7837
[join1-emit cell] arm=W1-NULL salt=3 control=None terminal=160 reason=survived_window sim_errors=0 rows=G1:2436,G2:4729,G3:10,G4:5060,G5:1,G6:0,G7:10 foreign_reads=0 wall=6.7s pid=7867
[join1-emit cell] arm=W1-NULL salt=4 control=None terminal=160 reason=player_death sim_errors=0 rows=G1:2015,G2:3702,G3:10,G4:4294,G5:1,G6:0,G7:10 foreign_reads=0 wall=5.5s pid=7976
[join1-emit] OBS-1 completeness 25/25 complete
[join1-emit] status=DRY-RUN · NOT THE FIXTURE cells=25 failed=0 G1=58103 G2=112394 G3=250 G4=118978 G5=25 G6=0 G7=250 manifest_sha256=62f48c2de7af36e7dc319f5c1e50afb2e24ee7fd67f82d38b152b7afb33d7af8 wall=188.2s pid=6903

--- stderr ---
